Loading substrate from datasets/scenario_50nodes_train/substrate.json
Loading VNRs from datasets/scenario_50nodes_train/virtual_requests.json
  Using 5000 VNRs
  Trainable policy (il_mp_vne_v19) loaded from checkpoints/il_mp_vne_v19_50nodes_10ep_cont2.pt
  rollout=direct → train: cand_head + encoder + value (ordering frozen) (19394 frozen, 36293 trainable)
  Frozen reference policy loaded (KL enabled, β_KL=0.1)
PPO fine-tune: 5000 VNRs, batch=16, lr=0.0003
  baseline=critic V(s), normalize_adv=True, β_H=0.01, value_coef=0.5, reward=cost_rel α=1.0 λ=0.3, fail_r=-1.0
  checkpoint: checkpoints/il_mp_vne_v19_50nodes_10ep_cont3.pt
------------------------------------------------------------------------
  ep   320/5000 batch   20 loss=   0.374 pol= -0.235 vL= 0.687 kl= 0.06 H=  5.09 r̄= 0.046 succ=34.4% >exp= 0.0% el=  38s eta= 9m19s
  ep   640/5000 batch   40 loss=  -0.322 pol=  0.444 vL= 0.605 kl= 0.07 H=  4.83 r̄=-0.361 succ=34.7% >exp= 0.0% el= 1m13s eta= 8m23s
  ep   960/5000 batch   60 loss=   0.188 pol=  0.105 vL= 0.440 kl= 0.10 H=  6.25 r̄=-0.637 succ=33.8% >exp= 0.0% el= 1m47s eta= 7m32s
  ep  1280/5000 batch   80 loss=   0.033 pol=  1.422 vL= 0.490 kl= 0.09 H=  5.52 r̄=-0.498 succ=32.7% >exp= 0.0% el= 2m25s eta= 7m04s
  ep  1600/5000 batch  100 loss=  -0.104 pol= -0.569 vL= 1.106 kl= 0.05 H=  4.09 r̄=-0.352 succ=33.4% >exp= 0.0% el= 2m59s eta= 6m21s
  ep  1920/5000 batch  120 loss=  -0.084 pol= -1.060 vL= 0.549 kl= 0.06 H=  4.29 r̄= 0.040 succ=34.1% >exp= 0.0% el= 3m35s eta= 5m45s
  ep  2240/5000 batch  140 loss=   0.132 pol= -0.089 vL= 0.915 kl= 0.06 H=  5.12 r̄=-0.262 succ=33.7% >exp= 0.0% el= 4m08s eta= 5m05s
  ep  2560/5000 batch  160 loss=  -0.146 pol=  0.500 vL= 0.484 kl= 0.05 H=  3.60 r̄=-0.631 succ=33.9% >exp= 0.0% el= 4m44s eta= 4m30s
  ep  2880/5000 batch  180 loss=   0.181 pol=  0.213 vL= 0.726 kl= 0.07 H=  5.57 r̄=-0.483 succ=34.0% >exp= 0.0% el= 5m18s eta= 3m54s
  ep  3200/5000 batch  200 loss=   0.078 pol= -0.444 vL= 0.440 kl= 0.20 H=  4.52 r̄=-0.626 succ=33.7% >exp= 0.0% el= 5m52s eta= 3m18s
  ep  3520/5000 batch  220 loss=  -0.335 pol= -0.610 vL= 0.710 kl= 0.21 H=  4.45 r̄=-0.107 succ=33.9% >exp= 0.0% el= 6m26s eta= 2m42s
  ep  3840/5000 batch  240 loss=   0.018 pol= -0.699 vL= 0.798 kl= 0.20 H=  4.99 r̄=-0.492 succ=33.7% >exp= 0.0% el= 7m00s eta= 2m06s
  ep  4160/5000 batch  260 loss=   0.055 pol= -0.840 vL= 0.620 kl= 0.69 H=  5.08 r̄=-0.379 succ=33.5% >exp= 0.0% el= 7m34s eta= 1m31s
  ep  4480/5000 batch  280 loss=  -0.018 pol=  1.454 vL= 0.532 kl= 1.06 H=  3.70 r̄=-0.031 succ=33.6% >exp= 0.0% el= 8m08s eta=  57s
  ep  4800/5000 batch  300 loss=   0.470 pol= -0.339 vL= 0.922 kl= 1.81 H=  3.86 r̄= 0.036 succ=33.9% >exp= 0.0% el= 8m42s eta=  22s
  >>> Epoch 1/20 DONE: succ=34.1% (1703/5000) mean_loss= 0.0521 mean_reward=-0.316 mean_KL=0.276 mean_H=4.93 epoch_time= 9m04s

=== Epoch 2/20 — resetting substrate ===
  ep   128/5000 batch  320 loss=   0.216 pol= -0.367 vL= 0.402 kl= 0.81 H=  7.23 r̄=-0.478 succ=34.1% >exp= 0.0% el= 9m19s eta=5h54m
  ep   448/5000 batch  340 loss=  -0.067 pol=  0.442 vL= 0.423 kl= 0.07 H=  4.81 r̄=-0.246 succ=34.0% >exp= 0.0% el= 9m55s eta=1h40m
  ep   768/5000 batch  360 loss=  -0.144 pol= -0.076 vL= 0.569 kl= 0.18 H=  4.98 r̄=-0.479 succ=33.8% >exp= 0.0% el=10m28s eta=57m43s
  ep  1088/5000 batch  380 loss=  -0.125 pol= -1.454 vL= 0.496 kl= 0.08 H=  5.10 r̄=-0.594 succ=33.8% >exp= 0.0% el=11m05s eta=39m53s
  ep  1408/5000 batch  400 loss=   0.037 pol=  0.310 vL= 0.646 kl= 0.13 H=  5.14 r̄=-0.485 succ=33.8% >exp= 0.0% el=11m45s eta=29m59s
  ep  1728/5000 batch  420 loss=  -0.037 pol= -0.739 vL= 0.549 kl= 0.19 H=  5.19 r̄=-0.100 succ=33.7% >exp= 0.0% el=12m21s eta=23m24s
  ep  2048/5000 batch  440 loss=   0.035 pol=  2.321 vL= 0.370 kl= 0.17 H=  4.87 r̄=-0.887 succ=33.7% >exp= 0.0% el=12m57s eta=18m40s
  ep  2368/5000 batch  460 loss=  -0.189 pol=  0.449 vL= 0.628 kl= 0.11 H=  4.01 r̄=-0.363 succ=33.7% >exp= 0.0% el=13m32s eta=15m03s
  ep  2688/5000 batch  480 loss=   0.020 pol=  0.336 vL= 0.695 kl= 0.13 H=  5.47 r̄=-0.276 succ=33.6% >exp= 0.0% el=14m11s eta=12m12s
  ep  3008/5000 batch  500 loss=   0.233 pol= -0.046 vL= 0.495 kl= 0.17 H=  4.51 r̄=-0.011 succ=33.5% >exp= 0.0% el=14m50s eta= 9m49s
  ep  3328/5000 batch  520 loss=  -0.301 pol= -0.187 vL= 0.365 kl= 0.21 H=  3.88 r̄=-0.350 succ=33.6% >exp= 0.0% el=15m28s eta= 7m46s
  ep  3648/5000 batch  540 loss=   0.113 pol=  0.062 vL= 0.486 kl= 0.08 H=  4.35 r̄=-0.475 succ=33.7% >exp= 0.0% el=16m05s eta= 5m57s
  ep  3968/5000 batch  560 loss=   0.075 pol= -0.547 vL= 0.736 kl= 0.09 H=  4.73 r̄=-0.491 succ=33.6% >exp= 0.0% el=16m40s eta= 4m20s
  ep  4288/5000 batch  580 loss=   0.172 pol=  0.270 vL= 0.373 kl= 0.11 H=  4.04 r̄=-0.453 succ=33.6% >exp= 0.0% el=17m14s eta= 2m51s
  ep  4608/5000 batch  600 loss=   0.116 pol= -0.517 vL= 0.627 kl= 0.14 H=  3.89 r̄= 0.145 succ=33.8% >exp= 0.0% el=17m51s eta= 1m31s
  ep  4928/5000 batch  620 loss=   0.211 pol=  0.568 vL= 0.282 kl= 0.18 H=  4.70 r̄=-0.607 succ=33.7% >exp= 0.0% el=18m26s eta=  16s
  >>> Epoch 2/20 DONE: succ=33.4% (1668/5000) mean_loss= 0.0107 mean_reward=-0.330 mean_KL=0.176 mean_H=5.19 epoch_time= 9m29s

=== Epoch 3/20 — resetting substrate ===
  ep   256/5000 batch  640 loss=  -0.149 pol= -1.632 vL= 0.221 kl= 0.17 H=  4.60 r̄=-0.091 succ=33.7% >exp= 0.0% el=19m02s eta=5h52m
  ep   576/5000 batch  660 loss=   0.367 pol=  0.197 vL= 0.426 kl= 0.04 H=  4.45 r̄=-0.252 succ=33.7% >exp= 0.0% el=19m35s eta=2h30m
  ep   896/5000 batch  680 loss=  -0.292 pol= -0.771 vL= 0.193 kl= 0.25 H=  4.22 r̄=-0.134 succ=33.7% >exp= 0.0% el=20m08s eta=1h32m
  ep  1216/5000 batch  700 loss=   0.105 pol= -0.690 vL= 0.644 kl= 0.77 H=  5.62 r̄=-0.375 succ=33.6% >exp= 0.0% el=20m45s eta=1h04m
  ep  1536/5000 batch  720 loss=  -0.054 pol= -0.552 vL= 0.512 kl= 0.12 H=  5.07 r̄=-0.259 succ=33.5% >exp= 0.0% el=21m19s eta=48m05s
  ep  1856/5000 batch  740 loss=  -0.290 pol= -0.595 vL= 0.487 kl= 0.12 H=  6.91 r̄=-0.384 succ=33.5% >exp= 0.0% el=21m52s eta=37m04s
  ep  2176/5000 batch  760 loss=   0.210 pol= -0.585 vL= 0.647 kl= 0.10 H=  4.24 r̄= 0.023 succ=33.5% >exp= 0.0% el=22m28s eta=29m09s
  ep  2496/5000 batch  780 loss=  -0.428 pol= -2.854 vL= 0.163 kl= 0.16 H=  6.46 r̄= 0.204 succ=33.6% >exp= 0.0% el=23m06s eta=23m11s
  ep  2816/5000 batch  800 loss=   0.145 pol= -0.024 vL= 0.434 kl= 0.12 H=  4.96 r̄=-0.749 succ=33.5% >exp= 0.0% el=23m40s eta=18m21s
  ep  3136/5000 batch  820 loss=   0.143 pol=  0.170 vL= 0.342 kl= 0.11 H=  6.69 r̄=-0.598 succ=33.5% >exp= 0.0% el=24m18s eta=14m27s
  ep  3456/5000 batch  840 loss=  -0.168 pol= -1.642 vL= 0.617 kl= 0.17 H=  5.31 r̄= 0.310 succ=33.6% >exp= 0.0% el=24m56s eta=11m08s
  ep  3776/5000 batch  860 loss=  -0.082 pol= -1.934 vL= 0.421 kl= 0.51 H=  7.12 r̄=-0.403 succ=33.6% >exp= 0.0% el=25m32s eta= 8m16s
  ep  4096/5000 batch  880 loss=  -0.037 pol=  1.299 vL= 0.505 kl= 0.39 H=  5.90 r̄=-0.364 succ=33.6% >exp= 0.0% el=26m08s eta= 5m46s
  ep  4416/5000 batch  900 loss=  -0.166 pol= -0.601 vL= 0.541 kl= 0.18 H=  5.36 r̄=-0.358 succ=33.7% >exp= 0.0% el=26m45s eta= 3m32s
  ep  4736/5000 batch  920 loss=   0.486 pol= -0.159 vL= 0.332 kl= 0.51 H=  5.55 r̄=-0.225 succ=33.7% >exp= 0.0% el=27m24s eta= 1m31s
  >>> Epoch 3/20 DONE: succ=33.8% (1690/5000) mean_loss=-0.0196 mean_reward=-0.321 mean_KL=0.205 mean_H=5.70 epoch_time= 9m20s

=== Epoch 4/20 — resetting substrate ===
  ep    64/5000 batch  940 loss=   0.148 pol=  0.575 vL= 0.503 kl= 0.32 H=  7.06 r̄=-0.472 succ=33.7% >exp= 0.0% el=28m03s eta=36h03m
  ep   384/5000 batch  960 loss=  -0.364 pol= -0.559 vL= 0.509 kl= 0.32 H=  5.46 r̄=-0.112 succ=33.8% >exp= 0.0% el=28m41s eta=5h44m
  ep   704/5000 batch  980 loss=   0.227 pol=  1.371 vL= 0.481 kl= 0.31 H=  6.75 r̄=-0.611 succ=33.7% >exp= 0.0% el=29m19s eta=2h58m
  ep  1024/5000 batch 1000 loss=   0.045 pol= -0.101 vL= 0.622 kl= 0.29 H=  6.33 r̄=-0.218 succ=33.7% >exp= 0.0% el=29m57s eta=1h56m
  ep  1344/5000 batch 1020 loss=  -0.276 pol= -1.874 vL= 0.469 kl= 0.40 H=  4.93 r̄= 0.135 succ=33.6% >exp= 0.0% el=30m43s eta=1h23m
  ep  1664/5000 batch 1040 loss=   0.095 pol= -0.566 vL= 0.353 kl= 0.40 H=  6.88 r̄=-0.612 succ=33.6% >exp= 0.0% el=31m38s eta=1h03m
  ep  1984/5000 batch 1060 loss=   0.066 pol=  0.373 vL= 0.591 kl= 0.34 H=  5.28 r̄=-0.118 succ=33.5% >exp= 0.0% el=32m15s eta=49m02s
  ep  2304/5000 batch 1080 loss=   0.035 pol=  0.094 vL= 0.546 kl= 0.09 H=  6.71 r̄=-0.624 succ=33.6% >exp= 0.0% el=32m52s eta=38m27s
  ep  2624/5000 batch 1100 loss=   0.491 pol= -0.385 vL= 0.693 kl= 0.28 H=  5.82 r̄=-0.280 succ=33.6% >exp= 0.0% el=33m59s eta=30m47s
  ep  2944/5000 batch 1120 loss=   0.239 pol= -0.043 vL= 0.359 kl= 0.20 H=  5.89 r̄=-0.609 succ=33.5% >exp= 0.0% el=34m59s eta=24m25s
  ep  3264/5000 batch 1140 loss=   0.021 pol=  0.390 vL= 0.418 kl= 0.29 H=  6.32 r̄=-0.545 succ=33.5% >exp= 0.0% el=35m45s eta=19m01s
  ep  3584/5000 batch 1160 loss=  -0.227 pol= -0.886 vL= 0.471 kl= 0.15 H=  5.48 r̄=-0.138 succ=33.6% >exp= 0.0% el=36m23s eta=14m22s
  ep  3904/5000 batch 1180 loss=   0.021 pol= -0.116 vL= 0.812 kl= 0.14 H=  3.63 r̄= 0.108 succ=33.7% >exp= 0.0% el=37m01s eta=10m23s
  ep  4224/5000 batch 1200 loss=   0.232 pol= -0.526 vL= 0.834 kl= 0.08 H=  4.78 r̄=-0.498 succ=33.6% >exp= 0.0% el=37m43s eta= 6m55s
  ep  4544/5000 batch 1220 loss=   0.140 pol= -0.748 vL= 0.448 kl= 0.11 H=  5.04 r̄= 0.161 succ=33.7% >exp= 0.0% el=38m22s eta= 3m51s
  ep  4864/5000 batch 1240 loss=  -0.080 pol= -0.628 vL= 0.411 kl= 0.06 H=  4.58 r̄=-0.259 succ=33.6% >exp= 0.0% el=39m18s eta= 1m05s
  >>> Epoch 4/20 DONE: succ=33.8% (1689/5000) mean_loss= 0.0601 mean_reward=-0.322 mean_KL=0.254 mean_H=6.05 epoch_time=11m56s

=== Epoch 5/20 — resetting substrate ===
  ep   192/5000 batch 1260 loss=   0.078 pol= -1.379 vL= 0.281 kl= 0.28 H=  5.19 r̄= 0.169 succ=33.8% >exp= 0.0% el=40m20s eta=16h50m
  ep   512/5000 batch 1280 loss=   0.079 pol= -1.054 vL= 0.472 kl= 0.11 H=  6.13 r̄=-0.517 succ=33.8% >exp= 0.0% el=41m00s eta=5h59m
  ep   832/5000 batch 1300 loss=  -0.098 pol= -0.634 vL= 0.498 kl= 0.25 H=  5.65 r̄=-0.244 succ=33.8% >exp= 0.0% el=41m53s eta=3h29m
  ep  1152/5000 batch 1320 loss=  -0.118 pol= -0.443 vL= 0.336 kl= 0.19 H=  4.59 r̄=-0.091 succ=33.7% >exp= 0.0% el=42m32s eta=2h22m
  ep  1472/5000 batch 1340 loss=   0.014 pol= -0.547 vL= 0.864 kl= 0.15 H=  5.27 r̄=-0.259 succ=33.7% >exp= 0.0% el=43m09s eta=1h43m
  ep  1792/5000 batch 1360 loss=   0.177 pol= -0.507 vL= 0.197 kl= 0.13 H=  5.69 r̄=-0.255 succ=33.7% >exp= 0.0% el=43m45s eta=1h18m
  ep  2112/5000 batch 1380 loss=   0.123 pol= -0.200 vL= 0.542 kl= 0.15 H=  4.86 r̄= 0.002 succ=33.8% >exp= 0.0% el=44m18s eta=1h00m
  ep  2432/5000 batch 1400 loss=   0.038 pol= -0.536 vL= 0.323 kl= 0.07 H=  5.27 r̄=-0.742 succ=33.7% >exp= 0.0% el=44m51s eta=47m21s
  ep  2752/5000 batch 1420 loss=  -0.077 pol= -0.637 vL= 0.514 kl= 0.15 H=  5.49 r̄=-0.134 succ=33.8% >exp= 0.0% el=45m31s eta=37m10s
  ep  3072/5000 batch 1440 loss=   0.090 pol= -0.555 vL= 0.411 kl= 0.26 H=  6.80 r̄=-0.475 succ=33.8% >exp= 0.0% el=46m02s eta=28m53s
  ep  3392/5000 batch 1460 loss=   0.062 pol= -0.924 vL= 0.522 kl= 0.14 H=  5.42 r̄=-0.130 succ=33.8% >exp= 0.0% el=46m34s eta=22m04s
  ep  3712/5000 batch 1480 loss=   0.044 pol=  0.049 vL= 0.406 kl= 0.21 H=  5.99 r̄=-0.239 succ=33.9% >exp= 0.0% el=47m06s eta=16m20s
  ep  4032/5000 batch 1500 loss=   0.467 pol= -0.242 vL= 0.400 kl= 0.16 H=  5.15 r̄=-0.617 succ=33.9% >exp= 0.0% el=47m35s eta=11m25s
  ep  4352/5000 batch 1520 loss=  -0.309 pol= -0.793 vL= 0.739 kl= 0.16 H=  3.63 r̄=-0.251 succ=33.9% >exp= 0.0% el=48m12s eta= 7m10s
  ep  4672/5000 batch 1540 loss=   0.064 pol= -0.129 vL= 0.393 kl= 0.29 H=  7.03 r̄=-0.500 succ=33.9% >exp= 0.0% el=48m41s eta= 3m25s
  ep  4992/5000 batch 1560 loss=   0.137 pol=  0.134 vL= 0.456 kl= 0.15 H=  3.97 r̄=-0.598 succ=33.9% >exp= 0.0% el=49m06s eta=   5s
  >>> Epoch 5/20 DONE: succ=34.7% (1734/5000) mean_loss= 0.0415 mean_reward=-0.304 mean_KL=0.196 mean_H=5.35 epoch_time= 9m15s

=== Epoch 6/20 — resetting substrate ===
  ep   320/5000 batch 1580 loss=  -0.103 pol=  0.100 vL= 0.840 kl= 0.20 H=  4.21 r̄=-0.278 succ=33.9% >exp= 0.0% el=49m35s eta=12h05m
  ep   640/5000 batch 1600 loss=   0.157 pol= -0.955 vL= 0.303 kl= 0.14 H=  5.27 r̄=-0.103 succ=33.9% >exp= 0.0% el=50m05s eta=5h41m
  ep   960/5000 batch 1620 loss=   0.203 pol=  0.562 vL= 0.559 kl= 0.19 H=  6.72 r̄=-0.473 succ=33.9% >exp= 0.0% el=50m57s eta=3h34m
  ep  1280/5000 batch 1640 loss=   0.068 pol=  0.451 vL= 0.624 kl= 0.17 H=  6.39 r̄=-0.369 succ=33.9% >exp= 0.0% el=51m44s eta=2h30m
  ep  1600/5000 batch 1660 loss=   0.153 pol=  0.580 vL= 0.611 kl= 0.09 H=  5.07 r̄=-0.359 succ=33.9% >exp= 0.0% el=52m32s eta=1h51m
  ep  1920/5000 batch 1680 loss=  -0.235 pol= -0.023 vL= 0.746 kl= 0.11 H=  4.57 r̄=-0.086 succ=33.9% >exp= 0.0% el=53m11s eta=1h25m
  ep  2240/5000 batch 1700 loss=  -0.207 pol=  0.541 vL= 0.687 kl= 0.14 H=  5.62 r̄=-0.604 succ=33.9% >exp= 0.0% el=54m06s eta=1h06m
  ep  2560/5000 batch 1720 loss=   0.114 pol=  0.893 vL= 0.815 kl= 0.11 H=  4.10 r̄=-0.504 succ=33.9% >exp= 0.0% el=54m55s eta=52m20s
  ep  2880/5000 batch 1740 loss=   0.147 pol= -0.023 vL= 0.382 kl= 0.37 H=  6.85 r̄=-0.623 succ=33.8% >exp= 0.0% el=55m50s eta=41m06s
  ep  3200/5000 batch 1760 loss=  -0.219 pol= -0.392 vL= 0.484 kl= 0.30 H=  6.31 r̄=-0.218 succ=33.9% >exp= 0.0% el=56m34s eta=31m49s
  ep  3520/5000 batch 1780 loss=   0.125 pol= -0.362 vL= 0.636 kl= 0.12 H=  5.30 r̄= 0.014 succ=33.9% >exp= 0.0% el=57m20s eta=24m06s
  ep  3840/5000 batch 1800 loss=   0.265 pol= -0.539 vL= 0.549 kl= 0.03 H=  5.12 r̄=-0.166 succ=33.9% >exp= 0.0% el=58m01s eta=17m31s
  ep  4160/5000 batch 1820 loss=   0.487 pol=  0.741 vL= 0.254 kl= 0.17 H=  6.22 r̄=-0.135 succ=33.9% >exp= 0.0% el=58m49s eta=11m52s
  ep  4480/5000 batch 1840 loss=  -0.076 pol= -0.671 vL= 0.556 kl= 0.26 H=  4.52 r̄= 0.139 succ=33.8% >exp= 0.0% el=59m42s eta= 6m55s
  ep  4800/5000 batch 1860 loss=  -0.025 pol= -0.039 vL= 0.357 kl= 0.20 H=  4.65 r̄=-0.380 succ=33.8% >exp= 0.0% el=1h00m eta= 2m31s
  >>> Epoch 6/20 DONE: succ=33.6% (1680/5000) mean_loss= 0.0585 mean_reward=-0.326 mean_KL=0.176 mean_H=5.73 epoch_time=11m55s

=== Epoch 7/20 — resetting substrate ===
  ep   128/5000 batch 1880 loss=   0.131 pol=  0.040 vL= 0.599 kl= 0.31 H=  8.45 r̄=-0.391 succ=33.9% >exp= 0.0% el=1h01m eta=38h57m
  ep   448/5000 batch 1900 loss=  -0.367 pol=  0.144 vL= 0.741 kl= 0.42 H=  5.35 r̄=-0.301 succ=33.9% >exp= 0.0% el=1h02m eta=10h32m
  ep   768/5000 batch 1920 loss=  -0.031 pol= -0.609 vL= 0.586 kl= 0.34 H=  4.13 r̄=-0.368 succ=33.8% >exp= 0.0% el=1h03m eta=5h47m
  ep  1088/5000 batch 1940 loss=   0.321 pol=  0.697 vL= 0.508 kl= 0.17 H=  4.55 r̄=-0.267 succ=33.8% >exp= 0.0% el=1h03m eta=3h48m
  ep  1408/5000 batch 1960 loss=   0.021 pol=  0.293 vL= 0.507 kl= 0.30 H=  7.80 r̄=-0.133 succ=33.8% >exp= 0.0% el=1h04m eta=2h43m
  ep  1728/5000 batch 1980 loss=   0.052 pol=  0.189 vL= 0.438 kl= 0.21 H=  6.44 r̄= 0.126 succ=33.8% >exp= 0.0% el=1h04m eta=2h02m
  ep  2048/5000 batch 2000 loss=   0.460 pol=  1.140 vL= 0.400 kl= 0.18 H=  4.77 r̄=-0.756 succ=33.8% >exp= 0.0% el=1h04m eta=1h33m
  ep  2368/5000 batch 2020 loss=  -0.490 pol=  0.457 vL= 0.714 kl= 0.32 H=  6.00 r̄=-0.390 succ=33.8% >exp= 0.0% el=1h05m eta=1h12m
  ep  2688/5000 batch 2040 loss=   0.041 pol= -0.489 vL= 0.704 kl= 0.32 H=  6.11 r̄=-0.226 succ=33.8% >exp= 0.0% el=1h05m eta=56m35s
  ep  3008/5000 batch 2060 loss=   0.081 pol=  0.711 vL= 0.631 kl= 0.32 H=  5.85 r̄=-0.261 succ=33.8% >exp= 0.0% el=1h06m eta=43m51s
  ep  3328/5000 batch 2080 loss=  -0.036 pol=  0.555 vL= 0.714 kl= 0.13 H=  4.10 r̄=-0.264 succ=33.9% >exp= 0.0% el=1h06m eta=33m30s
  ep  3648/5000 batch 2100 loss=  -0.135 pol=  1.156 vL= 0.381 kl= 0.16 H=  4.71 r̄=-0.271 succ=33.9% >exp= 0.0% el=1h07m eta=24m53s
  ep  3968/5000 batch 2120 loss=   0.019 pol= -0.111 vL= 0.413 kl= 0.07 H=  5.43 r̄=-0.602 succ=33.9% >exp= 0.0% el=1h07m eta=17m34s
  ep  4288/5000 batch 2140 loss=   0.196 pol= -0.872 vL= 0.574 kl= 0.08 H=  5.04 r̄=-0.095 succ=33.9% >exp= 0.0% el=1h08m eta=11m17s
  ep  4608/5000 batch 2160 loss=  -0.012 pol=  0.409 vL= 0.919 kl= 0.29 H=  4.95 r̄= 0.259 succ=33.9% >exp= 0.0% el=1h08m eta= 5m49s
  ep  4928/5000 batch 2180 loss=  -0.333 pol=  0.386 vL= 0.258 kl= 0.20 H=  5.46 r̄=-0.504 succ=33.9% >exp= 0.0% el=1h09m eta= 1m00s
  >>> Epoch 7/20 DONE: succ=34.3% (1713/5000) mean_loss=-0.0046 mean_reward=-0.312 mean_KL=0.247 mean_H=5.79 epoch_time= 8m03s

=== Epoch 8/20 — resetting substrate ===
  ep   256/5000 batch 2200 loss=   0.057 pol=  0.598 vL= 0.618 kl= 0.24 H=  5.82 r̄= 0.014 succ=33.9% >exp= 0.0% el=1h09m eta=21h28m
  ep   576/5000 batch 2220 loss=   0.061 pol= -1.742 vL= 0.301 kl= 0.10 H=  5.43 r̄= 0.223 succ=33.9% >exp= 0.0% el=1h10m eta=8h57m
  ep   896/5000 batch 2240 loss=  -0.007 pol= -0.410 vL= 0.607 kl= 0.21 H=  5.06 r̄=-0.252 succ=33.9% >exp= 0.0% el=1h10m eta=5h22m
  ep  1216/5000 batch 2260 loss=   0.039 pol=  0.147 vL= 0.669 kl= 0.14 H=  5.43 r̄=-0.617 succ=34.0% >exp= 0.0% el=1h10m eta=3h40m
  ep  1536/5000 batch 2280 loss=   0.060 pol=  0.512 vL= 0.429 kl= 0.18 H=  6.03 r̄=-0.137 succ=34.0% >exp= 0.0% el=1h11m eta=2h41m
  ep  1856/5000 batch 2300 loss=  -0.120 pol= -1.585 vL= 0.677 kl= 0.32 H=  7.99 r̄=-0.493 succ=34.0% >exp= 0.0% el=1h11m eta=2h01m
  ep  2176/5000 batch 2320 loss=   0.500 pol= -0.234 vL= 0.703 kl= 0.48 H=  6.05 r̄=-0.228 succ=34.0% >exp= 0.0% el=1h12m eta=1h33m
  ep  2496/5000 batch 2340 loss=  -0.142 pol= -0.765 vL= 0.333 kl= 0.20 H=  7.34 r̄= 0.183 succ=34.0% >exp= 0.0% el=1h12m eta=1h12m
  ep  2816/5000 batch 2360 loss=   0.460 pol=  0.770 vL= 0.627 kl= 0.16 H=  5.27 r̄=-0.369 succ=34.0% >exp= 0.0% el=1h13m eta=56m44s
  ep  3136/5000 batch 2380 loss=   0.198 pol=  1.294 vL= 0.683 kl= 0.20 H=  6.44 r̄=-0.506 succ=34.0% >exp= 0.0% el=1h13m eta=43m48s
  ep  3456/5000 batch 2400 loss=   0.173 pol= -1.725 vL= 0.600 kl= 0.22 H=  6.21 r̄=-0.335 succ=34.0% >exp= 0.0% el=1h14m eta=33m07s
  ep  3776/5000 batch 2420 loss=  -0.035 pol=  1.051 vL= 0.471 kl= 0.06 H=  5.05 r̄=-0.515 succ=34.0% >exp= 0.0% el=1h14m eta=24m10s
  ep  4096/5000 batch 2440 loss=   0.156 pol= -1.068 vL= 0.351 kl= 0.11 H=  5.26 r̄=-0.257 succ=34.0% >exp= 0.0% el=1h15m eta=16m34s
  ep  4416/5000 batch 2460 loss=   0.149 pol=  1.177 vL= 0.533 kl= 0.12 H=  5.31 r̄=-0.617 succ=34.0% >exp= 0.0% el=1h15m eta= 9m59s
  ep  4736/5000 batch 2480 loss=  -0.374 pol= -0.769 vL= 0.235 kl= 0.13 H=  4.25 r̄=-0.145 succ=34.1% >exp= 0.0% el=1h17m eta= 4m17s
  >>> Epoch 8/20 DONE: succ=35.0% (1749/5000) mean_loss= 0.0936 mean_reward=-0.298 mean_KL=0.182 mean_H=5.73 epoch_time= 9m21s

=== Epoch 9/20 — resetting substrate ===
  ep    64/5000 batch 2500 loss=   0.379 pol=  0.184 vL= 0.482 kl= 0.07 H=  6.80 r̄=-0.602 succ=34.1% >exp= 0.0% el=1h18m eta=101h18m
  ep   384/5000 batch 2520 loss=  -0.044 pol= -1.268 vL= 0.473 kl= 0.30 H=  4.19 r̄=-0.108 succ=34.1% >exp= 0.0% el=1h19m eta=15h55m
  ep   704/5000 batch 2540 loss=   0.181 pol= -1.324 vL= 0.885 kl= 0.19 H=  5.85 r̄=-0.351 succ=34.1% >exp= 0.0% el=1h20m eta=8h08m
  ep  1024/5000 batch 2560 loss=   0.088 pol= -0.268 vL= 0.542 kl= 0.21 H=  5.26 r̄=-0.333 succ=34.0% >exp= 0.0% el=1h20m eta=5h12m
  ep  1344/5000 batch 2580 loss=  -0.204 pol= -0.629 vL= 0.532 kl= 0.08 H=  3.94 r̄= 0.007 succ=34.0% >exp= 0.0% el=1h20m eta=3h40m
  ep  1664/5000 batch 2600 loss=   0.401 pol=  0.706 vL= 0.685 kl= 0.09 H=  3.51 r̄=-0.363 succ=34.0% >exp= 0.0% el=1h21m eta=2h43m
  ep  1984/5000 batch 2620 loss=   0.168 pol= -0.293 vL= 0.768 kl= 0.12 H=  4.89 r̄=-0.369 succ=34.0% >exp= 0.0% el=1h21m eta=2h04m
  ep  2304/5000 batch 2640 loss=  -0.108 pol= -0.764 vL= 0.519 kl= 0.07 H=  6.11 r̄=-0.374 succ=34.0% >exp= 0.0% el=1h22m eta=1h36m
  ep  2624/5000 batch 2660 loss=  -0.399 pol= -1.365 vL= 0.584 kl= 0.11 H=  6.26 r̄=-0.291 succ=34.0% >exp= 0.0% el=1h22m eta=1h14m
  ep  2944/5000 batch 2680 loss=  -0.041 pol= -0.754 vL= 0.534 kl= 0.07 H=  6.65 r̄=-0.250 succ=34.0% >exp= 0.0% el=1h23m eta=58m07s
  ep  3264/5000 batch 2700 loss=  -0.076 pol=  0.114 vL= 0.639 kl= 0.07 H=  4.54 r̄=-0.639 succ=34.0% >exp= 0.0% el=1h23m eta=44m29s
  ep  3584/5000 batch 2720 loss=   0.363 pol=  0.106 vL= 0.394 kl= 0.10 H=  3.88 r̄=-0.531 succ=34.0% >exp= 0.0% el=1h24m eta=33m15s
  ep  3904/5000 batch 2740 loss=   0.085 pol= -0.181 vL= 0.387 kl= 0.14 H=  4.88 r̄= 0.024 succ=34.0% >exp= 0.0% el=1h24m eta=23m50s
  ep  4224/5000 batch 2760 loss=   0.035 pol= -0.905 vL= 0.481 kl= 0.18 H=  7.14 r̄=-0.627 succ=34.0% >exp= 0.0% el=1h25m eta=15m43s
  ep  4544/5000 batch 2780 loss=  -0.540 pol= -1.356 vL= 0.442 kl= 0.19 H=  5.96 r̄= 0.154 succ=34.0% >exp= 0.0% el=1h26m eta= 8m40s
  ep  4864/5000 batch 2800 loss=   0.400 pol=  0.978 vL= 0.358 kl= 0.04 H=  4.28 r̄=-0.773 succ=34.0% >exp= 0.0% el=1h27m eta= 2m26s
  >>> Epoch 9/20 DONE: succ=33.5% (1676/5000) mean_loss= 0.0334 mean_reward=-0.327 mean_KL=0.138 mean_H=5.24 epoch_time= 9m12s

=== Epoch 10/20 — resetting substrate ===
  ep   192/5000 batch 2820 loss=   0.127 pol=  0.835 vL= 0.510 kl= 0.10 H=  5.48 r̄=-0.344 succ=34.0% >exp= 0.0% el=1h28m eta=36h46m
  ep   512/5000 batch 2840 loss=   0.247 pol=  0.717 vL= 0.363 kl= 0.05 H=  7.60 r̄=-0.730 succ=34.0% >exp= 0.0% el=1h28m eta=12h57m
  ep   832/5000 batch 2860 loss=  -0.273 pol=  0.510 vL= 0.606 kl= 0.14 H=  5.66 r̄=-0.159 succ=34.0% >exp= 0.0% el=1h29m eta=7h28m
  ep  1152/5000 batch 2880 loss=   0.266 pol= -0.508 vL= 0.547 kl= 0.13 H=  5.27 r̄= 0.021 succ=34.0% >exp= 0.0% el=1h30m eta=5h01m
  ep  1472/5000 batch 2900 loss=   0.097 pol= -0.107 vL= 0.419 kl= 0.18 H=  5.30 r̄=-0.373 succ=34.0% >exp= 0.0% el=1h31m eta=3h38m
  ep  1792/5000 batch 2920 loss=   0.201 pol=  0.642 vL= 0.574 kl= 0.14 H=  7.13 r̄=-0.504 succ=34.0% >exp= 0.0% el=1h31m eta=2h44m
  ep  2112/5000 batch 2940 loss=   0.087 pol= -0.829 vL= 0.629 kl= 0.17 H=  6.00 r̄= 0.104 succ=33.9% >exp= 0.0% el=1h32m eta=2h06m
  ep  2432/5000 batch 2960 loss=   0.307 pol= -0.067 vL= 0.421 kl= 0.18 H=  5.88 r̄=-0.486 succ=33.9% >exp= 0.0% el=1h32m eta=1h37m
  ep  2752/5000 batch 2980 loss=  -0.148 pol= -0.338 vL= 0.389 kl= 0.16 H=  5.72 r̄=-0.617 succ=33.9% >exp= 0.0% el=1h33m eta=1h16m
  ep  3072/5000 batch 3000 loss=   0.097 pol=  0.044 vL= 0.685 kl= 0.18 H=  7.01 r̄=-0.367 succ=33.9% >exp= 0.0% el=1h33m eta=58m55s
  ep  3392/5000 batch 3020 loss=   0.084 pol= -0.243 vL= 0.844 kl= 0.17 H=  6.29 r̄=-0.490 succ=33.9% >exp= 0.0% el=1h34m eta=44m45s
  ep  3712/5000 batch 3040 loss=  -0.162 pol=  0.211 vL= 0.561 kl= 0.20 H=  6.19 r̄=-0.272 succ=34.0% >exp= 0.0% el=1h34m eta=32m55s
  ep  4032/5000 batch 3060 loss=   0.234 pol= -0.531 vL= 0.857 kl= 0.16 H=  5.31 r̄=-0.494 succ=33.9% >exp= 0.0% el=1h35m eta=22m53s
  ep  4352/5000 batch 3080 loss=   0.025 pol=  0.723 vL= 0.646 kl= 0.10 H=  4.46 r̄=-0.488 succ=34.0% >exp= 0.0% el=1h35m eta=14m16s
  ep  4672/5000 batch 3100 loss=   0.098 pol=  0.917 vL= 1.007 kl= 0.14 H=  6.43 r̄=-0.547 succ=34.0% >exp= 0.0% el=1h36m eta= 6m45s
  ep  4992/5000 batch 3120 loss=   0.015 pol=  0.435 vL= 1.085 kl= 0.11 H=  3.53 r̄= 0.022 succ=34.0% >exp= 0.0% el=1h36m eta=   9s
  >>> Epoch 10/20 DONE: succ=33.9% (1697/5000) mean_loss= 0.0715 mean_reward=-0.319 mean_KL=0.168 mean_H=5.69 epoch_time= 9m10s

=== Epoch 11/20 — resetting substrate ===
  ep   320/5000 batch 3140 loss=   0.100 pol= -0.630 vL= 0.879 kl= 0.11 H=  4.12 r̄= 0.013 succ=34.0% >exp= 0.0% el=1h37m eta=23h44m
  ep   640/5000 batch 3160 loss=  -0.149 pol= -2.094 vL= 0.278 kl= 0.13 H=  5.33 r̄=-0.008 succ=34.0% >exp= 0.0% el=1h37m eta=11h07m
  ep   960/5000 batch 3180 loss=  -0.041 pol= -0.408 vL= 0.520 kl= 0.42 H=  7.53 r̄=-0.019 succ=34.0% >exp= 0.0% el=1h38m eta=6h54m
  ep  1280/5000 batch 3200 loss=  -0.248 pol= -0.134 vL= 0.805 kl= 0.32 H=  6.08 r̄=-0.402 succ=34.0% >exp= 0.0% el=1h39m eta=4h48m
  ep  1600/5000 batch 3220 loss=   0.217 pol= -0.497 vL= 0.363 kl= 0.19 H=  4.09 r̄=-0.461 succ=34.0% >exp= 0.0% el=1h39m eta=3h31m
  ep  1920/5000 batch 3240 loss=   0.324 pol= -0.285 vL= 0.783 kl= 0.17 H=  4.95 r̄= 0.112 succ=34.0% >exp= 0.0% el=1h40m eta=2h40m
  ep  2240/5000 batch 3260 loss=  -0.105 pol= -0.815 vL= 0.699 kl= 0.18 H=  6.77 r̄=-0.621 succ=34.0% >exp= 0.0% el=1h40m eta=2h04m
  ep  2560/5000 batch 3280 loss=  -0.200 pol= -0.860 vL= 0.296 kl= 0.20 H=  4.92 r̄=-0.230 succ=34.0% >exp= 0.0% el=1h41m eta=1h36m
  ep  2880/5000 batch 3300 loss=   0.158 pol=  0.394 vL= 0.499 kl= 0.16 H=  6.41 r̄=-0.746 succ=33.9% >exp= 0.0% el=1h42m eta=1h15m
  ep  3200/5000 batch 3320 loss=   0.209 pol=  0.462 vL= 0.401 kl= 0.19 H=  6.32 r̄=-0.472 succ=34.0% >exp= 0.0% el=1h42m eta=57m54s
  ep  3520/5000 batch 3340 loss=  -0.215 pol= -0.854 vL= 0.813 kl= 0.17 H=  5.52 r̄= 0.185 succ=34.0% >exp= 0.0% el=1h44m eta=43m49s
  ep  3840/5000 batch 3360 loss=   0.369 pol= -0.603 vL= 0.771 kl= 0.14 H=  4.17 r̄=-0.383 succ=34.0% >exp= 0.0% el=1h44m eta=31m40s
  ep  4160/5000 batch 3380 loss=   0.139 pol=  0.543 vL= 0.492 kl= 0.07 H=  6.27 r̄=-0.226 succ=34.0% >exp= 0.0% el=1h45m eta=21m21s
  ep  4480/5000 batch 3400 loss=  -0.286 pol= -0.830 vL= 0.837 kl= 0.16 H=  4.39 r̄=-0.035 succ=34.0% >exp= 0.0% el=1h46m eta=12m19s
  ep  4800/5000 batch 3420 loss=  -0.342 pol= -0.759 vL= 0.254 kl= 0.27 H=  4.69 r̄= 0.410 succ=34.0% >exp= 0.0% el=1h46m eta= 4m26s
  >>> Epoch 11/20 DONE: succ=34.6% (1728/5000) mean_loss= 0.0079 mean_reward=-0.307 mean_KL=0.183 mean_H=5.88 epoch_time=10m12s

=== Epoch 12/20 — resetting substrate ===
  ep   128/5000 batch 3440 loss=   0.060 pol= -0.687 vL= 0.455 kl= 0.19 H=  7.27 r̄=-0.245 succ=34.1% >exp= 0.0% el=1h47m eta=68h07m
  ep   448/5000 batch 3460 loss=   0.071 pol= -0.662 vL= 0.546 kl= 0.19 H=  5.47 r̄= 0.139 succ=34.0% >exp= 0.0% el=1h48m eta=18h20m
  ep   768/5000 batch 3480 loss=   0.055 pol= -0.689 vL= 0.741 kl= 0.20 H=  3.85 r̄=-0.098 succ=34.0% >exp= 0.0% el=1h49m eta=10h05m
  ep  1088/5000 batch 3500 loss=   0.002 pol=  1.155 vL= 0.548 kl= 0.09 H=  5.00 r̄=-0.747 succ=34.0% >exp= 0.0% el=1h50m eta=6h38m
  ep  1408/5000 batch 3520 loss=   0.003 pol= -0.385 vL= 0.589 kl= 0.26 H=  6.00 r̄=-0.136 succ=34.0% >exp= 0.0% el=1h51m eta=4h44m
  ep  1728/5000 batch 3540 loss=   0.332 pol= -0.629 vL= 0.429 kl= 0.15 H=  5.21 r̄= 0.010 succ=34.0% >exp= 0.0% el=1h52m eta=3h32m
  ep  2048/5000 batch 3560 loss=   0.560 pol=  1.908 vL= 0.790 kl= 0.14 H=  6.61 r̄=-0.649 succ=34.0% >exp= 0.0% el=1h52m eta=2h42m
  ep  2368/5000 batch 3580 loss=  -0.249 pol=  0.278 vL= 0.766 kl= 0.07 H=  5.49 r̄=-0.110 succ=34.0% >exp= 0.0% el=1h53m eta=2h05m
  ep  2688/5000 batch 3600 loss=   0.113 pol= -1.069 vL= 0.493 kl= 0.27 H=  5.27 r̄= 0.372 succ=34.0% >exp= 0.0% el=1h53m eta=1h37m
  ep  3008/5000 batch 3620 loss=  -0.259 pol= -1.742 vL= 0.814 kl= 0.37 H=  5.95 r̄= 0.013 succ=34.0% >exp= 0.0% el=1h54m eta=1h15m
  ep  3328/5000 batch 3640 loss=   0.083 pol=  0.183 vL= 0.817 kl= 0.14 H=  4.32 r̄=-0.353 succ=34.0% >exp= 0.0% el=1h54m eta=57m36s
  ep  3648/5000 batch 3660 loss=   0.019 pol=  0.261 vL= 0.579 kl= 0.17 H=  4.50 r̄=-0.030 succ=34.0% >exp= 0.0% el=1h55m eta=42m42s
  ep  3968/5000 batch 3680 loss=   0.207 pol=  0.461 vL= 0.678 kl= 0.09 H=  3.79 r̄=-0.619 succ=33.9% >exp= 0.0% el=1h55m eta=30m06s
  ep  4288/5000 batch 3700 loss=  -0.473 pol= -0.621 vL= 0.742 kl= 0.13 H=  5.44 r̄=-0.109 succ=33.9% >exp= 0.0% el=1h56m eta=19m18s
  ep  4608/5000 batch 3720 loss=  -0.585 pol= -1.980 vL= 0.218 kl= 0.19 H=  5.39 r̄= 0.388 succ=34.0% >exp= 0.0% el=1h56m eta= 9m56s
  ep  4928/5000 batch 3740 loss=   0.370 pol= -1.563 vL= 0.307 kl= 0.31 H=  6.46 r̄=-0.221 succ=34.0% >exp= 0.0% el=1h57m eta= 1m42s
  >>> Epoch 12/20 DONE: succ=33.3% (1663/5000) mean_loss= 0.0110 mean_reward=-0.332 mean_KL=0.195 mean_H=5.60 epoch_time=10m24s

=== Epoch 13/20 — resetting substrate ===
  ep   256/5000 batch 3760 loss=  -0.001 pol=  1.037 vL= 0.527 kl= 0.17 H=  5.76 r̄=-0.355 succ=34.0% >exp= 0.0% el=1h57m eta=36h24m
  ep   576/5000 batch 3780 loss=   0.195 pol=  0.098 vL= 0.312 kl= 0.17 H=  6.76 r̄=-0.356 succ=34.0% >exp= 0.0% el=1h58m eta=15h08m
  ep   896/5000 batch 3800 loss=   0.220 pol=  0.122 vL= 0.531 kl= 0.57 H=  6.55 r̄=-0.237 succ=34.0% >exp= 0.0% el=1h58m eta=9h04m
  ep  1216/5000 batch 3820 loss=  -0.148 pol=  0.326 vL= 0.608 kl= 0.36 H=  6.98 r̄=-0.500 succ=34.0% >exp= 0.0% el=1h59m eta=6h11m
  ep  1536/5000 batch 3840 loss=   0.354 pol=  0.014 vL= 0.526 kl= 0.33 H=  5.83 r̄=-0.141 succ=33.9% >exp= 0.0% el=1h59m eta=4h30m
  ep  1856/5000 batch 3860 loss=  -0.393 pol= -1.668 vL= 0.918 kl= 0.25 H=  7.37 r̄=-0.143 succ=33.9% >exp= 0.0% el=2h00m eta=3h23m
  ep  2176/5000 batch 3880 loss=  -0.055 pol=  0.765 vL= 0.732 kl= 0.23 H=  5.57 r̄=-0.244 succ=33.9% >exp= 0.0% el=2h00m eta=2h36m
  ep  2496/5000 batch 3900 loss=   0.048 pol=  0.353 vL= 0.647 kl= 0.37 H=  7.15 r̄=-0.206 succ=33.9% >exp= 0.0% el=2h01m eta=2h01m
  ep  2816/5000 batch 3920 loss=   0.225 pol=  0.509 vL= 0.655 kl= 0.29 H=  5.02 r̄=-0.758 succ=33.9% >exp= 0.0% el=2h01m eta=1h34m
  ep  3136/5000 batch 3940 loss=   0.046 pol= -0.660 vL= 0.516 kl= 0.31 H=  6.96 r̄=-0.231 succ=33.9% >exp= 0.0% el=2h02m eta=1h12m
  ep  3456/5000 batch 3960 loss=  -0.077 pol= -0.256 vL= 0.379 kl= 0.35 H=  7.31 r̄= 0.498 succ=33.9% >exp= 0.0% el=2h02m eta=54m56s
  ep  3776/5000 batch 3980 loss=   0.192 pol=  0.285 vL= 0.503 kl= 0.20 H=  6.19 r̄=-0.506 succ=33.9% >exp= 0.0% el=2h03m eta=40m02s
  ep  4096/5000 batch 4000 loss=  -0.161 pol= -0.308 vL= 0.765 kl= 0.12 H=  4.67 r̄=-0.010 succ=34.0% >exp= 0.0% el=2h04m eta=27m22s
  ep  4416/5000 batch 4020 loss=  -0.144 pol= -0.185 vL= 0.504 kl= 0.17 H=  5.56 r̄=-0.030 succ=34.0% >exp= 0.0% el=2h04m eta=16m27s
  ep  4736/5000 batch 4040 loss=   0.244 pol= -0.084 vL= 0.197 kl= 0.24 H=  4.81 r̄=-0.355 succ=34.0% >exp= 0.0% el=2h04m eta= 6m58s
  >>> Epoch 13/20 DONE: succ=33.9% (1693/5000) mean_loss= 0.0516 mean_reward=-0.320 mean_KL=0.272 mean_H=6.12 epoch_time= 7m54s

=== Epoch 14/20 — resetting substrate ===
  ep    64/5000 batch 4060 loss=   0.253 pol= -0.709 vL= 0.263 kl= 0.19 H=  8.52 r̄=-0.331 succ=34.0% >exp= 0.0% el=2h05m eta=161h18m
  ep   384/5000 batch 4080 loss=  -0.385 pol= -1.588 vL= 0.581 kl= 0.30 H=  4.36 r̄=-0.618 succ=34.0% >exp= 0.0% el=2h06m eta=25h14m
  ep   704/5000 batch 4100 loss=  -0.114 pol=  0.202 vL= 0.531 kl= 0.21 H=  6.41 r̄=-0.597 succ=33.9% >exp= 0.0% el=2h06m eta=12h51m
  ep  1024/5000 batch 4120 loss=   0.166 pol= -0.279 vL= 0.312 kl= 0.24 H=  4.64 r̄=-0.762 succ=33.9% >exp= 0.0% el=2h06m eta=8h12m
  ep  1344/5000 batch 4140 loss=  -0.507 pol= -0.499 vL= 0.345 kl= 0.37 H=  4.87 r̄=-0.240 succ=34.0% >exp= 0.0% el=2h07m eta=5h46m
  ep  1664/5000 batch 4160 loss=  -0.201 pol=  0.317 vL= 0.653 kl= 0.16 H=  4.23 r̄=-0.365 succ=34.0% >exp= 0.0% el=2h07m eta=4h16m
  ep  1984/5000 batch 4180 loss=   0.024 pol= -1.038 vL= 0.699 kl= 0.28 H=  4.18 r̄=-0.251 succ=34.0% >exp= 0.0% el=2h08m eta=3h15m
  ep  2304/5000 batch 4200 loss=   0.346 pol= -0.322 vL= 0.439 kl= 0.25 H=  6.26 r̄=-0.636 succ=33.9% >exp= 0.0% el=2h09m eta=2h31m
  ep  2624/5000 batch 4220 loss=  -0.453 pol= -1.033 vL= 0.430 kl= 0.22 H=  4.84 r̄=-0.169 succ=33.9% >exp= 0.0% el=2h09m eta=1h57m
  ep  2944/5000 batch 4240 loss=   0.207 pol= -1.048 vL= 0.496 kl= 0.12 H=  6.37 r̄=-0.487 succ=33.9% >exp= 0.0% el=2h10m eta=1h30m
  ep  3264/5000 batch 4260 loss=  -0.199 pol= -0.818 vL= 0.301 kl= 0.12 H=  4.11 r̄=-0.630 succ=33.9% >exp= 0.0% el=2h10m eta=1h09m
  ep  3584/5000 batch 4280 loss=  -0.056 pol= -0.352 vL= 0.366 kl= 0.18 H=  3.61 r̄=-0.246 succ=33.9% >exp= 0.0% el=2h11m eta=51m51s
  ep  3904/5000 batch 4300 loss=   0.343 pol= -0.873 vL= 0.745 kl= 0.16 H=  3.28 r̄= 0.220 succ=33.9% >exp= 0.0% el=2h11m eta=36m59s
  ep  4224/5000 batch 4320 loss=   0.062 pol= -0.807 vL= 0.184 kl= 0.42 H=  5.53 r̄=-0.511 succ=33.9% >exp= 0.0% el=2h12m eta=24m17s
  ep  4544/5000 batch 4340 loss=  -0.051 pol= -0.466 vL= 0.344 kl= 0.23 H=  4.22 r̄= 0.402 succ=33.9% >exp= 0.0% el=2h12m eta=13m18s
  ep  4864/5000 batch 4360 loss=   0.083 pol= -0.822 vL= 0.678 kl= 0.20 H=  5.18 r̄=-0.225 succ=33.9% >exp= 0.0% el=2h13m eta= 3m43s
  >>> Epoch 14/20 DONE: succ=33.9% (1694/5000) mean_loss=-0.0511 mean_reward=-0.320 mean_KL=0.240 mean_H=5.05 epoch_time= 7m49s

=== Epoch 15/20 — resetting substrate ===
  ep   192/5000 batch 4380 loss=   0.108 pol=  0.246 vL= 0.624 kl= 0.18 H=  5.28 r̄= 0.144 succ=34.0% >exp= 0.0% el=2h13m eta=55h42m
  ep   512/5000 batch 4400 loss=   0.139 pol=  1.401 vL= 0.418 kl= 0.13 H=  4.76 r̄=-0.790 succ=34.0% >exp= 0.0% el=2h13m eta=19h33m
  ep   832/5000 batch 4420 loss=  -0.133 pol= -0.484 vL= 0.236 kl= 0.28 H=  5.46 r̄= 0.119 succ=33.9% >exp= 0.0% el=2h14m eta=11h13m
  ep  1152/5000 batch 4440 loss=  -0.023 pol=  0.480 vL= 0.681 kl= 0.11 H=  4.89 r̄=-0.219 succ=33.9% >exp= 0.0% el=2h14m eta=7h30m
  ep  1472/5000 batch 4460 loss=  -0.316 pol= -0.650 vL= 0.454 kl= 0.12 H=  4.50 r̄=-0.008 succ=33.9% >exp= 0.0% el=2h15m eta=5h24m
  ep  1792/5000 batch 4480 loss=   0.243 pol= -1.112 vL= 0.388 kl= 0.19 H=  6.75 r̄=-0.618 succ=33.9% >exp= 0.0% el=2h15m eta=4h03m
  ep  2112/5000 batch 4500 loss=   0.313 pol= -0.105 vL= 0.459 kl= 0.14 H=  4.26 r̄=-0.102 succ=33.9% >exp= 0.0% el=2h16m eta=3h06m
  ep  2432/5000 batch 4520 loss=   0.050 pol= -0.390 vL= 0.268 kl= 0.12 H=  5.37 r̄=-0.621 succ=34.0% >exp= 0.0% el=2h16m eta=2h24m
  ep  2752/5000 batch 4540 loss=   0.062 pol=  0.789 vL= 0.717 kl= 0.14 H=  4.72 r̄=-0.662 succ=33.9% >exp= 0.0% el=2h17m eta=1h52m
  ep  3072/5000 batch 4560 loss=   0.261 pol= -0.318 vL= 0.745 kl= 0.06 H=  4.77 r̄=-0.255 succ=33.9% >exp= 0.0% el=2h17m eta=1h26m
  ep  3392/5000 batch 4580 loss=  -0.011 pol=  0.394 vL= 0.685 kl= 0.16 H=  4.77 r̄=-0.245 succ=33.9% >exp= 0.0% el=2h18m eta=1h05m
  ep  3712/5000 batch 4600 loss=  -0.094 pol= -0.719 vL= 0.491 kl= 0.23 H=  6.35 r̄=-0.384 succ=34.0% >exp= 0.0% el=2h18m eta=48m02s
  ep  4032/5000 batch 4620 loss=   0.277 pol=  0.335 vL= 0.370 kl= 0.15 H=  5.00 r̄=-0.652 succ=34.0% >exp= 0.0% el=2h18m eta=33m20s
  ep  4352/5000 batch 4640 loss=  -0.032 pol= -0.378 vL= 0.780 kl= 0.20 H=  3.56 r̄=-0.248 succ=33.9% >exp= 0.0% el=2h19m eta=20m44s
  ep  4672/5000 batch 4660 loss=  -0.191 pol=  0.083 vL= 0.572 kl= 0.18 H=  5.78 r̄=-0.054 succ=34.0% >exp= 0.0% el=2h19m eta= 9m48s
  ep  4992/5000 batch 4680 loss=   0.065 pol=  0.018 vL= 0.620 kl= 0.46 H=  4.77 r̄=-0.121 succ=34.0% >exp= 0.0% el=2h20m eta=  13s
  >>> Epoch 15/20 DONE: succ=34.1% (1704/5000) mean_loss= 0.0461 mean_reward=-0.316 mean_KL=0.187 mean_H=5.28 epoch_time= 6m53s

=== Epoch 16/20 — resetting substrate ===
  ep   320/5000 batch 4700 loss=  -0.479 pol= -2.087 vL= 0.382 kl= 0.21 H=  4.62 r̄= 0.017 succ=34.0% >exp= 0.0% el=2h20m eta=34h15m
  ep   640/5000 batch 4720 loss=   0.210 pol=  1.192 vL= 0.512 kl= 0.17 H=  5.25 r̄=-0.264 succ=34.0% >exp= 0.0% el=2h20m eta=16h00m
  ep   960/5000 batch 4740 loss=   0.358 pol=  0.607 vL= 0.483 kl= 0.27 H=  5.23 r̄=-0.161 succ=34.0% >exp= 0.0% el=2h21m eta=9h54m
  ep  1280/5000 batch 4760 loss=  -0.039 pol=  0.814 vL= 0.322 kl= 0.23 H=  4.13 r̄=-0.657 succ=34.0% >exp= 0.0% el=2h21m eta=6h52m
  ep  1600/5000 batch 4780 loss=  -0.046 pol= -0.601 vL= 0.945 kl= 0.20 H=  3.53 r̄=-0.486 succ=34.0% >exp= 0.0% el=2h22m eta=5h02m
  ep  1920/5000 batch 4800 loss=  -0.270 pol=  0.021 vL= 0.507 kl= 0.20 H=  4.69 r̄= 0.066 succ=34.0% >exp= 0.0% el=2h22m eta=3h48m
  ep  2240/5000 batch 4820 loss=   0.195 pol= -0.470 vL= 0.599 kl= 0.32 H=  5.76 r̄=-0.250 succ=34.0% >exp= 0.0% el=2h22m eta=2h56m
  ep  2560/5000 batch 4840 loss=   0.024 pol= -0.541 vL= 0.699 kl= 0.17 H=  3.78 r̄= 0.028 succ=34.0% >exp= 0.0% el=2h23m eta=2h16m
  ep  2880/5000 batch 4860 loss=  -0.172 pol= -0.160 vL= 0.795 kl= 0.15 H=  5.38 r̄=-0.391 succ=34.0% >exp= 0.0% el=2h23m eta=1h45m
  ep  3200/5000 batch 4880 loss=  -0.150 pol= -0.721 vL= 0.341 kl= 0.11 H=  6.65 r̄=-0.723 succ=34.0% >exp= 0.0% el=2h24m eta=1h21m
  ep  3520/5000 batch 4900 loss=  -0.179 pol= -0.662 vL= 0.568 kl= 0.23 H=  5.52 r̄=-0.270 succ=34.0% >exp= 0.0% el=2h24m eta=1h00m
  ep  3840/5000 batch 4920 loss=   0.387 pol= -0.419 vL= 0.464 kl= 0.19 H=  5.59 r̄=-0.398 succ=34.0% >exp= 0.0% el=2h25m eta=43m48s
  ep  4160/5000 batch 4940 loss=   0.387 pol= -1.038 vL= 0.654 kl= 0.29 H=  7.58 r̄=-0.128 succ=34.0% >exp= 0.0% el=2h25m eta=29m21s
  ep  4480/5000 batch 4960 loss=  -0.377 pol=  0.546 vL= 0.717 kl= 0.19 H=  4.02 r̄=-0.599 succ=34.0% >exp= 0.0% el=2h25m eta=16m55s
  ep  4800/5000 batch 4980 loss=   0.112 pol= -0.664 vL= 0.618 kl= 0.17 H=  5.09 r̄= 0.029 succ=34.0% >exp= 0.0% el=2h26m eta= 6m05s
  >>> Epoch 16/20 DONE: succ=34.4% (1720/5000) mean_loss=-0.0036 mean_reward=-0.309 mean_KL=0.226 mean_H=5.41 epoch_time= 6m25s

=== Epoch 17/20 — resetting substrate ===
  ep   128/5000 batch 5000 loss=  -0.208 pol=  0.864 vL= 0.260 kl= 0.36 H=  7.60 r̄=-0.154 succ=34.0% >exp= 0.0% el=2h26m eta=93h03m
  ep   448/5000 batch 5020 loss=   0.130 pol=  0.453 vL= 0.600 kl= 0.19 H=  5.61 r̄=-0.123 succ=34.0% >exp= 0.0% el=2h27m eta=24h54m
  ep   768/5000 batch 5040 loss=  -0.045 pol= -0.291 vL= 0.554 kl= 0.44 H=  3.84 r̄=-0.738 succ=34.0% >exp= 0.0% el=2h27m eta=13h32m
  ep  1088/5000 batch 5060 loss=  -0.180 pol= -0.974 vL= 0.415 kl= 0.38 H=  4.27 r̄=-0.373 succ=34.0% >exp= 0.0% el=2h27m eta=8h51m
  ep  1408/5000 batch 5080 loss=   0.053 pol=  0.210 vL= 0.723 kl= 0.43 H=  4.42 r̄=-0.517 succ=34.0% >exp= 0.0% el=2h28m eta=6h18m
  ep  1728/5000 batch 5100 loss=   0.033 pol= -0.634 vL= 0.398 kl= 0.64 H=  4.37 r̄=-0.254 succ=34.0% >exp= 0.0% el=2h28m eta=4h41m
  ep  2048/5000 batch 5120 loss=   0.434 pol=  1.162 vL= 0.531 kl= 0.54 H=  5.52 r̄=-0.886 succ=34.0% >exp= 0.0% el=2h29m eta=3h35m
  ep  2368/5000 batch 5140 loss=   0.038 pol= -0.838 vL= 0.350 kl= 0.68 H=  5.78 r̄=-0.494 succ=34.0% >exp= 0.0% el=2h29m eta=2h46m
  ep  2688/5000 batch 5160 loss=   0.012 pol= -1.004 vL= 0.628 kl= 0.43 H=  5.63 r̄=-0.198 succ=34.0% >exp= 0.0% el=2h30m eta=2h09m
  ep  3008/5000 batch 5180 loss=   0.005 pol= -1.500 vL= 0.459 kl= 0.37 H=  5.55 r̄=-0.005 succ=34.0% >exp= 0.0% el=2h30m eta=1h39m
  ep  3328/5000 batch 5200 loss=  -0.113 pol= -0.247 vL= 0.363 kl= 0.07 H=  4.36 r̄=-0.741 succ=34.0% >exp= 0.0% el=2h31m eta=1h15m
  ep  3648/5000 batch 5220 loss=  -0.183 pol=  0.052 vL= 0.323 kl= 0.29 H=  4.71 r̄=-0.525 succ=34.0% >exp= 0.0% el=2h31m eta=56m08s
  ep  3968/5000 batch 5240 loss=   0.201 pol=  0.196 vL= 0.726 kl= 0.49 H=  5.36 r̄=-0.490 succ=33.9% >exp= 0.0% el=2h31m eta=39m30s
  ep  4288/5000 batch 5260 loss=  -0.209 pol= -1.909 vL= 0.540 kl= 0.42 H=  5.96 r̄=-0.016 succ=33.9% >exp= 0.0% el=2h32m eta=25m17s
  ep  4608/5000 batch 5280 loss=   0.282 pol= -0.087 vL= 0.710 kl= 0.23 H=  4.95 r̄= 0.117 succ=34.0% >exp= 0.0% el=2h32m eta=12m59s
  ep  4928/5000 batch 5300 loss=   0.300 pol=  0.788 vL= 0.544 kl= 0.23 H=  5.78 r̄=-0.489 succ=34.0% >exp= 0.0% el=2h33m eta= 2m14s
  >>> Epoch 17/20 DONE: succ=33.4% (1670/5000) mean_loss= 0.0361 mean_reward=-0.331 mean_KL=0.338 mean_H=5.47 epoch_time= 6m43s

=== Epoch 18/20 — resetting substrate ===
  ep   256/5000 batch 5320 loss=   0.006 pol= -2.033 vL= 0.287 kl= 0.10 H=  5.68 r̄=-0.070 succ=34.0% >exp= 0.0% el=2h33m eta=47h26m
  ep   576/5000 batch 5340 loss=   0.062 pol= -1.241 vL= 0.364 kl= 0.06 H=  6.29 r̄=-0.228 succ=34.0% >exp= 0.0% el=2h33m eta=19h42m
  ep   896/5000 batch 5360 loss=   0.566 pol=  0.225 vL= 0.293 kl= 0.07 H=  5.69 r̄=-0.223 succ=34.0% >exp= 0.0% el=2h34m eta=11h46m
  ep  1216/5000 batch 5380 loss=   0.205 pol= -0.961 vL= 0.244 kl= 0.20 H=  6.56 r̄=-0.512 succ=34.0% >exp= 0.0% el=2h34m eta=8h01m
  ep  1536/5000 batch 5400 loss=   0.323 pol=  0.370 vL= 0.513 kl= 0.15 H=  5.24 r̄=-0.374 succ=33.9% >exp= 0.0% el=2h35m eta=5h49m
  ep  1856/5000 batch 5420 loss=   0.264 pol=  0.893 vL= 0.725 kl= 0.23 H=  5.66 r̄=-0.286 succ=33.9% >exp= 0.0% el=2h35m eta=4h23m
  ep  2176/5000 batch 5440 loss=  -0.315 pol= -0.557 vL= 0.605 kl= 0.29 H=  4.77 r̄= 0.033 succ=34.0% >exp= 0.0% el=2h36m eta=3h22m
  ep  2496/5000 batch 5460 loss=   0.201 pol=  0.026 vL= 0.473 kl= 0.19 H=  6.60 r̄=-0.072 succ=34.0% >exp= 0.0% el=2h36m eta=2h37m
  ep  2816/5000 batch 5480 loss=   0.186 pol=  0.357 vL= 0.683 kl= 0.29 H=  4.84 r̄=-0.613 succ=34.0% >exp= 0.0% el=2h37m eta=2h01m
  ep  3136/5000 batch 5500 loss=   0.223 pol= -1.020 vL= 0.456 kl= 0.17 H=  6.21 r̄=-0.478 succ=34.0% >exp= 0.0% el=2h37m eta=1h33m
  ep  3456/5000 batch 5520 loss=  -0.139 pol= -0.819 vL= 0.636 kl= 0.64 H=  6.34 r̄= 0.119 succ=34.0% >exp= 0.0% el=2h38m eta=1h10m
  ep  3776/5000 batch 5540 loss=   0.310 pol= -0.745 vL= 0.395 kl= 0.50 H=  5.71 r̄=-0.764 succ=34.0% >exp= 0.0% el=2h38m eta=51m23s
  ep  4096/5000 batch 5560 loss=   0.221 pol= -0.287 vL= 0.502 kl= 0.29 H=  5.55 r̄=-0.010 succ=34.0% >exp= 0.0% el=2h38m eta=35m05s
  ep  4416/5000 batch 5580 loss=  -0.383 pol= -0.926 vL= 0.484 kl= 0.24 H=  5.29 r̄=-0.121 succ=34.0% >exp= 0.0% el=2h39m eta=21m05s
  ep  4736/5000 batch 5600 loss=  -0.200 pol= -0.511 vL= 0.622 kl= 0.22 H=  4.18 r̄=-0.291 succ=34.0% >exp= 0.0% el=2h39m eta= 8m54s
  >>> Epoch 18/20 DONE: succ=34.4% (1718/5000) mean_loss= 0.1218 mean_reward=-0.310 mean_KL=0.239 mean_H=5.35 epoch_time= 7m00s

=== Epoch 19/20 — resetting substrate ===
  ep    64/5000 batch 5620 loss=   0.430 pol=  0.566 vL= 0.481 kl= 0.12 H=  6.14 r̄=-0.231 succ=34.0% >exp= 0.0% el=2h40m eta=206h08m
  ep   384/5000 batch 5640 loss=  -0.116 pol=  1.216 vL= 0.881 kl= 0.07 H=  3.21 r̄=-1.000 succ=34.0% >exp= 0.0% el=2h40m eta=32h14m
  ep   704/5000 batch 5660 loss=   0.265 pol= -0.215 vL= 0.387 kl= 0.30 H=  6.11 r̄=-0.597 succ=34.0% >exp= 0.0% el=2h41m eta=16h24m
  ep  1024/5000 batch 5680 loss=  -0.127 pol= -0.184 vL= 0.594 kl= 0.23 H=  5.56 r̄=-0.251 succ=34.0% >exp= 0.0% el=2h41m eta=10h28m
  ep  1344/5000 batch 5700 loss=  -0.073 pol= -0.437 vL= 0.444 kl= 0.17 H=  3.86 r̄=-0.377 succ=33.9% >exp= 0.0% el=2h42m eta=7h21m
  ep  1664/5000 batch 5720 loss=   0.003 pol=  0.439 vL= 0.607 kl= 0.20 H=  4.86 r̄=-0.390 succ=33.9% >exp= 0.0% el=2h42m eta=5h26m
  ep  1984/5000 batch 5740 loss=   0.296 pol=  0.833 vL= 0.770 kl= 0.24 H=  4.04 r̄=-0.510 succ=34.0% >exp= 0.0% el=2h43m eta=4h07m
  ep  2304/5000 batch 5760 loss=   0.120 pol= -0.792 vL= 0.411 kl= 0.12 H=  5.74 r̄=-0.474 succ=34.0% >exp= 0.0% el=2h43m eta=3h11m
  ep  2624/5000 batch 5780 loss=   0.068 pol= -1.239 vL= 0.461 kl= 0.13 H=  5.45 r̄=-0.148 succ=34.0% >exp= 0.0% el=2h43m eta=2h28m
  ep  2944/5000 batch 5800 loss=   0.084 pol= -1.092 vL= 0.649 kl= 0.20 H=  6.20 r̄=-0.499 succ=33.9% >exp= 0.0% el=2h44m eta=1h54m
  ep  3264/5000 batch 5820 loss=  -0.075 pol=  1.266 vL= 0.437 kl= 0.09 H=  4.54 r̄=-0.645 succ=33.9% >exp= 0.0% el=2h44m eta=1h27m
  ep  3584/5000 batch 5840 loss=   0.039 pol= -0.506 vL= 0.750 kl= 0.14 H=  5.08 r̄=-0.371 succ=34.0% >exp= 0.0% el=2h45m eta=1h05m
  ep  3904/5000 batch 5860 loss=   0.063 pol= -0.149 vL= 0.781 kl= 0.09 H=  4.33 r̄=-0.005 succ=34.0% >exp= 0.0% el=2h45m eta=46m29s
  ep  4224/5000 batch 5880 loss=   0.272 pol= -0.739 vL= 0.538 kl= 0.12 H=  4.17 r̄=-0.370 succ=34.0% >exp= 0.0% el=2h46m eta=30m30s
  ep  4544/5000 batch 5900 loss=   0.037 pol=  0.034 vL= 0.475 kl= 0.25 H=  4.54 r̄= 0.043 succ=34.0% >exp= 0.0% el=2h46m eta=16m43s
  ep  4864/5000 batch 5920 loss=   0.298 pol= -0.089 vL= 0.489 kl= 0.24 H=  4.46 r̄=-0.389 succ=34.0% >exp= 0.0% el=2h47m eta= 4m40s
  >>> Epoch 19/20 DONE: succ=34.1% (1706/5000) mean_loss= 0.0965 mean_reward=-0.315 mean_KL=0.221 mean_H=5.16 epoch_time= 6m57s

=== Epoch 20/20 — resetting substrate ===
  ep   192/5000 batch 5940 loss=   0.120 pol= -0.517 vL= 0.560 kl= 0.32 H=  5.50 r̄=-0.342 succ=34.0% >exp= 0.0% el=2h47m eta=69h53m
  ep   512/5000 batch 5960 loss=  -0.100 pol=  0.364 vL= 0.366 kl= 0.16 H=  5.92 r̄=-0.505 succ=34.0% >exp= 0.0% el=2h47m eta=24h31m
  ep   832/5000 batch 5980 loss=   0.055 pol=  0.490 vL= 0.440 kl= 0.19 H=  4.97 r̄= 0.197 succ=34.0% >exp= 0.0% el=2h48m eta=14h03m
  ep  1152/5000 batch 6000 loss=   0.050 pol= -0.306 vL= 0.495 kl= 0.17 H=  3.70 r̄=-0.367 succ=34.0% >exp= 0.0% el=2h48m eta=9h23m
  ep  1472/5000 batch 6020 loss=   0.203 pol= -0.342 vL= 0.391 kl= 0.23 H=  5.91 r̄=-0.384 succ=34.0% >exp= 0.0% el=2h49m eta=6h45m
  ep  1792/5000 batch 6040 loss=  -0.214 pol= -0.158 vL= 0.387 kl= 0.31 H=  6.87 r̄=-0.739 succ=34.0% >exp= 0.0% el=2h49m eta=5h03m
  ep  2112/5000 batch 6060 loss=  -0.054 pol= -0.239 vL= 0.571 kl= 0.14 H=  4.35 r̄=-0.470 succ=34.0% >exp= 0.0% el=2h49m eta=3h52m
  ep  2432/5000 batch 6080 loss=  -0.034 pol= -1.514 vL= 0.397 kl= 0.16 H=  7.33 r̄=-0.500 succ=34.0% >exp= 0.0% el=2h50m eta=2h59m
  ep  2752/5000 batch 6100 loss=   0.479 pol=  0.154 vL= 0.611 kl= 0.16 H=  5.26 r̄=-0.511 succ=33.9% >exp= 0.0% el=2h50m eta=2h19m
  ep  3072/5000 batch 6120 loss=   0.043 pol= -1.852 vL= 0.177 kl= 0.30 H=  6.69 r̄=-0.187 succ=33.9% >exp= 0.0% el=2h51m eta=1h47m
  ep  3392/5000 batch 6140 loss=   0.201 pol=  0.209 vL= 0.805 kl= 0.21 H=  6.11 r̄=-0.228 succ=34.0% >exp= 0.0% el=2h51m eta=1h21m
  ep  3712/5000 batch 6160 loss=  -0.062 pol=  0.218 vL= 0.511 kl= 0.36 H=  5.98 r̄=-0.355 succ=34.0% >exp= 0.0% el=2h52m eta=59m43s
  ep  4032/5000 batch 6180 loss=  -0.064 pol= -0.040 vL= 0.440 kl= 0.19 H=  5.58 r̄=-0.507 succ=34.0% >exp= 0.0% el=2h52m eta=41m25s
  ep  4352/5000 batch 6200 loss=  -0.205 pol= -0.957 vL= 0.734 kl= 0.17 H=  4.55 r̄=-0.115 succ=34.0% >exp= 0.0% el=2h52m eta=25m45s
  ep  4672/5000 batch 6220 loss=   0.045 pol= -0.199 vL= 0.619 kl= 0.21 H=  5.86 r̄=-0.261 succ=34.0% >exp= 0.0% el=2h53m eta=12m10s
  ep  4992/5000 batch 6240 loss=   0.220 pol= -0.865 vL= 0.909 kl= 0.22 H=  3.88 r̄= 0.165 succ=34.0% >exp= 0.0% el=2h53m eta=  17s
  >>> Epoch 20/20 DONE: succ=34.7% (1735/5000) mean_loss= 0.0255 mean_reward=-0.304 mean_KL=0.256 mean_H=5.32 epoch_time= 6m35s
------------------------------------------------------------------------
  total time:               2h53m
  success rate:             34030/100000 = 34.0%
  final success_cost_ema:   221.63248943200813
  final loss avg:           0.2200
  checkpoint saved to checkpoints/il_mp_vne_v19_50nodes_10ep_cont3.pt
  epoch summary log: logs/ppo_v19_50nodes_10ep_cont3_epoch_summary.csv
