Loading substrate from datasets/scenario_50nodes_train/substrate.json
Loading VNRs from datasets/scenario_50nodes_train/virtual_requests.json
  Using 5000 VNRs
  Trainable policy (il_mp_vne_v19) loaded from checkpoints/il_mp_vne_v19_50nodes_10ep_cont5.pt
  rollout=direct → train: cand_head + encoder + value (ordering frozen) (19394 frozen, 36293 trainable)
  Frozen reference policy loaded (KL enabled, β_KL=0.1)
PPO fine-tune: 5000 VNRs, batch=16, lr=0.0003
  baseline=critic V(s), normalize_adv=True, β_H=0.01, value_coef=0.5, reward=cost_rel α=1.0 λ=0.3, fail_r=-1.0
  checkpoint: checkpoints/il_mp_vne_v19_50nodes_10ep_cont6.pt
------------------------------------------------------------------------
  ep   320/5000 batch   20 loss=  -0.334 pol=  0.369 vL= 0.761 kl= 0.03 H=  3.39 adv=-0.000 r̄=-0.492 succ=35.6% >exp= 0.0% el=  36s eta= 8m43s
  ep   640/5000 batch   40 loss=   0.454 pol=  0.564 vL= 0.468 kl= 0.03 H=  5.12 adv=+0.000 r̄=-0.364 succ=34.7% >exp= 0.0% el= 1m10s eta= 7m59s
  ep   960/5000 batch   60 loss=  -0.226 pol=  0.079 vL= 0.607 kl= 0.03 H=  7.25 adv=+0.000 r̄=-0.315 succ=34.0% >exp= 0.0% el= 1m45s eta= 7m25s
  ep  1280/5000 batch   80 loss=  -0.063 pol=  1.835 vL= 0.573 kl= 0.30 H=  5.12 adv=-0.000 r̄=-0.511 succ=34.8% >exp= 0.0% el= 2m23s eta= 6m57s
  ep  1600/5000 batch  100 loss=   0.539 pol= -1.018 vL= 0.496 kl= 0.12 H=  3.52 adv=+0.000 r̄=-0.370 succ=35.3% >exp= 0.0% el= 3m00s eta= 6m23s
  ep  1920/5000 batch  120 loss=  -0.132 pol=  0.275 vL= 0.617 kl= 0.13 H=  4.27 adv=+0.000 r̄=-0.340 succ=35.5% >exp= 0.0% el= 3m34s eta= 5m43s
  ep  2240/5000 batch  140 loss=  -0.401 pol= -0.513 vL= 0.334 kl= 0.12 H=  5.74 adv=-0.000 r̄=-0.022 succ=35.7% >exp= 0.0% el= 4m07s eta= 5m04s
  ep  2560/5000 batch  160 loss=  -0.335 pol=  0.855 vL= 0.879 kl= 0.10 H=  3.36 adv=+0.000 r̄=-0.646 succ=35.7% >exp= 0.0% el= 4m42s eta= 4m29s
  ep  2880/5000 batch  180 loss=   0.213 pol=  2.191 vL= 0.623 kl= 0.26 H=  7.51 adv=+0.000 r̄=-0.395 succ=35.2% >exp= 0.0% el= 5m17s eta= 3m53s
  ep  3200/5000 batch  200 loss=  -0.009 pol=  0.081 vL= 0.582 kl= 0.17 H=  4.75 adv=+0.000 r̄=-0.342 succ=35.2% >exp= 0.0% el= 5m53s eta= 3m18s
  ep  3520/5000 batch  220 loss=  -0.546 pol= -0.822 vL= 0.514 kl= 0.10 H=  4.41 adv=+0.000 r̄=-0.358 succ=35.5% >exp= 0.0% el= 6m29s eta= 2m43s
  ep  3840/5000 batch  240 loss=   0.325 pol=  0.433 vL= 0.445 kl= 0.15 H=  5.85 adv=-0.000 r̄=-0.510 succ=35.5% >exp= 0.0% el= 7m05s eta= 2m08s
  ep  4160/5000 batch  260 loss=   0.543 pol= -2.245 vL= 0.710 kl= 0.07 H=  5.44 adv=+0.000 r̄=-0.095 succ=35.1% >exp= 0.0% el= 7m39s eta= 1m32s
  ep  4480/5000 batch  280 loss=  -0.604 pol= -0.856 vL= 0.574 kl= 0.10 H=  2.71 adv=+0.000 r̄= 0.028 succ=35.1% >exp= 0.0% el= 8m14s eta=  57s
  ep  4800/5000 batch  300 loss=   0.008 pol= -0.264 vL= 0.664 kl= 0.10 H=  3.84 adv=+0.000 r̄=-0.113 succ=35.3% >exp= 0.0% el= 8m49s eta=  22s
  >>> Epoch 1/20 DONE: succ=35.5% (1774/5000) mean_loss=-0.0292 mean_reward=-0.288 mean_KL=0.171 mean_H=5.47 epoch_time= 9m09s

=== Epoch 2/20 — resetting substrate ===
  ep   128/5000 batch  320 loss=   0.154 pol= -0.050 vL= 0.328 kl= 0.18 H=  6.97 adv=+0.000 r̄=-0.478 succ=35.6% >exp= 0.0% el= 9m23s eta=5h57m
  ep   448/5000 batch  340 loss=   0.115 pol=  0.025 vL= 0.656 kl= 0.10 H=  4.82 adv=+0.000 r̄=-0.243 succ=35.5% >exp= 0.0% el= 9m57s eta=1h41m
  ep   768/5000 batch  360 loss=   0.086 pol=  0.474 vL= 0.457 kl= 0.12 H=  4.26 adv=-0.000 r̄=-0.629 succ=35.4% >exp= 0.0% el=10m30s eta=57m54s
  ep  1088/5000 batch  380 loss=  -0.267 pol= -0.153 vL= 0.430 kl= 0.35 H=  4.74 adv=-0.000 r̄=-0.246 succ=35.3% >exp= 0.0% el=11m04s eta=39m48s
  ep  1408/5000 batch  400 loss=  -0.022 pol=  0.893 vL= 0.764 kl= 0.11 H=  5.91 adv=-0.000 r̄=-0.517 succ=35.2% >exp= 0.0% el=11m39s eta=29m43s
  ep  1728/5000 batch  420 loss=   0.545 pol=  0.920 vL= 0.683 kl= 0.26 H=  5.53 adv=+0.000 r̄= 0.002 succ=35.1% >exp= 0.0% el=12m13s eta=23m09s
  ep  2048/5000 batch  440 loss=   0.010 pol= -0.120 vL= 0.447 kl= 0.13 H=  4.28 adv=+0.000 r̄=-0.502 succ=35.2% >exp= 0.0% el=12m47s eta=18m26s
  ep  2368/5000 batch  460 loss=   0.367 pol=  1.530 vL= 0.720 kl= 0.23 H=  4.05 adv=-0.000 r̄=-0.516 succ=35.1% >exp= 0.0% el=13m19s eta=14m48s
  ep  2688/5000 batch  480 loss=   0.219 pol= -2.330 vL= 0.585 kl= 0.59 H=  4.82 adv=-0.000 r̄= 0.012 succ=35.1% >exp= 0.0% el=13m54s eta=11m58s
  ep  3008/5000 batch  500 loss=  -0.394 pol= -0.104 vL= 0.739 kl= 0.12 H=  4.62 adv=+0.000 r̄=-0.031 succ=34.9% >exp= 0.0% el=14m28s eta= 9m35s
  ep  3328/5000 batch  520 loss=   0.055 pol=  0.466 vL= 0.574 kl= 0.14 H=  3.40 adv=+0.000 r̄=-0.097 succ=34.9% >exp= 0.0% el=15m04s eta= 7m34s
  ep  3648/5000 batch  540 loss=   0.117 pol=  0.245 vL= 0.528 kl= 0.29 H=  3.23 adv=+0.000 r̄=-0.152 succ=35.1% >exp= 0.0% el=15m39s eta= 5m48s
  ep  3968/5000 batch  560 loss=  -0.078 pol= -0.852 vL= 0.338 kl= 0.26 H=  4.31 adv=+0.000 r̄=-0.492 succ=35.1% >exp= 0.0% el=16m14s eta= 4m13s
  ep  4288/5000 batch  580 loss=   0.216 pol= -1.013 vL= 0.582 kl= 0.13 H=  4.35 adv=-0.000 r̄=-0.089 succ=35.1% >exp= 0.0% el=16m49s eta= 2m47s
  ep  4608/5000 batch  600 loss=   0.021 pol=  0.217 vL= 0.833 kl= 0.30 H=  3.75 adv=+0.000 r̄= 0.387 succ=35.3% >exp= 0.0% el=17m24s eta= 1m28s
  ep  4928/5000 batch  620 loss=   0.037 pol=  0.271 vL= 0.462 kl= 0.22 H=  3.84 adv=+0.000 r̄=-0.497 succ=35.4% >exp= 0.0% el=17m57s eta=  16s
  >>> Epoch 2/20 DONE: succ=35.5% (1775/5000) mean_loss= 0.0834 mean_reward=-0.288 mean_KL=0.279 mean_H=4.92 epoch_time= 8m55s

=== Epoch 3/20 — resetting substrate ===
  ep   256/5000 batch  640 loss=   0.158 pol= -2.220 vL= 0.206 kl= 0.32 H=  6.98 adv=+0.000 r̄=-0.190 succ=35.5% >exp= 0.0% el=18m32s eta=5h43m
  ep   576/5000 batch  660 loss=  -0.025 pol=  0.288 vL= 0.440 kl= 0.46 H=  6.94 adv=-0.000 r̄=-0.121 succ=35.5% >exp= 0.0% el=19m07s eta=2h26m
  ep   896/5000 batch  680 loss=   0.139 pol= -1.274 vL= 0.084 kl= 0.25 H=  5.12 adv=+0.000 r̄=-0.459 succ=35.4% >exp= 0.0% el=19m44s eta=1h30m
  ep  1216/5000 batch  700 loss=   0.035 pol= -2.106 vL= 0.533 kl= 0.30 H=  5.38 adv=+0.000 r̄=-0.372 succ=35.4% >exp= 0.0% el=20m21s eta=1h03m
  ep  1536/5000 batch  720 loss=   0.421 pol= -1.602 vL= 0.457 kl= 0.31 H=  5.17 adv=+0.000 r̄= 0.033 succ=35.4% >exp= 0.0% el=20m57s eta=47m15s
  ep  1856/5000 batch  740 loss=   0.293 pol= -0.229 vL= 0.546 kl= 0.18 H=  4.82 adv=-0.000 r̄=-0.506 succ=35.3% >exp= 0.0% el=21m33s eta=36m30s
  ep  2176/5000 batch  760 loss=  -0.053 pol= -2.405 vL= 0.544 kl= 0.23 H=  4.80 adv=+0.000 r̄= 0.151 succ=35.3% >exp= 0.0% el=22m07s eta=28m42s
  ep  2496/5000 batch  780 loss=   0.528 pol= -0.557 vL= 0.133 kl= 0.19 H=  5.62 adv=+0.000 r̄= 0.456 succ=35.3% >exp= 0.0% el=22m47s eta=22m51s
  ep  2816/5000 batch  800 loss=  -0.429 pol= -1.822 vL= 0.483 kl= 0.17 H=  5.87 adv=-0.000 r̄=-0.520 succ=35.3% >exp= 0.0% el=23m25s eta=18m09s
  ep  3136/5000 batch  820 loss=  -0.211 pol= -0.213 vL= 0.305 kl= 0.08 H=  5.32 adv=-0.000 r̄=-0.477 succ=35.3% >exp= 0.0% el=24m02s eta=14m17s
  ep  3456/5000 batch  840 loss=   0.501 pol=  0.420 vL= 0.344 kl= 0.41 H=  5.37 adv=-0.000 r̄=-0.214 succ=35.3% >exp= 0.0% el=24m39s eta=11m01s
  ep  3776/5000 batch  860 loss=   0.611 pol= -0.521 vL= 0.336 kl= 0.31 H=  6.29 adv=+0.000 r̄=-0.543 succ=35.3% >exp= 0.0% el=25m15s eta= 8m11s
  ep  4096/5000 batch  880 loss=   0.375 pol= -0.657 vL= 0.883 kl= 0.14 H=  5.15 adv=+0.000 r̄=-0.005 succ=35.2% >exp= 0.0% el=25m54s eta= 5m43s
  ep  4416/5000 batch  900 loss=  -0.275 pol= -0.222 vL= 0.648 kl= 0.13 H=  4.25 adv=-0.000 r̄=-0.157 succ=35.2% >exp= 0.0% el=26m34s eta= 3m30s
  ep  4736/5000 batch  920 loss=   0.021 pol= -1.289 vL= 0.457 kl= 0.21 H=  2.96 adv=-0.000 r̄=-0.114 succ=35.2% >exp= 0.0% el=27m12s eta= 1m31s
  >>> Epoch 3/20 DONE: succ=35.0% (1748/5000) mean_loss= 0.1136 mean_reward=-0.299 mean_KL=0.232 mean_H=5.00 epoch_time= 9m38s

=== Epoch 4/20 — resetting substrate ===
  ep    64/5000 batch  940 loss=  -0.104 pol= -0.673 vL= 0.454 kl= 0.13 H=  6.28 adv=+0.000 r̄=-0.085 succ=35.4% >exp= 0.0% el=27m52s eta=35h49m
  ep   384/5000 batch  960 loss=   0.351 pol= -0.844 vL= 0.735 kl= 0.31 H=  4.81 adv=+0.000 r̄=-0.114 succ=35.3% >exp= 0.0% el=28m28s eta=5h42m
  ep   704/5000 batch  980 loss=   0.141 pol= -0.993 vL= 0.320 kl= 0.07 H=  5.36 adv=-0.000 r̄=-0.464 succ=35.2% >exp= 0.0% el=29m03s eta=2h57m
  ep  1024/5000 batch 1000 loss=  -0.091 pol= -1.772 vL= 0.554 kl= 0.16 H=  5.88 adv=+0.000 r̄= 0.024 succ=35.2% >exp= 0.0% el=29m38s eta=1h55m
  ep  1344/5000 batch 1020 loss=  -0.057 pol= -0.100 vL= 0.871 kl= 0.16 H=  3.64 adv=-0.000 r̄=-0.368 succ=35.3% >exp= 0.0% el=30m14s eta=1h22m
  ep  1664/5000 batch 1040 loss=   0.266 pol=  0.576 vL= 0.282 kl= 0.19 H=  3.03 adv=+0.000 r̄=-0.502 succ=35.2% >exp= 0.0% el=30m49s eta=1h01m
  ep  1984/5000 batch 1060 loss=   0.047 pol=  0.642 vL= 0.594 kl= 0.35 H=  4.31 adv=+0.000 r̄=-0.238 succ=35.2% >exp= 0.0% el=31m22s eta=47m42s
  ep  2304/5000 batch 1080 loss=   0.542 pol=  0.503 vL= 0.681 kl= 0.07 H=  4.47 adv=-0.000 r̄=-0.516 succ=35.1% >exp= 0.0% el=31m57s eta=37m23s
  ep  2624/5000 batch 1100 loss=  -0.239 pol= -1.941 vL= 0.427 kl= 0.13 H=  5.39 adv=+0.000 r̄=-0.162 succ=35.1% >exp= 0.0% el=32m34s eta=29m29s
  ep  2944/5000 batch 1120 loss=   0.126 pol= -0.525 vL= 0.179 kl= 0.34 H=  4.38 adv=-0.000 r̄=-0.628 succ=35.0% >exp= 0.0% el=33m08s eta=23m08s
  ep  3264/5000 batch 1140 loss=  -0.060 pol= -0.282 vL= 0.539 kl= 0.49 H=  3.72 adv=-0.000 r̄=-0.412 succ=35.0% >exp= 0.0% el=33m44s eta=17m56s
  ep  3584/5000 batch 1160 loss=  -0.612 pol= -0.669 vL= 0.313 kl= 0.14 H=  4.05 adv=+0.000 r̄=-0.258 succ=35.1% >exp= 0.0% el=34m19s eta=13m33s
  ep  3904/5000 batch 1180 loss=   0.129 pol= -0.691 vL= 1.049 kl= 0.21 H=  3.89 adv=+0.000 r̄= 0.120 succ=35.1% >exp= 0.0% el=34m54s eta= 9m47s
  ep  4224/5000 batch 1200 loss=   0.351 pol=  1.711 vL= 0.455 kl= 0.16 H=  7.16 adv=+0.000 r̄=-0.755 succ=35.0% >exp= 0.0% el=35m27s eta= 6m30s
  ep  4544/5000 batch 1220 loss=  -0.139 pol= -1.543 vL= 0.321 kl= 0.25 H=  4.96 adv=-0.000 r̄= 0.142 succ=35.1% >exp= 0.0% el=36m02s eta= 3m36s
  ep  4864/5000 batch 1240 loss=  -0.478 pol= -0.290 vL= 0.278 kl= 0.13 H=  5.22 adv=+0.000 r̄=-0.603 succ=35.1% >exp= 0.0% el=36m34s eta= 1m01s
  >>> Epoch 4/20 DONE: succ=34.7% (1735/5000) mean_loss= 0.0217 mean_reward=-0.304 mean_KL=0.230 mean_H=4.96 epoch_time= 9m04s

=== Epoch 5/20 — resetting substrate ===
  ep   192/5000 batch 1260 loss=   0.387 pol=  0.145 vL= 0.384 kl= 0.18 H=  4.96 adv=+0.000 r̄=-0.467 succ=35.2% >exp= 0.0% el=37m08s eta=15h30m
  ep   512/5000 batch 1280 loss=   0.190 pol=  0.945 vL= 0.257 kl= 0.15 H=  5.79 adv=-0.000 r̄=-0.500 succ=35.2% >exp= 0.0% el=37m43s eta=5h30m
  ep   832/5000 batch 1300 loss=   0.391 pol= -0.218 vL= 0.363 kl= 0.64 H=  4.92 adv=-0.000 r̄= 0.234 succ=35.2% >exp= 0.0% el=38m18s eta=3h11m
  ep  1152/5000 batch 1320 loss=  -0.170 pol= -0.314 vL= 0.359 kl= 0.25 H=  4.28 adv=-0.000 r̄= 0.048 succ=35.2% >exp= 0.0% el=38m52s eta=2h09m
  ep  1472/5000 batch 1340 loss=   0.194 pol=  0.325 vL= 0.679 kl= 0.24 H=  5.09 adv=-0.000 r̄=-0.126 succ=35.2% >exp= 0.0% el=39m26s eta=1h34m
  ep  1792/5000 batch 1360 loss=   0.108 pol=  0.580 vL= 0.267 kl= 0.17 H=  5.79 adv=-0.000 r̄=-0.616 succ=35.2% >exp= 0.0% el=39m59s eta=1h11m
  ep  2112/5000 batch 1380 loss=   0.341 pol= -1.697 vL= 0.314 kl= 0.35 H=  6.98 adv=+0.000 r̄=-0.253 succ=35.1% >exp= 0.0% el=40m30s eta=55m24s
  ep  2432/5000 batch 1400 loss=  -0.508 pol=  0.281 vL= 0.273 kl= 0.26 H=  7.96 adv=+0.000 r̄=-0.793 succ=35.1% >exp= 0.0% el=41m04s eta=43m21s
  ep  2752/5000 batch 1420 loss=   0.285 pol= -1.276 vL= 0.579 kl= 0.26 H=  5.89 adv=+0.000 r̄=-0.395 succ=35.1% >exp= 0.0% el=41m37s eta=34m00s
  ep  3072/5000 batch 1440 loss=   0.184 pol= -0.903 vL= 0.361 kl= 0.31 H=  7.44 adv=-0.000 r̄=-0.239 succ=35.1% >exp= 0.0% el=42m13s eta=26m30s
  ep  3392/5000 batch 1460 loss=   0.385 pol= -0.546 vL= 0.326 kl= 0.12 H=  5.63 adv=+0.000 r̄=-0.233 succ=35.0% >exp= 0.0% el=42m48s eta=20m17s
  ep  3712/5000 batch 1480 loss=  -0.111 pol= -0.131 vL= 0.350 kl= 0.23 H=  5.06 adv=-0.000 r̄=-0.153 succ=35.1% >exp= 0.0% el=43m23s eta=15m03s
  ep  4032/5000 batch 1500 loss=   0.040 pol=  1.241 vL= 0.305 kl= 0.13 H=  4.93 adv=+0.000 r̄=-0.898 succ=35.1% >exp= 0.0% el=43m59s eta=10m33s
  ep  4352/5000 batch 1520 loss=  -0.282 pol= -1.833 vL= 0.977 kl= 0.11 H=  3.96 adv=-0.000 r̄= 0.010 succ=35.1% >exp= 0.0% el=44m35s eta= 6m38s
  ep  4672/5000 batch 1540 loss=   0.237 pol=  1.303 vL= 0.514 kl= 0.65 H=  7.50 adv=+0.000 r̄=-0.529 succ=35.1% >exp= 0.0% el=45m09s eta= 3m10s
  ep  4992/5000 batch 1560 loss=   0.331 pol= -0.659 vL= 0.439 kl= 0.63 H=  5.09 adv=+0.000 r̄= 0.003 succ=35.1% >exp= 0.0% el=45m42s eta=   4s
  >>> Epoch 5/20 DONE: succ=35.1% (1757/5000) mean_loss= 0.1232 mean_reward=-0.295 mean_KL=0.265 mean_H=5.50 epoch_time= 8m54s

=== Epoch 6/20 — resetting substrate ===
  ep   320/5000 batch 1580 loss=   0.104 pol=  0.277 vL= 0.779 kl= 0.76 H=  4.93 adv=-0.000 r̄=-0.364 succ=35.2% >exp= 0.0% el=46m16s eta=11h16m
  ep   640/5000 batch 1600 loss=  -0.074 pol=  0.082 vL= 0.507 kl= 0.47 H=  6.71 adv=+0.000 r̄=-0.368 succ=35.2% >exp= 0.0% el=46m50s eta=5h19m
  ep   960/5000 batch 1620 loss=   0.535 pol=  0.932 vL= 0.377 kl= 0.08 H=  4.92 adv=+0.000 r̄=-0.283 succ=35.1% >exp= 0.0% el=47m25s eta=3h19m
  ep  1280/5000 batch 1640 loss=   0.046 pol=  1.301 vL= 0.525 kl= 0.17 H=  4.79 adv=+0.000 r̄=-0.620 succ=35.2% >exp= 0.0% el=48m01s eta=2h19m
  ep  1600/5000 batch 1660 loss=   0.051 pol=  0.337 vL= 0.623 kl= 0.13 H=  3.98 adv=-0.000 r̄=-0.363 succ=35.2% >exp= 0.0% el=48m37s eta=1h43m
  ep  1920/5000 batch 1680 loss=   0.067 pol= -0.509 vL= 0.734 kl= 0.14 H=  4.81 adv=+0.000 r̄=-0.471 succ=35.1% >exp= 0.0% el=49m13s eta=1h18m
  ep  2240/5000 batch 1700 loss=   0.233 pol=  0.124 vL= 0.529 kl= 0.18 H=  5.16 adv=-0.000 r̄=-0.376 succ=35.1% >exp= 0.0% el=49m49s eta=1h01m
  ep  2560/5000 batch 1720 loss=   0.179 pol=  1.241 vL= 0.637 kl= 0.36 H=  5.17 adv=-0.000 r̄=-0.407 succ=35.1% >exp= 0.0% el=50m29s eta=48m07s
  ep  2880/5000 batch 1740 loss=  -0.341 pol=  1.806 vL= 0.625 kl= 0.20 H=  5.12 adv=-0.000 r̄=-0.746 succ=35.1% >exp= 0.0% el=51m12s eta=37m41s
  ep  3200/5000 batch 1760 loss=  -0.487 pol= -1.797 vL= 0.373 kl= 0.23 H=  5.73 adv=+0.000 r̄=-0.089 succ=35.1% >exp= 0.0% el=51m56s eta=29m12s
  ep  3520/5000 batch 1780 loss=   0.578 pol=  0.645 vL= 0.350 kl= 0.37 H=  4.82 adv=+0.000 r̄=-0.127 succ=35.1% >exp= 0.0% el=52m37s eta=22m07s
  ep  3840/5000 batch 1800 loss=   0.092 pol=  0.409 vL= 0.691 kl= 0.14 H=  5.51 adv=+0.000 r̄=-0.491 succ=35.1% >exp= 0.0% el=53m19s eta=16m06s
  ep  4160/5000 batch 1820 loss=   0.329 pol= -1.063 vL= 0.499 kl= 0.26 H=  5.80 adv=-0.000 r̄=-0.118 succ=35.1% >exp= 0.0% el=53m58s eta=10m53s
  ep  4480/5000 batch 1840 loss=  -0.162 pol= -1.216 vL= 0.422 kl= 0.26 H=  2.79 adv=+0.000 r̄= 0.240 succ=35.2% >exp= 0.0% el=54m42s eta= 6m21s
  ep  4800/5000 batch 1860 loss=  -0.008 pol= -0.498 vL= 0.608 kl= 0.14 H=  3.88 adv=-0.000 r̄=-0.246 succ=35.2% >exp= 0.0% el=55m20s eta= 2m18s
  >>> Epoch 6/20 DONE: succ=35.7% (1785/5000) mean_loss= 0.0811 mean_reward=-0.285 mean_KL=0.261 mean_H=5.54 epoch_time=10m00s

=== Epoch 7/20 — resetting substrate ===
  ep   128/5000 batch 1880 loss=   0.235 pol=  0.135 vL= 0.210 kl= 0.20 H=  6.25 adv=+0.000 r̄=-0.495 succ=35.3% >exp= 0.0% el=55m59s eta=35h30m
  ep   448/5000 batch 1900 loss=   0.513 pol=  0.816 vL= 0.604 kl= 0.51 H=  5.50 adv=+0.000 r̄=-0.244 succ=35.3% >exp= 0.0% el=56m35s eta=9h34m
  ep   768/5000 batch 1920 loss=  -0.200 pol=  0.004 vL= 0.547 kl= 0.19 H=  4.85 adv=+0.000 r̄=-0.599 succ=35.2% >exp= 0.0% el=57m08s eta=5h14m
  ep  1088/5000 batch 1940 loss=  -0.385 pol=  1.090 vL= 0.274 kl= 0.09 H=  4.95 adv=+0.000 r̄=-0.774 succ=35.2% >exp= 0.0% el=57m44s eta=3h27m
  ep  1408/5000 batch 1960 loss=   0.592 pol=  0.927 vL= 0.393 kl= 0.07 H=  6.32 adv=-0.000 r̄=-0.532 succ=35.2% >exp= 0.0% el=58m19s eta=2h28m
  ep  1728/5000 batch 1980 loss=  -0.101 pol= -1.535 vL= 0.259 kl= 0.38 H=  6.27 adv=-0.000 r̄= 0.039 succ=35.1% >exp= 0.0% el=58m53s eta=1h51m
  ep  2048/5000 batch 2000 loss=   0.456 pol=  0.644 vL= 0.664 kl= 1.15 H=  5.83 adv=+0.000 r̄=-0.635 succ=35.1% >exp= 0.0% el=59m27s eta=1h25m
  ep  2368/5000 batch 2020 loss=  -0.207 pol= -0.008 vL= 0.343 kl= 0.14 H=  4.54 adv=-0.000 r̄=-0.370 succ=35.1% >exp= 0.0% el=1h00m eta=1h06m
  ep  2688/5000 batch 2040 loss=   0.215 pol= -2.302 vL= 0.544 kl= 0.33 H=  5.57 adv=+0.000 r̄= 0.014 succ=35.1% >exp= 0.0% el=1h00m eta=52m07s
  ep  3008/5000 batch 2060 loss=  -0.285 pol= -0.867 vL= 0.419 kl= 0.12 H=  5.35 adv=+0.000 r̄= 0.354 succ=35.0% >exp= 0.0% el=1h01m eta=40m32s
  ep  3328/5000 batch 2080 loss=   0.174 pol= -0.191 vL= 0.419 kl= 0.17 H=  4.04 adv=-0.000 r̄=-0.248 succ=35.1% >exp= 0.0% el=1h01m eta=31m03s
  ep  3648/5000 batch 2100 loss=  -0.287 pol= -0.862 vL= 0.462 kl= 0.17 H=  3.37 adv=+0.000 r̄=-0.030 succ=35.1% >exp= 0.0% el=1h02m eta=23m08s
  ep  3968/5000 batch 2120 loss=   0.168 pol=  0.005 vL= 0.292 kl= 0.13 H=  5.44 adv=+0.000 r̄=-0.623 succ=35.1% >exp= 0.0% el=1h03m eta=16m23s
  ep  4288/5000 batch 2140 loss=  -0.314 pol= -1.265 vL= 0.648 kl= 0.09 H=  5.77 adv=+0.000 r̄=-0.216 succ=35.1% >exp= 0.0% el=1h03m eta=10m33s
  ep  4608/5000 batch 2160 loss=  -0.303 pol= -0.485 vL= 0.579 kl= 0.19 H=  4.11 adv=-0.000 r̄= 0.394 succ=35.1% >exp= 0.0% el=1h04m eta= 5m27s
  ep  4928/5000 batch 2180 loss=   0.477 pol= -0.861 vL= 0.393 kl= 0.21 H=  4.99 adv=+0.000 r̄=-0.218 succ=35.1% >exp= 0.0% el=1h04m eta=  57s
  >>> Epoch 7/20 DONE: succ=34.3% (1713/5000) mean_loss= 0.0430 mean_reward=-0.314 mean_KL=0.262 mean_H=5.55 epoch_time= 9m13s

=== Epoch 8/20 — resetting substrate ===
  ep   256/5000 batch 2200 loss=  -0.250 pol= -0.016 vL= 0.231 kl= 0.20 H=  7.56 adv=+0.000 r̄=-0.085 succ=35.1% >exp= 0.0% el=1h05m eta=20h12m
  ep   576/5000 batch 2220 loss=   0.550 pol= -0.964 vL= 0.493 kl= 0.25 H=  6.92 adv=+0.000 r̄= 0.009 succ=35.1% >exp= 0.0% el=1h06m eta=8h27m
  ep   896/5000 batch 2240 loss=  -0.843 pol= -0.865 vL= 0.228 kl= 0.17 H=  6.24 adv=+0.000 r̄=-0.205 succ=35.1% >exp= 0.0% el=1h06m eta=5h05m
  ep  1216/5000 batch 2260 loss=   0.258 pol= -0.594 vL= 0.245 kl= 0.21 H=  7.80 adv=+0.000 r̄=-0.366 succ=35.1% >exp= 0.0% el=1h07m eta=3h29m
  ep  1536/5000 batch 2280 loss=   0.274 pol= -1.112 vL= 0.271 kl= 0.22 H=  5.93 adv=+0.000 r̄= 0.067 succ=35.1% >exp= 0.0% el=1h07m eta=2h32m
  ep  1856/5000 batch 2300 loss=  -0.183 pol= -0.523 vL= 0.943 kl= 0.15 H=  6.30 adv=+0.000 r̄=-0.391 succ=35.1% >exp= 0.0% el=1h08m eta=1h55m
  ep  2176/5000 batch 2320 loss=  -0.116 pol= -1.258 vL= 0.408 kl= 0.19 H=  5.63 adv=+0.000 r̄= 0.292 succ=35.2% >exp= 0.0% el=1h08m eta=1h29m
  ep  2496/5000 batch 2340 loss=   0.165 pol= -0.117 vL= 0.276 kl= 0.27 H=  6.99 adv=+0.000 r̄= 0.070 succ=35.2% >exp= 0.0% el=1h09m eta=1h09m
  ep  2816/5000 batch 2360 loss=   0.366 pol=  0.822 vL= 0.198 kl= 0.28 H=  6.64 adv=-0.000 r̄=-0.865 succ=35.1% >exp= 0.0% el=1h10m eta=54m26s
  ep  3136/5000 batch 2380 loss=  -0.186 pol=  1.302 vL= 0.729 kl= 0.30 H=  8.24 adv=-0.000 r̄=-0.505 succ=35.1% >exp= 0.0% el=1h10m eta=42m05s
  ep  3456/5000 batch 2400 loss=   0.091 pol= -1.058 vL= 0.521 kl= 0.28 H=  6.76 adv=-0.000 r̄=-0.106 succ=35.1% >exp= 0.0% el=1h11m eta=31m54s
  ep  3776/5000 batch 2420 loss=  -0.121 pol=  1.914 vL= 0.226 kl= 0.18 H=  4.84 adv=-0.000 r̄=-0.751 succ=35.1% >exp= 0.0% el=1h12m eta=23m20s
  ep  4096/5000 batch 2440 loss=   0.703 pol=  0.132 vL= 0.553 kl= 0.15 H=  5.67 adv=+0.000 r̄= 0.022 succ=35.1% >exp= 0.0% el=1h12m eta=16m01s
  ep  4416/5000 batch 2460 loss=   0.021 pol=  1.203 vL= 0.676 kl= 0.09 H=  5.82 adv=+0.000 r̄=-0.632 succ=35.1% >exp= 0.0% el=1h13m eta= 9m41s
  ep  4736/5000 batch 2480 loss=  -0.163 pol=  0.243 vL= 0.212 kl= 0.22 H=  4.24 adv=+0.000 r̄=-0.477 succ=35.1% >exp= 0.0% el=1h13m eta= 4m06s
  >>> Epoch 8/20 DONE: succ=35.6% (1778/5000) mean_loss= 0.0378 mean_reward=-0.286 mean_KL=0.246 mean_H=6.25 epoch_time= 9m22s

=== Epoch 9/20 — resetting substrate ===
  ep    64/5000 batch 2500 loss=   0.203 pol= -1.245 vL= 0.387 kl= 0.23 H=  8.63 adv=+0.000 r̄=-0.195 succ=35.2% >exp= 0.0% el=1h14m eta=95h42m
  ep   384/5000 batch 2520 loss=  -0.163 pol= -1.106 vL= 0.700 kl= 0.24 H=  5.11 adv=-0.000 r̄=-0.119 succ=35.2% >exp= 0.0% el=1h15m eta=15h02m
  ep   704/5000 batch 2540 loss=   0.014 pol=  0.336 vL= 0.858 kl= 0.23 H=  6.89 adv=+0.000 r̄=-0.473 succ=35.2% >exp= 0.0% el=1h15m eta=7h41m
  ep  1024/5000 batch 2560 loss=   0.029 pol= -1.774 vL= 0.898 kl= 0.26 H=  7.60 adv=-0.000 r̄=-0.208 succ=35.1% >exp= 0.0% el=1h16m eta=4h56m
  ep  1344/5000 batch 2580 loss=   0.253 pol=  0.218 vL= 0.414 kl= 0.42 H=  5.30 adv=+0.000 r̄=-0.480 succ=35.1% >exp= 0.0% el=1h16m eta=3h29m
  ep  1664/5000 batch 2600 loss=  -0.346 pol= -0.030 vL= 0.577 kl= 0.09 H=  4.29 adv=-0.000 r̄=-0.525 succ=35.1% >exp= 0.0% el=1h17m eta=2h35m
  ep  1984/5000 batch 2620 loss=   0.033 pol= -1.276 vL= 0.563 kl= 0.19 H=  4.97 adv=-0.000 r̄=-0.251 succ=35.1% >exp= 0.0% el=1h18m eta=1h58m
  ep  2304/5000 batch 2640 loss=  -0.014 pol= -1.472 vL= 0.516 kl= 0.06 H=  6.85 adv=+0.000 r̄=-0.232 succ=35.1% >exp= 0.0% el=1h18m eta=1h31m
  ep  2624/5000 batch 2660 loss=  -0.042 pol=  0.418 vL= 0.342 kl= 0.17 H=  5.51 adv=-0.000 r̄=-0.520 succ=35.1% >exp= 0.0% el=1h19m eta=1h11m
  ep  2944/5000 batch 2680 loss=   0.115 pol= -1.689 vL= 0.160 kl= 0.26 H=  5.70 adv=-0.000 r̄=-0.357 succ=35.1% >exp= 0.0% el=1h19m eta=55m42s
  ep  3264/5000 batch 2700 loss=   0.203 pol=  0.396 vL= 0.456 kl= 0.07 H=  5.37 adv=-0.000 r̄=-0.301 succ=35.1% >exp= 0.0% el=1h20m eta=42m44s
  ep  3584/5000 batch 2720 loss=   0.430 pol= -0.130 vL= 0.492 kl= 0.19 H=  4.81 adv=+0.000 r̄=-0.117 succ=35.1% >exp= 0.0% el=1h20m eta=31m59s
  ep  3904/5000 batch 2740 loss=   0.202 pol=  0.441 vL= 0.446 kl= 0.22 H=  4.40 adv=+0.000 r̄=-0.542 succ=35.1% >exp= 0.0% el=1h21m eta=22m54s
  ep  4224/5000 batch 2760 loss=   0.014 pol=  0.642 vL= 0.353 kl= 0.43 H=  6.27 adv=+0.000 r̄=-0.863 succ=35.0% >exp= 0.0% el=1h22m eta=15m05s
  ep  4544/5000 batch 2780 loss=   0.142 pol= -0.412 vL= 0.325 kl= 0.14 H=  4.29 adv=+0.000 r̄= 0.278 succ=35.0% >exp= 0.0% el=1h22m eta= 8m18s
  ep  4864/5000 batch 2800 loss=  -0.248 pol= -0.772 vL= 0.786 kl= 0.26 H=  4.54 adv=-0.000 r̄=-0.267 succ=35.0% >exp= 0.0% el=1h23m eta= 2m19s
  >>> Epoch 9/20 DONE: succ=34.4% (1719/5000) mean_loss= 0.0516 mean_reward=-0.310 mean_KL=0.248 mean_H=5.81 epoch_time= 9m19s

=== Epoch 10/20 — resetting substrate ===
  ep   192/5000 batch 2820 loss=   0.049 pol= -1.203 vL= 0.293 kl= 0.42 H=  3.54 adv=-0.000 r̄= 0.035 succ=35.1% >exp= 0.0% el=1h24m eta=35h03m
  ep   512/5000 batch 2840 loss=   0.051 pol= -1.232 vL= 0.398 kl= 0.26 H=  4.32 adv=+0.000 r̄=-0.491 succ=35.0% >exp= 0.0% el=1h24m eta=12h21m
  ep   832/5000 batch 2860 loss=   0.224 pol= -0.120 vL= 0.340 kl= 0.13 H=  3.35 adv=+0.000 r̄=-0.233 succ=35.0% >exp= 0.0% el=1h25m eta=7h06m
  ep  1152/5000 batch 2880 loss=   0.089 pol= -0.021 vL= 0.874 kl= 0.28 H=  3.23 adv=+0.000 r̄=-0.226 succ=35.0% >exp= 0.0% el=1h25m eta=4h46m
  ep  1472/5000 batch 2900 loss=   0.208 pol=  0.684 vL= 0.467 kl= 0.32 H=  3.93 adv=-0.000 r̄=-0.623 succ=35.0% >exp= 0.0% el=1h26m eta=3h27m
  ep  1792/5000 batch 2920 loss=   0.423 pol=  1.553 vL= 1.184 kl= 0.14 H=  4.65 adv=-0.000 r̄=-0.625 succ=35.0% >exp= 0.0% el=1h27m eta=2h35m
  ep  2112/5000 batch 2940 loss=   0.026 pol= -1.400 vL= 0.813 kl= 0.38 H=  4.89 adv=-0.000 r̄=-0.011 succ=35.0% >exp= 0.0% el=1h27m eta=1h59m
  ep  2432/5000 batch 2960 loss=   0.121 pol= -1.362 vL= 0.712 kl= 0.21 H=  6.58 adv=+0.000 r̄=-0.512 succ=35.0% >exp= 0.0% el=1h28m eta=1h33m
  ep  2752/5000 batch 2980 loss=   0.290 pol= -1.100 vL= 0.435 kl= 0.14 H=  4.39 adv=-0.000 r̄=-0.540 succ=35.0% >exp= 0.0% el=1h28m eta=1h12m
  ep  3072/5000 batch 3000 loss=   0.021 pol=  0.316 vL= 0.469 kl= 0.30 H=  5.36 adv=-0.000 r̄= 0.009 succ=35.0% >exp= 0.0% el=1h29m eta=56m06s
  ep  3392/5000 batch 3020 loss=   0.165 pol=  0.355 vL= 0.496 kl= 0.31 H=  5.40 adv=+0.000 r̄=-0.389 succ=35.0% >exp= 0.0% el=1h30m eta=42m40s
  ep  3712/5000 batch 3040 loss=   0.103 pol= -0.117 vL= 0.682 kl= 0.49 H=  5.84 adv=-0.000 r̄=-0.242 succ=35.0% >exp= 0.0% el=1h30m eta=31m26s
  ep  4032/5000 batch 3060 loss=   0.479 pol=  0.634 vL= 0.467 kl= 0.32 H=  4.64 adv=+0.000 r̄=-0.630 succ=35.0% >exp= 0.0% el=1h31m eta=21m53s
  ep  4352/5000 batch 3080 loss=   0.253 pol=  0.302 vL= 0.504 kl= 0.16 H=  3.50 adv=+0.000 r̄=-0.116 succ=35.0% >exp= 0.0% el=1h31m eta=13m40s
  ep  4672/5000 batch 3100 loss=   0.127 pol=  0.013 vL= 0.266 kl= 0.15 H=  6.30 adv=-0.000 r̄= 0.002 succ=35.0% >exp= 0.0% el=1h32m eta= 6m29s
  ep  4992/5000 batch 3120 loss=  -0.066 pol=  0.192 vL= 0.504 kl= 0.11 H=  2.89 adv=+0.000 r̄=-0.096 succ=35.1% >exp= 0.0% el=1h32m eta=   9s
  >>> Epoch 10/20 DONE: succ=34.9% (1745/5000) mean_loss= 0.1609 mean_reward=-0.300 mean_KL=0.269 mean_H=4.66 epoch_time= 9m21s

=== Epoch 11/20 — resetting substrate ===
  ep   320/5000 batch 3140 loss=   0.229 pol= -0.825 vL= 0.840 kl= 0.13 H=  2.62 adv=+0.000 r̄=-0.236 succ=35.1% >exp= 0.0% el=1h33m eta=22h49m
  ep   640/5000 batch 3160 loss=  -0.324 pol= -1.558 vL= 0.394 kl= 0.50 H=  4.88 adv=-0.000 r̄=-0.340 succ=35.0% >exp= 0.0% el=1h34m eta=10h41m
  ep   960/5000 batch 3180 loss=   0.068 pol=  0.489 vL= 0.646 kl= 0.18 H=  6.08 adv=-0.000 r̄=-0.038 succ=35.0% >exp= 0.0% el=1h34m eta=6h38m
  ep  1280/5000 batch 3200 loss=   0.031 pol= -1.099 vL= 0.312 kl= 0.10 H=  4.79 adv=-0.000 r̄=-0.401 succ=35.0% >exp= 0.0% el=1h35m eta=4h37m
  ep  1600/5000 batch 3220 loss=  -0.073 pol= -0.364 vL= 0.500 kl= 0.20 H=  3.06 adv=+0.000 r̄=-0.357 succ=35.0% >exp= 0.0% el=1h36m eta=3h24m
  ep  1920/5000 batch 3240 loss=   0.288 pol=  0.553 vL= 0.784 kl= 0.30 H=  3.49 adv=-0.000 r̄=-0.097 succ=35.0% >exp= 0.0% el=1h36m eta=2h34m
  ep  2240/5000 batch 3260 loss=   0.073 pol=  0.494 vL= 0.483 kl= 0.14 H=  4.57 adv=+0.000 r̄=-0.268 succ=35.0% >exp= 0.0% el=1h37m eta=1h59m
  ep  2560/5000 batch 3280 loss=   0.019 pol= -1.118 vL= 0.612 kl= 0.14 H=  4.06 adv=+0.000 r̄=-0.614 succ=35.0% >exp= 0.0% el=1h37m eta=1h33m
  ep  2880/5000 batch 3300 loss=  -0.225 pol=  0.737 vL= 0.693 kl= 0.19 H=  6.03 adv=+0.000 r̄=-0.249 succ=35.0% >exp= 0.0% el=1h38m eta=1h12m
  ep  3200/5000 batch 3320 loss=   0.183 pol=  0.565 vL= 0.472 kl= 0.16 H=  4.97 adv=-0.000 r̄= 0.013 succ=35.0% >exp= 0.0% el=1h38m eta=55m40s
  ep  3520/5000 batch 3340 loss=   0.117 pol=  0.143 vL= 0.368 kl= 0.07 H=  3.64 adv=-0.000 r̄=-0.223 succ=35.0% >exp= 0.0% el=1h39m eta=41m52s
  ep  3840/5000 batch 3360 loss=   0.351 pol= -0.709 vL= 0.469 kl= 0.14 H=  4.53 adv=+0.000 r̄=-0.604 succ=35.0% >exp= 0.0% el=1h40m eta=30m16s
  ep  4160/5000 batch 3380 loss=   0.293 pol= -1.388 vL= 0.510 kl= 0.07 H=  5.98 adv=+0.000 r̄=-0.353 succ=35.0% >exp= 0.0% el=1h40m eta=20m21s
  ep  4480/5000 batch 3400 loss=  -0.034 pol= -0.496 vL= 0.495 kl= 0.43 H=  3.68 adv=-0.000 r̄= 0.258 succ=35.0% >exp= 0.0% el=1h41m eta=11m46s
  ep  4800/5000 batch 3420 loss=   0.045 pol= -0.015 vL= 0.653 kl= 0.10 H=  3.98 adv=-0.000 r̄=-0.227 succ=35.0% >exp= 0.0% el=1h42m eta= 4m15s
  >>> Epoch 11/20 DONE: succ=34.9% (1744/5000) mean_loss= 0.0687 mean_reward=-0.300 mean_KL=0.180 mean_H=4.89 epoch_time= 9m22s

=== Epoch 12/20 — resetting substrate ===
  ep   128/5000 batch 3440 loss=  -0.113 pol= -0.807 vL= 0.342 kl= 0.21 H=  6.67 adv=-0.000 r̄=-0.493 succ=35.0% >exp= 0.0% el=1h42m eta=65h06m
  ep   448/5000 batch 3460 loss=   0.374 pol=  1.707 vL= 0.603 kl= 0.16 H=  5.89 adv=-0.000 r̄=-0.354 succ=35.0% >exp= 0.0% el=1h43m eta=17h28m
  ep   768/5000 batch 3480 loss=  -0.073 pol= -1.650 vL= 0.665 kl= 0.32 H=  4.41 adv=-0.000 r̄=-0.358 succ=35.0% >exp= 0.0% el=1h43m eta=9h32m
  ep  1088/5000 batch 3500 loss=   0.399 pol=  1.360 vL= 0.411 kl= 0.10 H=  4.19 adv=+0.000 r̄=-0.874 succ=35.0% >exp= 0.0% el=1h44m eta=6h15m
  ep  1408/5000 batch 3520 loss=  -0.166 pol=  0.905 vL= 0.543 kl= 0.39 H=  6.33 adv=-0.000 r̄=-0.268 succ=35.0% >exp= 0.0% el=1h45m eta=4h27m
  ep  1728/5000 batch 3540 loss=   0.257 pol=  0.596 vL= 0.378 kl= 0.25 H=  7.05 adv=+0.000 r̄=-0.242 succ=35.0% >exp= 0.0% el=1h45m eta=3h19m
  ep  2048/5000 batch 3560 loss=   0.088 pol= -0.591 vL= 0.522 kl= 0.35 H=  5.83 adv=-0.000 r̄=-0.528 succ=35.0% >exp= 0.0% el=1h46m eta=2h33m
  ep  2368/5000 batch 3580 loss=   0.180 pol= -0.281 vL= 0.482 kl= 0.46 H=  4.29 adv=-0.000 r̄=-0.493 succ=35.0% >exp= 0.0% el=1h46m eta=1h58m
  ep  2688/5000 batch 3600 loss=  -0.248 pol= -2.312 vL= 0.324 kl= 0.34 H=  6.34 adv=-0.000 r̄= 0.032 succ=35.0% >exp= 0.0% el=1h47m eta=1h32m
  ep  3008/5000 batch 3620 loss=  -0.330 pol= -0.247 vL= 0.403 kl= 0.42 H=  6.70 adv=+0.000 r̄= 0.105 succ=35.0% >exp= 0.0% el=1h48m eta=1h11m
  ep  3328/5000 batch 3640 loss=   0.464 pol=  0.475 vL= 0.264 kl= 0.18 H=  3.99 adv=-0.000 r̄=-0.206 succ=35.0% >exp= 0.0% el=1h48m eta=54m34s
  ep  3648/5000 batch 3660 loss=   0.124 pol= -0.439 vL= 0.489 kl= 0.13 H=  3.39 adv=+0.000 r̄=-0.259 succ=35.0% >exp= 0.0% el=1h49m eta=40m28s
  ep  3968/5000 batch 3680 loss=   0.224 pol=  0.330 vL= 0.264 kl= 0.25 H=  5.33 adv=+0.000 r̄=-0.726 succ=35.0% >exp= 0.0% el=1h49m eta=28m33s
  ep  4288/5000 batch 3700 loss=  -0.274 pol=  0.742 vL= 0.263 kl= 0.20 H=  5.64 adv=-0.000 r̄=-0.472 succ=35.0% >exp= 0.0% el=1h50m eta=18m19s
  ep  4608/5000 batch 3720 loss=   0.068 pol= -1.638 vL= 0.266 kl= 0.08 H=  4.36 adv=+0.000 r̄= 0.256 succ=35.0% >exp= 0.0% el=1h50m eta= 9m26s
  ep  4928/5000 batch 3740 loss=   0.061 pol= -0.585 vL= 0.331 kl= 0.20 H=  3.46 adv=+0.000 r̄= 0.002 succ=35.0% >exp= 0.0% el=1h51m eta= 1m37s
  >>> Epoch 12/20 DONE: succ=34.9% (1747/5000) mean_loss= 0.0608 mean_reward=-0.299 mean_KL=0.261 mean_H=5.35 epoch_time= 9m16s

=== Epoch 13/20 — resetting substrate ===
  ep   256/5000 batch 3760 loss=   0.285 pol=  0.619 vL= 0.249 kl= 0.34 H=  4.62 adv=-0.000 r̄=-0.592 succ=35.0% >exp= 0.0% el=1h52m eta=34h37m
  ep   576/5000 batch 3780 loss=   0.231 pol= -0.401 vL= 0.567 kl= 0.26 H=  4.93 adv=+0.000 r̄=-0.376 succ=35.0% >exp= 0.0% el=1h52m eta=14h25m
  ep   896/5000 batch 3800 loss=  -0.124 pol= -0.767 vL= 0.400 kl= 0.53 H=  4.42 adv=+0.000 r̄= 0.010 succ=35.0% >exp= 0.0% el=1h53m eta=8h39m
  ep  1216/5000 batch 3820 loss=   0.173 pol=  0.187 vL= 0.240 kl= 0.27 H=  5.00 adv=-0.000 r̄=-0.740 succ=35.0% >exp= 0.0% el=1h53m eta=5h54m
  ep  1536/5000 batch 3840 loss=   0.452 pol= -0.146 vL= 0.416 kl= 0.43 H=  4.52 adv=-0.000 r̄=-0.623 succ=35.0% >exp= 0.0% el=1h54m eta=4h18m
  ep  1856/5000 batch 3860 loss=  -0.133 pol= -1.963 vL= 0.929 kl= 0.35 H=  4.93 adv=-0.000 r̄=-0.261 succ=35.0% >exp= 0.0% el=1h55m eta=3h15m
  ep  2176/5000 batch 3880 loss=   0.265 pol= -0.079 vL= 0.322 kl= 0.24 H=  4.75 adv=+0.000 r̄=-0.251 succ=35.0% >exp= 0.0% el=1h55m eta=2h30m
  ep  2496/5000 batch 3900 loss=   0.033 pol=  0.430 vL= 0.681 kl= 0.04 H=  5.36 adv=-0.000 r̄=-0.106 succ=35.0% >exp= 0.0% el=1h56m eta=1h56m
  ep  2816/5000 batch 3920 loss=   0.117 pol=  1.935 vL= 0.400 kl= 0.20 H=  4.80 adv=-0.000 r̄=-0.747 succ=34.9% >exp= 0.0% el=1h56m eta=1h30m
  ep  3136/5000 batch 3940 loss=   0.336 pol=  0.910 vL= 0.545 kl= 0.07 H=  5.87 adv=+0.000 r̄=-0.628 succ=34.9% >exp= 0.0% el=1h57m eta=1h09m
  ep  3456/5000 batch 3960 loss=   0.040 pol=  0.240 vL= 0.895 kl= 0.22 H=  4.45 adv=-0.000 r̄=-0.004 succ=34.9% >exp= 0.0% el=1h58m eta=52m46s
  ep  3776/5000 batch 3980 loss=   0.040 pol=  0.325 vL= 0.368 kl= 0.28 H=  4.02 adv=+0.000 r̄=-0.739 succ=34.9% >exp= 0.0% el=1h58m eta=38m28s
  ep  4096/5000 batch 4000 loss=   0.036 pol=  0.635 vL= 0.669 kl= 0.35 H=  4.00 adv=+0.000 r̄=-0.275 succ=34.9% >exp= 0.0% el=1h59m eta=26m19s
  ep  4416/5000 batch 4020 loss=  -0.202 pol= -0.184 vL= 0.495 kl= 0.20 H=  4.05 adv=-0.000 r̄=-0.017 succ=34.9% >exp= 0.0% el=1h59m eta=15m51s
  ep  4736/5000 batch 4040 loss=  -0.124 pol= -0.571 vL= 0.444 kl= 0.19 H=  2.61 adv=+0.000 r̄=-0.248 succ=34.9% >exp= 0.0% el=2h00m eta= 6m42s
  >>> Epoch 13/20 DONE: succ=33.4% (1672/5000) mean_loss= 0.0984 mean_reward=-0.329 mean_KL=0.261 mean_H=4.20 epoch_time= 9m18s

=== Epoch 14/20 — resetting substrate ===
  ep    64/5000 batch 4060 loss=   0.189 pol=  0.769 vL= 0.292 kl= 0.35 H=  5.60 adv=-0.000 r̄=-0.473 succ=34.9% >exp= 0.0% el=2h01m eta=155h38m
  ep   384/5000 batch 4080 loss=   0.009 pol= -0.289 vL= 0.376 kl= 0.19 H=  3.02 adv=-0.000 r̄=-0.364 succ=34.9% >exp= 0.0% el=2h01m eta=24h22m
  ep   704/5000 batch 4100 loss=   0.033 pol= -1.673 vL= 0.695 kl= 0.26 H=  5.02 adv=+0.000 r̄=-0.203 succ=34.9% >exp= 0.0% el=2h02m eta=12h26m
  ep  1024/5000 batch 4120 loss=   0.089 pol= -0.919 vL= 0.493 kl= 0.16 H=  3.95 adv=+0.000 r̄=-0.475 succ=34.9% >exp= 0.0% el=2h02m eta=7h57m
  ep  1344/5000 batch 4140 loss=  -0.243 pol=  0.587 vL= 0.584 kl= 0.23 H=  3.26 adv=+0.000 r̄=-0.254 succ=34.9% >exp= 0.0% el=2h03m eta=5h35m
  ep  1664/5000 batch 4160 loss=   0.182 pol= -0.268 vL= 0.477 kl= 0.26 H=  2.99 adv=-0.000 r̄=-0.247 succ=34.9% >exp= 0.0% el=2h04m eta=4h08m
  ep  1984/5000 batch 4180 loss=  -0.120 pol=  0.108 vL= 0.439 kl= 0.14 H=  3.14 adv=-0.000 r̄= 0.122 succ=34.9% >exp= 0.0% el=2h04m eta=3h09m
  ep  2304/5000 batch 4200 loss=   0.520 pol= -0.458 vL= 0.483 kl= 0.19 H=  5.26 adv=+0.000 r̄=-0.730 succ=34.9% >exp= 0.0% el=2h05m eta=2h26m
  ep  2624/5000 batch 4220 loss=  -0.106 pol= -0.415 vL= 0.340 kl= 0.14 H=  4.99 adv=+0.000 r̄=-0.389 succ=34.9% >exp= 0.0% el=2h05m eta=1h53m
  ep  2944/5000 batch 4240 loss=  -0.113 pol=  0.420 vL= 0.295 kl= 0.10 H=  4.99 adv=+0.000 r̄=-0.724 succ=34.8% >exp= 0.0% el=2h06m eta=1h28m
  ep  3264/5000 batch 4260 loss=  -0.179 pol= -0.682 vL= 0.391 kl= 0.10 H=  3.92 adv=+0.000 r̄=-0.503 succ=34.9% >exp= 0.0% el=2h07m eta=1h07m
  ep  3584/5000 batch 4280 loss=   0.075 pol=  0.065 vL= 0.580 kl= 0.40 H=  5.37 adv=+0.000 r̄=-0.470 succ=34.9% >exp= 0.0% el=2h07m eta=50m25s
  ep  3904/5000 batch 4300 loss=  -0.156 pol= -0.580 vL= 0.752 kl= 0.37 H=  4.07 adv=-0.000 r̄= 0.008 succ=34.9% >exp= 0.0% el=2h08m eta=36m00s
  ep  4224/5000 batch 4320 loss=  -0.592 pol= -0.418 vL= 0.465 kl= 0.12 H=  6.64 adv=+0.000 r̄=-0.498 succ=34.9% >exp= 0.0% el=2h08m eta=23m40s
  ep  4544/5000 batch 4340 loss=   0.059 pol= -0.668 vL= 0.223 kl= 0.41 H=  3.82 adv=-0.000 r̄= 0.163 succ=34.9% >exp= 0.0% el=2h09m eta=12m59s
  ep  4864/5000 batch 4360 loss=   0.410 pol=  1.088 vL= 0.441 kl= 0.44 H=  4.33 adv=+0.000 r̄=-0.505 succ=34.8% >exp= 0.0% el=2h09m eta= 3m38s
  >>> Epoch 14/20 DONE: succ=34.2% (1709/5000) mean_loss= 0.0137 mean_reward=-0.314 mean_KL=0.229 mean_H=4.54 epoch_time= 9m15s

=== Epoch 15/20 — resetting substrate ===
  ep   192/5000 batch 4380 loss=   0.290 pol= -1.551 vL= 0.256 kl= 0.23 H=  4.59 adv=+0.000 r̄= 0.159 succ=34.9% >exp= 0.0% el=2h10m eta=54h29m
  ep   512/5000 batch 4400 loss=   0.341 pol=  0.005 vL= 0.384 kl= 0.12 H=  6.35 adv=+0.000 r̄=-0.763 succ=34.8% >exp= 0.0% el=2h11m eta=19h09m
  ep   832/5000 batch 4420 loss=  -0.589 pol= -1.550 vL= 0.626 kl= 0.09 H=  5.62 adv=-0.000 r̄= 0.127 succ=34.8% >exp= 0.0% el=2h11m eta=10h59m
  ep  1152/5000 batch 4440 loss=  -0.141 pol=  0.658 vL= 0.452 kl= 0.13 H=  4.20 adv=+0.000 r̄=-0.114 succ=34.9% >exp= 0.0% el=2h12m eta=7h22m
  ep  1472/5000 batch 4460 loss=   0.766 pol=  0.725 vL= 0.568 kl= 0.12 H=  4.67 adv=+0.000 r̄=-0.627 succ=34.8% >exp= 0.0% el=2h12m eta=5h18m
  ep  1792/5000 batch 4480 loss=   0.332 pol=  0.787 vL= 0.295 kl= 0.14 H=  6.64 adv=+0.000 r̄=-0.745 succ=34.8% >exp= 0.0% el=2h13m eta=3h59m
  ep  2112/5000 batch 4500 loss=  -0.526 pol= -1.044 vL= 0.493 kl= 0.41 H=  6.24 adv=-0.000 r̄=-0.216 succ=34.8% >exp= 0.0% el=2h14m eta=3h03m
  ep  2432/5000 batch 4520 loss=   0.286 pol= -1.686 vL= 0.278 kl= 0.10 H=  7.88 adv=-0.000 r̄=-0.532 succ=34.8% >exp= 0.0% el=2h14m eta=2h22m
  ep  2752/5000 batch 4540 loss=   0.064 pol= -0.600 vL= 0.379 kl= 0.19 H=  6.13 adv=-0.000 r̄=-0.503 succ=34.8% >exp= 0.0% el=2h15m eta=1h50m
  ep  3072/5000 batch 4560 loss=  -0.064 pol= -0.326 vL= 0.309 kl= 0.22 H=  6.46 adv=+0.000 r̄=-0.206 succ=34.9% >exp= 0.0% el=2h15m eta=1h25m
  ep  3392/5000 batch 4580 loss=   0.394 pol= -1.345 vL= 0.473 kl= 0.16 H=  4.97 adv=+0.000 r̄=-0.089 succ=34.8% >exp= 0.0% el=2h16m eta=1h04m
  ep  3712/5000 batch 4600 loss=   0.033 pol= -1.385 vL= 0.190 kl= 0.15 H=  5.19 adv=+0.000 r̄=-0.361 succ=34.9% >exp= 0.0% el=2h17m eta=47m32s
  ep  4032/5000 batch 4620 loss=  -0.249 pol= -0.769 vL= 0.628 kl= 0.16 H=  5.22 adv=-0.000 r̄=-0.369 succ=34.9% >exp= 0.0% el=2h17m eta=33m02s
  ep  4352/5000 batch 4640 loss=  -0.005 pol= -0.078 vL= 0.761 kl= 0.22 H=  3.53 adv=+0.000 r̄=-0.262 succ=34.9% >exp= 0.0% el=2h18m eta=20m34s
  ep  4672/5000 batch 4660 loss=  -0.243 pol= -2.158 vL= 0.137 kl= 0.17 H=  7.04 adv=+0.000 r̄= 0.124 succ=34.9% >exp= 0.0% el=2h18m eta= 9m44s
  ep  4992/5000 batch 4680 loss=   0.166 pol=  0.508 vL= 0.595 kl= 0.41 H=  3.93 adv=+0.000 r̄=-0.338 succ=34.9% >exp= 0.0% el=2h19m eta=  13s
  >>> Epoch 15/20 DONE: succ=35.8% (1789/5000) mean_loss= 0.0414 mean_reward=-0.282 mean_KL=0.203 mean_H=5.29 epoch_time= 9m12s

=== Epoch 16/20 — resetting substrate ===
  ep   320/5000 batch 4700 loss=  -0.159 pol=  0.080 vL= 0.994 kl= 0.25 H=  4.02 adv=+0.000 r̄=-0.143 succ=34.9% >exp= 0.0% el=2h20m eta=34h07m
  ep   640/5000 batch 4720 loss=   0.082 pol= -0.436 vL= 0.432 kl= 0.51 H=  6.75 adv=-0.000 r̄=-0.245 succ=34.9% >exp= 0.0% el=2h20m eta=15h57m
  ep   960/5000 batch 4740 loss=   0.301 pol=  0.786 vL= 0.295 kl= 0.60 H=  8.28 adv=-0.000 r̄=-0.294 succ=34.9% >exp= 0.0% el=2h21m eta=9h54m
  ep  1280/5000 batch 4760 loss=  -0.061 pol=  1.647 vL= 0.419 kl= 0.42 H=  5.15 adv=-0.000 r̄=-0.402 succ=34.9% >exp= 0.0% el=2h21m eta=6h52m
  ep  1600/5000 batch 4780 loss=   0.242 pol=  0.287 vL= 0.584 kl= 0.27 H=  4.32 adv=+0.000 r̄=-0.359 succ=34.9% >exp= 0.0% el=2h22m eta=5h02m
  ep  1920/5000 batch 4800 loss=   0.100 pol=  0.007 vL= 0.528 kl= 0.19 H=  4.11 adv=-0.000 r̄=-0.002 succ=34.9% >exp= 0.0% el=2h22m eta=3h49m
  ep  2240/5000 batch 4820 loss=  -0.265 pol= -0.837 vL= 0.421 kl= 0.26 H=  5.81 adv=+0.000 r̄=-0.150 succ=34.9% >exp= 0.0% el=2h23m eta=2h56m
  ep  2560/5000 batch 4840 loss=  -0.021 pol=  0.428 vL= 0.715 kl= 0.28 H=  3.70 adv=+0.000 r̄=-0.014 succ=34.9% >exp= 0.0% el=2h24m eta=2h17m
  ep  2880/5000 batch 4860 loss=   0.630 pol=  0.183 vL= 0.397 kl= 0.17 H=  6.20 adv=-0.000 r̄=-0.148 succ=34.9% >exp= 0.0% el=2h24m eta=1h46m
  ep  3200/5000 batch 4880 loss=  -0.090 pol= -1.857 vL= 0.906 kl= 0.11 H=  5.47 adv=+0.000 r̄=-0.223 succ=34.9% >exp= 0.0% el=2h25m eta=1h21m
  ep  3520/5000 batch 4900 loss=  -0.131 pol=  0.740 vL= 0.389 kl= 0.08 H=  5.29 adv=-0.000 r̄= 0.023 succ=34.9% >exp= 0.0% el=2h25m eta=1h01m
  ep  3840/5000 batch 4920 loss=  -0.065 pol= -1.670 vL= 0.647 kl= 0.12 H=  6.41 adv=-0.000 r̄=-0.506 succ=34.9% >exp= 0.0% el=2h26m eta=44m16s
  ep  4160/5000 batch 4940 loss=  -0.014 pol=  0.624 vL= 0.612 kl= 0.08 H=  6.86 adv=+0.000 r̄=-0.258 succ=34.9% >exp= 0.0% el=2h27m eta=29m42s
  ep  4480/5000 batch 4960 loss=   0.291 pol=  0.018 vL= 0.478 kl= 0.11 H=  3.27 adv=-0.000 r̄= 0.126 succ=34.9% >exp= 0.0% el=2h27m eta=17m08s
  ep  4800/5000 batch 4980 loss=  -0.004 pol= -0.148 vL= 0.659 kl= 0.12 H=  3.85 adv=-0.000 r̄=-0.124 succ=34.9% >exp= 0.0% el=2h28m eta= 6m10s
  >>> Epoch 16/20 DONE: succ=34.4% (1722/5000) mean_loss= 0.0545 mean_reward=-0.311 mean_KL=0.238 mean_H=5.75 epoch_time= 9m15s

=== Epoch 17/20 — resetting substrate ===
  ep   128/5000 batch 5000 loss=  -0.019 pol= -1.294 vL= 0.750 kl= 0.20 H=  5.83 adv=-0.000 r̄= 0.353 succ=34.9% >exp= 0.0% el=2h28m eta=94h28m
  ep   448/5000 batch 5020 loss=  -0.204 pol=  0.989 vL= 0.830 kl= 0.13 H=  3.98 adv=+0.000 r̄=-0.403 succ=34.9% >exp= 0.0% el=2h29m eta=25h19m
  ep   768/5000 batch 5040 loss=   0.178 pol=  0.395 vL= 0.454 kl= 0.14 H=  3.17 adv=-0.000 r̄=-0.618 succ=34.9% >exp= 0.0% el=2h30m eta=13h47m
  ep  1088/5000 batch 5060 loss=  -0.252 pol=  0.346 vL= 0.250 kl= 0.26 H=  4.70 adv=+0.000 r̄=-0.477 succ=34.9% >exp= 0.0% el=2h30m eta=9h01m
  ep  1408/5000 batch 5080 loss=   0.355 pol= -1.767 vL= 0.577 kl= 0.11 H=  6.87 adv=+0.000 r̄=-0.261 succ=34.9% >exp= 0.0% el=2h31m eta=6h26m
  ep  1728/5000 batch 5100 loss=  -0.037 pol=  0.609 vL= 0.556 kl= 0.26 H=  6.01 adv=-0.000 r̄=-0.259 succ=34.9% >exp= 0.0% el=2h31m eta=4h47m
  ep  2048/5000 batch 5120 loss=  -0.024 pol= -0.167 vL= 0.518 kl= 0.37 H=  4.96 adv=+0.000 r̄=-0.376 succ=34.9% >exp= 0.0% el=2h32m eta=3h39m
  ep  2368/5000 batch 5140 loss=   0.320 pol=  1.850 vL= 0.850 kl= 0.11 H=  3.31 adv=+0.000 r̄=-0.648 succ=34.9% >exp= 0.0% el=2h33m eta=2h50m
  ep  2688/5000 batch 5160 loss=   0.009 pol=  0.192 vL= 0.474 kl= 0.20 H=  5.11 adv=-0.000 r̄=-0.094 succ=34.9% >exp= 0.0% el=2h33m eta=2h12m
  ep  3008/5000 batch 5180 loss=  -0.239 pol= -0.282 vL= 0.521 kl= 0.17 H=  4.99 adv=+0.000 r̄= 0.214 succ=34.9% >exp= 0.0% el=2h34m eta=1h42m
  ep  3328/5000 batch 5200 loss=  -0.096 pol=  1.003 vL= 0.454 kl= 0.10 H=  3.71 adv=+0.000 r̄=-0.339 succ=34.9% >exp= 0.0% el=2h34m eta=1h17m
  ep  3648/5000 batch 5220 loss=   0.513 pol=  1.453 vL= 0.502 kl= 0.24 H=  4.12 adv=+0.000 r̄=-0.242 succ=34.9% >exp= 0.0% el=2h35m eta=57m38s
  ep  3968/5000 batch 5240 loss=   0.368 pol=  0.469 vL= 0.115 kl= 0.08 H=  6.45 adv=+0.000 r̄=-0.861 succ=34.9% >exp= 0.0% el=2h36m eta=40m36s
  ep  4288/5000 batch 5260 loss=  -0.163 pol= -0.455 vL= 0.726 kl= 0.19 H=  6.48 adv=+0.000 r̄=-0.356 succ=34.9% >exp= 0.0% el=2h36m eta=26m01s
  ep  4608/5000 batch 5280 loss=  -0.220 pol= -0.121 vL= 0.647 kl= 0.16 H=  4.94 adv=+0.000 r̄= 0.226 succ=34.9% >exp= 0.0% el=2h37m eta=13m23s
  ep  4928/5000 batch 5300 loss=   0.332 pol= -0.835 vL= 0.474 kl= 0.13 H=  4.15 adv=-0.000 r̄=-0.346 succ=34.9% >exp= 0.0% el=2h37m eta= 2m18s
  >>> Epoch 17/20 DONE: succ=35.1% (1757/5000) mean_loss= 0.0594 mean_reward=-0.295 mean_KL=0.226 mean_H=5.30 epoch_time= 9m21s

=== Epoch 18/20 — resetting substrate ===
  ep   256/5000 batch 5320 loss=   0.092 pol=  1.199 vL= 0.475 kl= 0.06 H=  5.83 adv=+0.000 r̄=-0.261 succ=34.9% >exp= 0.0% el=2h38m eta=48h57m
  ep   576/5000 batch 5340 loss=   0.210 pol=  0.382 vL= 0.569 kl= 0.09 H=  5.07 adv=+0.000 r̄= 0.015 succ=34.9% >exp= 0.0% el=2h39m eta=20h21m
  ep   896/5000 batch 5360 loss=  -0.083 pol=  0.124 vL= 0.206 kl= 0.34 H=  6.38 adv=+0.000 r̄=-0.352 succ=34.9% >exp= 0.0% el=2h39m eta=12h11m
  ep  1216/5000 batch 5380 loss=   0.515 pol=  0.857 vL= 0.685 kl= 0.09 H=  5.87 adv=+0.000 r̄=-0.486 succ=34.9% >exp= 0.0% el=2h40m eta=8h18m
  ep  1536/5000 batch 5400 loss=  -0.065 pol= -1.567 vL= 0.354 kl= 0.17 H=  5.28 adv=-0.000 r̄=-0.106 succ=34.9% >exp= 0.0% el=2h40m eta=6h02m
  ep  1856/5000 batch 5420 loss=   0.099 pol= -1.102 vL= 0.570 kl= 0.17 H=  5.60 adv=+0.000 r̄=-0.507 succ=34.9% >exp= 0.0% el=2h41m eta=4h33m
  ep  2176/5000 batch 5440 loss=  -0.044 pol= -1.271 vL= 0.644 kl= 0.31 H=  4.73 adv=+0.000 r̄= 0.243 succ=34.9% >exp= 0.0% el=2h42m eta=3h30m
  ep  2496/5000 batch 5460 loss=   0.315 pol= -2.426 vL= 0.906 kl= 0.26 H=  4.90 adv=-0.000 r̄=-0.067 succ=34.9% >exp= 0.0% el=2h42m eta=2h43m
  ep  2816/5000 batch 5480 loss=   0.308 pol= -1.027 vL= 0.573 kl= 0.39 H=  4.61 adv=+0.000 r̄=-0.344 succ=34.9% >exp= 0.0% el=2h43m eta=2h06m
  ep  3136/5000 batch 5500 loss=  -0.129 pol= -1.293 vL= 0.515 kl= 0.47 H=  4.71 adv=+0.000 r̄=-0.224 succ=34.9% >exp= 0.0% el=2h43m eta=1h37m
  ep  3456/5000 batch 5520 loss=   0.333 pol= -0.440 vL= 0.317 kl= 0.76 H=  5.96 adv=+0.000 r̄= 0.412 succ=34.9% >exp= 0.0% el=2h44m eta=1h13m
  ep  3776/5000 batch 5540 loss=   0.338 pol=  0.842 vL= 0.693 kl= 0.36 H=  6.17 adv=-0.000 r̄=-0.659 succ=34.9% >exp= 0.0% el=2h45m eta=53m30s
  ep  4096/5000 batch 5560 loss=  -0.413 pol= -0.815 vL= 0.340 kl= 0.15 H=  5.50 adv=+0.000 r̄= 0.124 succ=34.9% >exp= 0.0% el=2h45m eta=36m33s
  ep  4416/5000 batch 5580 loss=  -0.226 pol= -1.701 vL= 0.349 kl= 0.19 H=  4.53 adv=-0.000 r̄= 0.094 succ=34.9% >exp= 0.0% el=2h46m eta=21m59s
  ep  4736/5000 batch 5600 loss=  -0.294 pol=  0.759 vL= 0.398 kl= 0.45 H=  4.69 adv=-0.000 r̄=-0.022 succ=34.9% >exp= 0.0% el=2h46m eta= 9m18s
  >>> Epoch 18/20 DONE: succ=35.2% (1759/5000) mean_loss= 0.0655 mean_reward=-0.294 mean_KL=0.279 mean_H=5.19 epoch_time= 9m16s

=== Epoch 19/20 — resetting substrate ===
  ep    64/5000 batch 5620 loss=   0.393 pol=  1.189 vL= 0.772 kl= 0.13 H=  8.47 adv=-0.000 r̄=-0.274 succ=34.9% >exp= 0.0% el=2h47m eta=215h14m
  ep   384/5000 batch 5640 loss=  -0.305 pol=  0.174 vL= 0.374 kl= 0.23 H=  5.40 adv=-0.000 r̄=-0.482 succ=34.9% >exp= 0.0% el=2h48m eta=33h39m
  ep   704/5000 batch 5660 loss=   0.800 pol= -0.151 vL= 0.440 kl= 0.23 H=  6.75 adv=-0.000 r̄=-0.597 succ=34.9% >exp= 0.0% el=2h48m eta=17h08m
  ep  1024/5000 batch 5680 loss=  -0.521 pol=  0.063 vL= 0.651 kl= 0.10 H=  4.06 adv=+0.000 r̄=-0.010 succ=34.9% >exp= 0.0% el=2h49m eta=10h56m
  ep  1344/5000 batch 5700 loss=   0.367 pol=  0.963 vL= 0.186 kl= 0.30 H=  4.58 adv=+0.000 r̄=-0.235 succ=34.9% >exp= 0.0% el=2h49m eta=7h41m
  ep  1664/5000 batch 5720 loss=  -0.194 pol=  0.098 vL= 0.446 kl= 0.14 H=  4.07 adv=-0.000 r̄=-0.731 succ=34.9% >exp= 0.0% el=2h50m eta=5h41m
  ep  1984/5000 batch 5740 loss=  -0.040 pol=  0.383 vL= 0.563 kl= 0.11 H=  2.99 adv=-0.000 r̄=-0.377 succ=34.9% >exp= 0.0% el=2h50m eta=4h19m
  ep  2304/5000 batch 5760 loss=  -0.055 pol= -1.808 vL= 0.609 kl= 0.16 H=  6.26 adv=+0.000 r̄=-0.393 succ=34.9% >exp= 0.0% el=2h51m eta=3h20m
  ep  2624/5000 batch 5780 loss=   0.556 pol=  1.483 vL= 0.446 kl= 0.16 H=  7.27 adv=+0.000 r̄=-0.291 succ=34.8% >exp= 0.0% el=2h52m eta=2h35m
  ep  2944/5000 batch 5800 loss=  -0.271 pol= -0.202 vL= 0.470 kl= 0.33 H=  6.81 adv=+0.000 r̄=-0.612 succ=34.8% >exp= 0.0% el=2h52m eta=2h00m
  ep  3264/5000 batch 5820 loss=   0.004 pol= -0.522 vL= 0.430 kl= 0.25 H=  5.94 adv=+0.000 r̄=-0.537 succ=34.9% >exp= 0.0% el=2h53m eta=1h32m
  ep  3584/5000 batch 5840 loss=  -0.109 pol=  0.668 vL= 0.426 kl= 0.12 H=  4.96 adv=-0.000 r̄=-0.618 succ=34.9% >exp= 0.0% el=2h53m eta=1h08m
  ep  3904/5000 batch 5860 loss=  -0.017 pol=  0.025 vL= 0.720 kl= 0.20 H=  4.53 adv=-0.000 r̄= 0.241 succ=34.9% >exp= 0.0% el=2h54m eta=48m59s
  ep  4224/5000 batch 5880 loss=   0.187 pol=  0.108 vL= 0.383 kl= 0.08 H=  6.32 adv=+0.000 r̄=-0.624 succ=34.9% >exp= 0.0% el=2h55m eta=32m10s
  ep  4544/5000 batch 5900 loss=  -0.056 pol=  0.678 vL= 0.573 kl= 0.12 H=  4.91 adv=+0.000 r̄= 0.000 succ=34.9% >exp= 0.0% el=2h55m eta=17m38s
  ep  4864/5000 batch 5920 loss=  -0.194 pol=  0.264 vL= 0.355 kl= 0.25 H=  5.76 adv=+0.000 r̄=-0.629 succ=34.9% >exp= 0.0% el=2h56m eta= 4m55s
  >>> Epoch 19/20 DONE: succ=34.6% (1728/5000) mean_loss= 0.0406 mean_reward=-0.308 mean_KL=0.177 mean_H=5.56 epoch_time= 9m16s

=== Epoch 20/20 — resetting substrate ===
  ep   192/5000 batch 5940 loss=   0.806 pol= -0.306 vL= 0.587 kl= 0.10 H=  4.98 adv=+0.000 r̄=-0.074 succ=34.9% >exp= 0.0% el=2h56m eta=73h51m
  ep   512/5000 batch 5960 loss=  -0.241 pol=  0.782 vL= 0.372 kl= 0.16 H=  6.89 adv=+0.000 r̄=-0.635 succ=34.9% >exp= 0.0% el=2h57m eta=25h56m
  ep   832/5000 batch 5980 loss=  -0.137 pol= -0.805 vL= 0.425 kl= 0.25 H=  5.23 adv=-0.000 r̄=-0.142 succ=34.9% >exp= 0.0% el=2h58m eta=14h52m
  ep  1152/5000 batch 6000 loss=   0.123 pol= -0.219 vL= 0.249 kl= 0.25 H=  4.33 adv=-0.000 r̄=-0.066 succ=34.9% >exp= 0.0% el=2h58m eta=9h57m
  ep  1472/5000 batch 6020 loss=   0.251 pol= -0.120 vL= 0.190 kl= 0.13 H=  3.93 adv=+0.000 r̄=-0.476 succ=34.9% >exp= 0.0% el=2h59m eta=7h09m
  ep  1792/5000 batch 6040 loss=   0.030 pol=  1.011 vL= 0.510 kl= 0.13 H=  4.75 adv=-0.000 r̄=-1.000 succ=34.9% >exp= 0.0% el=2h59m eta=5h22m
  ep  2112/5000 batch 6060 loss=   0.247 pol=  0.150 vL= 0.771 kl= 0.10 H=  5.02 adv=-0.000 r̄=-0.228 succ=34.9% >exp= 0.0% el=3h00m eta=4h06m
  ep  2432/5000 batch 6080 loss=   0.219 pol= -1.108 vL= 0.325 kl= 0.19 H=  7.04 adv=+0.000 r̄=-0.615 succ=34.9% >exp= 0.0% el=3h01m eta=3h11m
  ep  2752/5000 batch 6100 loss=   0.073 pol=  0.153 vL= 0.511 kl= 0.07 H=  4.68 adv=-0.000 r̄=-0.390 succ=34.9% >exp= 0.0% el=3h01m eta=2h28m
  ep  3072/5000 batch 6120 loss=  -0.166 pol= -1.045 vL= 0.268 kl= 0.18 H=  6.11 adv=+0.000 r̄=-0.102 succ=34.9% >exp= 0.0% el=3h02m eta=1h54m
  ep  3392/5000 batch 6140 loss=  -0.101 pol=  0.370 vL= 0.494 kl= 0.35 H=  5.86 adv=+0.000 r̄=-0.268 succ=34.9% >exp= 0.0% el=3h02m eta=1h26m
  ep  3712/5000 batch 6160 loss=  -0.162 pol= -1.118 vL= 0.173 kl= 0.18 H=  6.25 adv=+0.000 r̄=-0.272 succ=34.9% >exp= 0.0% el=3h03m eta=1h03m
  ep  4032/5000 batch 6180 loss=   0.750 pol=  0.067 vL= 0.525 kl= 0.15 H=  6.32 adv=-0.000 r̄=-0.615 succ=34.9% >exp= 0.0% el=3h04m eta=44m11s
  ep  4352/5000 batch 6200 loss=  -0.541 pol= -1.203 vL= 0.711 kl= 0.12 H=  3.84 adv=+0.000 r̄= 0.037 succ=34.9% >exp= 0.0% el=3h04m eta=27m29s
  ep  4672/5000 batch 6220 loss=   0.014 pol=  0.519 vL= 0.581 kl= 0.09 H=  6.87 adv=-0.000 r̄=-0.236 succ=34.9% >exp= 0.0% el=3h05m eta=13m00s
  ep  4992/5000 batch 6240 loss=   0.659 pol=  0.260 vL= 0.591 kl= 0.13 H=  5.13 adv=+0.000 r̄=-0.233 succ=34.9% >exp= 0.0% el=3h05m eta=  18s
  >>> Epoch 20/20 DONE: succ=34.9% (1747/5000) mean_loss= 0.0994 mean_reward=-0.299 mean_KL=0.150 mean_H=5.31 epoch_time= 9m13s
------------------------------------------------------------------------
  total time:               3h05m
  success rate:             34903/100000 = 34.9%
  final success_cost_ema:   233.82596349667458
  final loss avg:           0.6591
  checkpoint saved to checkpoints/il_mp_vne_v19_50nodes_10ep_cont6.pt
  epoch summary log: logs/ppo_v19_50nodes_10ep_cont6_epoch_summary.csv
