Loading substrate from datasets/scenario_100nodes_train/substrate.json
Loading VNRs from datasets/scenario_100nodes_train/virtual_requests.json
  Using 5000 VNRs
  Trainable policy (carl_vne) loaded from experiments/carl_vne_100nodes/normal/checkpoints/ckpt_e100.pt
  rollout=direct → train: cand_head + encoder + value (ordering frozen) (19394 frozen, 36293 trainable)
  Frozen reference policy loaded (KL enabled, β_KL=0.1)
  Continuation: global epochs 101..120 (appending to experiments/carl_vne_100nodes/normal/training_epoch_summary.csv)
PPO fine-tune: 5000 VNRs, batch=16, lr=0.0003
  baseline=critic V(s), normalize_adv=True, β_H=0.01, value_coef=0.5, reward=cost_rel α=1.0 λ=0.3, fail_r=-1.0
  checkpoint: experiments/carl_vne_100nodes/normal/checkpoints/ckpt.pt
------------------------------------------------------------------------
  ep   320/5000 batch   20 loss=  -0.177 pol= -0.926 vL= 0.318 kl= 0.22 H=  5.98 adv=-0.000 r̄=-0.200 succ=30.9% >exp= 0.0% el= 1m44s eta=25m30s
  ep   640/5000 batch   40 loss=  -0.089 pol= -1.468 vL= 0.521 kl= 0.37 H=  6.91 adv=+0.000 r̄=-0.238 succ=28.0% >exp= 0.0% el= 3m45s eta=25m33s
  ep   960/5000 batch   60 loss=   0.382 pol= -1.120 vL= 0.302 kl= 0.19 H=  6.84 adv=+0.000 r̄=-0.375 succ=26.4% >exp= 0.0% el= 5m37s eta=23m39s
  ep  1280/5000 batch   80 loss=   0.184 pol= -1.144 vL= 0.407 kl= 0.16 H=  8.22 adv=+0.000 r̄=-0.743 succ=25.0% >exp= 0.0% el= 7m34s eta=22m00s
  ep  1600/5000 batch  100 loss=  -0.413 pol=  3.624 vL= 0.814 kl= 0.10 H=  6.96 adv=+0.000 r̄=-0.866 succ=25.0% >exp= 0.0% el= 9m44s eta=20m42s
  ep  1920/5000 batch  120 loss=   0.135 pol=  0.863 vL= 0.806 kl= 0.16 H=  6.22 adv=+0.000 r̄=-0.141 succ=25.6% >exp= 0.0% el=12m10s eta=19m31s
  ep  2240/5000 batch  140 loss=  -0.124 pol= -0.658 vL= 0.723 kl= 0.16 H=  7.42 adv=-0.000 r̄=-0.369 succ=25.1% >exp= 0.0% el=14m19s eta=17m39s
  ep  2560/5000 batch  160 loss=  -0.412 pol=  3.103 vL= 0.315 kl= 0.07 H= 13.75 adv=+0.000 r̄=-0.745 succ=24.9% >exp= 0.0% el=16m36s eta=15m50s
  ep  2880/5000 batch  180 loss=   0.235 pol= -1.211 vL= 0.287 kl= 0.12 H= 10.36 adv=-0.000 r̄=-0.524 succ=24.5% >exp= 0.0% el=18m43s eta=13m46s
  ep  3200/5000 batch  200 loss=  -0.166 pol=  0.310 vL= 0.414 kl= 0.27 H= 11.11 adv=+0.000 r̄=-0.636 succ=24.6% >exp= 0.0% el=21m04s eta=11m51s
  ep  3520/5000 batch  220 loss=   0.523 pol= -1.141 vL= 0.817 kl= 0.17 H=  6.14 adv=-0.000 r̄=-0.355 succ=24.9% >exp= 0.0% el=23m31s eta= 9m53s
  ep  3840/5000 batch  240 loss=   0.596 pol= -0.447 vL= 0.557 kl= 0.15 H=  8.40 adv=+0.000 r̄=-0.508 succ=24.8% >exp= 0.0% el=26m02s eta= 7m52s
  ep  4160/5000 batch  260 loss=   0.694 pol= -1.984 vL= 0.666 kl= 0.26 H=  8.15 adv=+0.000 r̄=-0.354 succ=24.8% >exp= 0.0% el=28m30s eta= 5m45s
  ep  4480/5000 batch  280 loss=  -0.356 pol=  0.374 vL= 0.529 kl= 0.55 H=  3.93 adv=+0.000 r̄=-0.732 succ=24.6% >exp= 0.0% el=30m53s eta= 3m35s
  ep  4800/5000 batch  300 loss=   1.024 pol=  0.488 vL= 0.499 kl= 0.15 H=  9.72 adv=+0.000 r̄=-0.632 succ=24.2% >exp= 0.0% el=33m23s eta= 1m23s
  >>> Epoch 101/120 DONE: succ=24.2% (1210/5000) mean_loss= 0.1158 mean_reward=-0.515 mean_KL=0.180 mean_H=8.38 epoch_time=35m00s

=== Epoch 102/120 — resetting substrate ===
  ep   128/5000 batch  320 loss=  -0.388 pol=  0.682 vL= 0.585 kl= 0.08 H=  8.91 adv=+0.000 r̄=-0.270 succ=24.5% >exp= 0.0% el=36m16s eta=23h00m
  ep   448/5000 batch  340 loss=  -0.130 pol=  0.230 vL= 0.377 kl= 0.09 H=  7.17 adv=-0.000 r̄=-0.649 succ=24.5% >exp= 0.0% el=38m59s eta=6h36m
  ep   768/5000 batch  360 loss=  -0.014 pol= -1.996 vL= 0.228 kl= 0.24 H= 10.13 adv=+0.000 r̄=-0.469 succ=24.4% >exp= 0.0% el=41m35s eta=3h49m
  ep  1088/5000 batch  380 loss=   0.575 pol=  0.024 vL= 0.709 kl= 0.22 H=  7.37 adv=-0.000 r̄=-0.596 succ=24.3% >exp= 0.0% el=43m53s eta=2h37m
  ep  1408/5000 batch  400 loss=   0.521 pol=  0.161 vL= 0.365 kl= 0.15 H= 11.59 adv=-0.000 r̄=-0.779 succ=24.1% >exp= 0.0% el=46m24s eta=1h58m
  ep  1728/5000 batch  420 loss=  -0.132 pol= -3.432 vL= 0.401 kl= 0.21 H= 10.28 adv=+0.000 r̄=-0.153 succ=23.9% >exp= 0.0% el=48m53s eta=1h32m
  ep  2048/5000 batch  440 loss=  -0.148 pol=  0.352 vL= 0.280 kl= 0.51 H=  8.43 adv=+0.000 r̄=-0.593 succ=23.9% >exp= 0.0% el=51m22s eta=1h14m
  ep  2368/5000 batch  460 loss=   0.352 pol= -1.187 vL= 0.473 kl= 0.46 H= 11.22 adv=+0.000 r̄=-0.510 succ=23.8% >exp= 0.0% el=53m42s eta=59m42s
  ep  2688/5000 batch  480 loss=  -0.984 pol= -0.041 vL= 0.548 kl= 0.25 H=  9.29 adv=-0.000 r̄=-0.478 succ=23.9% >exp= 0.0% el=56m23s eta=48m30s
  ep  3008/5000 batch  500 loss=   0.158 pol= -3.190 vL= 0.589 kl= 0.28 H=  7.41 adv=+0.000 r̄=-0.218 succ=23.9% >exp= 0.0% el=59m08s eta=39m09s
  ep  3328/5000 batch  520 loss=   0.085 pol=  0.135 vL= 0.339 kl= 0.14 H=  8.64 adv=+0.000 r̄=-0.752 succ=24.0% >exp= 0.0% el=1h01m eta=30m57s
  ep  3648/5000 batch  540 loss=   0.832 pol=  0.991 vL= 0.638 kl= 0.07 H=  9.75 adv=-0.000 r̄=-0.397 succ=23.9% >exp= 0.0% el=1h04m eta=23m47s
  ep  3968/5000 batch  560 loss=  -0.918 pol= -1.093 vL= 0.762 kl= 0.12 H=  6.42 adv=+0.000 r̄=-0.341 succ=24.0% >exp= 0.0% el=1h06m eta=17m18s
  ep  4288/5000 batch  580 loss=   0.324 pol= -1.113 vL= 0.325 kl= 0.06 H= 10.67 adv=+0.000 r̄=-0.782 succ=23.9% >exp= 0.0% el=1h08m eta=11m26s
  ep  4608/5000 batch  600 loss=  -0.522 pol=  0.236 vL= 0.346 kl= 0.14 H= 10.88 adv=-0.000 r̄=-0.404 succ=23.9% >exp= 0.0% el=1h11m eta= 6m04s
  ep  4928/5000 batch  620 loss=   0.651 pol= -1.422 vL= 0.355 kl= 0.16 H= 10.35 adv=-0.000 r̄=-0.146 succ=23.8% >exp= 0.0% el=1h13m eta= 1m04s
  >>> Epoch 102/120 DONE: succ=23.4% (1172/5000) mean_loss= 0.0326 mean_reward=-0.531 mean_KL=0.206 mean_H=9.58 epoch_time=39m24s

=== Epoch 103/120 — resetting substrate ===
  ep   256/5000 batch  640 loss=  -0.782 pol=  0.339 vL= 0.041 kl= 0.13 H= 11.09 adv=-0.000 r̄=-0.875 succ=24.0% >exp= 0.0% el=1h16m eta=23h41m
  ep   576/5000 batch  660 loss=   0.630 pol=  1.389 vL= 0.370 kl= 0.27 H=  9.35 adv=+0.000 r̄=-0.620 succ=24.0% >exp= 0.0% el=1h19m eta=10h08m
  ep   896/5000 batch  680 loss=  -0.022 pol= -2.591 vL= 0.301 kl= 0.33 H= 10.65 adv=-0.000 r̄=-0.400 succ=23.9% >exp= 0.0% el=1h21m eta=6h14m
  ep  1216/5000 batch  700 loss=  -0.042 pol= -0.590 vL= 0.389 kl= 0.18 H=  9.62 adv=+0.000 r̄=-0.645 succ=23.8% >exp= 0.0% el=1h24m eta=4h22m
  ep  1536/5000 batch  720 loss=   0.519 pol= -1.138 vL= 0.158 kl= 0.08 H=  9.35 adv=+0.000 r̄=-0.613 succ=23.8% >exp= 0.0% el=1h26m eta=3h16m
  ep  1856/5000 batch  740 loss=  -0.437 pol= -2.086 vL= 0.279 kl= 0.11 H= 10.53 adv=+0.000 r̄=-0.333 succ=23.8% >exp= 0.0% el=1h29m eta=2h31m
  ep  2176/5000 batch  760 loss=  -0.037 pol=  0.826 vL= 0.395 kl= 0.30 H=  9.71 adv=+0.000 r̄=-0.622 succ=23.8% >exp= 0.0% el=1h32m eta=1h59m
  ep  2496/5000 batch  780 loss=   0.144 pol= -0.226 vL= 0.387 kl= 0.19 H=  8.93 adv=+0.000 r̄=-0.607 succ=23.7% >exp= 0.0% el=1h34m eta=1h35m
  ep  2816/5000 batch  800 loss=  -0.034 pol= -1.407 vL= 0.615 kl= 0.14 H= 10.96 adv=-0.000 r̄=-0.521 succ=23.7% >exp= 0.0% el=1h37m eta=1h15m
  ep  3136/5000 batch  820 loss=  -0.481 pol= -1.372 vL= 0.493 kl= 0.26 H=  9.64 adv=-0.000 r̄=-0.489 succ=23.8% >exp= 0.0% el=1h40m eta=59m29s
  ep  3456/5000 batch  840 loss=   0.288 pol= -0.123 vL= 0.142 kl= 0.25 H= 13.21 adv=-0.000 r̄=-0.766 succ=23.8% >exp= 0.0% el=1h42m eta=45m54s
  ep  3776/5000 batch  860 loss=  -0.184 pol= -0.938 vL= 0.612 kl= 0.75 H=  9.79 adv=+0.000 r̄=-0.394 succ=23.9% >exp= 0.0% el=1h45m eta=34m14s
  ep  4096/5000 batch  880 loss=   0.152 pol= -0.130 vL= 0.571 kl= 0.28 H=  8.99 adv=-0.000 r̄=-0.260 succ=23.8% >exp= 0.0% el=1h48m eta=23m52s
  ep  4416/5000 batch  900 loss=   0.145 pol= -0.158 vL= 0.256 kl= 0.21 H=  6.33 adv=-0.000 r̄=-0.339 succ=23.9% >exp= 0.0% el=1h50m eta=14m36s
  ep  4736/5000 batch  920 loss=   0.672 pol=  0.129 vL= 0.114 kl= 0.08 H= 10.86 adv=+0.000 r̄=-0.869 succ=23.8% >exp= 0.0% el=1h52m eta= 6m16s
  >>> Epoch 103/120 DONE: succ=24.0% (1199/5000) mean_loss= 0.0015 mean_reward=-0.520 mean_KL=0.220 mean_H=9.29 epoch_time=40m19s

=== Epoch 104/120 — resetting substrate ===
  ep    64/5000 batch  940 loss=  -0.632 pol= -1.463 vL= 0.745 kl= 0.14 H=  7.61 adv=+0.000 r̄=-0.319 succ=24.0% >exp= 0.0% el=1h55m eta=148h19m
  ep   384/5000 batch  960 loss=   0.293 pol= -1.018 vL= 0.385 kl= 0.20 H=  8.33 adv=+0.000 r̄=-0.622 succ=24.0% >exp= 0.0% el=1h57m eta=23h35m
  ep   704/5000 batch  980 loss=  -0.453 pol=  1.077 vL= 0.212 kl= 0.10 H=  9.67 adv=-0.000 r̄=-0.729 succ=24.0% >exp= 0.0% el=2h00m eta=12h12m
  ep  1024/5000 batch 1000 loss=   0.818 pol=  2.288 vL= 0.365 kl= 0.11 H= 10.18 adv=-0.000 r̄=-0.735 succ=24.0% >exp= 0.0% el=2h02m eta=7h55m
  ep  1344/5000 batch 1020 loss=  -0.366 pol=  1.949 vL= 0.789 kl= 0.10 H=  6.16 adv=+0.000 r̄=-0.488 succ=24.0% >exp= 0.0% el=2h05m eta=5h40m
  ep  1664/5000 batch 1040 loss=  -0.462 pol=  2.143 vL= 0.588 kl= 0.16 H=  9.02 adv=-0.000 r̄=-0.603 succ=24.0% >exp= 0.0% el=2h07m eta=4h15m
  ep  1984/5000 batch 1060 loss=   0.088 pol= -0.296 vL= 0.374 kl= 0.14 H=  8.69 adv=+0.000 r̄=-0.498 succ=24.0% >exp= 0.0% el=2h09m eta=3h17m
  ep  2304/5000 batch 1080 loss=   0.154 pol= -3.159 vL= 0.389 kl= 0.17 H=  9.82 adv=-0.000 r̄=-0.231 succ=24.0% >exp= 0.0% el=2h12m eta=2h34m
  ep  2624/5000 batch 1100 loss=   0.709 pol= -0.422 vL= 0.653 kl= 0.27 H=  8.77 adv=+0.000 r̄=-0.010 succ=24.0% >exp= 0.0% el=2h14m eta=2h01m
  ep  2944/5000 batch 1120 loss=  -0.393 pol=  0.384 vL= 0.113 kl= 0.29 H=  9.77 adv=-0.000 r̄=-0.740 succ=24.0% >exp= 0.0% el=2h16m eta=1h35m
  ep  3264/5000 batch 1140 loss=  -0.098 pol=  2.001 vL= 0.395 kl= 0.24 H=  9.31 adv=+0.000 r̄=-0.756 succ=24.0% >exp= 0.0% el=2h19m eta=1h14m
  ep  3584/5000 batch 1160 loss=  -0.089 pol= -1.045 vL= 0.685 kl= 0.36 H=  8.29 adv=-0.000 r̄=-0.397 succ=24.0% >exp= 0.0% el=2h21m eta=55m55s
  ep  3904/5000 batch 1180 loss=  -0.329 pol= -1.169 vL= 0.652 kl= 0.51 H=  6.95 adv=+0.000 r̄=-0.215 succ=24.0% >exp= 0.0% el=2h23m eta=40m21s
  ep  4224/5000 batch 1200 loss=   0.696 pol= -0.176 vL= 0.439 kl= 0.75 H=  6.03 adv=+0.000 r̄=-0.464 succ=23.9% >exp= 0.0% el=2h25m eta=26m48s
  ep  4544/5000 batch 1220 loss=   0.003 pol= -0.599 vL= 0.418 kl= 0.62 H=  7.28 adv=-0.000 r̄=-0.159 succ=24.0% >exp= 0.0% el=2h28m eta=14m51s
  ep  4864/5000 batch 1240 loss=   0.267 pol= -0.471 vL= 0.373 kl= 0.37 H=  7.74 adv=+0.000 r̄=-0.607 succ=23.9% >exp= 0.0% el=2h30m eta= 4m12s
  >>> Epoch 104/120 DONE: succ=24.2% (1210/5000) mean_loss= 0.0337 mean_reward=-0.513 mean_KL=0.304 mean_H=8.28 epoch_time=36m42s

=== Epoch 105/120 — resetting substrate ===
  ep   192/5000 batch 1260 loss=  -0.247 pol=  2.562 vL= 0.663 kl= 0.43 H=  7.19 adv=-0.000 r̄=-0.639 succ=24.0% >exp= 0.0% el=2h32m eta=63h50m
  ep   512/5000 batch 1280 loss=   0.365 pol= -0.574 vL= 0.765 kl= 0.28 H=  6.11 adv=+0.000 r̄=-0.244 succ=24.0% >exp= 0.0% el=2h35m eta=22h41m
  ep   832/5000 batch 1300 loss=   0.160 pol= -1.598 vL= 0.482 kl= 0.33 H=  8.23 adv=-0.000 r̄=-0.369 succ=23.9% >exp= 0.0% el=2h37m eta=13h08m
  ep  1152/5000 batch 1320 loss=  -0.501 pol= -1.028 vL= 0.478 kl= 0.31 H=  8.63 adv=-0.000 r̄=-0.532 succ=23.9% >exp= 0.0% el=2h39m eta=8h53m
  ep  1472/5000 batch 1340 loss=  -0.204 pol=  0.734 vL= 0.433 kl= 0.15 H=  8.22 adv=-0.000 r̄=-0.760 succ=23.9% >exp= 0.0% el=2h42m eta=6h28m
  ep  1792/5000 batch 1360 loss=   0.493 pol= -1.685 vL= 0.453 kl= 0.14 H=  8.08 adv=-0.000 r̄=-0.467 succ=23.9% >exp= 0.0% el=2h44m eta=4h54m
  ep  2112/5000 batch 1380 loss=  -0.221 pol= -0.121 vL= 0.494 kl= 0.32 H=  6.35 adv=+0.000 r̄=-0.507 succ=23.9% >exp= 0.0% el=2h47m eta=3h48m
  ep  2432/5000 batch 1400 loss=  -0.336 pol= -1.771 vL= 0.457 kl= 0.24 H= 12.12 adv=+0.000 r̄=-0.604 succ=23.9% >exp= 0.0% el=2h49m eta=2h59m
  ep  2752/5000 batch 1420 loss=   0.570 pol=  0.802 vL= 0.755 kl= 0.19 H=  6.64 adv=+0.000 r̄=-0.517 succ=23.9% >exp= 0.0% el=2h52m eta=2h20m
  ep  3072/5000 batch 1440 loss=   0.361 pol= -1.387 vL= 0.413 kl= 0.23 H=  7.71 adv=-0.000 r̄=-0.728 succ=23.9% >exp= 0.0% el=2h54m eta=1h49m
  ep  3392/5000 batch 1460 loss=  -0.403 pol=  0.524 vL= 0.541 kl= 0.29 H=  6.08 adv=+0.000 r̄=-0.462 succ=23.9% >exp= 0.0% el=2h57m eta=1h24m
  ep  3712/5000 batch 1480 loss=   0.458 pol= -0.635 vL= 0.450 kl= 0.23 H=  8.72 adv=+0.000 r̄=-0.350 succ=23.9% >exp= 0.0% el=3h00m eta=1h02m
  ep  4032/5000 batch 1500 loss=   0.443 pol=  0.516 vL= 0.552 kl= 0.36 H=  5.51 adv=-0.000 r̄=-0.533 succ=23.9% >exp= 0.0% el=3h02m eta=43m50s
  ep  4352/5000 batch 1520 loss=   0.048 pol=  2.295 vL= 0.186 kl= 0.15 H=  9.97 adv=+0.000 r̄=-0.748 succ=23.9% >exp= 0.0% el=3h05m eta=27m34s
  ep  4672/5000 batch 1540 loss=  -0.207 pol=  1.046 vL= 0.646 kl= 0.44 H=  4.70 adv=+0.000 r̄=-0.461 succ=23.9% >exp= 0.0% el=3h07m eta=13m11s
  ep  4992/5000 batch 1560 loss=  -0.140 pol=  2.611 vL= 0.549 kl= 0.20 H=  8.51 adv=+0.000 r̄=-0.517 succ=23.9% >exp= 0.0% el=3h10m eta=  18s
  >>> Epoch 105/120 DONE: succ=23.8% (1189/5000) mean_loss= 0.0520 mean_reward=-0.522 mean_KL=0.305 mean_H=8.10 epoch_time=39m17s

=== Epoch 106/120 — resetting substrate ===
  ep   320/5000 batch 1580 loss=  -0.073 pol= -0.485 vL= 0.535 kl= 0.20 H=  5.90 adv=-0.000 r̄=-0.210 succ=24.0% >exp= 0.0% el=3h13m eta=47h10m
  ep   640/5000 batch 1600 loss=   0.582 pol= -0.801 vL= 0.451 kl= 0.43 H=  6.46 adv=+0.000 r̄=-0.369 succ=23.9% >exp= 0.0% el=3h16m eta=22h16m
  ep   960/5000 batch 1620 loss=  -0.262 pol= -1.684 vL= 0.281 kl= 0.45 H=  8.14 adv=+0.000 r̄=-0.240 succ=24.0% >exp= 0.0% el=3h18m eta=13h57m
  ep  1280/5000 batch 1640 loss=   0.254 pol= -0.875 vL= 0.338 kl= 0.40 H= 10.92 adv=+0.000 r̄=-0.632 succ=23.9% >exp= 0.0% el=3h21m eta=9h45m
  ep  1600/5000 batch 1660 loss=  -0.915 pol= -0.658 vL= 0.508 kl= 0.33 H=  8.55 adv=+0.000 r̄=-0.739 succ=23.9% >exp= 0.0% el=3h24m eta=7h13m
  ep  1920/5000 batch 1680 loss=   0.332 pol= -0.530 vL= 0.460 kl= 0.39 H=  6.00 adv=+0.000 r̄=-0.107 succ=24.0% >exp= 0.0% el=3h26m eta=5h31m
  ep  2240/5000 batch 1700 loss=   0.342 pol= -0.936 vL= 0.546 kl= 0.38 H=  7.49 adv=+0.000 r̄=-0.639 succ=23.9% >exp= 0.0% el=3h29m eta=4h18m
  ep  2560/5000 batch 1720 loss=  -0.482 pol= -1.763 vL= 0.361 kl= 0.28 H= 13.06 adv=+0.000 r̄=-0.761 succ=23.9% >exp= 0.0% el=3h32m eta=3h22m
  ep  2880/5000 batch 1740 loss=  -0.278 pol=  1.296 vL= 0.153 kl= 0.19 H=  9.82 adv=+0.000 r̄=-0.748 succ=23.9% >exp= 0.0% el=3h35m eta=2h38m
  ep  3200/5000 batch 1760 loss=  -0.255 pol= -1.132 vL= 0.586 kl= 0.31 H=  8.50 adv=-0.000 r̄=-0.540 succ=24.0% >exp= 0.0% el=3h37m eta=2h02m
  ep  3520/5000 batch 1780 loss=   0.950 pol= -0.840 vL= 0.541 kl= 0.32 H=  6.40 adv=+0.000 r̄=-0.342 succ=24.0% >exp= 0.0% el=3h40m eta=1h32m
  ep  3840/5000 batch 1800 loss=  -0.507 pol=  1.563 vL= 0.209 kl= 0.19 H=  9.55 adv=-0.000 r̄=-0.872 succ=23.9% >exp= 0.0% el=3h43m eta=1h07m
  ep  4160/5000 batch 1820 loss=   0.125 pol=  0.995 vL= 0.341 kl= 0.17 H=  8.78 adv=-0.000 r̄=-0.730 succ=23.9% >exp= 0.0% el=3h45m eta=45m36s
  ep  4480/5000 batch 1840 loss=   0.811 pol=  0.574 vL= 0.710 kl= 0.29 H=  6.17 adv=-0.000 r̄=-0.350 succ=24.0% >exp= 0.0% el=3h48m eta=26m29s
  ep  4800/5000 batch 1860 loss=  -0.229 pol= -2.692 vL= 0.610 kl= 0.29 H= 11.98 adv=+0.000 r̄=-0.541 succ=23.9% >exp= 0.0% el=3h50m eta= 9m36s
  >>> Epoch 106/120 DONE: succ=24.0% (1201/5000) mean_loss= 0.0064 mean_reward=-0.519 mean_KL=0.279 mean_H=9.07 epoch_time=41m30s

=== Epoch 107/120 — resetting substrate ===
  ep   128/5000 batch 1880 loss=  -0.266 pol=  1.099 vL= 0.803 kl= 0.36 H=  8.80 adv=+0.000 r̄=-0.547 succ=24.0% >exp= 0.0% el=3h53m eta=148h02m
  ep   448/5000 batch 1900 loss=  -0.244 pol= -0.507 vL= 0.846 kl= 0.21 H=  6.99 adv=-0.000 r̄=-0.378 succ=24.0% >exp= 0.0% el=3h56m eta=39h59m
  ep   768/5000 batch 1920 loss=   0.143 pol=  0.424 vL= 0.276 kl= 0.22 H=  7.60 adv=+0.000 r̄=-0.613 succ=24.0% >exp= 0.0% el=3h58m eta=21h55m
  ep  1088/5000 batch 1940 loss=  -0.558 pol= -0.357 vL= 0.471 kl= 0.42 H=  4.59 adv=+0.000 r̄=-0.336 succ=24.0% >exp= 0.0% el=4h01m eta=14h27m
  ep  1408/5000 batch 1960 loss=   0.299 pol=  2.155 vL= 0.331 kl= 0.27 H=  7.14 adv=-0.000 r̄=-0.873 succ=24.0% >exp= 0.0% el=4h03m eta=10h22m
  ep  1728/5000 batch 1980 loss=  -0.096 pol= -0.720 vL= 0.566 kl= 0.20 H=  7.55 adv=-0.000 r̄=-0.178 succ=24.0% >exp= 0.0% el=4h06m eta=7h46m
  ep  2048/5000 batch 2000 loss=  -0.370 pol=  0.419 vL= 0.542 kl= 0.40 H=  4.53 adv=+0.000 r̄=-0.638 succ=24.0% >exp= 0.0% el=4h09m eta=5h59m
  ep  2368/5000 batch 2020 loss=  -0.158 pol=  1.596 vL= 0.730 kl= 0.23 H=  8.10 adv=+0.000 r̄=-0.503 succ=24.0% >exp= 0.0% el=4h11m eta=4h39m
  ep  2688/5000 batch 2040 loss=   0.961 pol= -0.958 vL= 0.550 kl= 0.17 H=  6.93 adv=-0.000 r̄=-0.261 succ=24.0% >exp= 0.0% el=4h14m eta=3h38m
  ep  3008/5000 batch 2060 loss=   0.119 pol= -0.557 vL= 0.250 kl= 0.31 H=  6.14 adv=+0.000 r̄=-0.251 succ=24.0% >exp= 0.0% el=4h17m eta=2h50m
  ep  3328/5000 batch 2080 loss=   0.104 pol=  1.046 vL= 0.202 kl= 0.30 H=  6.99 adv=+0.000 r̄=-0.671 succ=24.0% >exp= 0.0% el=4h19m eta=2h10m
  ep  3648/5000 batch 2100 loss=   0.156 pol= -1.052 vL= 0.258 kl= 0.33 H=  7.44 adv=-0.000 r̄=-0.312 succ=24.0% >exp= 0.0% el=4h22m eta=1h37m
  ep  3968/5000 batch 2120 loss=   0.250 pol=  0.205 vL= 0.771 kl= 0.44 H=  4.18 adv=+0.000 r̄=-0.358 succ=24.0% >exp= 0.0% el=4h24m eta=1h08m
  ep  4288/5000 batch 2140 loss=  -0.485 pol= -3.258 vL= 0.262 kl= 0.26 H=  7.91 adv=+0.000 r̄=-0.437 succ=24.0% >exp= 0.0% el=4h27m eta=44m24s
  ep  4608/5000 batch 2160 loss=   0.395 pol=  0.383 vL= 0.351 kl= 0.24 H=  9.20 adv=+0.000 r̄=-0.640 succ=24.0% >exp= 0.0% el=4h29m eta=22m56s
  ep  4928/5000 batch 2180 loss=  -0.470 pol= -0.904 vL= 0.392 kl= 0.84 H= 10.08 adv=+0.000 r̄=-0.395 succ=23.9% >exp= 0.0% el=4h32m eta= 3m58s
  >>> Epoch 107/120 DONE: succ=24.1% (1203/5000) mean_loss=-0.0006 mean_reward=-0.518 mean_KL=0.308 mean_H=7.54 epoch_time=40m24s

=== Epoch 108/120 — resetting substrate ===
  ep   256/5000 batch 2200 loss=  -0.284 pol= -0.924 vL= 0.454 kl= 0.60 H= 11.05 adv=+0.000 r̄=-0.654 succ=24.0% >exp= 0.0% el=4h34m eta=84h54m
  ep   576/5000 batch 2220 loss=   0.275 pol= -0.280 vL= 0.624 kl= 0.31 H=  7.60 adv=-0.000 r̄=-0.379 succ=24.0% >exp= 0.0% el=4h37m eta=35h30m
  ep   896/5000 batch 2240 loss=   0.357 pol= -3.129 vL= 0.511 kl= 0.39 H=  9.68 adv=-0.000 r̄=-0.390 succ=24.0% >exp= 0.0% el=4h39m eta=21h20m
  ep  1216/5000 batch 2260 loss=   0.675 pol=  1.164 vL= 0.506 kl= 0.42 H=  6.45 adv=+0.000 r̄=-0.627 succ=24.0% >exp= 0.0% el=4h42m eta=14h38m
  ep  1536/5000 batch 2280 loss=   0.002 pol= -0.389 vL= 0.849 kl= 0.19 H=  7.42 adv=-0.000 r̄=-0.392 succ=24.0% >exp= 0.0% el=4h44m eta=10h42m
  ep  1856/5000 batch 2300 loss=   0.136 pol=  2.262 vL= 0.372 kl= 0.34 H=  7.83 adv=-0.000 r̄=-0.748 succ=24.0% >exp= 0.0% el=4h47m eta=8h06m
  ep  2176/5000 batch 2320 loss=  -0.256 pol=  0.543 vL= 0.405 kl= 0.24 H=  9.61 adv=+0.000 r̄=-0.783 succ=24.0% >exp= 0.0% el=4h49m eta=6h15m
  ep  2496/5000 batch 2340 loss=   0.083 pol= -1.170 vL= 0.446 kl= 0.28 H=  7.68 adv=-0.000 r̄=-0.350 succ=24.0% >exp= 0.0% el=4h51m eta=4h52m
  ep  2816/5000 batch 2360 loss=   0.291 pol=  2.246 vL= 0.121 kl= 0.28 H= 10.02 adv=-0.000 r̄=-0.861 succ=24.0% >exp= 0.0% el=4h54m eta=3h48m
  ep  3136/5000 batch 2380 loss=  -0.417 pol= -0.065 vL= 0.358 kl= 0.15 H=  9.27 adv=+0.000 r̄=-0.617 succ=24.0% >exp= 0.0% el=4h56m eta=2h56m
  ep  3456/5000 batch 2400 loss=   0.579 pol=  2.968 vL= 0.170 kl= 0.23 H= 14.00 adv=-0.000 r̄=-0.896 succ=24.0% >exp= 0.0% el=4h58m eta=2h13m
  ep  3776/5000 batch 2420 loss=   0.173 pol=  2.086 vL= 0.675 kl= 0.16 H=  9.95 adv=+0.000 r̄=-0.642 succ=24.0% >exp= 0.0% el=5h01m eta=1h37m
  ep  4096/5000 batch 2440 loss=   0.515 pol=  0.722 vL= 0.419 kl= 0.24 H=  9.20 adv=-0.000 r̄=-0.387 succ=24.0% >exp= 0.0% el=5h03m eta=1h07m
  ep  4416/5000 batch 2460 loss=   0.123 pol=  0.632 vL= 0.527 kl= 0.33 H=  6.28 adv=-0.000 r̄=-0.632 succ=24.0% >exp= 0.0% el=5h05m eta=40m27s
  ep  4736/5000 batch 2480 loss=  -0.188 pol=  2.022 vL= 0.293 kl= 0.43 H= 11.24 adv=+0.000 r̄=-0.884 succ=24.0% >exp= 0.0% el=5h08m eta=17m10s
  >>> Epoch 108/120 DONE: succ=24.6% (1232/5000) mean_loss= 0.1261 mean_reward=-0.506 mean_KL=0.333 mean_H=8.55 epoch_time=37m33s

=== Epoch 109/120 — resetting substrate ===
  ep    64/5000 batch 2500 loss=  -0.145 pol= -1.647 vL= 0.518 kl= 0.62 H=  8.13 adv=-0.000 r̄=-0.105 succ=24.1% >exp= 0.0% el=5h10m eta=399h32m
  ep   384/5000 batch 2520 loss=   0.473 pol=  0.626 vL= 0.308 kl= 0.48 H=  8.79 adv=+0.000 r̄=-0.420 succ=24.1% >exp= 0.0% el=5h13m eta=62h44m
  ep   704/5000 batch 2540 loss=   0.400 pol=  3.632 vL= 0.490 kl= 0.15 H= 10.42 adv=+0.000 r̄=-0.512 succ=24.1% >exp= 0.0% el=5h15m eta=32h05m
  ep  1024/5000 batch 2560 loss=  -0.713 pol=  0.236 vL= 0.484 kl= 0.23 H= 10.69 adv=+0.000 r̄=-0.434 succ=24.1% >exp= 0.0% el=5h17m eta=20h34m
  ep  1344/5000 batch 2580 loss=  -0.063 pol= -1.074 vL= 0.494 kl= 0.54 H=  7.44 adv=-0.000 r̄=-0.207 succ=24.1% >exp= 0.0% el=5h20m eta=14h31m
  ep  1664/5000 batch 2600 loss=   0.284 pol=  0.422 vL= 0.592 kl= 0.42 H=  9.44 adv=-0.000 r̄=-0.263 succ=24.1% >exp= 0.0% el=5h22m eta=10h47m
  ep  1984/5000 batch 2620 loss=  -0.327 pol= -2.584 vL= 0.316 kl= 0.21 H= 10.47 adv=+0.000 r̄=-0.626 succ=24.0% >exp= 0.0% el=5h25m eta=8h14m
  ep  2304/5000 batch 2640 loss=  -0.362 pol=  1.175 vL= 0.397 kl= 0.19 H= 11.15 adv=+0.000 r̄=-0.515 succ=24.0% >exp= 0.0% el=5h27m eta=6h22m
  ep  2624/5000 batch 2660 loss=   0.773 pol= -2.087 vL= 0.472 kl= 0.68 H=  9.71 adv=+0.000 r̄=-0.373 succ=24.0% >exp= 0.0% el=5h29m eta=4h58m
  ep  2944/5000 batch 2680 loss=   0.391 pol=  3.094 vL= 0.229 kl= 0.46 H= 10.48 adv=+0.000 r̄=-0.898 succ=24.0% >exp= 0.0% el=5h32m eta=3h52m
  ep  3264/5000 batch 2700 loss=  -0.047 pol= -0.042 vL= 0.186 kl= 0.21 H=  9.85 adv=-0.000 r̄=-0.632 succ=24.0% >exp= 0.0% el=5h34m eta=2h57m
  ep  3584/5000 batch 2720 loss=   0.893 pol=  0.034 vL= 0.350 kl= 0.19 H=  8.45 adv=+0.000 r̄=-0.606 succ=24.0% >exp= 0.0% el=5h37m eta=2h13m
  ep  3904/5000 batch 2740 loss=  -0.301 pol= -0.663 vL= 0.785 kl= 0.16 H=  6.58 adv=+0.000 r̄=-0.358 succ=24.0% >exp= 0.0% el=5h39m eta=1h35m
  ep  4224/5000 batch 2760 loss=   0.386 pol=  1.300 vL= 0.567 kl= 0.22 H=  8.52 adv=+0.000 r̄=-0.455 succ=24.0% >exp= 0.0% el=5h41m eta=1h02m
  ep  4544/5000 batch 2780 loss=   0.032 pol=  0.361 vL= 0.255 kl= 0.25 H= 10.05 adv=+0.000 r̄=-0.493 succ=24.1% >exp= 0.0% el=5h44m eta=34m31s
  ep  4864/5000 batch 2800 loss=  -0.796 pol=  3.253 vL= 0.371 kl= 0.34 H=  9.76 adv=+0.000 r̄=-0.894 succ=24.1% >exp= 0.0% el=5h46m eta= 9m41s
  >>> Epoch 109/120 DONE: succ=24.3% (1214/5000) mean_loss= 0.1012 mean_reward=-0.514 mean_KL=0.345 mean_H=9.36 epoch_time=37m11s

=== Epoch 110/120 — resetting substrate ===
  ep   192/5000 batch 2820 loss=   0.845 pol=  4.693 vL= 0.353 kl= 0.15 H=  7.33 adv=+0.000 r̄=-1.000 succ=24.1% >exp= 0.0% el=5h48m eta=145h33m
  ep   512/5000 batch 2840 loss=  -0.167 pol= -0.898 vL= 0.499 kl= 0.28 H=  7.48 adv=-0.000 r̄=-0.419 succ=24.1% >exp= 0.0% el=5h51m eta=51h17m
  ep   832/5000 batch 2860 loss=   0.886 pol= -1.088 vL= 0.328 kl= 0.21 H=  9.78 adv=+0.000 r̄=-0.621 succ=24.0% >exp= 0.0% el=5h53m eta=29h29m
  ep  1152/5000 batch 2880 loss=  -0.695 pol= -1.848 vL= 0.375 kl= 0.23 H=  9.27 adv=+0.000 r̄=-0.488 succ=24.1% >exp= 0.0% el=5h55m eta=19h47m
  ep  1472/5000 batch 2900 loss=   0.079 pol=  0.686 vL= 0.511 kl= 0.18 H=  8.53 adv=+0.000 r̄=-0.614 succ=24.1% >exp= 0.0% el=5h58m eta=14h18m
  ep  1792/5000 batch 2920 loss=   0.228 pol= -0.009 vL= 0.316 kl= 0.24 H=  7.34 adv=+0.000 r̄=-0.592 succ=24.1% >exp= 0.0% el=6h00m eta=10h45m
  ep  2112/5000 batch 2940 loss=   0.815 pol=  0.278 vL= 0.509 kl= 0.33 H=  5.28 adv=-0.000 r̄=-0.768 succ=24.0% >exp= 0.0% el=6h02m eta=8h16m
  ep  2432/5000 batch 2960 loss=  -0.157 pol=  1.362 vL= 0.498 kl= 0.17 H= 11.61 adv=-0.000 r̄=-0.654 succ=24.0% >exp= 0.0% el=6h04m eta=6h25m
  ep  2752/5000 batch 2980 loss=  -0.368 pol= -0.163 vL= 0.625 kl= 0.50 H=  6.99 adv=+0.000 r̄=-0.350 succ=24.0% >exp= 0.0% el=6h07m eta=4h59m
  ep  3072/5000 batch 3000 loss=   0.063 pol= -0.873 vL= 0.672 kl= 0.27 H=  7.61 adv=+0.000 r̄=-0.479 succ=24.0% >exp= 0.0% el=6h09m eta=3h51m
  ep  3392/5000 batch 3020 loss=   0.005 pol=  0.076 vL= 0.533 kl= 0.20 H=  5.97 adv=+0.000 r̄=-0.463 succ=24.0% >exp= 0.0% el=6h11m eta=2h56m
  ep  3712/5000 batch 3040 loss=   0.338 pol=  5.019 vL= 0.214 kl= 0.10 H=  9.64 adv=+0.000 r̄=-1.000 succ=24.0% >exp= 0.0% el=6h14m eta=2h09m
  ep  4032/5000 batch 3060 loss=  -0.282 pol= -0.393 vL= 0.579 kl= 0.24 H=  6.38 adv=+0.000 r̄=-0.163 succ=24.0% >exp= 0.0% el=6h16m eta=1h30m
  ep  4352/5000 batch 3080 loss=  -0.207 pol=  5.554 vL= 0.129 kl= 0.23 H= 12.41 adv=-0.000 r̄=-1.000 succ=24.0% >exp= 0.0% el=6h18m eta=56m21s
  ep  4672/5000 batch 3100 loss=   0.323 pol=  0.846 vL= 0.909 kl= 0.30 H=  4.99 adv=+0.000 r̄=-0.490 succ=24.0% >exp= 0.0% el=6h20m eta=26m43s
  ep  4992/5000 batch 3120 loss=   0.025 pol=  0.069 vL= 0.385 kl= 0.11 H=  8.88 adv=+0.000 r̄=-0.527 succ=24.0% >exp= 0.0% el=6h22m eta=  37s
  >>> Epoch 110/120 DONE: succ=23.3% (1164/5000) mean_loss= 0.0778 mean_reward=-0.533 mean_KL=0.224 mean_H=8.64 epoch_time=35m33s

=== Epoch 111/120 — resetting substrate ===
  ep   320/5000 batch 3140 loss=   0.342 pol= -0.972 vL= 0.580 kl= 0.48 H=  6.51 adv=+0.000 r̄=-0.323 succ=24.0% >exp= 0.0% el=6h25m eta=94h00m
  ep   640/5000 batch 3160 loss=   0.231 pol= -1.468 vL= 0.645 kl= 0.45 H=  7.63 adv=+0.000 r̄=-0.367 succ=24.0% >exp= 0.0% el=6h27m eta=44h02m
  ep   960/5000 batch 3180 loss=  -0.189 pol= -2.811 vL= 0.476 kl= 0.25 H=  7.98 adv=-0.000 r̄=-0.244 succ=24.0% >exp= 0.0% el=6h30m eta=27h22m
  ep  1280/5000 batch 3200 loss=   0.855 pol=  2.075 vL= 0.361 kl= 0.14 H=  9.39 adv=-0.000 r̄=-0.788 succ=24.0% >exp= 0.0% el=6h32m eta=19h01m
  ep  1600/5000 batch 3220 loss=  -0.087 pol=  0.315 vL= 0.595 kl= 0.44 H=  7.36 adv=+0.000 r̄=-0.510 succ=24.0% >exp= 0.0% el=6h34m eta=13h59m
  ep  1920/5000 batch 3240 loss=   0.363 pol= -0.728 vL= 0.687 kl= 0.37 H=  6.51 adv=+0.000 r̄=-0.382 succ=24.0% >exp= 0.0% el=6h37m eta=10h37m
  ep  2240/5000 batch 3260 loss=   0.369 pol=  0.110 vL= 0.423 kl= 0.19 H=  6.99 adv=-0.000 r̄=-0.351 succ=24.0% >exp= 0.0% el=6h39m eta=8h12m
  ep  2560/5000 batch 3280 loss=   0.202 pol= -0.537 vL= 0.265 kl= 0.15 H= 11.84 adv=+0.000 r̄=-0.628 succ=24.0% >exp= 0.0% el=6h41m eta=6h22m
  ep  2880/5000 batch 3300 loss=   0.111 pol= -1.577 vL= 0.588 kl= 0.20 H=  9.39 adv=+0.000 r̄=-0.497 succ=24.0% >exp= 0.0% el=6h44m eta=4h57m
  ep  3200/5000 batch 3320 loss=  -0.653 pol= -1.687 vL= 0.498 kl= 0.21 H=  9.99 adv=+0.000 r̄=-0.531 succ=24.0% >exp= 0.0% el=6h46m eta=3h48m
  ep  3520/5000 batch 3340 loss=   0.532 pol= -0.004 vL= 0.732 kl= 0.16 H=  4.89 adv=-0.000 r̄=-0.603 succ=24.0% >exp= 0.0% el=6h48m eta=2h51m
  ep  3840/5000 batch 3360 loss=   0.274 pol=  0.484 vL= 0.248 kl= 0.44 H=  9.17 adv=+0.000 r̄=-0.877 succ=24.0% >exp= 0.0% el=6h51m eta=2h04m
  ep  4160/5000 batch 3380 loss=   0.322 pol=  0.212 vL= 0.490 kl= 0.16 H=  7.77 adv=-0.000 r̄=-0.610 succ=24.0% >exp= 0.0% el=6h53m eta=1h23m
  ep  4480/5000 batch 3400 loss=  -0.455 pol= -0.583 vL= 0.699 kl= 0.14 H=  5.45 adv=+0.000 r̄=-0.375 succ=24.0% >exp= 0.0% el=6h55m eta=48m12s
  ep  4800/5000 batch 3420 loss=   0.280 pol= -4.041 vL= 0.467 kl= 0.47 H= 11.36 adv=+0.000 r̄=-0.495 succ=24.0% >exp= 0.0% el=6h57m eta=17m23s
  >>> Epoch 111/120 DONE: succ=24.1% (1207/5000) mean_loss= 0.1356 mean_reward=-0.514 mean_KL=0.275 mean_H=8.63 epoch_time=35m42s

=== Epoch 112/120 — resetting substrate ===
  ep   128/5000 batch 3440 loss=  -0.665 pol=  3.141 vL= 0.521 kl= 0.37 H=  9.29 adv=+0.000 r̄=-0.656 succ=24.0% >exp= 0.0% el=6h59m eta=266h14m
  ep   448/5000 batch 3460 loss=  -0.258 pol=  0.622 vL= 0.695 kl= 0.31 H=  7.41 adv=-0.000 r̄=-0.377 succ=24.0% >exp= 0.0% el=7h02m eta=71h29m
  ep   768/5000 batch 3480 loss=   0.431 pol=  0.529 vL= 0.086 kl= 0.42 H= 10.98 adv=+0.000 r̄=-0.748 succ=24.0% >exp= 0.0% el=7h04m eta=38h58m
  ep  1088/5000 batch 3500 loss=   0.147 pol=  0.736 vL= 0.647 kl= 0.68 H=  6.11 adv=+0.000 r̄=-0.482 succ=24.0% >exp= 0.0% el=7h06m eta=25h33m
  ep  1408/5000 batch 3520 loss=   0.130 pol=  1.727 vL= 0.235 kl= 0.52 H=  9.55 adv=-0.000 r̄=-0.881 succ=24.0% >exp= 0.0% el=7h09m eta=18h15m
  ep  1728/5000 batch 3540 loss=  -0.321 pol= -3.231 vL= 0.561 kl= 0.88 H=  9.98 adv=+0.000 r̄=-0.048 succ=24.0% >exp= 0.0% el=7h12m eta=13h39m
  ep  2048/5000 batch 3560 loss=  -0.224 pol= -0.059 vL= 0.786 kl= 0.81 H=  4.75 adv=+0.000 r̄=-0.379 succ=24.0% >exp= 0.0% el=7h15m eta=10h27m
  ep  2368/5000 batch 3580 loss=  -0.547 pol= -2.160 vL= 0.672 kl= 0.37 H=  8.68 adv=+0.000 r̄=-0.369 succ=24.0% >exp= 0.0% el=7h18m eta=8h07m
  ep  2688/5000 batch 3600 loss=  -0.293 pol= -2.316 vL= 0.312 kl= 0.23 H=  8.10 adv=+0.000 r̄=-0.232 succ=24.0% >exp= 0.0% el=7h20m eta=6h18m
  ep  3008/5000 batch 3620 loss=   0.139 pol= -0.331 vL= 0.280 kl= 0.39 H=  7.97 adv=-0.000 r̄=-0.588 succ=24.0% >exp= 0.0% el=7h22m eta=4h53m
  ep  3328/5000 batch 3640 loss=   0.341 pol=  0.794 vL= 0.147 kl= 0.21 H=  7.65 adv=+0.000 r̄=-0.648 succ=24.0% >exp= 0.0% el=7h24m eta=3h43m
  ep  3648/5000 batch 3660 loss=   0.053 pol= -0.015 vL= 0.421 kl= 0.31 H=  8.70 adv=+0.000 r̄=-0.402 succ=24.0% >exp= 0.0% el=7h27m eta=2h45m
  ep  3968/5000 batch 3680 loss=   0.236 pol= -0.544 vL= 1.017 kl= 0.50 H=  4.83 adv=+0.000 r̄=-0.339 succ=24.1% >exp= 0.0% el=7h29m eta=1h56m
  ep  4288/5000 batch 3700 loss=   0.038 pol=  0.094 vL= 0.311 kl= 0.14 H=  8.54 adv=+0.000 r̄=-0.763 succ=24.1% >exp= 0.0% el=7h31m eta=1h14m
  ep  4608/5000 batch 3720 loss=   0.312 pol= -1.162 vL= 0.316 kl= 0.17 H= 10.38 adv=-0.000 r̄=-0.621 succ=24.1% >exp= 0.0% el=7h33m eta=38m35s
  ep  4928/5000 batch 3740 loss=  -0.078 pol=  0.339 vL= 0.312 kl= 0.16 H=  9.82 adv=+0.000 r̄=-0.489 succ=24.0% >exp= 0.0% el=7h35m eta= 6m39s
  >>> Epoch 112/120 DONE: succ=24.4% (1220/5000) mean_loss=-0.0123 mean_reward=-0.511 mean_KL=0.369 mean_H=8.48 epoch_time=37m34s

=== Epoch 113/120 — resetting substrate ===
  ep   256/5000 batch 3760 loss=  -0.131 pol= -0.585 vL= 0.164 kl= 0.16 H=  9.81 adv=+0.000 r̄=-0.758 succ=24.1% >exp= 0.0% el=7h38m eta=141h31m
  ep   576/5000 batch 3780 loss=  -0.158 pol=  1.359 vL= 0.299 kl= 0.32 H=  7.32 adv=+0.000 r̄=-0.649 succ=24.1% >exp= 0.0% el=7h40m eta=58h58m
  ep   896/5000 batch 3800 loss=   0.497 pol=  1.384 vL= 0.471 kl= 0.14 H=  9.93 adv=-0.000 r̄=-0.759 succ=24.0% >exp= 0.0% el=7h43m eta=35h21m
  ep  1216/5000 batch 3820 loss=   0.366 pol=  0.952 vL= 0.463 kl= 0.19 H=  7.79 adv=-0.000 r̄=-0.615 succ=24.0% >exp= 0.0% el=7h45m eta=24h08m
  ep  1536/5000 batch 3840 loss=   0.310 pol= -2.279 vL= 0.471 kl= 0.09 H=  8.00 adv=-0.000 r̄=-0.365 succ=24.0% >exp= 0.0% el=7h48m eta=17h35m
  ep  1856/5000 batch 3860 loss=   0.561 pol= -2.392 vL= 0.306 kl= 0.20 H= 10.78 adv=+0.000 r̄=-0.469 succ=24.0% >exp= 0.0% el=7h50m eta=13h16m
  ep  2176/5000 batch 3880 loss=  -0.279 pol= -2.577 vL= 0.723 kl= 0.21 H= 10.45 adv=+0.000 r̄=-0.402 succ=24.0% >exp= 0.0% el=7h52m eta=10h13m
  ep  2496/5000 batch 3900 loss=   0.107 pol= -1.090 vL= 0.303 kl= 0.17 H=  7.80 adv=-0.000 r̄=-0.494 succ=24.0% >exp= 0.0% el=7h54m eta=7h56m
  ep  2816/5000 batch 3920 loss=   0.843 pol= -1.245 vL= 0.501 kl= 0.11 H=  8.99 adv=+0.000 r̄=-0.386 succ=24.0% >exp= 0.0% el=7h56m eta=6h09m
  ep  3136/5000 batch 3940 loss=   0.201 pol= -0.184 vL= 0.265 kl= 0.29 H=  7.80 adv=+0.000 r̄=-0.727 succ=24.0% >exp= 0.0% el=7h59m eta=4h44m
  ep  3456/5000 batch 3960 loss=  -0.095 pol= -0.272 vL= 0.227 kl= 0.25 H= 11.99 adv=-0.000 r̄=-0.509 succ=24.0% >exp= 0.0% el=8h01m eta=3h35m
  ep  3776/5000 batch 3980 loss=   0.011 pol= -2.693 vL= 0.808 kl= 0.19 H=  9.29 adv=+0.000 r̄=-0.276 succ=24.0% >exp= 0.0% el=8h03m eta=2h36m
  ep  4096/5000 batch 4000 loss=  -0.871 pol=  2.534 vL= 0.467 kl= 0.15 H=  8.92 adv=-0.000 r̄=-0.426 succ=24.0% >exp= 0.0% el=8h05m eta=1h47m
  ep  4416/5000 batch 4020 loss=   0.865 pol=  0.012 vL= 0.389 kl= 0.17 H=  6.26 adv=-0.000 r̄=-0.483 succ=24.0% >exp= 0.0% el=8h07m eta=1h04m
  ep  4736/5000 batch 4040 loss=   0.345 pol= -0.397 vL= 0.517 kl= 0.31 H=  8.84 adv=+0.000 r̄=-0.613 succ=24.0% >exp= 0.0% el=8h10m eta=27m20s
  >>> Epoch 113/120 DONE: succ=23.9% (1193/5000) mean_loss= 0.1491 mean_reward=-0.522 mean_KL=0.204 mean_H=8.28 epoch_time=36m02s

=== Epoch 114/120 — resetting substrate ===
  ep    64/5000 batch 4060 loss=  -0.507 pol= -2.665 vL= 0.676 kl= 0.13 H=  7.06 adv=-0.000 r̄=-0.130 succ=24.0% >exp= 0.0% el=8h12m eta=633h33m
  ep   384/5000 batch 4080 loss=   0.464 pol=  2.502 vL= 0.638 kl= 0.34 H=  7.24 adv=-0.000 r̄=-0.653 succ=24.0% >exp= 0.0% el=8h15m eta=99h12m
  ep   704/5000 batch 4100 loss=  -0.641 pol=  0.156 vL= 0.192 kl= 0.13 H=  8.93 adv=-0.000 r̄=-0.493 succ=24.0% >exp= 0.0% el=8h17m eta=50h36m
  ep  1024/5000 batch 4120 loss=  -0.379 pol=  0.668 vL= 0.572 kl= 0.13 H=  9.23 adv=-0.000 r̄=-0.625 succ=24.0% >exp= 0.0% el=8h19m eta=32h20m
  ep  1344/5000 batch 4140 loss=   0.672 pol=  2.346 vL= 0.965 kl= 0.14 H=  6.30 adv=+0.000 r̄=-0.634 succ=24.0% >exp= 0.0% el=8h21m eta=22h44m
  ep  1664/5000 batch 4160 loss=   0.132 pol= -1.561 vL= 0.459 kl= 0.60 H=  9.36 adv=-0.000 r̄=-0.325 succ=24.0% >exp= 0.0% el=8h23m eta=16h49m
  ep  1984/5000 batch 4180 loss=  -0.030 pol= -0.443 vL= 0.320 kl= 0.35 H=  9.08 adv=+0.000 r̄=-0.610 succ=24.0% >exp= 0.0% el=8h26m eta=12h49m
  ep  2304/5000 batch 4200 loss=   0.856 pol= -0.444 vL= 0.428 kl= 0.39 H= 10.15 adv=-0.000 r̄=-0.497 succ=24.0% >exp= 0.0% el=8h28m eta=9h54m
  ep  2624/5000 batch 4220 loss=   0.099 pol= -1.450 vL= 0.324 kl= 0.32 H=  7.02 adv=+0.000 r̄=-0.243 succ=24.0% >exp= 0.0% el=8h30m eta=7h42m
  ep  2944/5000 batch 4240 loss=   0.563 pol= -0.401 vL= 0.231 kl= 0.15 H=  8.80 adv=+0.000 r̄=-0.734 succ=24.0% >exp= 0.0% el=8h32m eta=5h58m
  ep  3264/5000 batch 4260 loss=  -0.680 pol=  0.363 vL= 0.346 kl= 0.22 H=  9.26 adv=+0.000 r̄=-0.633 succ=24.0% >exp= 0.0% el=8h35m eta=4h33m
  ep  3584/5000 batch 4280 loss=   0.118 pol=  1.112 vL= 0.432 kl= 0.45 H=  8.28 adv=+0.000 r̄=-0.481 succ=24.0% >exp= 0.0% el=8h37m eta=3h24m
  ep  3904/5000 batch 4300 loss=   0.655 pol= -2.609 vL= 0.663 kl= 0.43 H=  6.34 adv=-0.000 r̄= 0.169 succ=24.0% >exp= 0.0% el=8h39m eta=2h25m
  ep  4224/5000 batch 4320 loss=  -0.342 pol= -1.296 vL= 0.487 kl= 0.29 H=  6.78 adv=-0.000 r̄=-0.237 succ=24.0% >exp= 0.0% el=8h41m eta=1h35m
  ep  4544/5000 batch 4340 loss=   0.379 pol= -1.005 vL= 0.790 kl= 0.24 H=  7.18 adv=-0.000 r̄=-0.074 succ=24.0% >exp= 0.0% el=8h43m eta=52m35s
  ep  4864/5000 batch 4360 loss=  -0.242 pol= -1.103 vL= 0.494 kl= 0.17 H=  7.96 adv=+0.000 r̄=-0.480 succ=24.0% >exp= 0.0% el=8h46m eta=14m42s
  >>> Epoch 114/120 DONE: succ=24.3% (1216/5000) mean_loss= 0.0922 mean_reward=-0.513 mean_KL=0.277 mean_H=8.03 epoch_time=35m00s

=== Epoch 115/120 — resetting substrate ===
  ep   192/5000 batch 4380 loss=   0.485 pol=  3.960 vL= 0.906 kl= 0.34 H=  7.91 adv=+0.000 r̄=-0.656 succ=24.1% >exp= 0.0% el=8h48m eta=220h38m
  ep   512/5000 batch 4400 loss=  -0.095 pol= -0.336 vL= 0.406 kl= 0.27 H=  7.99 adv=+0.000 r̄=-0.637 succ=24.1% >exp= 0.0% el=8h50m eta=77h34m
  ep   832/5000 batch 4420 loss=   0.808 pol= -0.928 vL= 0.472 kl= 0.15 H= 10.00 adv=+0.000 r̄=-0.238 succ=24.1% >exp= 0.0% el=8h53m eta=44h31m
  ep  1152/5000 batch 4440 loss=  -0.215 pol=  1.555 vL= 0.370 kl= 0.27 H= 11.18 adv=+0.000 r̄=-0.761 succ=24.0% >exp= 0.0% el=8h55m eta=29h47m
  ep  1472/5000 batch 4460 loss=   0.130 pol= -0.939 vL= 0.769 kl= 0.27 H=  9.86 adv=+0.000 r̄=-0.364 succ=24.1% >exp= 0.0% el=8h57m eta=21h27m
  ep  1792/5000 batch 4480 loss=  -1.233 pol= -2.934 vL= 0.451 kl= 0.24 H=  9.55 adv=-0.000 r̄=-0.463 succ=24.1% >exp= 0.0% el=8h59m eta=16h05m
  ep  2112/5000 batch 4500 loss=   0.627 pol=  1.088 vL= 0.252 kl= 0.13 H=  6.54 adv=+0.000 r̄=-0.863 succ=24.0% >exp= 0.0% el=9h01m eta=12h20m
  ep  2432/5000 batch 4520 loss=   0.289 pol= -2.247 vL= 0.245 kl= 0.09 H= 13.39 adv=+0.000 r̄=-0.731 succ=24.0% >exp= 0.0% el=9h03m eta=9h33m
  ep  2752/5000 batch 4540 loss=  -0.045 pol= -1.027 vL= 0.714 kl= 0.24 H=  7.01 adv=-0.000 r̄=-0.104 succ=24.0% >exp= 0.0% el=9h05m eta=7h25m
  ep  3072/5000 batch 4560 loss=   0.229 pol= -0.595 vL= 0.378 kl= 0.28 H=  8.54 adv=+0.000 r̄=-0.597 succ=24.1% >exp= 0.0% el=9h08m eta=5h43m
  ep  3392/5000 batch 4580 loss=   0.213 pol= -0.016 vL= 0.369 kl= 0.44 H=  6.21 adv=+0.000 r̄=-0.474 succ=24.1% >exp= 0.0% el=9h10m eta=4h20m
  ep  3712/5000 batch 4600 loss=   0.313 pol= -0.896 vL= 0.595 kl= 0.22 H=  9.37 adv=-0.000 r̄=-0.215 succ=24.1% >exp= 0.0% el=9h12m eta=3h11m
  ep  4032/5000 batch 4620 loss=  -0.210 pol=  0.747 vL= 0.513 kl= 0.45 H=  5.21 adv=+0.000 r̄=-0.638 succ=24.1% >exp= 0.0% el=9h14m eta=2h13m
  ep  4352/5000 batch 4640 loss=   0.247 pol=  0.584 vL= 0.517 kl= 0.33 H= 11.09 adv=+0.000 r̄=-0.524 succ=24.1% >exp= 0.0% el=9h17m eta=1h22m
  ep  4672/5000 batch 4660 loss=   0.226 pol= -0.810 vL= 0.772 kl= 0.44 H=  5.19 adv=+0.000 r̄=-0.350 succ=24.1% >exp= 0.0% el=9h19m eta=39m16s
  ep  4992/5000 batch 4680 loss=  -0.838 pol=  1.169 vL= 0.557 kl= 0.34 H=  8.70 adv=-0.000 r̄=-0.322 succ=24.1% >exp= 0.0% el=9h21m eta=  54s
  >>> Epoch 115/120 DONE: succ=25.0% (1250/5000) mean_loss= 0.0558 mean_reward=-0.499 mean_KL=0.289 mean_H=9.28 epoch_time=34m39s

=== Epoch 116/120 — resetting substrate ===
  ep   320/5000 batch 4700 loss=  -0.194 pol= -1.060 vL= 0.331 kl= 0.47 H=  9.37 adv=+0.000 r̄=-0.455 succ=24.1% >exp= 0.0% el=9h24m eta=137h33m
  ep   640/5000 batch 4720 loss=   0.476 pol=  0.845 vL= 0.644 kl= 0.52 H=  7.70 adv=+0.000 r̄=-0.350 succ=24.1% >exp= 0.0% el=9h26m eta=64h20m
  ep   960/5000 batch 4740 loss=   0.005 pol= -0.936 vL= 0.362 kl= 0.34 H=  7.44 adv=+0.000 r̄=-0.487 succ=24.1% >exp= 0.0% el=9h28m eta=39h53m
  ep  1280/5000 batch 4760 loss=   0.726 pol=  2.453 vL= 0.187 kl= 0.42 H=  8.44 adv=-0.000 r̄=-0.878 succ=24.1% >exp= 0.0% el=9h31m eta=27h40m
  ep  1600/5000 batch 4780 loss=   0.394 pol=  1.615 vL= 0.609 kl= 0.34 H=  6.08 adv=-0.000 r̄=-0.758 succ=24.1% >exp= 0.0% el=9h33m eta=20h19m
  ep  1920/5000 batch 4800 loss=  -0.241 pol= -0.814 vL= 0.817 kl= 0.29 H=  6.44 adv=+0.000 r̄=-0.008 succ=24.1% >exp= 0.0% el=9h36m eta=15h24m
  ep  2240/5000 batch 4820 loss=   0.051 pol=  1.960 vL= 0.359 kl= 0.45 H=  8.29 adv=-0.000 r̄=-0.620 succ=24.1% >exp= 0.0% el=9h38m eta=11h52m
  ep  2560/5000 batch 4840 loss=   0.226 pol= -0.383 vL= 0.330 kl= 0.37 H= 11.88 adv=+0.000 r̄=-0.620 succ=24.1% >exp= 0.0% el=9h40m eta=9h13m
  ep  2880/5000 batch 4860 loss=   0.204 pol=  0.739 vL= 0.368 kl= 0.42 H=  8.29 adv=+0.000 r̄=-0.640 succ=24.1% >exp= 0.0% el=9h43m eta=7h09m
  ep  3200/5000 batch 4880 loss=   0.039 pol=  1.846 vL= 0.327 kl= 0.38 H=  7.24 adv=+0.000 r̄=-0.749 succ=24.1% >exp= 0.0% el=9h45m eta=5h29m
  ep  3520/5000 batch 4900 loss=   0.696 pol= -1.259 vL= 0.840 kl= 0.50 H=  5.14 adv=+0.000 r̄=-0.080 succ=24.1% >exp= 0.0% el=9h48m eta=4h07m
  ep  3840/5000 batch 4920 loss=  -0.558 pol= -1.018 vL= 0.496 kl= 0.38 H=  8.06 adv=+0.000 r̄=-0.621 succ=24.1% >exp= 0.0% el=9h50m eta=2h58m
  ep  4160/5000 batch 4940 loss=   0.494 pol=  1.123 vL= 0.390 kl= 0.20 H=  7.81 adv=+0.000 r̄=-0.638 succ=24.1% >exp= 0.0% el=9h52m eta=1h59m
  ep  4480/5000 batch 4960 loss=   0.352 pol= -1.210 vL= 0.659 kl= 0.23 H=  5.06 adv=+0.000 r̄=-0.254 succ=24.1% >exp= 0.0% el=9h55m eta=1h09m
  ep  4800/5000 batch 4980 loss=  -0.180 pol= -1.247 vL= 0.347 kl= 0.08 H=  9.84 adv=-0.000 r̄=-0.624 succ=24.1% >exp= 0.0% el=9h57m eta=24m53s
  >>> Epoch 116/120 DONE: succ=24.0% (1199/5000) mean_loss= 0.1778 mean_reward=-0.520 mean_KL=0.349 mean_H=8.32 epoch_time=36m59s

=== Epoch 117/120 — resetting substrate ===
  ep   128/5000 batch 5000 loss=   0.441 pol=  1.047 vL= 0.453 kl= 0.10 H=  9.18 adv=+0.000 r̄=-0.633 succ=24.1% >exp= 0.0% el=10h00m eta=380h39m
  ep   448/5000 batch 5020 loss=   0.529 pol= -0.163 vL= 0.481 kl= 0.10 H=  7.36 adv=+0.000 r̄=-0.490 succ=24.1% >exp= 0.0% el=10h02m eta=101h59m
  ep   768/5000 batch 5040 loss=  -0.446 pol=  0.800 vL= 0.362 kl= 0.07 H=  8.25 adv=+0.000 r̄=-0.742 succ=24.1% >exp= 0.0% el=10h04m eta=55h30m
  ep  1088/5000 batch 5060 loss=  -0.086 pol= -0.572 vL= 0.384 kl= 0.17 H=  5.84 adv=+0.000 r̄=-0.731 succ=24.1% >exp= 0.0% el=10h06m eta=36h21m
  ep  1408/5000 batch 5080 loss=   0.050 pol=  1.240 vL= 0.383 kl= 0.07 H= 10.37 adv=-0.000 r̄=-0.764 succ=24.1% >exp= 0.0% el=10h09m eta=25h54m
  ep  1728/5000 batch 5100 loss=  -0.268 pol= -0.668 vL= 0.270 kl= 0.18 H=  8.69 adv=+0.000 r̄=-0.253 succ=24.1% >exp= 0.0% el=10h11m eta=19h17m
  ep  2048/5000 batch 5120 loss=  -0.075 pol= -0.447 vL= 0.379 kl= 0.35 H=  6.86 adv=+0.000 r̄=-0.589 succ=24.1% >exp= 0.0% el=10h13m eta=14h44m
  ep  2368/5000 batch 5140 loss=  -0.818 pol= -0.298 vL= 0.515 kl= 0.25 H=  9.36 adv=+0.000 r̄=-0.281 succ=24.1% >exp= 0.0% el=10h16m eta=11h24m
  ep  2688/5000 batch 5160 loss=   0.976 pol= -1.387 vL= 0.203 kl= 0.21 H=  8.44 adv=-0.000 r̄=-0.724 succ=24.1% >exp= 0.0% el=10h18m eta=8h51m
  ep  3008/5000 batch 5180 loss=  -0.348 pol=  0.953 vL= 0.467 kl= 0.09 H=  7.66 adv=+0.000 r̄=-0.618 succ=24.1% >exp= 0.0% el=10h20m eta=6h51m
  ep  3328/5000 batch 5200 loss=   0.432 pol= -0.739 vL= 0.273 kl= 0.13 H=  8.70 adv=+0.000 r̄=-0.666 succ=24.1% >exp= 0.0% el=10h22m eta=5h12m
  ep  3648/5000 batch 5220 loss=   0.407 pol=  0.654 vL= 0.336 kl= 0.10 H=  9.34 adv=-0.000 r̄=-0.744 succ=24.1% >exp= 0.0% el=10h25m eta=3h51m
  ep  3968/5000 batch 5240 loss=   0.019 pol= -1.003 vL= 0.647 kl= 0.32 H=  5.68 adv=+0.000 r̄=-0.201 succ=24.1% >exp= 0.0% el=10h27m eta=2h43m
  ep  4288/5000 batch 5260 loss=  -0.468 pol= -2.081 vL= 0.259 kl= 0.11 H=  9.07 adv=+0.000 r̄=-0.639 succ=24.1% >exp= 0.0% el=10h29m eta=1h44m
  ep  4608/5000 batch 5280 loss=   0.462 pol= -3.787 vL= 0.451 kl= 0.14 H= 10.80 adv=+0.000 r̄=-0.514 succ=24.1% >exp= 0.0% el=10h31m eta=53m45s
  ep  4928/5000 batch 5300 loss=   0.125 pol=  0.327 vL= 0.311 kl= 0.20 H= 10.99 adv=-0.000 r̄=-0.496 succ=24.1% >exp= 0.0% el=10h34m eta= 9m15s
  >>> Epoch 117/120 DONE: succ=24.2% (1210/5000) mean_loss= 0.0614 mean_reward=-0.515 mean_KL=0.184 mean_H=8.64 epoch_time=35m45s

=== Epoch 118/120 — resetting substrate ===
  ep   256/5000 batch 5320 loss=   0.487 pol= -2.815 vL= 0.464 kl= 0.26 H= 12.73 adv=+0.000 r̄=-0.431 succ=24.1% >exp= 0.0% el=10h36m eta=196h37m
  ep   576/5000 batch 5340 loss=  -0.124 pol=  0.570 vL= 0.489 kl= 0.37 H=  9.51 adv=-0.000 r̄=-0.502 succ=24.1% >exp= 0.0% el=10h38m eta=81h47m
  ep   896/5000 batch 5360 loss=   0.676 pol= -0.613 vL= 0.457 kl= 0.26 H= 11.65 adv=+0.000 r̄=-0.615 succ=24.1% >exp= 0.0% el=10h41m eta=48h56m
  ep  1216/5000 batch 5380 loss=   0.622 pol=  1.040 vL= 0.397 kl= 0.24 H=  8.00 adv=-0.000 r̄=-0.763 succ=24.1% >exp= 0.0% el=10h42m eta=33h20m
  ep  1536/5000 batch 5400 loss=  -0.647 pol= -1.241 vL= 0.248 kl= 0.09 H=  9.02 adv=-0.000 r̄=-0.490 succ=24.1% >exp= 0.0% el=10h44m eta=24h13m
  ep  1856/5000 batch 5420 loss=   0.601 pol=  2.146 vL= 0.295 kl= 0.08 H=  9.35 adv=+0.000 r̄=-0.419 succ=24.1% >exp= 0.0% el=10h46m eta=18h14m
  ep  2176/5000 batch 5440 loss=   0.175 pol= -1.123 vL= 0.349 kl= 0.29 H= 10.09 adv=+0.000 r̄=-0.494 succ=24.1% >exp= 0.0% el=10h47m eta=14h00m
  ep  2496/5000 batch 5460 loss=  -0.461 pol=  0.921 vL= 0.363 kl= 0.14 H=  8.44 adv=+0.000 r̄=-0.729 succ=24.1% >exp= 0.0% el=10h49m eta=10h51m
  ep  2816/5000 batch 5480 loss=   0.707 pol=  0.242 vL= 0.373 kl= 0.14 H=  9.62 adv=+0.000 r̄=-0.521 succ=24.1% >exp= 0.0% el=10h50m eta=8h24m
  ep  3136/5000 batch 5500 loss=   1.275 pol= -1.195 vL= 0.442 kl= 0.17 H=  9.22 adv=+0.000 r̄=-0.521 succ=24.1% >exp= 0.0% el=10h52m eta=6h27m
  ep  3456/5000 batch 5520 loss=  -0.937 pol=  1.479 vL= 0.300 kl= 0.19 H= 11.23 adv=-0.000 r̄=-0.759 succ=24.1% >exp= 0.0% el=10h53m eta=4h52m
  ep  3776/5000 batch 5540 loss=   0.263 pol= -1.793 vL= 0.537 kl= 0.22 H=  8.42 adv=-0.000 r̄=-0.486 succ=24.1% >exp= 0.0% el=10h55m eta=3h32m
  ep  4096/5000 batch 5560 loss=  -0.055 pol= -0.693 vL= 0.457 kl= 0.41 H=  8.08 adv=-0.000 r̄=-0.413 succ=24.1% >exp= 0.0% el=10h57m eta=2h25m
  ep  4416/5000 batch 5580 loss=  -0.180 pol= -0.694 vL= 0.484 kl= 0.15 H=  4.75 adv=-0.000 r̄=-0.617 succ=24.1% >exp= 0.0% el=10h58m eta=1h27m
  ep  4736/5000 batch 5600 loss=   0.889 pol=  4.627 vL= 0.211 kl= 0.52 H= 10.32 adv=-0.000 r̄=-1.000 succ=24.1% >exp= 0.0% el=11h00m eta=36m48s
  >>> Epoch 118/120 DONE: succ=24.1% (1205/5000) mean_loss= 0.1953 mean_reward=-0.517 mean_KL=0.236 mean_H=8.55 epoch_time=26m49s

=== Epoch 119/120 — resetting substrate ===
  ep    64/5000 batch 5620 loss=  -0.118 pol= -0.287 vL= 0.544 kl= 0.18 H=  7.81 adv=+0.000 r̄=-0.238 succ=24.1% >exp= 0.0% el=11h01m eta=850h54m
  ep   384/5000 batch 5640 loss=  -0.548 pol= -2.073 vL= 0.642 kl= 0.46 H=  7.81 adv=-0.000 r̄=-0.475 succ=24.1% >exp= 0.0% el=11h03m eta=132h56m
  ep   704/5000 batch 5660 loss=  -0.267 pol=  0.854 vL= 0.146 kl= 0.45 H= 11.52 adv=-0.000 r̄=-0.475 succ=24.1% >exp= 0.0% el=11h05m eta=67h39m
  ep  1024/5000 batch 5680 loss=   0.539 pol= -0.497 vL= 0.186 kl= 0.26 H=  9.74 adv=-0.000 r̄=-0.388 succ=24.1% >exp= 0.0% el=11h06m eta=43h08m
  ep  1344/5000 batch 5700 loss=   0.594 pol=  1.182 vL= 0.844 kl= 0.36 H=  7.69 adv=-0.000 r̄=-0.260 succ=24.1% >exp= 0.0% el=11h08m eta=30h18m
  ep  1664/5000 batch 5720 loss=   0.041 pol= -1.426 vL= 0.434 kl= 0.68 H= 10.03 adv=+0.000 r̄=-0.379 succ=24.1% >exp= 0.0% el=11h09m eta=22h23m
  ep  1984/5000 batch 5740 loss=  -0.425 pol= -2.189 vL= 0.344 kl= 0.37 H= 10.61 adv=+0.000 r̄=-0.487 succ=24.1% >exp= 0.0% el=11h11m eta=17h00m
  ep  2304/5000 batch 5760 loss=   0.612 pol=  1.228 vL= 0.636 kl= 0.22 H= 11.83 adv=+0.000 r̄=-0.646 succ=24.1% >exp= 0.0% el=11h13m eta=13h07m
  ep  2624/5000 batch 5780 loss=   0.140 pol= -2.534 vL= 0.254 kl= 0.18 H=  8.84 adv=+0.000 r̄=-0.126 succ=24.1% >exp= 0.0% el=11h14m eta=10h10m
  ep  2944/5000 batch 5800 loss=  -0.395 pol= -0.949 vL= 0.235 kl= 0.23 H= 10.79 adv=+0.000 r̄=-0.635 succ=24.1% >exp= 0.0% el=11h16m eta=7h52m
  ep  3264/5000 batch 5820 loss=  -0.687 pol= -0.096 vL= 0.458 kl= 0.37 H= 11.59 adv=-0.000 r̄=-0.620 succ=24.1% >exp= 0.0% el=11h17m eta=6h00m
  ep  3584/5000 batch 5840 loss=   0.981 pol=  1.642 vL= 0.405 kl= 0.24 H=  8.96 adv=-0.000 r̄=-0.505 succ=24.1% >exp= 0.0% el=11h19m eta=4h28m
  ep  3904/5000 batch 5860 loss=  -0.055 pol= -1.255 vL= 0.762 kl= 0.19 H=  7.61 adv=+0.000 r̄=-0.227 succ=24.1% >exp= 0.0% el=11h20m eta=3h11m
  ep  4224/5000 batch 5880 loss=  -0.058 pol= -1.885 vL= 0.386 kl= 0.30 H=  8.73 adv=-0.000 r̄=-0.231 succ=24.1% >exp= 0.0% el=11h22m eta=2h05m
  ep  4544/5000 batch 5900 loss=  -0.250 pol=  0.518 vL= 0.655 kl= 0.37 H= 10.11 adv=+0.000 r̄=-0.212 succ=24.1% >exp= 0.0% el=11h24m eta=1h08m
  ep  4864/5000 batch 5920 loss=   0.333 pol=  1.227 vL= 0.389 kl= 0.27 H=  9.29 adv=-0.000 r̄=-0.743 succ=24.1% >exp= 0.0% el=11h25m eta=19m10s
  >>> Epoch 119/120 DONE: succ=25.0% (1252/5000) mean_loss= 0.0270 mean_reward=-0.499 mean_KL=0.292 mean_H=9.44 epoch_time=24m56s

=== Epoch 120/120 — resetting substrate ===
  ep   192/5000 batch 5940 loss=  -0.376 pol=  3.640 vL= 0.607 kl= 0.27 H=  7.29 adv=+0.000 r̄=-0.884 succ=24.2% >exp= 0.0% el=11h27m eta=286h54m
  ep   512/5000 batch 5960 loss=   0.593 pol=  0.240 vL= 0.410 kl= 0.34 H=  7.38 adv=+0.000 r̄=-0.632 succ=24.2% >exp= 0.0% el=11h29m eta=100h39m
  ep   832/5000 batch 5980 loss=   0.261 pol= -0.009 vL= 0.511 kl= 0.30 H=  9.02 adv=+0.000 r̄=-0.482 succ=24.1% >exp= 0.0% el=11h30m eta=57h39m
  ep  1152/5000 batch 6000 loss=  -0.251 pol= -2.604 vL= 0.422 kl= 0.33 H= 10.08 adv=+0.000 r̄=-0.625 succ=24.1% >exp= 0.0% el=11h31m eta=38h31m
  ep  1472/5000 batch 6020 loss=  -0.124 pol= -0.257 vL= 0.587 kl= 0.62 H=  9.54 adv=-0.000 r̄=-0.506 succ=24.1% >exp= 0.0% el=11h33m eta=27h42m
  ep  1792/5000 batch 6040 loss=   0.376 pol=  0.403 vL= 0.515 kl= 0.28 H=  7.94 adv=+0.000 r̄=-0.590 succ=24.1% >exp= 0.0% el=11h35m eta=20h44m
  ep  2112/5000 batch 6060 loss=   0.129 pol= -1.518 vL= 0.727 kl= 0.54 H=  6.17 adv=+0.000 r̄=-0.367 succ=24.1% >exp= 0.0% el=11h36m eta=15h53m
  ep  2432/5000 batch 6080 loss=  -0.238 pol=  0.908 vL= 0.237 kl= 0.13 H= 11.58 adv=-0.000 r̄=-0.754 succ=24.1% >exp= 0.0% el=11h38m eta=12h17m
  ep  2752/5000 batch 6100 loss=   0.293 pol=  0.372 vL= 0.493 kl= 0.18 H=  7.30 adv=-0.000 r̄=-0.237 succ=24.1% >exp= 0.0% el=11h39m eta=9h31m
  ep  3072/5000 batch 6120 loss=  -0.520 pol= -1.049 vL= 0.311 kl= 0.31 H=  8.39 adv=-0.000 r̄=-0.366 succ=24.1% >exp= 0.0% el=11h41m eta=7h20m
  ep  3392/5000 batch 6140 loss=   0.511 pol= -0.488 vL= 0.366 kl= 0.52 H=  6.99 adv=-0.000 r̄=-0.608 succ=24.2% >exp= 0.0% el=11h42m eta=5h33m
  ep  3712/5000 batch 6160 loss=   0.655 pol=  2.028 vL= 0.532 kl= 0.35 H=  9.35 adv=-0.000 r̄=-0.467 succ=24.2% >exp= 0.0% el=11h44m eta=4h04m
  ep  4032/5000 batch 6180 loss=  -0.163 pol= -0.841 vL= 0.677 kl= 0.17 H=  6.22 adv=-0.000 r̄=-0.376 succ=24.2% >exp= 0.0% el=11h46m eta=2h49m
  ep  4352/5000 batch 6200 loss=   0.652 pol=  5.156 vL= 0.212 kl= 0.17 H= 11.27 adv=-0.000 r̄=-1.000 succ=24.2% >exp= 0.0% el=11h47m eta=1h45m
  ep  4672/5000 batch 6220 loss=   0.479 pol=  0.358 vL= 0.381 kl= 0.54 H=  4.99 adv=+0.000 r̄= 0.151 succ=24.2% >exp= 0.0% el=11h49m eta=49m47s
  ep  4992/5000 batch 6240 loss=   0.786 pol= -0.727 vL= 0.298 kl= 0.33 H=  9.12 adv=-0.000 r̄=-0.400 succ=24.1% >exp= 0.0% el=11h50m eta= 1m08s
  >>> Epoch 120/120 DONE: succ=24.0% (1199/5000) mean_loss= 0.1932 mean_reward=-0.520 mean_KL=0.328 mean_H=8.88 epoch_time=24m20s
------------------------------------------------------------------------
  total time:               11h50m
  success rate:             24145/100000 = 24.1%
  final success_cost_ema:   295.64232540589455
  final loss avg:           0.7858
  checkpoint saved to experiments/carl_vne_100nodes/normal/checkpoints/ckpt.pt
  epoch summary log: experiments/carl_vne_100nodes/normal/training_epoch_summary.csv
