Loading substrate from datasets/scenario_100nodes_train/substrate.json
Loading VNRs from datasets/scenario_100nodes_train/virtual_requests.json
  Using 5000 VNRs
  Trainable policy (carl_vne) loaded from experiments/carl_vne_100nodes/normal/checkpoints/ckpt_e77.pt
  rollout=direct → train: cand_head + encoder + value (ordering frozen) (19394 frozen, 36293 trainable)
  Frozen reference policy loaded (KL enabled, β_KL=0.1)
  Continuation: global epochs 78..78 (appending to experiments/carl_vne_100nodes/normal/training_epoch_summary.csv)
PPO fine-tune: 5000 VNRs, batch=16, lr=0.0003
  baseline=critic V(s), normalize_adv=True, β_H=0.01, value_coef=0.5, reward=cost_rel α=1.0 λ=0.3, fail_r=-1.0
  checkpoint: experiments/carl_vne_100nodes/normal/checkpoints/ckpt.pt
------------------------------------------------------------------------
  ep   320/5000 batch   20 loss=   0.015 pol= -0.024 vL= 0.573 kl= 0.25 H=  8.55 adv=+0.000 r̄=-0.461 succ=28.4% >exp= 0.0% el= 4m20s eta=1h03m
  ep   640/5000 batch   40 loss=  -0.627 pol= -1.530 vL= 0.579 kl= 0.19 H=  8.58 adv=-0.000 r̄=-0.138 succ=25.6% >exp= 0.0% el= 8m41s eta=59m13s
  ep   960/5000 batch   60 loss=  -0.062 pol= -3.710 vL= 0.351 kl= 0.19 H=  9.85 adv=-0.000 r̄=-0.376 succ=24.7% >exp= 0.0% el=10m48s eta=45m30s
  ep  1280/5000 batch   80 loss=   0.962 pol=  4.964 vL= 0.219 kl= 0.10 H= 10.30 adv=+0.000 r̄=-1.000 succ=23.1% >exp= 0.0% el=13m25s eta=39m00s
  ep  1600/5000 batch  100 loss=  -0.023 pol=  2.323 vL= 0.365 kl= 0.14 H=  7.57 adv=+0.000 r̄=-0.900 succ=23.0% >exp= 0.0% el=16m38s eta=35m21s
  ep  1920/5000 batch  120 loss=  -0.053 pol= -1.523 vL= 0.478 kl= 0.12 H=  7.45 adv=+0.000 r̄=-0.352 succ=23.4% >exp= 0.0% el=20m13s eta=32m26s
  ep  2240/5000 batch  140 loss=  -0.138 pol= -0.662 vL= 0.377 kl= 0.19 H=  9.15 adv=-0.000 r̄=-0.353 succ=23.2% >exp= 0.0% el=22m20s eta=27m31s
  ep  2560/5000 batch  160 loss=  -0.063 pol= -0.926 vL= 0.166 kl= 0.10 H= 14.87 adv=+0.000 r̄=-0.756 succ=23.1% >exp= 0.0% el=24m47s eta=23m37s
  ep  2880/5000 batch  180 loss=   0.089 pol=  2.200 vL= 0.876 kl= 0.10 H= 10.27 adv=-0.000 r̄=-0.642 succ=23.2% >exp= 0.0% el=27m15s eta=20m03s
  ep  3200/5000 batch  200 loss=   0.443 pol=  1.170 vL= 0.425 kl= 0.18 H=  9.20 adv=+0.000 r̄=-0.766 succ=23.0% >exp= 0.0% el=29m48s eta=16m45s
  ep  3520/5000 batch  220 loss=  -0.259 pol=  0.221 vL= 0.299 kl= 0.16 H=  6.19 adv=+0.000 r̄=-0.865 succ=23.0% >exp= 0.0% el=31m44s eta=13m20s
  ep  3840/5000 batch  240 loss=  -0.538 pol=  0.055 vL= 0.365 kl= 0.12 H=  8.62 adv=+0.000 r̄=-0.614 succ=23.3% >exp= 0.0% el=33m39s eta=10m10s
  ep  4160/5000 batch  260 loss=   0.590 pol=  0.538 vL= 0.292 kl= 0.11 H=  8.91 adv=-0.000 r̄=-0.612 succ=23.5% >exp= 0.0% el=35m41s eta= 7m12s
  ep  4480/5000 batch  280 loss=  -0.209 pol=  1.535 vL= 0.660 kl= 0.12 H=  6.54 adv=+0.000 r̄=-0.734 succ=23.5% >exp= 0.0% el=37m36s eta= 4m21s
  ep  4800/5000 batch  300 loss=   0.181 pol=  1.054 vL= 0.253 kl= 0.17 H= 10.55 adv=-0.000 r̄=-0.873 succ=23.2% >exp= 0.0% el=39m19s eta= 1m38s
  >>> Epoch 78/78 DONE: succ=23.4% (1169/5000) mean_loss= 0.0054 mean_reward=-0.530 mean_KL=0.145 mean_H=9.61 epoch_time=40m23s
------------------------------------------------------------------------
  total time:               40m23s
  success rate:             1169/5000 = 23.4%
  final success_cost_ema:   293.9928518063183
  final loss avg:           -0.2607
  checkpoint saved to experiments/carl_vne_100nodes/normal/checkpoints/ckpt.pt
  epoch summary log: experiments/carl_vne_100nodes/normal/training_epoch_summary.csv
