Loading substrate from datasets/scenario_100nodes_train/substrate.json
Loading VNRs from datasets/scenario_100nodes_train/virtual_requests.json
  Using 5000 VNRs
  Trainable policy (carl_vne) loaded from experiments/carl_vne_100nodes/normal/checkpoints/ckpt_e78.pt
  rollout=direct → train: cand_head + encoder + value (ordering frozen) (19394 frozen, 36293 trainable)
  Frozen reference policy loaded (KL enabled, β_KL=0.1)
  Continuation: global epochs 79..178 (appending to experiments/carl_vne_100nodes/normal/training_epoch_summary.csv)
PPO fine-tune: 5000 VNRs, batch=16, lr=0.0003
  baseline=critic V(s), normalize_adv=True, β_H=0.01, value_coef=0.5, reward=cost_rel α=1.0 λ=0.3, fail_r=-1.0
  checkpoint: experiments/carl_vne_100nodes/normal/checkpoints/ckpt.pt
------------------------------------------------------------------------
  ep   320/5000 batch   20 loss=   0.317 pol= -0.169 vL= 0.834 kl= 0.15 H=  5.54 adv=-0.000 r̄=-0.482 succ=29.7% >exp= 0.0% el= 3m48s eta=55m45s
  ep   640/5000 batch   40 loss=  -0.389 pol= -0.500 vL= 0.498 kl= 0.24 H=  7.20 adv=-0.000 r̄=-0.265 succ=26.7% >exp= 0.0% el= 6m59s eta=47m38s
  ep   960/5000 batch   60 loss=  -0.664 pol= -1.081 vL= 0.447 kl= 0.24 H=  8.35 adv=-0.000 r̄=-0.283 succ=26.4% >exp= 0.0% el=10m22s eta=43m40s
  ep  1280/5000 batch   80 loss=   0.127 pol= -0.552 vL= 0.368 kl= 0.14 H= 10.13 adv=-0.000 r̄=-0.631 succ=24.9% >exp= 0.0% el=14m07s eta=41m04s
  ep  1600/5000 batch  100 loss=   0.504 pol= -1.152 vL= 0.669 kl= 0.42 H=  8.65 adv=+0.000 r̄=-0.503 succ=23.8% >exp= 0.0% el=17m35s eta=37m23s
  ep  1920/5000 batch  120 loss=  -0.789 pol=  0.114 vL= 0.284 kl= 0.24 H=  7.02 adv=+0.000 r̄=-0.734 succ=24.0% >exp= 0.0% el=21m37s eta=34m42s
  ep  2240/5000 batch  140 loss=  -0.196 pol=  1.122 vL= 0.307 kl= 0.12 H=  6.63 adv=+0.000 r̄=-0.622 succ=23.9% >exp= 0.0% el=26m14s eta=32m19s
  ep  2560/5000 batch  160 loss=  -0.123 pol= -0.506 vL= 0.187 kl= 0.10 H= 11.48 adv=-0.000 r̄=-0.499 succ=24.1% >exp= 0.0% el=30m10s eta=28m45s
  ep  2880/5000 batch  180 loss=   0.391 pol=  1.490 vL= 0.260 kl= 0.19 H= 10.12 adv=-0.000 r̄=-0.804 succ=23.6% >exp= 0.0% el=33m01s eta=24m18s
  ep  3200/5000 batch  200 loss=   0.116 pol=  0.476 vL= 0.258 kl= 0.17 H=  9.29 adv=-0.000 r̄=-0.761 succ=23.4% >exp= 0.0% el=35m58s eta=20m13s
  ep  3520/5000 batch  220 loss=   0.119 pol= -1.288 vL= 0.586 kl= 0.21 H=  6.05 adv=-0.000 r̄=-0.360 succ=23.4% >exp= 0.0% el=39m06s eta=16m26s
  ep  3840/5000 batch  240 loss=  -0.603 pol=  1.252 vL= 0.448 kl= 0.30 H=  9.40 adv=+0.000 r̄=-0.670 succ=23.4% >exp= 0.0% el=42m37s eta=12m52s
  ep  4160/5000 batch  260 loss=   0.023 pol= -0.555 vL= 0.496 kl= 0.39 H=  9.26 adv=-0.000 r̄=-0.365 succ=23.2% >exp= 0.0% el=45m30s eta= 9m11s
  ep  4480/5000 batch  280 loss=   0.285 pol= -1.296 vL= 0.684 kl= 0.35 H=  6.14 adv=+0.000 r̄=-0.379 succ=23.3% >exp= 0.0% el=48m29s eta= 5m37s
  ep  4800/5000 batch  300 loss=   0.852 pol= -0.127 vL= 0.326 kl= 0.34 H=  9.64 adv=+0.000 r̄=-0.666 succ=23.2% >exp= 0.0% el=51m33s eta= 2m08s
  >>> Epoch 79/178 DONE: succ=23.1% (1156/5000) mean_loss= 0.0217 mean_reward=-0.537 mean_KL=0.216 mean_H=8.74 epoch_time=53m26s

=== Epoch 80/178 — resetting substrate ===
  ep   128/5000 batch  320 loss=  -0.358 pol= -0.309 vL= 0.285 kl= 0.25 H=  9.06 adv=+0.000 r̄=-0.729 succ=23.5% >exp= 0.0% el=54m45s eta=34h44m
  ep   448/5000 batch  340 loss=  -0.133 pol= -0.233 vL= 0.523 kl= 0.21 H=  7.09 adv=+0.000 r̄=-0.376 succ=23.6% >exp= 0.0% el=58m02s eta=9h49m
  ep   768/5000 batch  360 loss=   0.468 pol= -2.347 vL= 0.336 kl= 0.22 H=  9.48 adv=+0.000 r̄=-0.732 succ=23.4% >exp= 0.0% el=1h01m eta=5h36m
  ep  1088/5000 batch  380 loss=  -0.856 pol=  0.255 vL= 0.516 kl= 0.74 H=  6.40 adv=-0.000 r̄=-0.606 succ=23.4% >exp= 0.0% el=1h04m eta=3h51m
  ep  1408/5000 batch  400 loss=   0.698 pol=  1.701 vL= 0.357 kl= 1.08 H= 11.23 adv=-0.000 r̄=-0.745 succ=23.5% >exp= 0.0% el=1h07m eta=2h51m
  ep  1728/5000 batch  420 loss=  -0.331 pol=  1.155 vL= 0.488 kl= 0.93 H= 10.98 adv=+0.000 r̄=-0.763 succ=23.4% >exp= 0.0% el=1h10m eta=2h12m
  ep  2048/5000 batch  440 loss=  -0.549 pol= -1.210 vL= 0.424 kl= 0.90 H=  6.04 adv=+0.000 r̄=-0.121 succ=23.6% >exp= 0.0% el=1h13m eta=1h45m
  ep  2368/5000 batch  460 loss=   0.584 pol=  0.881 vL= 0.740 kl= 0.41 H=  6.76 adv=-0.000 r̄=-0.608 succ=23.7% >exp= 0.0% el=1h16m eta=1h24m
  ep  2688/5000 batch  480 loss=   0.311 pol= -0.502 vL= 0.379 kl= 0.43 H=  6.08 adv=-0.000 r̄=-0.480 succ=23.8% >exp= 0.0% el=1h18m eta=1h07m
  ep  3008/5000 batch  500 loss=   0.327 pol= -0.285 vL= 0.678 kl= 0.52 H=  5.82 adv=+0.000 r̄=-0.401 succ=23.9% >exp= 0.0% el=1h22m eta=54m33s
  ep  3328/5000 batch  520 loss=   0.387 pol=  0.537 vL= 0.220 kl= 0.10 H=  6.85 adv=+0.000 r̄=-0.643 succ=23.8% >exp= 0.0% el=1h25m eta=42m48s
  ep  3648/5000 batch  540 loss=  -0.207 pol= -3.196 vL= 0.793 kl= 0.52 H= 10.95 adv=+0.000 r̄=-0.501 succ=23.9% >exp= 0.0% el=1h28m eta=32m38s
  ep  3968/5000 batch  560 loss=  -0.023 pol=  0.152 vL= 0.608 kl= 0.26 H=  5.70 adv=+0.000 r̄=-0.348 succ=23.9% >exp= 0.0% el=1h30m eta=23m36s
  ep  4288/5000 batch  580 loss=   0.277 pol= -1.904 vL= 0.248 kl= 0.13 H=  9.82 adv=-0.000 r̄=-0.783 succ=23.8% >exp= 0.0% el=1h33m eta=15m29s
  ep  4608/5000 batch  600 loss=  -0.817 pol= -1.848 vL= 0.266 kl= 0.23 H=  9.64 adv=-0.000 r̄=-0.730 succ=23.9% >exp= 0.0% el=1h35m eta= 8m08s
  ep  4928/5000 batch  620 loss=   0.655 pol=  1.323 vL= 0.498 kl= 0.66 H=  9.84 adv=-0.000 r̄=-0.639 succ=23.7% >exp= 0.0% el=1h38m eta= 1m26s
  >>> Epoch 80/178 DONE: succ=24.2% (1212/5000) mean_loss=-0.0036 mean_reward=-0.515 mean_KL=0.346 mean_H=8.39 epoch_time=45m17s

=== Epoch 81/178 — resetting substrate ===
  ep   256/5000 batch  640 loss=  -0.705 pol= -2.177 vL= 0.250 kl= 0.34 H= 13.00 adv=+0.000 r̄=-0.642 succ=23.9% >exp= 0.0% el=1h41m eta=31h12m
  ep   576/5000 batch  660 loss=   0.342 pol=  2.424 vL= 0.422 kl= 0.19 H=  8.40 adv=+0.000 r̄=-0.751 succ=23.9% >exp= 0.0% el=1h43m eta=13h17m
  ep   896/5000 batch  680 loss=   0.530 pol=  2.315 vL= 0.313 kl= 0.09 H= 10.60 adv=+0.000 r̄=-0.519 succ=23.9% >exp= 0.0% el=1h46m eta=8h08m
  ep  1216/5000 batch  700 loss=   0.478 pol=  2.126 vL= 0.125 kl= 0.17 H=  8.07 adv=-0.000 r̄=-0.875 succ=23.8% >exp= 0.0% el=1h49m eta=5h41m
  ep  1536/5000 batch  720 loss=  -0.173 pol= -1.117 vL= 0.615 kl= 0.62 H=  8.18 adv=+0.000 r̄=-0.371 succ=23.7% >exp= 0.0% el=1h52m eta=4h13m
  ep  1856/5000 batch  740 loss=  -0.035 pol= -1.500 vL= 0.327 kl= 0.39 H=  9.30 adv=+0.000 r̄=-0.350 succ=23.7% >exp= 0.0% el=1h55m eta=3h15m
  ep  2176/5000 batch  760 loss=   0.347 pol= -2.226 vL= 0.744 kl= 0.13 H= 10.71 adv=+0.000 r̄=-0.393 succ=23.7% >exp= 0.0% el=1h58m eta=2h34m
  ep  2496/5000 batch  780 loss=  -0.171 pol= -3.199 vL= 0.494 kl= 0.31 H=  9.63 adv=+0.000 r̄=-0.484 succ=23.6% >exp= 0.0% el=2h01m eta=2h01m
  ep  2816/5000 batch  800 loss=  -0.795 pol=  3.297 vL= 0.411 kl= 0.22 H= 10.21 adv=+0.000 r̄=-0.861 succ=23.6% >exp= 0.0% el=2h04m eta=1h36m
  ep  3136/5000 batch  820 loss=  -0.093 pol= -3.001 vL= 0.477 kl= 0.30 H=  8.51 adv=+0.000 r̄=-0.148 succ=23.6% >exp= 0.0% el=2h07m eta=1h15m
  ep  3456/5000 batch  840 loss=   0.468 pol=  1.159 vL= 0.324 kl= 0.15 H= 12.16 adv=+0.000 r̄=-0.538 succ=23.7% >exp= 0.0% el=2h10m eta=58m20s
  ep  3776/5000 batch  860 loss=  -0.269 pol= -0.686 vL= 0.618 kl= 0.25 H= 10.33 adv=+0.000 r̄=-0.400 succ=23.7% >exp= 0.0% el=2h13m eta=43m17s
  ep  4096/5000 batch  880 loss=  -0.339 pol= -1.009 vL= 0.345 kl= 0.24 H=  9.93 adv=-0.000 r̄=-0.397 succ=23.8% >exp= 0.0% el=2h16m eta=30m05s
  ep  4416/5000 batch  900 loss=  -0.009 pol= -0.267 vL= 0.415 kl= 0.33 H=  7.55 adv=-0.000 r̄=-0.493 succ=23.8% >exp= 0.0% el=2h18m eta=18m22s
  ep  4736/5000 batch  920 loss=  -0.202 pol= -0.541 vL= 0.412 kl= 0.14 H= 10.47 adv=+0.000 r̄=-0.628 succ=23.8% >exp= 0.0% el=2h22m eta= 7m55s
  >>> Epoch 81/178 DONE: succ=24.2% (1208/5000) mean_loss=-0.0115 mean_reward=-0.514 mean_KL=0.257 mean_H=9.01 epoch_time=45m54s

=== Epoch 82/178 — resetting substrate ===
  ep    64/5000 batch  940 loss=   0.208 pol= -2.162 vL= 0.763 kl= 0.06 H=  6.76 adv=+0.000 r̄= 0.080 succ=24.0% >exp= 0.0% el=2h25m eta=186h51m
  ep   384/5000 batch  960 loss=   0.628 pol=  1.364 vL= 0.521 kl= 0.17 H=  6.41 adv=+0.000 r̄=-0.482 succ=23.9% >exp= 0.0% el=2h28m eta=29h41m
  ep   704/5000 batch  980 loss=   0.120 pol= -0.810 vL= 0.373 kl= 0.52 H=  8.66 adv=+0.000 r̄=-0.478 succ=23.8% >exp= 0.0% el=2h31m eta=15h22m
  ep  1024/5000 batch 1000 loss=  -0.089 pol=  1.822 vL= 0.365 kl= 0.64 H=  7.60 adv=+0.000 r̄=-0.740 succ=23.7% >exp= 0.0% el=2h34m eta=9h59m
  ep  1344/5000 batch 1020 loss=  -0.399 pol= -1.502 vL= 0.597 kl= 0.62 H=  6.32 adv=+0.000 r̄= 0.108 succ=23.8% >exp= 0.0% el=2h37m eta=7h08m
  ep  1664/5000 batch 1040 loss=   0.392 pol=  0.253 vL= 0.371 kl= 0.33 H=  7.09 adv=+0.000 r̄=-0.470 succ=23.7% >exp= 0.0% el=2h40m eta=5h22m
  ep  1984/5000 batch 1060 loss=  -0.437 pol= -1.318 vL= 0.122 kl= 1.07 H=  8.44 adv=+0.000 r̄=-0.725 succ=23.7% >exp= 0.0% el=2h44m eta=4h09m
  ep  2304/5000 batch 1080 loss=  -0.311 pol=  0.650 vL= 0.447 kl= 0.50 H=  9.30 adv=+0.000 r̄=-0.513 succ=23.7% >exp= 0.0% el=2h47m eta=3h15m
  ep  2624/5000 batch 1100 loss=   0.250 pol=  0.441 vL= 0.464 kl= 0.56 H=  7.21 adv=+0.000 r̄=-0.361 succ=23.8% >exp= 0.0% el=2h51m eta=2h34m
  ep  2944/5000 batch 1120 loss=  -0.584 pol= -0.247 vL= 0.486 kl= 0.34 H=  9.11 adv=-0.000 r̄=-0.649 succ=23.8% >exp= 0.0% el=2h54m eta=2h01m
  ep  3264/5000 batch 1140 loss=   0.225 pol=  1.438 vL= 0.329 kl= 0.32 H= 10.60 adv=+0.000 r̄=-0.597 succ=23.8% >exp= 0.0% el=2h57m eta=1h34m
  ep  3584/5000 batch 1160 loss=   0.937 pol= -1.186 vL= 0.263 kl= 0.34 H=  9.47 adv=-0.000 r̄=-0.590 succ=23.8% >exp= 0.0% el=3h00m eta=1h11m
  ep  3904/5000 batch 1180 loss=  -1.282 pol= -1.611 vL= 0.731 kl= 0.33 H=  7.59 adv=-0.000 r̄=-0.227 succ=23.8% >exp= 0.0% el=3h09m eta=53m20s
  ep  4224/5000 batch 1200 loss=   0.688 pol= -2.614 vL= 0.344 kl= 0.49 H=  9.64 adv=-0.000 r̄=-0.117 succ=23.8% >exp= 0.0% el=3h14m eta=35m47s
  ep  4544/5000 batch 1220 loss=   0.352 pol= -2.387 vL= 0.441 kl= 0.35 H=  9.85 adv=+0.000 r̄=-0.185 succ=23.8% >exp= 0.0% el=3h18m eta=19m56s
  ep  4864/5000 batch 1240 loss=   1.489 pol= -1.456 vL= 0.604 kl= 0.28 H= 10.22 adv=-0.000 r̄=-0.628 succ=23.7% >exp= 0.0% el=3h21m eta= 5m38s
  >>> Epoch 82/178 DONE: succ=23.5% (1176/5000) mean_loss= 0.0580 mean_reward=-0.527 mean_KL=0.416 mean_H=8.30 epoch_time=58m41s

=== Epoch 83/178 — resetting substrate ===
  ep   192/5000 batch 1260 loss=  -1.864 pol=  1.975 vL= 0.763 kl= 0.24 H=  6.23 adv=-0.000 r̄=-0.898 succ=23.8% >exp= 0.0% el=3h25m eta=85h38m
  ep   512/5000 batch 1280 loss=   0.392 pol=  2.765 vL= 0.638 kl= 0.24 H=  6.33 adv=+0.000 r̄=-0.912 succ=23.8% >exp= 0.0% el=3h28m eta=30h30m
  ep   832/5000 batch 1300 loss=   0.866 pol= -0.041 vL= 0.647 kl= 0.50 H=  8.35 adv=-0.000 r̄=-0.630 succ=23.8% >exp= 0.0% el=3h30m eta=17h36m
  ep  1152/5000 batch 1320 loss=  -0.362 pol= -0.026 vL= 0.458 kl= 0.32 H=  8.25 adv=+0.000 r̄=-0.523 succ=23.8% >exp= 0.0% el=3h33m eta=11h52m
  ep  1472/5000 batch 1340 loss=   0.179 pol=  0.666 vL= 0.483 kl= 0.29 H=  9.20 adv=+0.000 r̄=-0.636 succ=23.8% >exp= 0.0% el=3h35m eta=8h36m
  ep  1792/5000 batch 1360 loss=   0.339 pol=  0.739 vL= 0.349 kl= 0.27 H=  8.18 adv=+0.000 r̄=-0.393 succ=23.8% >exp= 0.0% el=3h37m eta=6h29m
  ep  2112/5000 batch 1380 loss=   0.247 pol=  0.139 vL= 0.510 kl= 0.47 H=  7.63 adv=-0.000 r̄=-0.615 succ=23.8% >exp= 0.0% el=3h39m eta=5h00m
  ep  2432/5000 batch 1400 loss=   0.672 pol= -0.743 vL= 0.467 kl= 0.39 H= 12.66 adv=+0.000 r̄=-0.626 succ=23.8% >exp= 0.0% el=3h41m eta=3h54m
  ep  2752/5000 batch 1420 loss=   0.212 pol=  1.321 vL= 0.961 kl= 0.44 H=  7.48 adv=+0.000 r̄=-0.514 succ=23.8% >exp= 0.0% el=3h43m eta=3h02m
  ep  3072/5000 batch 1440 loss=  -0.347 pol= -0.543 vL= 0.472 kl= 0.33 H=  7.96 adv=+0.000 r̄=-0.476 succ=23.8% >exp= 0.0% el=3h46m eta=2h22m
  ep  3392/5000 batch 1460 loss=  -0.010 pol=  0.887 vL= 0.310 kl= 0.25 H=  6.52 adv=-0.000 r̄=-0.734 succ=23.7% >exp= 0.0% el=3h48m eta=1h48m
  ep  3712/5000 batch 1480 loss=  -0.236 pol=  0.138 vL= 0.388 kl= 0.19 H=  9.43 adv=+0.000 r̄=-0.358 succ=23.8% >exp= 0.0% el=3h51m eta=1h20m
  ep  4032/5000 batch 1500 loss=   0.511 pol= -0.898 vL= 0.513 kl= 0.21 H=  5.54 adv=+0.000 r̄=-0.275 succ=23.8% >exp= 0.0% el=3h54m eta=56m21s
  ep  4352/5000 batch 1520 loss=   0.586 pol=  4.923 vL= 0.571 kl= 0.48 H=  9.70 adv=+0.000 r̄=-1.000 succ=23.8% >exp= 0.0% el=3h56m eta=35m17s
  ep  4672/5000 batch 1540 loss=   0.313 pol= -0.371 vL= 0.909 kl= 0.67 H=  4.63 adv=+0.000 r̄=-0.247 succ=23.8% >exp= 0.0% el=3h59m eta=16m47s
  ep  4992/5000 batch 1560 loss=   0.496 pol= -1.779 vL= 0.463 kl= 0.61 H=  6.24 adv=-0.000 r̄=-0.397 succ=23.8% >exp= 0.0% el=4h01m eta=  23s
  >>> Epoch 83/178 DONE: succ=23.8% (1192/5000) mean_loss= 0.1891 mean_reward=-0.522 mean_KL=0.386 mean_H=8.26 epoch_time=38m14s

=== Epoch 84/178 — resetting substrate ===
  ep   320/5000 batch 1580 loss=   0.033 pol= -0.440 vL= 0.441 kl= 1.08 H=  5.43 adv=-0.000 r̄=-0.334 succ=23.8% >exp= 0.0% el=4h04m eta=59h30m
  ep   640/5000 batch 1600 loss=   0.073 pol= -0.775 vL= 0.306 kl= 0.93 H=  6.63 adv=+0.000 r̄=-0.236 succ=23.8% >exp= 0.0% el=4h06m eta=27h58m
  ep   960/5000 batch 1620 loss=  -0.000 pol=  1.020 vL= 0.428 kl= 0.82 H=  7.05 adv=-0.000 r̄=-0.625 succ=23.8% >exp= 0.0% el=4h08m eta=17h25m
  ep  1280/5000 batch 1640 loss=   0.153 pol=  3.238 vL= 0.169 kl= 0.53 H=  8.53 adv=-0.000 r̄=-1.000 succ=23.8% >exp= 0.0% el=4h10m eta=12h09m
  ep  1600/5000 batch 1660 loss=  -0.733 pol=  4.376 vL= 0.180 kl= 0.46 H=  8.05 adv=+0.000 r̄=-1.000 succ=23.8% >exp= 0.0% el=4h12m eta=8h57m
  ep  1920/5000 batch 1680 loss=   0.985 pol= -2.580 vL= 0.889 kl= 0.56 H=  6.07 adv=+0.000 r̄=-0.212 succ=23.8% >exp= 0.0% el=4h16m eta=6h52m
  ep  2240/5000 batch 1700 loss=  -0.673 pol= -1.975 vL= 0.299 kl= 0.36 H=  6.54 adv=-0.000 r̄=-0.217 succ=23.8% >exp= 0.0% el=4h18m eta=5h19m
  ep  2560/5000 batch 1720 loss=   0.411 pol=  0.153 vL= 0.454 kl= 0.21 H= 12.71 adv=-0.000 r̄=-0.523 succ=23.8% >exp= 0.0% el=4h21m eta=4h09m
  ep  2880/5000 batch 1740 loss=   1.024 pol=  1.023 vL= 0.489 kl= 0.42 H=  8.30 adv=-0.000 r̄=-0.506 succ=23.8% >exp= 0.0% el=4h23m eta=3h13m
  ep  3200/5000 batch 1760 loss=  -0.246 pol=  1.430 vL= 0.513 kl= 0.24 H=  6.47 adv=+0.000 r̄=-0.772 succ=23.8% >exp= 0.0% el=4h25m eta=2h29m
  ep  3520/5000 batch 1780 loss=  -0.033 pol= -0.602 vL= 0.560 kl= 0.49 H=  4.87 adv=+0.000 r̄=-0.116 succ=23.8% >exp= 0.0% el=4h27m eta=1h52m
  ep  3840/5000 batch 1800 loss=   0.278 pol=  1.049 vL= 0.533 kl= 0.20 H=  7.33 adv=+0.000 r̄=-0.751 succ=23.8% >exp= 0.0% el=4h29m eta=1h21m
  ep  4160/5000 batch 1820 loss=   0.062 pol=  0.273 vL= 0.245 kl= 0.22 H=  7.96 adv=-0.000 r̄=-0.729 succ=23.9% >exp= 0.0% el=4h32m eta=54m56s
  ep  4480/5000 batch 1840 loss=   0.118 pol= -0.462 vL= 0.470 kl= 0.37 H=  5.57 adv=-0.000 r̄=-0.352 succ=23.9% >exp= 0.0% el=4h34m eta=31m48s
  ep  4800/5000 batch 1860 loss=   0.027 pol= -0.315 vL= 0.239 kl= 0.42 H= 10.63 adv=-0.000 r̄=-0.748 succ=23.9% >exp= 0.0% el=4h36m eta=11m30s
  >>> Epoch 84/178 DONE: succ=24.4% (1221/5000) mean_loss= 0.0392 mean_reward=-0.511 mean_KL=0.445 mean_H=7.93 epoch_time=36m00s

=== Epoch 85/178 — resetting substrate ===
  ep   128/5000 batch 1880 loss=  -0.719 pol=  2.083 vL= 0.647 kl= 0.38 H=  9.26 adv=+0.000 r̄=-0.623 succ=23.9% >exp= 0.0% el=4h38m eta=176h44m
  ep   448/5000 batch 1900 loss=   0.573 pol= -0.042 vL= 0.649 kl= 0.97 H=  7.85 adv=+0.000 r̄=-0.626 succ=23.9% >exp= 0.0% el=4h40m eta=47h33m
  ep   768/5000 batch 1920 loss=   0.412 pol=  1.367 vL= 0.335 kl= 0.29 H= 10.20 adv=-0.000 r̄=-0.471 succ=23.9% >exp= 0.0% el=4h42m eta=25h59m
  ep  1088/5000 batch 1940 loss=  -0.112 pol= -1.648 vL= 0.546 kl= 0.19 H=  6.21 adv=-0.000 r̄=-0.336 succ=23.9% >exp= 0.0% el=4h44m eta=17h04m
  ep  1408/5000 batch 1960 loss=  -0.594 pol=  1.083 vL= 0.574 kl= 0.17 H=  8.96 adv=+0.000 r̄=-0.791 succ=23.9% >exp= 0.0% el=4h47m eta=12h12m
  ep  1728/5000 batch 1980 loss=   0.772 pol= -2.826 vL= 0.398 kl= 0.22 H=  8.99 adv=-0.000 r̄=-0.155 succ=23.9% >exp= 0.0% el=4h49m eta=9h07m
  ep  2048/5000 batch 2000 loss=   0.039 pol= -0.124 vL= 0.309 kl= 0.34 H=  6.10 adv=-0.000 r̄=-0.724 succ=23.9% >exp= 0.0% el=4h50m eta=6h59m
  ep  2368/5000 batch 2020 loss=  -0.778 pol=  1.653 vL= 0.290 kl= 0.10 H=  9.27 adv=+0.000 r̄=-0.753 succ=23.9% >exp= 0.0% el=4h52m eta=5h25m
  ep  2688/5000 batch 2040 loss=   0.737 pol= -0.491 vL= 0.530 kl= 0.18 H=  8.31 adv=-0.000 r̄=-0.339 succ=23.9% >exp= 0.0% el=4h54m eta=4h13m
  ep  3008/5000 batch 2060 loss=  -1.161 pol= -0.974 vL= 0.470 kl= 0.24 H=  8.07 adv=-0.000 r̄=-0.249 succ=23.9% >exp= 0.0% el=4h56m eta=3h16m
  ep  3328/5000 batch 2080 loss=   0.241 pol=  2.781 vL= 0.151 kl= 0.20 H=  7.44 adv=-0.000 r̄=-0.880 succ=23.9% >exp= 0.0% el=4h58m eta=2h30m
  ep  3648/5000 batch 2100 loss=   0.859 pol= -0.169 vL= 0.481 kl= 0.15 H=  8.22 adv=-0.000 r̄=-0.531 succ=23.9% >exp= 0.0% el=5h00m eta=1h51m
  ep  3968/5000 batch 2120 loss=   0.057 pol= -0.836 vL= 0.793 kl= 0.48 H=  6.43 adv=+0.000 r̄= 0.032 succ=23.9% >exp= 0.0% el=5h02m eta=1h18m
  ep  4288/5000 batch 2140 loss=   0.248 pol= -0.776 vL= 0.233 kl= 0.20 H=  9.35 adv=+0.000 r̄=-0.395 succ=23.9% >exp= 0.0% el=5h04m eta=50m33s
  ep  4608/5000 batch 2160 loss=   0.417 pol=  0.662 vL= 0.318 kl= 0.21 H=  9.76 adv=-0.000 r̄=-0.668 succ=23.9% >exp= 0.0% el=5h06m eta=26m04s
  ep  4928/5000 batch 2180 loss=  -0.266 pol= -1.188 vL= 0.256 kl= 0.21 H=  9.76 adv=+0.000 r̄=-0.466 succ=23.9% >exp= 0.0% el=5h08m eta= 4m30s
  >>> Epoch 85/178 DONE: succ=24.0% (1202/5000) mean_loss= 0.1080 mean_reward=-0.517 mean_KL=0.328 mean_H=8.77 epoch_time=31m14s

=== Epoch 86/178 — resetting substrate ===
  ep   256/5000 batch 2200 loss=  -0.656 pol= -0.952 vL= 0.180 kl= 0.20 H= 11.60 adv=+0.000 r̄=-0.763 succ=24.0% >exp= 0.0% el=5h10m eta=95h54m
  ep   576/5000 batch 2220 loss=   0.444 pol= -0.107 vL= 0.452 kl= 0.14 H=  8.52 adv=-0.000 r̄=-0.630 succ=23.9% >exp= 0.0% el=5h12m eta=39h58m
  ep   896/5000 batch 2240 loss=  -0.157 pol= -2.271 vL= 0.391 kl= 0.23 H= 11.45 adv=-0.000 r̄=-0.499 succ=23.9% >exp= 0.0% el=5h14m eta=23h58m
  ep  1216/5000 batch 2260 loss=  -0.006 pol=  3.635 vL= 0.684 kl= 0.19 H=  7.39 adv=-0.000 r̄=-0.894 succ=23.9% >exp= 0.0% el=5h15m eta=16h23m
  ep  1536/5000 batch 2280 loss=   0.570 pol= -0.497 vL= 0.360 kl= 0.17 H=  9.97 adv=-0.000 r̄=-0.738 succ=23.9% >exp= 0.0% el=5h17m eta=11h56m
  ep  1856/5000 batch 2300 loss=  -1.042 pol= -4.745 vL= 0.455 kl= 0.29 H=  9.64 adv=-0.000 r̄=-0.225 succ=23.9% >exp= 0.0% el=5h19m eta=9h01m
  ep  2176/5000 batch 2320 loss=  -0.309 pol=  1.017 vL= 0.507 kl= 0.49 H= 11.05 adv=+0.000 r̄=-0.780 succ=23.9% >exp= 0.0% el=5h21m eta=6h57m
  ep  2496/5000 batch 2340 loss=  -0.031 pol=  0.511 vL= 0.510 kl= 0.33 H=  9.11 adv=+0.000 r̄=-0.626 succ=23.9% >exp= 0.0% el=5h23m eta=5h24m
  ep  2816/5000 batch 2360 loss=   0.376 pol= -0.245 vL= 0.468 kl= 0.45 H=  8.97 adv=+0.000 r̄=-0.639 succ=23.9% >exp= 0.0% el=5h25m eta=4h12m
  ep  3136/5000 batch 2380 loss=  -0.121 pol=  2.412 vL= 0.347 kl= 0.24 H=  8.51 adv=+0.000 r̄=-0.870 succ=23.8% >exp= 0.0% el=5h27m eta=3h14m
  ep  3456/5000 batch 2400 loss=   0.600 pol= -2.902 vL= 0.480 kl= 0.46 H= 13.51 adv=-0.000 r̄=-0.515 succ=23.8% >exp= 0.0% el=5h29m eta=2h26m
  ep  3776/5000 batch 2420 loss=  -0.714 pol= -1.152 vL= 0.601 kl= 0.26 H=  9.89 adv=+0.000 r̄=-0.598 succ=23.8% >exp= 0.0% el=5h30m eta=1h47m
  ep  4096/5000 batch 2440 loss=   0.122 pol=  2.149 vL= 0.508 kl= 0.27 H=  9.57 adv=+0.000 r̄=-0.437 succ=23.8% >exp= 0.0% el=5h32m eta=1h13m
  ep  4416/5000 batch 2460 loss=   0.692 pol= -0.917 vL= 0.385 kl= 0.47 H=  6.61 adv=+0.000 r̄=-0.249 succ=23.8% >exp= 0.0% el=5h34m eta=44m13s
  ep  4736/5000 batch 2480 loss=  -0.045 pol=  0.765 vL= 0.312 kl= 0.34 H= 10.80 adv=-0.000 r̄=-0.760 succ=23.8% >exp= 0.0% el=5h36m eta=18m44s
  >>> Epoch 86/178 DONE: succ=23.1% (1154/5000) mean_loss=-0.0016 mean_reward=-0.538 mean_KL=0.262 mean_H=9.05 epoch_time=29m05s

=== Epoch 87/178 — resetting substrate ===
  ep    64/5000 batch 2500 loss=   0.146 pol= -3.086 vL= 0.994 kl= 0.24 H=  7.47 adv=+0.000 r̄= 0.327 succ=23.8% >exp= 0.0% el=5h38m eta=435h02m
  ep   384/5000 batch 2520 loss=  -0.139 pol= -2.451 vL= 0.334 kl= 0.48 H=  8.37 adv=+0.000 r̄=-0.512 succ=23.8% >exp= 0.0% el=5h40m eta=68h11m
  ep   704/5000 batch 2540 loss=  -1.567 pol=  0.798 vL= 0.319 kl= 0.46 H= 11.33 adv=-0.000 r̄=-0.499 succ=23.8% >exp= 0.0% el=5h42m eta=34h48m
  ep  1024/5000 batch 2560 loss=  -0.380 pol= -0.985 vL= 0.548 kl= 0.50 H= 11.43 adv=+0.000 r̄=-0.519 succ=23.8% >exp= 0.0% el=5h44m eta=22h16m
  ep  1344/5000 batch 2580 loss=   1.123 pol=  0.320 vL= 0.601 kl= 0.40 H=  7.68 adv=+0.000 r̄=-0.397 succ=23.8% >exp= 0.0% el=5h45m eta=15h41m
  ep  1664/5000 batch 2600 loss=   0.799 pol=  0.948 vL= 0.482 kl= 0.21 H=  9.04 adv=+0.000 r̄=-0.481 succ=23.8% >exp= 0.0% el=5h47m eta=11h37m
  ep  1984/5000 batch 2620 loss=  -0.368 pol= -2.302 vL= 0.154 kl= 0.33 H=  9.77 adv=+0.000 r̄=-0.505 succ=23.8% >exp= 0.0% el=5h49m eta=8h51m
  ep  2304/5000 batch 2640 loss=  -0.035 pol= -3.336 vL= 0.314 kl= 0.20 H= 11.06 adv=-0.000 r̄=-0.341 succ=23.8% >exp= 0.0% el=5h51m eta=6h51m
  ep  2624/5000 batch 2660 loss=   0.182 pol= -2.495 vL= 0.453 kl= 0.45 H=  9.04 adv=+0.000 r̄= 0.004 succ=23.8% >exp= 0.0% el=5h53m eta=5h20m
  ep  2944/5000 batch 2680 loss=  -0.371 pol=  4.232 vL= 0.516 kl= 0.28 H= 11.64 adv=-0.000 r̄=-0.876 succ=23.8% >exp= 0.0% el=5h55m eta=4h08m
  ep  3264/5000 batch 2700 loss=   0.742 pol=  1.841 vL= 0.243 kl= 0.25 H= 10.39 adv=+0.000 r̄=-0.741 succ=23.8% >exp= 0.0% el=5h57m eta=3h10m
  ep  3584/5000 batch 2720 loss=   0.537 pol=  0.142 vL= 0.350 kl= 0.20 H=  8.37 adv=-0.000 r̄=-0.602 succ=23.9% >exp= 0.0% el=5h59m eta=2h21m
  ep  3904/5000 batch 2740 loss=  -0.105 pol=  0.677 vL= 0.654 kl= 0.37 H=  7.90 adv=+0.000 r̄=-0.493 succ=23.9% >exp= 0.0% el=6h01m eta=1h41m
  ep  4224/5000 batch 2760 loss=  -0.307 pol= -1.756 vL= 0.443 kl= 0.19 H=  7.65 adv=+0.000 r̄=-0.232 succ=23.9% >exp= 0.0% el=6h03m eta=1h06m
  ep  4544/5000 batch 2780 loss=  -0.099 pol=  0.748 vL= 0.537 kl= 0.16 H=  7.57 adv=-0.000 r̄=-0.396 succ=23.9% >exp= 0.0% el=6h04m eta=36m36s
  ep  4864/5000 batch 2800 loss=   0.104 pol= -0.667 vL= 0.761 kl= 0.16 H=  8.30 adv=+0.000 r̄=-0.487 succ=23.8% >exp= 0.0% el=6h06m eta=10m15s
  >>> Epoch 87/178 DONE: succ=24.1% (1204/5000) mean_loss=-0.0444 mean_reward=-0.516 mean_KL=0.302 mean_H=9.01 epoch_time=29m39s

=== Epoch 88/178 — resetting substrate ===
  ep   192/5000 batch 2820 loss=  -0.777 pol=  1.991 vL= 0.364 kl= 0.39 H=  6.03 adv=+0.000 r̄=-0.865 succ=23.9% >exp= 0.0% el=6h08m eta=153h55m
  ep   512/5000 batch 2840 loss=   0.387 pol=  0.149 vL= 0.576 kl= 0.44 H=  5.68 adv=-0.000 r̄=-0.402 succ=23.9% >exp= 0.0% el=6h10m eta=54h10m
  ep   832/5000 batch 2860 loss=   0.033 pol= -0.206 vL= 0.446 kl= 0.22 H=  8.12 adv=-0.000 r̄=-0.123 succ=23.9% >exp= 0.0% el=6h12m eta=31h07m
  ep  1152/5000 batch 2880 loss=  -0.278 pol= -0.975 vL= 0.576 kl= 0.70 H=  9.76 adv=+0.000 r̄=-0.640 succ=23.9% >exp= 0.0% el=6h14m eta=20h51m
  ep  1472/5000 batch 2900 loss=   0.497 pol=  0.173 vL= 0.566 kl= 0.31 H=  9.90 adv=+0.000 r̄=-0.379 succ=23.9% >exp= 0.0% el=6h16m eta=15h02m
  ep  1792/5000 batch 2920 loss=  -0.230 pol=  1.648 vL= 0.451 kl= 0.27 H=  7.66 adv=-0.000 r̄=-0.601 succ=23.9% >exp= 0.0% el=6h18m eta=11h17m
  ep  2112/5000 batch 2940 loss=   0.175 pol=  1.614 vL= 0.730 kl= 0.19 H=  5.59 adv=+0.000 r̄=-0.627 succ=23.9% >exp= 0.0% el=6h20m eta=8h40m
  ep  2432/5000 batch 2960 loss=   0.852 pol= -1.461 vL= 0.474 kl= 0.21 H= 12.12 adv=-0.000 r̄=-0.631 succ=23.8% >exp= 0.0% el=6h21m eta=6h43m
  ep  2752/5000 batch 2980 loss=   0.473 pol=  0.621 vL= 0.686 kl= 0.53 H=  7.84 adv=+0.000 r̄=-0.473 succ=23.8% >exp= 0.0% el=6h23m eta=5h13m
  ep  3072/5000 batch 3000 loss=  -0.491 pol=  0.017 vL= 0.441 kl= 0.28 H=  7.71 adv=+0.000 r̄=-0.625 succ=23.9% >exp= 0.0% el=6h25m eta=4h02m
  ep  3392/5000 batch 3020 loss=  -0.055 pol= -1.160 vL= 0.603 kl= 0.36 H=  6.17 adv=+0.000 r̄=-0.496 succ=23.9% >exp= 0.0% el=6h27m eta=3h03m
  ep  3712/5000 batch 3040 loss=   0.562 pol=  2.432 vL= 0.864 kl= 0.37 H= 10.31 adv=+0.000 r̄=-0.742 succ=23.9% >exp= 0.0% el=6h29m eta=2h15m
  ep  4032/5000 batch 3060 loss=   0.592 pol= -0.112 vL= 0.871 kl= 0.37 H=  5.60 adv=+0.000 r̄=-0.395 succ=23.8% >exp= 0.0% el=6h31m eta=1h34m
  ep  4352/5000 batch 3080 loss=  -0.405 pol=  1.737 vL= 0.308 kl= 0.30 H= 11.15 adv=-0.000 r̄=-0.755 succ=23.8% >exp= 0.0% el=6h33m eta=58m36s
  ep  4672/5000 batch 3100 loss=   0.329 pol= -0.153 vL= 0.757 kl= 0.39 H=  5.61 adv=+0.000 r̄=-0.233 succ=23.8% >exp= 0.0% el=6h35m eta=27m45s
  ep  4992/5000 batch 3120 loss=  -0.153 pol= -0.422 vL= 0.381 kl= 0.26 H= 10.03 adv=+0.000 r̄=-0.647 succ=23.8% >exp= 0.0% el=6h37m eta=  38s
  >>> Epoch 88/178 DONE: succ=23.8% (1192/5000) mean_loss= 0.1358 mean_reward=-0.520 mean_KL=0.339 mean_H=8.54 epoch_time=29m52s

=== Epoch 89/178 — resetting substrate ===
  ep   320/5000 batch 3140 loss=   0.057 pol= -0.017 vL= 0.542 kl= 0.13 H=  6.35 adv=+0.000 r̄=-0.081 succ=23.9% >exp= 0.0% el=6h39m eta=97h21m
  ep   640/5000 batch 3160 loss=   0.678 pol=  0.078 vL= 0.300 kl= 0.17 H=  7.12 adv=+0.000 r̄=-0.603 succ=23.8% >exp= 0.0% el=6h41m eta=45h33m
  ep   960/5000 batch 3180 loss=   0.044 pol= -0.555 vL= 0.781 kl= 0.25 H=  8.29 adv=-0.000 r̄=-0.394 succ=23.8% >exp= 0.0% el=6h43m eta=28h16m
  ep  1280/5000 batch 3200 loss=  -0.252 pol=  0.136 vL= 0.242 kl= 0.37 H= 10.56 adv=+0.000 r̄=-0.765 succ=23.8% >exp= 0.0% el=6h44m eta=19h36m
  ep  1600/5000 batch 3220 loss=   0.771 pol= -0.126 vL= 0.721 kl= 0.37 H=  8.52 adv=+0.000 r̄=-0.510 succ=23.8% >exp= 0.0% el=6h46m eta=14h24m
  ep  1920/5000 batch 3240 loss=   0.016 pol=  2.551 vL= 0.957 kl= 0.24 H=  8.61 adv=+0.000 r̄=-0.633 succ=23.8% >exp= 0.0% el=6h48m eta=10h55m
  ep  2240/5000 batch 3260 loss=   0.359 pol=  0.494 vL= 0.854 kl= 0.46 H=  8.52 adv=-0.000 r̄=-0.621 succ=23.8% >exp= 0.0% el=6h50m eta=8h25m
  ep  2560/5000 batch 3280 loss=   0.636 pol= -0.187 vL= 0.314 kl= 0.14 H= 12.60 adv=-0.000 r̄=-0.623 succ=23.8% >exp= 0.0% el=6h52m eta=6h32m
  ep  2880/5000 batch 3300 loss=  -0.517 pol= -0.941 vL= 0.327 kl= 0.20 H=  8.87 adv=+0.000 r̄=-0.508 succ=23.8% >exp= 0.0% el=6h53m eta=5h04m
  ep  3200/5000 batch 3320 loss=   0.031 pol=  1.634 vL= 0.437 kl= 0.29 H=  6.84 adv=-0.000 r̄=-0.782 succ=23.8% >exp= 0.0% el=6h55m eta=3h53m
  ep  3520/5000 batch 3340 loss=  -0.122 pol= -0.442 vL= 0.513 kl= 0.76 H=  4.30 adv=-0.000 r̄=-0.351 succ=23.9% >exp= 0.0% el=6h57m eta=2h55m
  ep  3840/5000 batch 3360 loss=   0.872 pol= -0.158 vL= 0.507 kl= 0.37 H=  7.96 adv=+0.000 r̄=-0.741 succ=23.8% >exp= 0.0% el=6h59m eta=2h06m
  ep  4160/5000 batch 3380 loss=   0.225 pol=  0.284 vL= 0.455 kl= 0.62 H=  7.96 adv=-0.000 r̄=-0.484 succ=23.9% >exp= 0.0% el=7h01m eta=1h25m
  ep  4480/5000 batch 3400 loss=  -0.652 pol=  0.662 vL= 0.590 kl= 0.34 H=  4.99 adv=-0.000 r̄=-0.602 succ=23.9% >exp= 0.0% el=7h03m eta=49m11s
  ep  4800/5000 batch 3420 loss=   0.657 pol= -1.843 vL= 0.460 kl= 0.31 H=  8.83 adv=-0.000 r̄=-0.403 succ=23.9% >exp= 0.0% el=7h05m eta=17m43s
  >>> Epoch 89/178 DONE: succ=24.0% (1201/5000) mean_loss= 0.1663 mean_reward=-0.519 mean_KL=0.309 mean_H=8.60 epoch_time=29m12s

=== Epoch 90/178 — resetting substrate ===
  ep   128/5000 batch 3440 loss=  -0.322 pol= -1.206 vL= 0.361 kl= 0.37 H=  6.92 adv=-0.000 r̄=-0.598 succ=23.9% >exp= 0.0% el=7h07m eta=271h12m
  ep   448/5000 batch 3460 loss=   0.614 pol=  0.710 vL= 0.735 kl= 0.44 H=  5.04 adv=+0.000 r̄=-0.493 succ=23.9% >exp= 0.0% el=7h09m eta=72h42m
  ep   768/5000 batch 3480 loss=  -0.065 pol=  0.179 vL= 0.223 kl= 0.28 H=  7.00 adv=+0.000 r̄=-0.729 succ=23.8% >exp= 0.0% el=7h11m eta=39h35m
  ep  1088/5000 batch 3500 loss=   0.322 pol=  0.134 vL= 0.447 kl= 0.25 H=  5.57 adv=-0.000 r̄=-0.611 succ=23.8% >exp= 0.0% el=7h12m eta=25h56m
  ep  1408/5000 batch 3520 loss=  -0.025 pol= -0.822 vL= 0.380 kl= 0.23 H=  8.21 adv=+0.000 r̄=-0.644 succ=23.8% >exp= 0.0% el=7h14m eta=18h29m
  ep  1728/5000 batch 3540 loss=   0.830 pol=  0.563 vL= 0.485 kl= 0.15 H=  7.57 adv=-0.000 r̄=-0.392 succ=23.8% >exp= 0.0% el=7h16m eta=13h47m
  ep  2048/5000 batch 3560 loss=   0.319 pol= -0.219 vL= 0.187 kl= 0.29 H=  4.58 adv=+0.000 r̄=-0.868 succ=23.8% >exp= 0.0% el=7h18m eta=10h32m
  ep  2368/5000 batch 3580 loss=  -0.768 pol= -1.510 vL= 0.461 kl= 0.37 H=  7.82 adv=-0.000 r̄=-0.479 succ=23.8% >exp= 0.0% el=7h20m eta=8h09m
  ep  2688/5000 batch 3600 loss=   0.093 pol= -0.993 vL= 0.484 kl= 0.28 H=  7.57 adv=-0.000 r̄=-0.360 succ=23.8% >exp= 0.0% el=7h22m eta=6h20m
  ep  3008/5000 batch 3620 loss=  -0.149 pol=  0.797 vL= 0.479 kl= 0.63 H=  7.66 adv=+0.000 r̄=-0.381 succ=23.9% >exp= 0.0% el=7h24m eta=4h54m
  ep  3328/5000 batch 3640 loss=  -0.200 pol= -1.168 vL= 0.520 kl= 0.14 H=  8.71 adv=-0.000 r̄=-0.534 succ=23.9% >exp= 0.0% el=7h26m eta=3h44m
  ep  3648/5000 batch 3660 loss=   0.724 pol=  0.927 vL= 0.452 kl= 0.21 H=  9.71 adv=-0.000 r̄=-0.505 succ=23.9% >exp= 0.0% el=7h28m eta=2h46m
  ep  3968/5000 batch 3680 loss=   0.275 pol=  0.750 vL= 0.899 kl= 0.37 H=  6.39 adv=-0.000 r̄=-0.362 succ=23.9% >exp= 0.0% el=7h30m eta=1h57m
  ep  4288/5000 batch 3700 loss=  -0.632 pol= -0.060 vL= 0.478 kl= 0.33 H= 10.38 adv=+0.000 r̄=-0.639 succ=23.9% >exp= 0.0% el=7h32m eta=1h15m
  ep  4608/5000 batch 3720 loss=   1.176 pol=  1.011 vL= 0.272 kl= 0.37 H=  9.58 adv=+0.000 r̄=-0.753 succ=23.9% >exp= 0.0% el=7h34m eta=38m37s
  ep  4928/5000 batch 3740 loss=   0.690 pol=  1.303 vL= 0.250 kl= 0.29 H=  9.43 adv=+0.000 r̄=-0.738 succ=23.8% >exp= 0.0% el=7h36m eta= 6m39s
  >>> Epoch 90/178 DONE: succ=23.9% (1195/5000) mean_loss= 0.1804 mean_reward=-0.519 mean_KL=0.331 mean_H=7.82 epoch_time=29m51s

=== Epoch 91/178 — resetting substrate ===
  ep   256/5000 batch 3760 loss=  -0.669 pol= -1.366 vL= 0.231 kl= 0.25 H= 11.63 adv=+0.000 r̄=-0.658 succ=23.9% >exp= 0.0% el=7h38m eta=141h30m
  ep   576/5000 batch 3780 loss=   0.141 pol= -2.168 vL= 0.358 kl= 0.46 H=  9.46 adv=+0.000 r̄=-0.598 succ=23.9% >exp= 0.0% el=7h40m eta=58h53m
  ep   896/5000 batch 3800 loss=  -0.023 pol=  1.016 vL= 0.328 kl= 0.26 H= 10.69 adv=+0.000 r̄=-0.499 succ=23.9% >exp= 0.0% el=7h41m eta=35h15m
  ep  1216/5000 batch 3820 loss=   0.348 pol=  0.194 vL= 0.539 kl= 0.44 H=  8.61 adv=+0.000 r̄=-0.745 succ=23.9% >exp= 0.0% el=7h43m eta=24h03m
  ep  1536/5000 batch 3840 loss=   0.932 pol=  0.064 vL= 0.390 kl= 0.28 H= 10.31 adv=+0.000 r̄=-0.734 succ=23.8% >exp= 0.0% el=7h45m eta=17h30m
  ep  1856/5000 batch 3860 loss=  -0.138 pol= -0.136 vL= 0.499 kl= 0.23 H=  9.66 adv=-0.000 r̄=-0.501 succ=23.8% >exp= 0.0% el=7h47m eta=13h12m
  ep  2176/5000 batch 3880 loss=  -0.660 pol= -1.139 vL= 0.449 kl= 0.23 H=  9.55 adv=+0.000 r̄=-0.520 succ=23.9% >exp= 0.0% el=7h49m eta=10h09m
  ep  2496/5000 batch 3900 loss=   0.852 pol= -0.086 vL= 0.435 kl= 0.33 H=  8.13 adv=-0.000 r̄=-0.596 succ=23.8% >exp= 0.0% el=7h51m eta=7h53m
  ep  2816/5000 batch 3920 loss=   0.230 pol= -1.024 vL= 0.571 kl= 0.35 H=  8.42 adv=+0.000 r̄=-0.502 succ=23.8% >exp= 0.0% el=7h53m eta=6h07m
  ep  3136/5000 batch 3940 loss=   0.278 pol=  2.152 vL= 0.339 kl= 0.23 H=  5.38 adv=-0.000 r̄=-0.861 succ=23.8% >exp= 0.0% el=7h55m eta=4h42m
  ep  3456/5000 batch 3960 loss=  -0.031 pol= -0.019 vL= 0.317 kl= 0.25 H=  8.51 adv=-0.000 r̄=-0.548 succ=23.8% >exp= 0.0% el=7h57m eta=3h33m
  ep  3776/5000 batch 3980 loss=   0.457 pol= -1.257 vL= 0.592 kl= 0.21 H=  8.54 adv=+0.000 r̄=-0.496 succ=23.8% >exp= 0.0% el=7h59m eta=2h35m
  ep  4096/5000 batch 4000 loss=  -0.062 pol=  1.103 vL= 0.422 kl= 0.11 H=  9.30 adv=-0.000 r̄=-0.675 succ=23.8% >exp= 0.0% el=8h01m eta=1h46m
  ep  4416/5000 batch 4020 loss=   0.230 pol= -1.390 vL= 0.442 kl= 0.31 H=  6.08 adv=+0.000 r̄=-0.455 succ=23.8% >exp= 0.0% el=8h03m eta=1h03m
  ep  4736/5000 batch 4040 loss=  -0.075 pol=  0.945 vL= 0.290 kl= 0.20 H=  8.76 adv=-0.000 r̄=-0.741 succ=23.8% >exp= 0.0% el=8h05m eta=27m04s
  >>> Epoch 91/178 DONE: succ=23.2% (1160/5000) mean_loss= 0.1597 mean_reward=-0.533 mean_KL=0.320 mean_H=8.19 epoch_time=30m42s

=== Epoch 92/178 — resetting substrate ===
  ep    64/5000 batch 4060 loss=   0.545 pol=  1.746 vL= 0.597 kl= 0.21 H=  6.67 adv=+0.000 r̄=-0.494 succ=23.8% >exp= 0.0% el=8h07m eta=626h54m
  ep   384/5000 batch 4080 loss=  -0.381 pol= -0.999 vL= 0.392 kl= 0.19 H=  6.64 adv=+0.000 r̄=-0.289 succ=23.8% >exp= 0.0% el=8h09m eta=98h06m
  ep   704/5000 batch 4100 loss=   0.041 pol=  1.373 vL= 0.234 kl= 0.32 H=  9.07 adv=-0.000 r̄=-0.478 succ=23.8% >exp= 0.0% el=8h11m eta=50h01m
  ep  1024/5000 batch 4120 loss=   1.185 pol=  1.521 vL= 0.599 kl= 0.19 H=  7.89 adv=-0.000 r̄=-0.752 succ=23.8% >exp= 0.0% el=8h13m eta=31h57m
  ep  1344/5000 batch 4140 loss=  -0.044 pol= -0.461 vL= 0.349 kl= 0.43 H=  6.21 adv=+0.000 r̄=-0.139 succ=23.8% >exp= 0.0% el=8h15m eta=22h28m
  ep  1664/5000 batch 4160 loss=  -0.282 pol= -0.546 vL= 0.680 kl= 0.28 H=  9.56 adv=-0.000 r̄=-0.356 succ=23.8% >exp= 0.0% el=8h17m eta=16h37m
  ep  1984/5000 batch 4180 loss=  -0.237 pol=  1.171 vL= 0.179 kl= 0.43 H=  8.37 adv=+0.000 r̄=-0.614 succ=23.8% >exp= 0.0% el=8h19m eta=12h39m
  ep  2304/5000 batch 4200 loss=   0.228 pol= -1.387 vL= 0.566 kl= 0.19 H= 11.41 adv=-0.000 r̄=-0.611 succ=23.8% >exp= 0.0% el=8h21m eta=9h47m
  ep  2624/5000 batch 4220 loss=  -0.097 pol= -1.299 vL= 0.607 kl= 0.12 H=  8.27 adv=-0.000 r̄=-0.383 succ=23.8% >exp= 0.0% el=8h23m eta=7h36m
  ep  2944/5000 batch 4240 loss=  -0.281 pol=  0.269 vL= 0.423 kl= 0.20 H= 10.09 adv=+0.000 r̄=-0.523 succ=23.8% >exp= 0.0% el=8h25m eta=5h53m
  ep  3264/5000 batch 4260 loss=   0.393 pol=  0.109 vL= 0.512 kl= 0.13 H=  9.78 adv=+0.000 r̄=-0.394 succ=23.8% >exp= 0.0% el=8h27m eta=4h30m
  ep  3584/5000 batch 4280 loss=   0.778 pol= -0.074 vL= 0.396 kl= 0.31 H=  9.09 adv=+0.000 r̄=-0.596 succ=23.8% >exp= 0.0% el=8h29m eta=3h21m
  ep  3904/5000 batch 4300 loss=  -0.341 pol= -0.950 vL= 0.714 kl= 0.65 H=  6.35 adv=+0.000 r̄=-0.475 succ=23.8% >exp= 0.0% el=8h31m eta=2h23m
  ep  4224/5000 batch 4320 loss=  -0.885 pol= -0.538 vL= 0.655 kl= 0.31 H=  7.79 adv=-0.000 r̄=-0.246 succ=23.8% >exp= 0.0% el=8h33m eta=1h34m
  ep  4544/5000 batch 4340 loss=   0.730 pol=  0.057 vL= 0.518 kl= 0.25 H=  8.04 adv=+0.000 r̄=-0.301 succ=23.8% >exp= 0.0% el=8h35m eta=51m44s
  ep  4864/5000 batch 4360 loss=   0.430 pol= -1.899 vL= 0.309 kl= 0.32 H=  9.07 adv=+0.000 r̄=-0.640 succ=23.8% >exp= 0.0% el=8h37m eta=14m28s
  >>> Epoch 92/178 DONE: succ=24.1% (1207/5000) mean_loss= 0.0613 mean_reward=-0.516 mean_KL=0.311 mean_H=8.33 epoch_time=31m00s

=== Epoch 93/178 — resetting substrate ===
  ep   192/5000 batch 4380 loss=  -0.722 pol=  1.966 vL= 1.057 kl= 0.18 H=  5.87 adv=+0.000 r̄=-0.754 succ=23.9% >exp= 0.0% el=8h39m eta=216h48m
  ep   512/5000 batch 4400 loss=  -0.090 pol= -0.005 vL= 0.538 kl= 0.18 H=  7.62 adv=+0.000 r̄=-0.637 succ=23.8% >exp= 0.0% el=8h41m eta=76h10m
  ep   832/5000 batch 4420 loss=  -0.030 pol= -0.211 vL= 0.214 kl= 0.22 H=  9.41 adv=+0.000 r̄=-0.613 succ=23.8% >exp= 0.0% el=8h43m eta=43h41m
  ep  1152/5000 batch 4440 loss=  -0.235 pol=  1.403 vL= 0.229 kl= 0.09 H=  8.48 adv=+0.000 r̄=-0.890 succ=23.8% >exp= 0.0% el=8h45m eta=29h14m
  ep  1472/5000 batch 4460 loss=  -0.222 pol=  1.052 vL= 0.587 kl= 0.10 H=  8.38 adv=-0.000 r̄=-0.622 succ=23.8% >exp= 0.0% el=8h47m eta=21h04m
  ep  1792/5000 batch 4480 loss=   0.665 pol= -0.204 vL= 0.298 kl= 0.22 H=  6.10 adv=-0.000 r̄=-0.477 succ=23.9% >exp= 0.0% el=8h49m eta=15h47m
  ep  2112/5000 batch 4500 loss=  -0.146 pol= -1.622 vL= 0.942 kl= 0.19 H=  4.55 adv=-0.000 r̄=-0.133 succ=23.9% >exp= 0.0% el=8h51m eta=12h06m
  ep  2432/5000 batch 4520 loss=   0.199 pol= -3.501 vL= 0.445 kl= 0.18 H=  9.58 adv=+0.000 r̄=-0.498 succ=23.8% >exp= 0.0% el=8h53m eta=9h23m
  ep  2752/5000 batch 4540 loss=   0.589 pol=  2.159 vL= 0.500 kl= 0.13 H=  6.54 adv=+0.000 r̄=-0.607 succ=23.8% >exp= 0.0% el=8h55m eta=7h17m
  ep  3072/5000 batch 4560 loss=  -0.929 pol= -1.526 vL= 0.449 kl= 0.37 H=  8.23 adv=-0.000 r̄=-0.237 succ=23.8% >exp= 0.0% el=8h57m eta=5h37m
  ep  3392/5000 batch 4580 loss=   0.741 pol=  2.685 vL= 0.533 kl= 0.43 H=  6.72 adv=+0.000 r̄=-0.723 succ=23.9% >exp= 0.0% el=8h59m eta=4h15m
  ep  3712/5000 batch 4600 loss=   0.424 pol= -0.166 vL= 0.656 kl= 0.54 H= 11.20 adv=-0.000 r̄=-0.479 succ=23.9% >exp= 0.0% el=9h01m eta=3h07m
  ep  4032/5000 batch 4620 loss=  -0.665 pol=  1.061 vL= 0.415 kl= 0.67 H=  6.50 adv=+0.000 r̄=-0.740 succ=23.9% >exp= 0.0% el=9h03m eta=2h10m
  ep  4352/5000 batch 4640 loss=   0.262 pol=  2.238 vL= 0.343 kl= 0.43 H= 12.55 adv=-0.000 r̄=-0.776 succ=23.9% >exp= 0.0% el=9h05m eta=1h21m
  ep  4672/5000 batch 4660 loss=   0.347 pol= -0.276 vL= 0.632 kl= 0.83 H=  6.36 adv=+0.000 r̄=-0.474 succ=23.8% >exp= 0.0% el=9h06m eta=38m23s
  ep  4992/5000 batch 4680 loss=  -0.847 pol= -0.692 vL= 0.654 kl= 0.33 H=  9.19 adv=-0.000 r̄=-0.267 succ=23.8% >exp= 0.0% el=9h08m eta=  53s
  >>> Epoch 93/178 DONE: succ=24.1% (1206/5000) mean_loss=-0.0152 mean_reward=-0.515 mean_KL=0.313 mean_H=8.49 epoch_time=30m39s

=== Epoch 94/178 — resetting substrate ===
  ep   320/5000 batch 4700 loss=  -0.071 pol= -0.369 vL= 0.594 kl= 0.39 H=  7.24 adv=+0.000 r̄=-0.460 succ=23.9% >exp= 0.0% el=9h10m eta=134h17m
  ep   640/5000 batch 4720 loss=   0.668 pol=  0.435 vL= 0.596 kl= 0.48 H=  8.45 adv=+0.000 r̄=-0.365 succ=23.8% >exp= 0.0% el=9h13m eta=62h47m
  ep   960/5000 batch 4740 loss=  -1.048 pol= -1.149 vL= 0.511 kl= 0.26 H=  9.39 adv=-0.000 r̄=-0.495 succ=23.8% >exp= 0.0% el=9h14m eta=38h55m
  ep  1280/5000 batch 4760 loss=   0.192 pol=  0.407 vL= 0.408 kl= 0.17 H= 10.39 adv=+0.000 r̄=-0.522 succ=23.8% >exp= 0.0% el=9h16m eta=26h58m
  ep  1600/5000 batch 4780 loss=   0.674 pol=  1.232 vL= 0.579 kl= 0.20 H=  8.10 adv=-0.000 r̄=-0.612 succ=23.8% >exp= 0.0% el=9h18m eta=19h47m
  ep  1920/5000 batch 4800 loss=  -0.226 pol= -0.792 vL= 0.693 kl= 0.12 H=  6.74 adv=-0.000 r̄=-0.027 succ=23.8% >exp= 0.0% el=9h20m eta=14h59m
  ep  2240/5000 batch 4820 loss=   0.536 pol=  0.517 vL= 0.553 kl= 0.27 H=  8.16 adv=+0.000 r̄=-0.507 succ=23.8% >exp= 0.0% el=9h22m eta=11h33m
  ep  2560/5000 batch 4840 loss=  -0.323 pol=  0.803 vL= 0.186 kl= 0.11 H= 12.98 adv=-0.000 r̄=-0.755 succ=23.8% >exp= 0.0% el=9h24m eta=8h58m
  ep  2880/5000 batch 4860 loss=  -0.308 pol=  1.972 vL= 0.280 kl= 0.21 H=  9.48 adv=+0.000 r̄=-0.773 succ=23.8% >exp= 0.0% el=9h26m eta=6h57m
  ep  3200/5000 batch 4880 loss=   0.171 pol= -0.452 vL= 0.383 kl= 0.22 H=  8.86 adv=+0.000 r̄=-0.656 succ=23.8% >exp= 0.0% el=9h28m eta=5h19m
  ep  3520/5000 batch 4900 loss=   1.102 pol= -0.777 vL= 0.939 kl= 0.33 H=  5.15 adv=-0.000 r̄=-0.351 succ=23.8% >exp= 0.0% el=9h30m eta=3h59m
  ep  3840/5000 batch 4920 loss=  -0.927 pol= -0.157 vL= 0.449 kl= 0.40 H=  8.16 adv=-0.000 r̄=-0.639 succ=23.8% >exp= 0.0% el=9h32m eta=2h53m
  ep  4160/5000 batch 4940 loss=   0.210 pol= -0.501 vL= 0.771 kl= 0.38 H=  8.68 adv=-0.000 r̄=-0.364 succ=23.8% >exp= 0.0% el=9h34m eta=1h56m
  ep  4480/5000 batch 4960 loss=   0.039 pol= -0.641 vL= 0.724 kl= 0.21 H=  5.57 adv=+0.000 r̄=-0.237 succ=23.8% >exp= 0.0% el=9h36m eta=1h06m
  ep  4800/5000 batch 4980 loss=   0.637 pol= -0.033 vL= 0.351 kl= 0.24 H= 10.85 adv=+0.000 r̄=-0.656 succ=23.8% >exp= 0.0% el=9h38m eta=24m07s
  >>> Epoch 94/178 DONE: succ=23.4% (1170/5000) mean_loss= 0.0798 mean_reward=-0.532 mean_KL=0.273 mean_H=9.01 epoch_time=31m14s

=== Epoch 95/178 — resetting substrate ===
  ep   128/5000 batch 5000 loss=  -0.206 pol=  3.108 vL= 0.274 kl= 0.12 H=  8.29 adv=+0.000 r̄=-0.757 succ=23.8% >exp= 0.0% el=9h41m eta=368h35m
  ep   448/5000 batch 5020 loss=   0.145 pol= -1.854 vL= 0.395 kl= 0.42 H=  7.74 adv=+0.000 r̄=-0.510 succ=23.8% >exp= 0.0% el=9h43m eta=98h44m
  ep   768/5000 batch 5040 loss=   0.458 pol= -0.626 vL= 0.165 kl= 0.26 H=  9.35 adv=-0.000 r̄=-0.724 succ=23.8% >exp= 0.0% el=9h44m eta=53h42m
  ep  1088/5000 batch 5060 loss=  -0.672 pol= -1.050 vL= 0.269 kl= 0.47 H=  7.06 adv=-0.000 r̄=-0.344 succ=23.8% >exp= 0.0% el=9h46m eta=35h09m
  ep  1408/5000 batch 5080 loss=   0.426 pol= -0.773 vL= 0.274 kl= 0.44 H= 10.42 adv=+0.000 r̄=-0.752 succ=23.8% >exp= 0.0% el=9h48m eta=25h02m
  ep  1728/5000 batch 5100 loss=  -0.293 pol= -0.564 vL= 0.829 kl= 0.31 H=  9.59 adv=-0.000 r̄=-0.153 succ=23.8% >exp= 0.0% el=9h50m eta=18h38m
  ep  2048/5000 batch 5120 loss=   0.269 pol=  0.983 vL= 0.513 kl= 0.37 H=  7.47 adv=-0.000 r̄=-0.535 succ=23.8% >exp= 0.0% el=9h52m eta=14h14m
  ep  2368/5000 batch 5140 loss=  -0.677 pol= -2.535 vL= 0.219 kl= 0.28 H=  9.97 adv=-0.000 r̄=-0.603 succ=23.8% >exp= 0.0% el=9h55m eta=11h01m
  ep  2688/5000 batch 5160 loss=   0.468 pol= -1.752 vL= 0.504 kl= 0.62 H=  8.59 adv=+0.000 r̄=-0.347 succ=23.8% >exp= 0.0% el=9h57m eta=8h33m
  ep  3008/5000 batch 5180 loss=  -0.279 pol= -0.607 vL= 0.420 kl= 0.27 H=  8.83 adv=+0.000 r̄=-0.479 succ=23.8% >exp= 0.0% el=9h59m eta=6h36m
  ep  3328/5000 batch 5200 loss=  -0.061 pol=  2.791 vL= 0.458 kl= 0.33 H= 10.15 adv=-0.000 r̄=-0.765 succ=23.8% >exp= 0.0% el=10h01m eta=5h02m
  ep  3648/5000 batch 5220 loss=   0.116 pol= -2.143 vL= 0.712 kl= 0.64 H= 11.91 adv=+0.000 r̄=-0.537 succ=23.8% >exp= 0.0% el=10h03m eta=3h43m
  ep  3968/5000 batch 5240 loss=  -0.519 pol= -1.478 vL= 0.687 kl= 0.64 H=  8.98 adv=-0.000 r̄=-0.328 succ=23.8% >exp= 0.0% el=10h05m eta=2h37m
  ep  4288/5000 batch 5260 loss=  -0.231 pol=  0.232 vL= 0.454 kl= 0.36 H= 11.84 adv=+0.000 r̄=-0.528 succ=23.8% >exp= 0.0% el=10h07m eta=1h40m
  ep  4608/5000 batch 5280 loss=   0.219 pol= -2.485 vL= 0.258 kl= 0.28 H= 12.07 adv=+0.000 r̄=-0.613 succ=23.8% >exp= 0.0% el=10h09m eta=51m49s
  ep  4928/5000 batch 5300 loss=   0.582 pol=  0.460 vL= 0.190 kl= 0.26 H=  9.06 adv=-0.000 r̄=-0.394 succ=23.8% >exp= 0.0% el=10h11m eta= 8m55s
  >>> Epoch 95/178 DONE: succ=23.6% (1179/5000) mean_loss=-0.0103 mean_reward=-0.528 mean_KL=0.414 mean_H=9.69 epoch_time=31m35s

=== Epoch 96/178 — resetting substrate ===
  ep   256/5000 batch 5320 loss=  -0.367 pol=  1.944 vL= 0.312 kl= 0.22 H= 10.91 adv=+0.000 r̄=-0.811 succ=23.8% >exp= 0.0% el=10h13m eta=189h26m
  ep   576/5000 batch 5340 loss=   0.143 pol= -0.308 vL= 0.329 kl= 0.23 H=  7.90 adv=-0.000 r̄=-0.626 succ=23.8% >exp= 0.0% el=10h15m eta=78h46m
  ep   896/5000 batch 5360 loss=   0.183 pol=  0.229 vL= 0.541 kl= 0.29 H=  8.79 adv=-0.000 r̄=-0.515 succ=23.8% >exp= 0.0% el=10h17m eta=47h07m
  ep  1216/5000 batch 5380 loss=  -0.039 pol=  0.499 vL= 0.466 kl= 0.69 H=  8.00 adv=+0.000 r̄=-0.666 succ=23.8% >exp= 0.0% el=10h19m eta=32h07m
  ep  1536/5000 batch 5400 loss=   0.185 pol=  0.678 vL= 0.497 kl= 0.31 H=  8.46 adv=+0.000 r̄=-0.623 succ=23.8% >exp= 0.0% el=10h21m eta=23h21m
  ep  1856/5000 batch 5420 loss=  -0.021 pol=  1.081 vL= 0.470 kl= 0.37 H=  7.06 adv=-0.000 r̄=-0.450 succ=23.8% >exp= 0.0% el=10h23m eta=17h36m
  ep  2176/5000 batch 5440 loss=   0.120 pol= -1.212 vL= 0.263 kl= 0.69 H=  8.73 adv=+0.000 r̄=-0.615 succ=23.8% >exp= 0.0% el=10h25m eta=13h32m
  ep  2496/5000 batch 5460 loss=  -0.434 pol=  1.544 vL= 0.485 kl= 0.21 H=  8.57 adv=+0.000 r̄=-0.598 succ=23.8% >exp= 0.0% el=10h27m eta=10h29m
  ep  2816/5000 batch 5480 loss=   0.188 pol=  0.663 vL= 0.315 kl= 0.26 H= 10.82 adv=+0.000 r̄=-0.744 succ=23.8% >exp= 0.0% el=10h29m eta=8h08m
  ep  3136/5000 batch 5500 loss=  -0.227 pol= -0.717 vL= 0.294 kl= 0.30 H=  8.41 adv=+0.000 r̄=-0.599 succ=23.8% >exp= 0.0% el=10h31m eta=6h15m
  ep  3456/5000 batch 5520 loss=   0.399 pol= -0.299 vL= 0.527 kl= 0.22 H= 11.15 adv=-0.000 r̄=-0.543 succ=23.8% >exp= 0.0% el=10h33m eta=4h43m
  ep  3776/5000 batch 5540 loss=  -0.341 pol=  0.079 vL= 0.659 kl= 0.58 H=  8.79 adv=+0.000 r̄=-0.650 succ=23.8% >exp= 0.0% el=10h35m eta=3h26m
  ep  4096/5000 batch 5560 loss=  -0.192 pol= -0.771 vL= 0.670 kl= 0.31 H=  9.18 adv=-0.000 r̄=-0.423 succ=23.9% >exp= 0.0% el=10h37m eta=2h20m
  ep  4416/5000 batch 5580 loss=   0.278 pol= -1.149 vL= 0.280 kl= 0.27 H=  6.13 adv=+0.000 r̄=-0.234 succ=23.9% >exp= 0.0% el=10h39m eta=1h24m
  ep  4736/5000 batch 5600 loss=   0.218 pol=  0.891 vL= 0.140 kl= 0.27 H=  9.37 adv=+0.000 r̄=-0.864 succ=23.9% >exp= 0.0% el=10h41m eta=35m46s
  >>> Epoch 96/178 DONE: succ=24.8% (1239/5000) mean_loss=-0.0195 mean_reward=-0.504 mean_KL=0.357 mean_H=8.07 epoch_time=31m38s

=== Epoch 97/178 — resetting substrate ===
  ep    64/5000 batch 5620 loss=  -0.416 pol= -0.722 vL= 0.576 kl= 0.23 H=  7.41 adv=-0.000 r̄=-0.150 succ=23.9% >exp= 0.0% el=10h43m eta=827h40m
  ep   384/5000 batch 5640 loss=   0.068 pol= -1.678 vL= 0.725 kl= 0.23 H=  7.45 adv=-0.000 r̄=-0.268 succ=23.9% >exp= 0.0% el=10h45m eta=129h23m
  ep   704/5000 batch 5660 loss=   0.574 pol=  0.619 vL= 0.519 kl= 0.26 H=  8.60 adv=-0.000 r̄=-0.380 succ=23.9% >exp= 0.0% el=10h47m eta=65h53m
  ep  1024/5000 batch 5680 loss=   0.159 pol= -1.673 vL= 0.322 kl= 0.34 H=  8.54 adv=+0.000 r̄=-0.359 succ=23.9% >exp= 0.0% el=10h49m eta=42h03m
  ep  1344/5000 batch 5700 loss=  -0.149 pol= -0.834 vL= 0.518 kl= 0.28 H=  6.12 adv=+0.000 r̄=-0.372 succ=23.9% >exp= 0.0% el=10h52m eta=29h33m
  ep  1664/5000 batch 5720 loss=  -0.442 pol= -0.438 vL= 0.443 kl= 0.34 H=  8.09 adv=-0.000 r̄=-0.449 succ=23.9% >exp= 0.0% el=10h54m eta=21h51m
  ep  1984/5000 batch 5740 loss=  -0.246 pol= -0.305 vL= 0.295 kl= 0.18 H=  8.18 adv=+0.000 r̄=-0.733 succ=23.9% >exp= 0.0% el=10h56m eta=16h37m
  ep  2304/5000 batch 5760 loss=   0.011 pol= -4.050 vL= 0.325 kl= 0.20 H=  9.75 adv=-0.000 r̄=-0.125 succ=23.9% >exp= 0.0% el=10h58m eta=12h50m
  ep  2624/5000 batch 5780 loss=   0.654 pol=  0.481 vL= 0.585 kl= 0.36 H=  8.98 adv=+0.000 r̄=-0.125 succ=23.9% >exp= 0.0% el=11h00m eta=9h58m
  ep  2944/5000 batch 5800 loss=  -0.523 pol=  0.493 vL= 0.293 kl= 0.25 H= 10.18 adv=+0.000 r̄=-0.767 succ=23.9% >exp= 0.0% el=11h03m eta=7h43m
  ep  3264/5000 batch 5820 loss=  -0.069 pol=  1.922 vL= 0.661 kl= 0.47 H= 10.56 adv=-0.000 r̄=-0.739 succ=23.9% >exp= 0.0% el=11h05m eta=5h53m
  ep  3584/5000 batch 5840 loss=   0.800 pol= -0.801 vL= 0.441 kl= 0.47 H=  7.59 adv=+0.000 r̄=-0.496 succ=23.9% >exp= 0.0% el=11h07m eta=4h23m
  ep  3904/5000 batch 5860 loss=   0.347 pol=  1.360 vL= 0.522 kl= 0.26 H=  6.29 adv=-0.000 r̄=-0.370 succ=23.9% >exp= 0.0% el=11h09m eta=3h07m
  ep  4224/5000 batch 5880 loss=   0.022 pol= -0.261 vL= 0.609 kl= 0.31 H=  8.60 adv=-0.000 r̄=-0.019 succ=23.9% >exp= 0.0% el=11h11m eta=2h03m
  ep  4544/5000 batch 5900 loss=   0.812 pol= -0.497 vL= 0.486 kl= 0.34 H=  9.93 adv=-0.000 r̄=-0.276 succ=23.9% >exp= 0.0% el=11h13m eta=1h07m
  ep  4864/5000 batch 5920 loss=  -1.457 pol= -1.260 vL= 0.547 kl= 0.29 H=  8.38 adv=+0.000 r̄=-0.625 succ=23.9% >exp= 0.0% el=11h16m eta=18m54s
  >>> Epoch 97/178 DONE: succ=24.2% (1212/5000) mean_loss= 0.0417 mean_reward=-0.514 mean_KL=0.322 mean_H=8.24 epoch_time=33m41s

=== Epoch 98/178 — resetting substrate ===
  ep   192/5000 batch 5940 loss=   0.348 pol=  1.932 vL= 0.889 kl= 0.45 H=  6.31 adv=-0.000 r̄=-0.746 succ=23.9% >exp= 0.0% el=11h18m eta=283h12m
  ep   512/5000 batch 5960 loss=   0.210 pol=  0.304 vL= 0.241 kl= 0.15 H=  6.59 adv=+0.000 r̄=-0.753 succ=23.9% >exp= 0.0% el=11h20m eta=99h29m
  ep   832/5000 batch 5980 loss=  -0.532 pol= -0.394 vL= 0.351 kl= 0.39 H=  9.89 adv=+0.000 r̄=-0.471 succ=23.9% >exp= 0.0% el=11h23m eta=57h03m
  ep  1152/5000 batch 6000 loss=  -0.508 pol=  1.654 vL= 0.539 kl= 0.22 H=  9.26 adv=+0.000 r̄=-0.414 succ=23.9% >exp= 0.0% el=11h25m eta=38h10m
  ep  1472/5000 batch 6020 loss=   0.849 pol=  0.429 vL= 0.509 kl= 0.20 H=  9.44 adv=-0.000 r̄=-0.488 succ=23.9% >exp= 0.0% el=11h27m eta=27h28m
  ep  1792/5000 batch 6040 loss=  -0.471 pol= -1.692 vL= 0.558 kl= 0.28 H=  8.75 adv=+0.000 r̄=-0.241 succ=23.9% >exp= 0.0% el=11h30m eta=20h35m
  ep  2112/5000 batch 6060 loss=  -0.209 pol=  1.436 vL= 0.583 kl= 0.44 H=  7.34 adv=-0.000 r̄=-0.737 succ=23.9% >exp= 0.0% el=11h32m eta=15h46m
  ep  2432/5000 batch 6080 loss=  -0.439 pol=  4.903 vL= 0.256 kl= 0.26 H= 12.67 adv=+0.000 r̄=-1.000 succ=23.9% >exp= 0.0% el=11h34m eta=12h13m
  ep  2752/5000 batch 6100 loss=   0.630 pol= -0.122 vL= 0.793 kl= 0.43 H=  7.45 adv=-0.000 r̄=-0.130 succ=23.9% >exp= 0.0% el=11h37m eta=9h29m
  ep  3072/5000 batch 6120 loss=  -0.479 pol= -2.167 vL= 0.465 kl= 0.36 H=  8.04 adv=+0.000 r̄=-0.496 succ=23.9% >exp= 0.0% el=11h39m eta=7h19m
  ep  3392/5000 batch 6140 loss=   0.438 pol=  0.380 vL= 0.579 kl= 0.57 H=  7.28 adv=-0.000 r̄=-0.478 succ=23.9% >exp= 0.0% el=11h41m eta=5h32m
  ep  3712/5000 batch 6160 loss=   0.220 pol=  3.734 vL= 0.642 kl= 0.33 H=  8.96 adv=-0.000 r̄=-0.726 succ=23.9% >exp= 0.0% el=11h44m eta=4h04m
  ep  4032/5000 batch 6180 loss=   0.187 pol= -0.576 vL= 0.575 kl= 0.53 H=  5.99 adv=-0.000 r̄=-0.622 succ=23.9% >exp= 0.0% el=11h46m eta=2h49m
