Loading substrate from datasets/scenario_50nodes_train/substrate.json
Loading VNRs from datasets/scenario_50nodes_train/virtual_requests.json
  Using 10000 VNRs
Imitation pretrain: 10000 VNRs, batch=16, lr=0.001
  checkpoint: checkpoints/il_mp_vne_v17_50nodes.pt
  log: logs/imitation_50nodes.csv
------------------------------------------------------------------------
  ep   320/10000  batch   20  loss=2.5627  expert_succ=46.9% (150/320)  match=100.0%  elapsed=  52s eta=26m11s
  ep   640/10000  batch   40  loss=2.3859  expert_succ=43.9% (281/640)  match=100.0%  elapsed= 1m33s eta=22m40s
  ep   960/10000  batch   60  loss=2.3525  expert_succ=44.4% (426/960)  match=100.0%  elapsed= 2m18s eta=21m45s
  ep  1280/10000  batch   80  loss=2.4675  expert_succ=44.7% (572/1280)  match=100.0%  elapsed= 3m06s eta=21m11s
  ep  1600/10000  batch  100  loss=2.3463  expert_succ=44.7% (715/1600)  match=100.0%  elapsed= 3m56s eta=20m41s
  ep  1920/10000  batch  120  loss=2.3397  expert_succ=45.3% (870/1920)  match=100.0%  elapsed= 4m40s eta=19m42s
  ep  2240/10000  batch  140  loss=2.3569  expert_succ=44.9% (1006/2240)  match=100.0%  elapsed= 5m22s eta=18m38s
  ep  2560/10000  batch  160  loss=2.3166  expert_succ=44.3% (1133/2560)  match=100.0%  elapsed= 6m05s eta=17m42s
  ep  2880/10000  batch  180  loss=2.2729  expert_succ=44.4% (1278/2880)  match=100.0%  elapsed= 6m44s eta=16m40s
  ep  3200/10000  batch  200  loss=2.3673  expert_succ=45.0% (1440/3200)  match=100.0%  elapsed= 7m25s eta=15m46s
  ep  3520/10000  batch  220  loss=2.2331  expert_succ=44.7% (1574/3520)  match=100.0%  elapsed= 8m05s eta=14m53s
  ep  3840/10000  batch  240  loss=2.3243  expert_succ=44.7% (1717/3840)  match=100.0%  elapsed= 8m40s eta=13m54s
  ep  4160/10000  batch  260  loss=2.2774  expert_succ=44.9% (1869/4160)  match=100.0%  elapsed= 9m16s eta=13m00s
  ep  4480/10000  batch  280  loss=2.2654  expert_succ=45.0% (2016/4480)  match=100.0%  elapsed= 9m53s eta=12m11s
  ep  4800/10000  batch  300  loss=2.1972  expert_succ=45.0% (2159/4800)  match=100.0%  elapsed=10m31s eta=11m24s
  ep  5120/10000  batch  320  loss=2.1156  expert_succ=45.5% (2328/5120)  match=100.0%  elapsed=11m07s eta=10m36s
  ep  5440/10000  batch  340  loss=2.3017  expert_succ=45.1% (2455/5440)  match=100.0%  elapsed=11m45s eta= 9m51s
  ep  5760/10000  batch  360  loss=2.2913  expert_succ=45.3% (2607/5760)  match=100.0%  elapsed=12m26s eta= 9m09s
  ep  6080/10000  batch  380  loss=2.2431  expert_succ=45.1% (2741/6080)  match=100.0%  elapsed=13m03s eta= 8m25s
  ep  6400/10000  batch  400  loss=2.2601  expert_succ=45.2% (2895/6400)  match=100.0%  elapsed=13m43s eta= 7m43s
  ep  6720/10000  batch  420  loss=2.3392  expert_succ=45.1% (3032/6720)  match=100.0%  elapsed=14m22s eta= 7m00s
  ep  7040/10000  batch  440  loss=2.2334  expert_succ=45.1% (3174/7040)  match=100.0%  elapsed=15m01s eta= 6m19s
  ep  7360/10000  batch  460  loss=2.2058  expert_succ=45.2% (3326/7360)  match=100.0%  elapsed=15m39s eta= 5m37s
  ep  7680/10000  batch  480  loss=2.1936  expert_succ=45.1% (3466/7680)  match=100.0%  elapsed=16m17s eta= 4m55s
  ep  8000/10000  batch  500  loss=2.1428  expert_succ=45.2% (3619/8000)  match=100.0%  elapsed=16m52s eta= 4m13s
  ep  8320/10000  batch  520  loss=2.1801  expert_succ=45.1% (3755/8320)  match=100.0%  elapsed=17m31s eta= 3m32s
  ep  8640/10000  batch  540  loss=2.2535  expert_succ=45.0% (3887/8640)  match=100.0%  elapsed=18m08s eta= 2m51s
  ep  8960/10000  batch  560  loss=2.2536  expert_succ=45.0% (4028/8960)  match=100.0%  elapsed=18m50s eta= 2m11s
  ep  9280/10000  batch  580  loss=2.1781  expert_succ=45.0% (4173/9280)  match=100.0%  elapsed=19m28s eta= 1m30s
  ep  9600/10000  batch  600  loss=2.2582  expert_succ=45.1% (4327/9600)  match=100.0%  elapsed=20m06s eta=  50s
  ep  9920/10000  batch  620  loss=2.2314  expert_succ=45.1% (4474/9920)  match=100.0%  elapsed=20m43s eta=  10s
------------------------------------------------------------------------
Imitation done in 20m51s.
  expert success rate: 4508/10000 = 45.1%
  target match rate:   18683/18683 = 100.0%
  final batch loss avg: 2.2540
  checkpoint saved to checkpoints/il_mp_vne_v17_50nodes.pt
  log saved to        logs/imitation_50nodes.csv
