Loading substrate from datasets/scenario_50nodes_train/substrate.json
Loading VNRs from datasets/scenario_50nodes_train/virtual_requests.json
  Using 5000 VNRs
  Trainable policy (il_mp_vne_v19) loaded from checkpoints/il_mp_vne_v19_50nodes_best.pt
  rollout=direct → train: cand_head + encoder + value (ordering frozen) (19394 frozen, 36293 trainable)
  Frozen reference policy loaded (KL enabled, β_KL=0.1)
PPO fine-tune: 5000 VNRs, batch=16, lr=0.0003
  baseline=critic V(s), normalize_adv=True, β_H=0.01, value_coef=0.5, reward=cost_rel α=0.5 λ=1.0, fail_r=-0.5
  checkpoint: checkpoints/il_mp_vne_v19_50nodes_costfocused.pt
------------------------------------------------------------------------
  ep   320/5000 batch   20 loss=   0.432 pol= -0.406 vL= 0.349 kl= 0.02 H=  5.72 r̄=-0.120 succ=34.4% >exp= 0.0% el=  28s eta= 6m55s
  ep   640/5000 batch   40 loss=  -0.621 pol= -1.192 vL= 0.080 kl= 0.04 H=  6.35 r̄= 0.056 succ=33.0% >exp= 0.0% el=  54s eta= 6m05s
  ep   960/5000 batch   60 loss=   0.307 pol= -0.657 vL= 0.184 kl= 0.07 H=  8.89 r̄=-0.144 succ=32.5% >exp= 0.0% el= 1m21s eta= 5m41s
  ep  1280/5000 batch   80 loss=  -0.565 pol=  0.943 vL= 0.260 kl= 0.22 H=  7.53 r̄=-0.294 succ=31.2% >exp= 0.0% el= 1m46s eta= 5m10s
  ep  1600/5000 batch  100 loss=  -0.281 pol= -0.359 vL= 0.117 kl= 0.14 H=  5.99 r̄=-0.290 succ=31.0% >exp= 0.0% el= 2m13s eta= 4m43s
  ep  1920/5000 batch  120 loss=  -0.771 pol= -0.796 vL= 0.553 kl= 0.09 H=  5.81 r̄= 0.130 succ=31.6% >exp= 0.0% el= 2m38s eta= 4m14s
  ep  2240/5000 batch  140 loss=  -0.210 pol= -1.260 vL= 0.087 kl= 0.11 H=  7.58 r̄=-0.125 succ=31.6% >exp= 0.0% el= 3m02s eta= 3m45s
  ep  2560/5000 batch  160 loss=  -0.221 pol= -0.208 vL= 0.253 kl= 0.11 H=  6.32 r̄=-0.333 succ=32.1% >exp= 0.0% el= 3m29s eta= 3m19s
  ep  2880/5000 batch  180 loss=  -0.305 pol=  0.589 vL= 0.126 kl= 0.14 H=  7.65 r̄=-0.280 succ=32.2% >exp= 0.0% el= 3m55s eta= 2m53s
  ep  3200/5000 batch  200 loss=  -0.302 pol= -0.714 vL= 0.137 kl= 0.10 H=  5.42 r̄=-0.195 succ=32.6% >exp= 0.0% el= 4m22s eta= 2m27s
  ep  3520/5000 batch  220 loss=  -0.817 pol= -1.939 vL= 0.219 kl= 0.16 H=  7.86 r̄=-0.076 succ=32.7% >exp= 0.0% el= 4m48s eta= 2m01s
  ep  3840/5000 batch  240 loss=   0.024 pol=  0.403 vL= 0.247 kl= 0.10 H=  6.78 r̄=-0.146 succ=32.9% >exp= 0.0% el= 5m18s eta= 1m36s
  ep  4160/5000 batch  260 loss=  -0.254 pol= -0.430 vL= 0.195 kl= 0.21 H=  7.70 r̄=-0.087 succ=33.1% >exp= 0.0% el= 5m44s eta= 1m09s
  ep  4480/5000 batch  280 loss=   0.099 pol= -0.404 vL= 0.309 kl= 0.15 H=  4.93 r̄= 0.213 succ=33.5% >exp= 0.0% el= 6m12s eta=  43s
  ep  4800/5000 batch  300 loss=  -0.073 pol=  0.243 vL= 0.236 kl= 0.20 H=  5.43 r̄=-0.228 succ=33.5% >exp= 0.0% el= 6m37s eta=  17s
  >>> Epoch 1/10 DONE: succ=33.7% (1683/5000) mean_loss=-0.2147 mean_reward=-0.155 mean_KL=0.103 mean_H=6.97 epoch_time= 6m53s

=== Epoch 2/10 — resetting substrate ===
  ep   128/5000 batch  320 loss=   0.056 pol= -1.267 vL= 0.091 kl= 0.18 H=  7.89 r̄=-0.182 succ=33.8% >exp= 0.0% el= 7m04s eta=4h29m
  ep   448/5000 batch  340 loss=  -0.243 pol= -1.596 vL= 0.125 kl= 0.08 H=  5.95 r̄=-0.001 succ=33.7% >exp= 0.0% el= 7m29s eta=1h16m
  ep   768/5000 batch  360 loss=  -0.330 pol= -0.227 vL= 0.243 kl= 0.09 H=  5.79 r̄=-0.181 succ=33.6% >exp= 0.0% el= 7m55s eta=43m37s
  ep  1088/5000 batch  380 loss=   0.028 pol=  0.589 vL= 0.144 kl= 0.08 H=  5.82 r̄=-0.211 succ=33.5% >exp= 0.0% el= 8m21s eta=30m04s
  ep  1408/5000 batch  400 loss=  -0.448 pol=  0.266 vL= 0.132 kl= 0.09 H=  7.37 r̄=-0.269 succ=33.6% >exp= 0.0% el= 8m47s eta=22m25s
  ep  1728/5000 batch  420 loss=  -0.541 pol=  0.068 vL= 0.143 kl= 0.09 H=  6.43 r̄=-0.064 succ=33.5% >exp= 0.0% el= 9m12s eta=17m26s
  ep  2048/5000 batch  440 loss=  -0.029 pol=  0.387 vL= 0.185 kl= 0.15 H=  5.93 r̄=-0.253 succ=33.6% >exp= 0.0% el= 9m38s eta=13m53s
  ep  2368/5000 batch  460 loss=  -0.373 pol=  0.916 vL= 0.160 kl= 0.17 H=  6.64 r̄=-0.175 succ=33.7% >exp= 0.0% el=10m03s eta=11m10s
  ep  2688/5000 batch  480 loss=  -0.234 pol= -1.705 vL= 0.414 kl= 0.14 H=  6.50 r̄=-0.050 succ=33.7% >exp= 0.0% el=10m30s eta= 9m02s
  ep  3008/5000 batch  500 loss=   0.636 pol=  0.637 vL= 0.085 kl= 0.07 H=  6.90 r̄=-0.016 succ=33.5% >exp= 0.0% el=10m55s eta= 7m14s
  ep  3328/5000 batch  520 loss=  -0.129 pol= -0.175 vL= 0.275 kl= 0.08 H=  5.73 r̄= 0.019 succ=33.7% >exp= 0.0% el=11m22s eta= 5m43s
  ep  3648/5000 batch  540 loss=  -0.553 pol= -0.820 vL= 0.197 kl= 0.09 H=  5.00 r̄=-0.319 succ=33.8% >exp= 0.0% el=11m48s eta= 4m22s
  ep  3968/5000 batch  560 loss=  -0.090 pol= -0.368 vL= 0.126 kl= 0.05 H=  6.77 r̄=-0.313 succ=33.7% >exp= 0.0% el=12m16s eta= 3m11s
  ep  4288/5000 batch  580 loss=   0.059 pol= -2.051 vL= 0.237 kl= 0.10 H=  6.78 r̄=-0.034 succ=33.7% >exp= 0.0% el=12m42s eta= 2m06s
  ep  4608/5000 batch  600 loss=  -0.730 pol= -1.375 vL= 0.369 kl= 0.09 H=  5.98 r̄=-0.005 succ=33.9% >exp= 0.0% el=13m09s eta= 1m07s
  ep  4928/5000 batch  620 loss=  -0.064 pol= -0.640 vL= 0.102 kl= 0.23 H=  7.58 r̄=-0.113 succ=33.8% >exp= 0.0% el=13m33s eta=  12s
  >>> Epoch 2/10 DONE: succ=34.2% (1708/5000) mean_loss=-0.2097 mean_reward=-0.150 mean_KL=0.109 mean_H=6.61 epoch_time= 6m45s

=== Epoch 3/10 — resetting substrate ===
  ep   256/5000 batch  640 loss=  -0.604 pol= -1.997 vL= 0.064 kl= 0.17 H=  8.42 r̄= 0.048 succ=33.9% >exp= 0.0% el=13m58s eta=4h19m
  ep   576/5000 batch  660 loss=  -0.415 pol= -0.155 vL= 0.157 kl= 0.18 H=  7.68 r̄=-0.043 succ=33.9% >exp= 0.0% el=14m22s eta=1h50m
  ep   896/5000 batch  680 loss=  -0.399 pol= -2.114 vL= 0.020 kl= 0.22 H=  8.32 r̄=-0.019 succ=33.9% >exp= 0.0% el=14m48s eta=1h07m
  ep  1216/5000 batch  700 loss=  -0.329 pol= -0.874 vL= 0.071 kl= 0.19 H= 10.67 r̄=-0.242 succ=33.9% >exp= 0.0% el=15m13s eta=47m22s
  ep  1536/5000 batch  720 loss=  -0.116 pol= -0.508 vL= 0.148 kl= 0.25 H=  8.59 r̄=-0.346 succ=33.8% >exp= 0.0% el=15m36s eta=35m12s
  ep  1856/5000 batch  740 loss=   0.232 pol=  0.772 vL= 0.091 kl= 0.21 H=  7.51 r̄=-0.416 succ=33.8% >exp= 0.0% el=16m01s eta=27m09s
  ep  2176/5000 batch  760 loss=  -0.161 pol= -3.146 vL= 0.256 kl= 0.20 H=  6.10 r̄= 0.271 succ=33.8% >exp= 0.0% el=16m25s eta=21m18s
  ep  2496/5000 batch  780 loss=  -0.340 pol= -2.186 vL= 0.216 kl= 0.30 H=  8.63 r̄= 0.139 succ=33.9% >exp= 0.0% el=16m51s eta=16m54s
  ep  2816/5000 batch  800 loss=  -0.340 pol=  0.786 vL= 0.133 kl= 0.16 H=  6.18 r̄=-0.314 succ=33.8% >exp= 0.0% el=17m18s eta=13m25s
  ep  3136/5000 batch  820 loss=   0.080 pol=  0.296 vL= 0.228 kl= 0.11 H=  6.74 r̄=-0.305 succ=33.7% >exp= 0.0% el=17m43s eta=10m32s
  ep  3456/5000 batch  840 loss=  -0.706 pol= -2.034 vL= 0.353 kl= 0.14 H=  7.16 r̄= 0.118 succ=33.6% >exp= 0.0% el=18m08s eta= 8m06s
  ep  3776/5000 batch  860 loss=  -0.490 pol=  0.049 vL= 0.109 kl= 0.16 H=  8.69 r̄=-0.368 succ=33.7% >exp= 0.0% el=18m33s eta= 6m00s
  ep  4096/5000 batch  880 loss=   0.031 pol= -0.192 vL= 0.221 kl= 0.30 H=  6.94 r̄=-0.150 succ=33.8% >exp= 0.0% el=18m58s eta= 4m11s
  ep  4416/5000 batch  900 loss=  -0.305 pol= -0.966 vL= 0.089 kl= 0.23 H=  6.69 r̄=-0.115 succ=33.8% >exp= 0.0% el=19m24s eta= 2m33s
  ep  4736/5000 batch  920 loss=  -0.366 pol= -0.321 vL= 0.134 kl= 0.09 H=  4.89 r̄=-0.065 succ=33.7% >exp= 0.0% el=19m48s eta= 1m06s
  >>> Epoch 3/10 DONE: succ=33.9% (1694/5000) mean_loss=-0.2541 mean_reward=-0.154 mean_KL=0.191 mean_H=7.39 epoch_time= 6m29s

=== Epoch 4/10 — resetting substrate ===
  ep    64/5000 batch  940 loss=   0.383 pol=  1.455 vL= 0.148 kl= 0.19 H=  7.66 r̄=-0.269 succ=33.9% >exp= 0.0% el=20m13s eta=25h59m
  ep   384/5000 batch  960 loss=   0.128 pol= -0.406 vL= 0.130 kl= 0.25 H=  5.42 r̄=-0.043 succ=33.9% >exp= 0.0% el=20m38s eta=4h08m
  ep   704/5000 batch  980 loss=   0.277 pol=  0.023 vL= 0.127 kl= 0.10 H=  5.38 r̄=-0.107 succ=33.9% >exp= 0.0% el=21m05s eta=2h08m
  ep  1024/5000 batch 1000 loss=  -0.308 pol= -0.166 vL= 0.212 kl= 0.29 H=  6.25 r̄=-0.277 succ=33.8% >exp= 0.0% el=21m30s eta=1h23m
  ep  1344/5000 batch 1020 loss=  -0.246 pol= -0.137 vL= 0.206 kl= 0.11 H=  4.59 r̄=-0.175 succ=33.8% >exp= 0.0% el=21m56s eta=59m40s
  ep  1664/5000 batch 1040 loss=  -0.372 pol= -0.044 vL= 0.181 kl= 0.21 H=  5.90 r̄=-0.277 succ=33.7% >exp= 0.0% el=22m21s eta=44m49s
  ep  1984/5000 batch 1060 loss=  -0.429 pol= -0.083 vL= 0.269 kl= 0.16 H=  5.25 r̄= 0.039 succ=33.9% >exp= 0.0% el=22m46s eta=34m37s
  ep  2304/5000 batch 1080 loss=   0.250 pol=  0.187 vL= 0.135 kl= 0.08 H=  7.32 r̄=-0.177 succ=33.8% >exp= 0.0% el=23m11s eta=27m08s
  ep  2624/5000 batch 1100 loss=  -0.457 pol=  0.306 vL= 0.206 kl= 0.12 H=  6.64 r̄=-0.166 succ=33.9% >exp= 0.0% el=23m36s eta=21m22s
  ep  2944/5000 batch 1120 loss=  -0.202 pol= -0.911 vL= 0.188 kl= 0.10 H=  8.49 r̄=-0.105 succ=33.9% >exp= 0.0% el=24m01s eta=16m46s
  ep  3264/5000 batch 1140 loss=   0.113 pol= -1.811 vL= 0.200 kl= 0.08 H=  5.98 r̄=-0.196 succ=33.9% >exp= 0.0% el=24m28s eta=13m01s
  ep  3584/5000 batch 1160 loss=  -0.590 pol= -0.808 vL= 0.091 kl= 0.07 H=  6.83 r̄=-0.191 succ=33.9% >exp= 0.0% el=24m54s eta= 9m50s
  ep  3904/5000 batch 1180 loss=   0.059 pol= -0.870 vL= 0.329 kl= 0.11 H=  5.13 r̄= 0.144 succ=34.0% >exp= 0.0% el=25m20s eta= 7m06s
  ep  4224/5000 batch 1200 loss=   0.053 pol= -1.165 vL= 0.168 kl= 0.07 H=  8.41 r̄=-0.097 succ=33.9% >exp= 0.0% el=25m45s eta= 4m43s
  ep  4544/5000 batch 1220 loss=  -0.831 pol= -1.660 vL= 0.138 kl= 0.09 H=  6.04 r̄= 0.127 succ=33.9% >exp= 0.0% el=26m11s eta= 2m37s
  ep  4864/5000 batch 1240 loss=   0.273 pol=  0.904 vL= 0.261 kl= 0.08 H=  6.39 r̄=-0.393 succ=33.9% >exp= 0.0% el=26m34s eta=  45s
  >>> Epoch 4/10 DONE: succ=34.1% (1707/5000) mean_loss=-0.1373 mean_reward=-0.151 mean_KL=0.136 mean_H=6.28 epoch_time= 6m35s

=== Epoch 5/10 — resetting substrate ===
  ep   192/5000 batch 1260 loss=  -0.329 pol= -0.244 vL= 0.265 kl= 0.21 H=  6.25 r̄=-0.036 succ=34.0% >exp= 0.0% el=26m58s eta=11h15m
  ep   512/5000 batch 1280 loss=   0.074 pol= -1.391 vL= 0.068 kl= 0.11 H=  8.14 r̄=-0.277 succ=33.9% >exp= 0.0% el=27m22s eta=3h59m
  ep   832/5000 batch 1300 loss=   0.072 pol= -0.133 vL= 0.165 kl= 0.09 H=  7.01 r̄=-0.095 succ=33.9% >exp= 0.0% el=27m46s eta=2h19m
  ep  1152/5000 batch 1320 loss=  -0.431 pol=  0.231 vL= 0.305 kl= 0.08 H=  5.48 r̄=-0.113 succ=33.8% >exp= 0.0% el=28m10s eta=1h34m
  ep  1472/5000 batch 1340 loss=  -0.215 pol= -0.521 vL= 0.141 kl= 0.17 H=  7.32 r̄=-0.182 succ=33.7% >exp= 0.0% el=28m34s eta=1h08m
  ep  1792/5000 batch 1360 loss=   0.040 pol=  2.273 vL= 0.278 kl= 0.18 H=  8.57 r̄=-0.407 succ=33.7% >exp= 0.0% el=28m59s eta=51m54s
  ep  2112/5000 batch 1380 loss=  -0.339 pol= -3.696 vL= 0.399 kl= 0.21 H=  9.19 r̄= 0.110 succ=33.7% >exp= 0.0% el=29m21s eta=40m08s
  ep  2432/5000 batch 1400 loss=  -0.532 pol=  0.879 vL= 0.088 kl= 0.20 H= 10.04 r̄=-0.395 succ=33.7% >exp= 0.0% el=29m48s eta=31m28s
  ep  2752/5000 batch 1420 loss=  -0.555 pol= -1.166 vL= 0.160 kl= 0.10 H=  7.63 r̄=-0.155 succ=33.7% >exp= 0.0% el=30m14s eta=24m42s
  ep  3072/5000 batch 1440 loss=   0.227 pol=  1.229 vL= 0.199 kl= 0.12 H=  8.06 r̄=-0.199 succ=33.7% >exp= 0.0% el=30m39s eta=19m14s
  ep  3392/5000 batch 1460 loss=  -0.671 pol= -0.975 vL= 0.078 kl= 0.16 H=  6.17 r̄=-0.076 succ=33.7% >exp= 0.0% el=31m06s eta=14m44s
  ep  3712/5000 batch 1480 loss=  -0.126 pol= -0.714 vL= 0.037 kl= 0.10 H=  7.18 r̄=-0.173 succ=33.8% >exp= 0.0% el=31m31s eta=10m56s
  ep  4032/5000 batch 1500 loss=   0.329 pol=  0.834 vL= 0.129 kl= 0.11 H=  6.66 r̄=-0.381 succ=33.8% >exp= 0.0% el=31m55s eta= 7m39s
  ep  4352/5000 batch 1520 loss=  -0.079 pol= -0.029 vL= 0.200 kl= 0.07 H=  4.67 r̄= 0.022 succ=33.8% >exp= 0.0% el=32m22s eta= 4m49s
  ep  4672/5000 batch 1540 loss=  -0.206 pol=  0.417 vL= 0.156 kl= 0.07 H=  8.29 r̄=-0.257 succ=33.8% >exp= 0.0% el=32m46s eta= 2m18s
  ep  4992/5000 batch 1560 loss=  -0.102 pol= -0.794 vL= 0.224 kl= 0.13 H=  5.55 r̄=-0.026 succ=33.8% >exp= 0.0% el=33m10s eta=   3s
  >>> Epoch 5/10 DONE: succ=33.4% (1670/5000) mean_loss=-0.1786 mean_reward=-0.158 mean_KL=0.144 mean_H=7.01 epoch_time= 6m26s

=== Epoch 6/10 — resetting substrate ===
  ep   320/5000 batch 1580 loss=  -0.231 pol= -0.674 vL= 0.397 kl= 0.11 H=  5.78 r̄= 0.149 succ=33.8% >exp= 0.0% el=33m36s eta=8h11m
  ep   640/5000 batch 1600 loss=   0.256 pol=  0.473 vL= 0.222 kl= 0.10 H=  6.19 r̄=-0.126 succ=33.8% >exp= 0.0% el=34m01s eta=3h51m
  ep   960/5000 batch 1620 loss=  -0.343 pol=  0.290 vL= 0.091 kl= 0.11 H=  5.43 r̄=-0.195 succ=33.8% >exp= 0.0% el=34m25s eta=2h24m
  ep  1280/5000 batch 1640 loss=  -0.072 pol=  1.532 vL= 0.183 kl= 0.21 H=  4.48 r̄=-0.316 succ=33.8% >exp= 0.0% el=34m49s eta=1h41m
  ep  1600/5000 batch 1660 loss=  -0.157 pol=  0.468 vL= 0.172 kl= 0.16 H=  5.20 r̄=-0.294 succ=33.7% >exp= 0.0% el=35m13s eta=1h14m
  ep  1920/5000 batch 1680 loss=  -1.095 pol= -0.610 vL= 0.315 kl= 0.24 H=  4.88 r̄= 0.143 succ=33.8% >exp= 0.0% el=35m37s eta=57m08s
  ep  2240/5000 batch 1700 loss=  -0.225 pol= -0.094 vL= 0.163 kl= 0.11 H=  6.46 r̄=-0.176 succ=33.8% >exp= 0.0% el=36m01s eta=44m22s
  ep  2560/5000 batch 1720 loss=  -0.198 pol=  0.103 vL= 0.270 kl= 0.18 H=  5.88 r̄=-0.191 succ=33.8% >exp= 0.0% el=36m25s eta=34m43s
  ep  2880/5000 batch 1740 loss=  -0.088 pol=  0.756 vL= 0.218 kl= 0.10 H=  7.44 r̄=-0.302 succ=33.7% >exp= 0.0% el=36m50s eta=27m07s
  ep  3200/5000 batch 1760 loss=   0.628 pol= -0.039 vL= 0.170 kl= 0.17 H=  6.66 r̄=-0.030 succ=33.7% >exp= 0.0% el=37m16s eta=20m57s
  ep  3520/5000 batch 1780 loss=  -0.840 pol= -0.877 vL= 0.128 kl= 0.22 H=  5.73 r̄=-0.096 succ=33.8% >exp= 0.0% el=37m44s eta=15m51s
  ep  3840/5000 batch 1800 loss=  -0.150 pol=  0.498 vL= 0.144 kl= 0.33 H=  8.18 r̄=-0.351 succ=33.7% >exp= 0.0% el=38m13s eta=11m32s
  ep  4160/5000 batch 1820 loss=   0.046 pol= -1.974 vL= 0.251 kl= 0.14 H=  6.38 r̄=-0.110 succ=33.7% >exp= 0.0% el=38m40s eta= 7m48s
  ep  4480/5000 batch 1840 loss=   0.330 pol=  0.051 vL= 0.214 kl= 0.21 H=  4.55 r̄=-0.046 succ=33.7% >exp= 0.0% el=39m06s eta= 4m32s
  ep  4800/5000 batch 1860 loss=  -0.427 pol= -1.082 vL= 0.321 kl= 0.36 H=  5.39 r̄=-0.054 succ=33.7% >exp= 0.0% el=39m33s eta= 1m38s
  >>> Epoch 6/10 DONE: succ=33.5% (1673/5000) mean_loss=-0.1752 mean_reward=-0.157 mean_KL=0.184 mean_H=6.51 epoch_time= 6m37s

=== Epoch 7/10 — resetting substrate ===
  ep   128/5000 batch 1880 loss=  -0.297 pol=  0.262 vL= 0.126 kl= 0.28 H=  7.37 r̄=-0.347 succ=33.8% >exp= 0.0% el=39m59s eta=25h22m
  ep   448/5000 batch 1900 loss=  -0.356 pol=  0.192 vL= 0.193 kl= 0.31 H=  5.64 r̄=-0.073 succ=33.8% >exp= 0.0% el=40m25s eta=6h50m
  ep   768/5000 batch 1920 loss=  -0.199 pol= -0.982 vL= 0.329 kl= 0.24 H=  4.40 r̄=-0.062 succ=33.8% >exp= 0.0% el=40m51s eta=3h45m
  ep  1088/5000 batch 1940 loss=  -0.346 pol= -0.505 vL= 0.206 kl= 0.30 H=  4.46 r̄=-0.284 succ=33.8% >exp= 0.0% el=41m19s eta=2h28m
  ep  1408/5000 batch 1960 loss=  -0.042 pol=  1.770 vL= 0.175 kl= 0.14 H=  6.67 r̄=-0.402 succ=33.8% >exp= 0.0% el=41m45s eta=1h46m
  ep  1728/5000 batch 1980 loss=  -0.218 pol= -0.214 vL= 0.204 kl= 0.11 H=  4.57 r̄=-0.122 succ=33.8% >exp= 0.0% el=42m15s eta=1h20m
  ep  2048/5000 batch 2000 loss=  -0.096 pol=  0.599 vL= 0.187 kl= 0.17 H=  5.08 r̄=-0.181 succ=33.8% >exp= 0.0% el=42m40s eta=1h01m
  ep  2368/5000 batch 2020 loss=  -0.065 pol=  0.274 vL= 0.190 kl= 0.22 H=  4.90 r̄=-0.072 succ=33.8% >exp= 0.0% el=43m08s eta=47m56s
  ep  2688/5000 batch 2040 loss=  -0.339 pol= -0.890 vL= 0.106 kl= 0.13 H=  5.80 r̄= 0.258 succ=33.8% >exp= 0.0% el=43m36s eta=37m30s
  ep  3008/5000 batch 2060 loss=  -0.143 pol= -0.648 vL= 0.029 kl= 0.14 H=  5.49 r̄= 0.036 succ=33.8% >exp= 0.0% el=44m04s eta=29m11s
  ep  3328/5000 batch 2080 loss=  -0.245 pol= -0.631 vL= 0.213 kl= 0.19 H=  4.53 r̄=-0.322 succ=33.8% >exp= 0.0% el=44m32s eta=22m22s
  ep  3648/5000 batch 2100 loss=  -0.458 pol= -0.081 vL= 0.292 kl= 0.14 H=  5.29 r̄=-0.248 succ=33.8% >exp= 0.0% el=45m00s eta=16m40s
  ep  3968/5000 batch 2120 loss=  -0.124 pol=  0.312 vL= 0.128 kl= 0.20 H=  5.92 r̄=-0.164 succ=33.8% >exp= 0.0% el=45m29s eta=11m49s
  ep  4288/5000 batch 2140 loss=  -0.082 pol= -0.946 vL= 0.432 kl= 0.16 H=  5.88 r̄=-0.214 succ=33.8% >exp= 0.0% el=45m59s eta= 7m38s
  ep  4608/5000 batch 2160 loss=  -0.494 pol= -0.268 vL= 0.173 kl= 0.32 H=  5.35 r̄= 0.347 succ=33.8% >exp= 0.0% el=46m28s eta= 3m57s
  ep  4928/5000 batch 2180 loss=  -0.128 pol= -0.369 vL= 0.144 kl= 0.17 H=  6.22 r̄=-0.187 succ=33.8% >exp= 0.0% el=46m55s eta=  41s
  >>> Epoch 7/10 DONE: succ=34.4% (1721/5000) mean_loss=-0.2273 mean_reward=-0.153 mean_KL=0.189 mean_H=5.67 epoch_time= 7m14s

=== Epoch 8/10 — resetting substrate ===
  ep   256/5000 batch 2200 loss=  -0.586 pol= -1.102 vL= 0.210 kl= 0.11 H=  6.56 r̄=-0.150 succ=33.9% >exp= 0.0% el=47m26s eta=14h39m
  ep   576/5000 batch 2220 loss=  -0.347 pol= -1.469 vL= 0.163 kl= 0.12 H=  7.22 r̄=-0.083 succ=33.9% >exp= 0.0% el=47m55s eta=6h08m
  ep   896/5000 batch 2240 loss=  -0.004 pol= -0.907 vL= 0.109 kl= 0.23 H=  7.19 r̄= 0.022 succ=33.9% >exp= 0.0% el=48m24s eta=3h41m
  ep  1216/5000 batch 2260 loss=   0.001 pol= -1.339 vL= 0.267 kl= 0.19 H=  6.36 r̄=-0.221 succ=33.8% >exp= 0.0% el=48m52s eta=2h32m
  ep  1536/5000 batch 2280 loss=  -0.206 pol=  0.416 vL= 0.110 kl= 0.44 H=  5.75 r̄= 0.004 succ=33.8% >exp= 0.0% el=49m23s eta=1h51m
  ep  1856/5000 batch 2300 loss=  -0.232 pol= -0.314 vL= 0.090 kl= 0.23 H=  6.00 r̄=-0.362 succ=33.8% >exp= 0.0% el=49m53s eta=1h24m
  ep  2176/5000 batch 2320 loss=  -0.060 pol= -0.665 vL= 0.355 kl= 0.28 H=  4.44 r̄=-0.154 succ=33.8% >exp= 0.0% el=50m20s eta=1h05m
  ep  2496/5000 batch 2340 loss=  -0.497 pol= -1.369 vL= 0.097 kl= 0.19 H=  5.08 r̄= 0.386 succ=33.8% >exp= 0.0% el=50m49s eta=50m59s
  ep  2816/5000 batch 2360 loss=  -0.040 pol= -0.322 vL= 0.238 kl= 0.17 H=  3.90 r̄=-0.216 succ=33.8% >exp= 0.0% el=51m21s eta=39m49s
  ep  3136/5000 batch 2380 loss=  -0.358 pol=  1.581 vL= 0.215 kl= 0.23 H=  6.34 r̄=-0.343 succ=33.8% >exp= 0.0% el=51m53s eta=30m50s
  ep  3456/5000 batch 2400 loss=   0.181 pol=  0.274 vL= 0.111 kl= 0.33 H=  5.72 r̄= 0.282 succ=33.8% >exp= 0.0% el=52m25s eta=23m25s
  ep  3776/5000 batch 2420 loss=  -0.049 pol=  0.419 vL= 0.058 kl= 0.20 H=  6.89 r̄=-0.400 succ=33.8% >exp= 0.0% el=52m57s eta=17m10s
  ep  4096/5000 batch 2440 loss=  -0.688 pol= -0.352 vL= 0.135 kl= 0.24 H=  5.77 r̄=-0.099 succ=33.8% >exp= 0.0% el=53m27s eta=11m47s
  ep  4416/5000 batch 2460 loss=  -0.251 pol=  0.896 vL= 0.215 kl= 0.19 H=  6.13 r̄=-0.220 succ=33.8% >exp= 0.0% el=53m59s eta= 7m08s
  ep  4736/5000 batch 2480 loss=  -0.222 pol=  0.292 vL= 0.166 kl= 0.33 H=  4.74 r̄=-0.107 succ=33.8% >exp= 0.0% el=54m28s eta= 3m02s
  >>> Epoch 8/10 DONE: succ=33.5% (1673/5000) mean_loss=-0.2148 mean_reward=-0.163 mean_KL=0.236 mean_H=5.67 epoch_time= 7m49s

=== Epoch 9/10 — resetting substrate ===
  ep    64/5000 batch 2500 loss=   0.015 pol=  0.063 vL= 0.162 kl= 0.15 H=  6.55 r̄=-0.144 succ=33.8% >exp= 0.0% el=54m58s eta=70h39m
  ep   384/5000 batch 2520 loss=   0.062 pol=  0.816 vL= 0.214 kl= 0.12 H=  5.14 r̄=-0.291 succ=33.8% >exp= 0.0% el=55m30s eta=11h07m
  ep   704/5000 batch 2540 loss=  -0.104 pol= -0.679 vL= 0.181 kl= 0.25 H=  7.48 r̄=-0.099 succ=33.8% >exp= 0.0% el=55m59s eta=5h41m
  ep  1024/5000 batch 2560 loss=  -0.167 pol= -0.471 vL= 0.312 kl= 0.10 H=  6.24 r̄=-0.120 succ=33.8% >exp= 0.0% el=56m31s eta=3h39m
  ep  1344/5000 batch 2580 loss=   0.037 pol=  1.107 vL= 0.204 kl= 0.12 H=  4.62 r̄=-0.253 succ=33.8% >exp= 0.0% el=57m00s eta=2h35m
  ep  1664/5000 batch 2600 loss=  -0.739 pol=  0.045 vL= 0.212 kl= 0.18 H=  5.25 r̄=-0.266 succ=33.8% >exp= 0.0% el=57m31s eta=1h55m
  ep  1984/5000 batch 2620 loss=   0.234 pol= -0.270 vL= 0.154 kl= 0.24 H=  5.10 r̄= 0.022 succ=33.8% >exp= 0.0% el=58m00s eta=1h28m
  ep  2304/5000 batch 2640 loss=   0.128 pol= -0.205 vL= 0.151 kl= 0.11 H=  5.60 r̄=-0.295 succ=33.8% >exp= 0.0% el=58m28s eta=1h08m
  ep  2624/5000 batch 2660 loss=  -0.063 pol= -1.016 vL= 0.107 kl= 0.12 H=  6.82 r̄=-0.082 succ=33.8% >exp= 0.0% el=59m01s eta=53m26s
  ep  2944/5000 batch 2680 loss=   0.157 pol= -0.707 vL= 0.061 kl= 0.31 H=  7.33 r̄=-0.129 succ=33.8% >exp= 0.0% el=59m31s eta=41m34s
  ep  3264/5000 batch 2700 loss=  -0.211 pol= -0.664 vL= 0.187 kl= 0.14 H=  5.95 r̄=-0.201 succ=33.8% >exp= 0.0% el=1h00m eta=31m55s
  ep  3584/5000 batch 2720 loss=  -0.535 pol= -1.247 vL= 0.098 kl= 0.31 H=  5.84 r̄=-0.146 succ=33.8% >exp= 0.0% el=1h00m eta=23m56s
  ep  3904/5000 batch 2740 loss=  -0.141 pol= -0.537 vL= 0.201 kl= 0.19 H=  5.10 r̄=-0.090 succ=33.8% >exp= 0.0% el=1h01m eta=17m09s
  ep  4224/5000 batch 2760 loss=   0.068 pol=  1.557 vL= 0.148 kl= 0.15 H=  8.15 r̄=-0.238 succ=33.8% >exp= 0.0% el=1h01m eta=11m19s
  ep  4544/5000 batch 2780 loss=  -1.000 pol=  0.612 vL= 0.575 kl= 0.24 H=  5.40 r̄=-0.153 succ=33.9% >exp= 0.0% el=1h02m eta= 6m14s
  ep  4864/5000 batch 2800 loss=   0.057 pol=  0.244 vL= 0.105 kl= 0.13 H=  8.42 r̄=-0.328 succ=33.9% >exp= 0.0% el=1h02m eta= 1m45s
  >>> Epoch 9/10 DONE: succ=34.3% (1717/5000) mean_loss=-0.1489 mean_reward=-0.149 mean_KL=0.190 mean_H=6.14 epoch_time= 8m01s

=== Epoch 10/10 — resetting substrate ===
  ep   192/5000 batch 2820 loss=  -0.455 pol= -1.311 vL= 0.189 kl= 0.22 H=  7.10 r̄= 0.121 succ=33.9% >exp= 0.0% el=1h03m eta=26h22m
  ep   512/5000 batch 2840 loss=   0.577 pol=  0.692 vL= 0.050 kl= 0.19 H=  9.25 r̄=-0.313 succ=33.9% >exp= 0.0% el=1h03m eta=9h18m
  ep   832/5000 batch 2860 loss=  -0.218 pol= -1.996 vL= 0.231 kl= 0.12 H=  6.44 r̄= 0.072 succ=33.8% >exp= 0.0% el=1h04m eta=5h21m
  ep  1152/5000 batch 2880 loss=  -0.559 pol= -0.966 vL= 0.220 kl= 0.27 H=  5.38 r̄= 0.165 succ=33.8% >exp= 0.0% el=1h04m eta=3h36m
  ep  1472/5000 batch 2900 loss=  -0.031 pol= -1.344 vL= 0.162 kl= 0.24 H=  6.34 r̄=-0.093 succ=33.8% >exp= 0.0% el=1h05m eta=2h36m
  ep  1792/5000 batch 2920 loss=  -0.472 pol=  1.603 vL= 0.160 kl= 0.13 H=  7.00 r̄=-0.440 succ=33.8% >exp= 0.0% el=1h05m eta=1h57m
  ep  2112/5000 batch 2940 loss=  -0.209 pol= -2.237 vL= 0.189 kl= 0.23 H=  6.13 r̄= 0.095 succ=33.8% >exp= 0.0% el=1h06m eta=1h30m
  ep  2432/5000 batch 2960 loss=  -0.199 pol= -1.936 vL= 0.078 kl= 0.15 H=  8.14 r̄=-0.293 succ=33.9% >exp= 0.0% el=1h06m eta=1h10m
  ep  2752/5000 batch 2980 loss=  -0.288 pol=  0.462 vL= 0.093 kl= 0.20 H=  6.77 r̄=-0.360 succ=33.9% >exp= 0.0% el=1h07m eta=55m00s
  ep  3072/5000 batch 3000 loss=  -0.043 pol=  0.476 vL= 0.281 kl= 0.29 H=  8.00 r̄=-0.127 succ=33.8% >exp= 0.0% el=1h07m eta=42m35s
  ep  3392/5000 batch 3020 loss=  -0.221 pol= -0.478 vL= 0.239 kl= 0.24 H=  4.82 r̄=-0.029 succ=33.8% >exp= 0.0% el=1h08m eta=32m25s
  ep  3712/5000 batch 3040 loss=  -0.497 pol=  0.278 vL= 0.064 kl= 0.21 H=  6.30 r̄=-0.290 succ=33.9% >exp= 0.0% el=1h08m eta=23m55s
  ep  4032/5000 batch 3060 loss=  -0.005 pol=  2.581 vL= 0.322 kl= 0.18 H=  6.64 r̄=-0.360 succ=33.9% >exp= 0.0% el=1h09m eta=16m40s
  ep  4352/5000 batch 3080 loss=  -0.280 pol= -0.374 vL= 0.115 kl= 0.18 H=  5.91 r̄=-0.277 succ=33.9% >exp= 0.0% el=1h10m eta=10m25s
  ep  4672/5000 batch 3100 loss=  -0.130 pol=  0.257 vL= 0.160 kl= 0.18 H=  8.38 r̄=-0.139 succ=33.9% >exp= 0.0% el=1h10m eta= 4m57s
  ep  4992/5000 batch 3120 loss=   0.632 pol= -0.016 vL= 0.253 kl= 0.25 H=  4.71 r̄= 0.034 succ=33.9% >exp= 0.0% el=1h11m eta=   7s
  >>> Epoch 10/10 DONE: succ=34.0% (1702/5000) mean_loss=-0.1411 mean_reward=-0.152 mean_KL=0.225 mean_H=6.92 epoch_time= 8m07s
------------------------------------------------------------------------
  total time:               1h11m
  success rate:             16948/50000 = 33.9%
  final success_cost_ema:   259.001231815291
  final loss avg:           0.6319
  checkpoint saved to checkpoints/il_mp_vne_v19_50nodes_costfocused.pt
  epoch summary log: logs/ppo_v19_50nodes_costfocused_epoch_summary.csv
