Loading substrate from datasets/scenario_100nodes_train/substrate.json
Loading VNRs from datasets/scenario_100nodes_train/virtual_requests.json
  Using 10000 VNRs
  Loaded 10000 expert targets
  Resumed from checkpoints/il_mp_vne_v6_100nodes.pt
Conditional IL: 10000 VNRs, batch=16, lr=0.001, K=5
  checkpoint: checkpoints/il_mp_vne_v13_100nodes.pt
  log:        logs/conditional_il_v13.csv
------------------------------------------------------------------------
  ep   320/10000 batch   20 loss=2919.4339  expert=38.4%  model_better=96.7%  skipped=119  elapsed= 1m05s eta=33m03s
  ep   640/10000 batch   40 loss=3368.0336  expert=36.7%  model_better=95.3%  skipped=224  elapsed= 1m34s eta=23m03s
  ep   960/10000 batch   60 loss=3778.3404  expert=36.0%  model_better=96.2%  skipped=333  elapsed= 2m03s eta=19m19s
  ep  1280/10000 batch   80 loss=3079.0671  expert=35.5%  model_better=95.8%  skipped=436  elapsed= 2m29s eta=17m01s
  ep  1600/10000 batch  100 loss=2799.9880  expert=35.5%  model_better=95.8%  skipped=544  elapsed= 2m51s eta=15m01s
  ep  1920/10000 batch  120 loss=2746.9734  expert=35.6%  model_better=94.7%  skipped=648  elapsed= 3m16s eta=13m48s
  ep  2240/10000 batch  140 loss=3534.0775  expert=35.6%  model_better=94.4%  skipped=753  elapsed= 3m41s eta=12m46s
  ep  2560/10000 batch  160 loss=4621.2920  expert=35.7%  model_better=92.9%  skipped=849  elapsed= 4m05s eta=11m53s
  ep  2880/10000 batch  180 loss=4547.1515  expert=36.1%  model_better=91.3%  skipped=950  elapsed= 4m27s eta=11m02s
  ep  3200/10000 batch  200 loss=4470.9880  expert=35.9%  model_better=90.8%  skipped=1043  elapsed= 4m48s eta=10m13s
  ep  3520/10000 batch  220 loss=4865.7700  expert=36.2%  model_better=89.8%  skipped=1143  elapsed= 5m11s eta= 9m34s
  ep  3840/10000 batch  240 loss=5611.8622  expert=36.2%  model_better=89.4%  skipped=1242  elapsed= 5m35s eta= 8m58s
  ep  4160/10000 batch  260 loss=4926.9704  expert=36.4%  model_better=89.2%  skipped=1351  elapsed= 6m01s eta= 8m27s
  ep  4480/10000 batch  280 loss=3942.8721  expert=36.3%  model_better=88.9%  skipped=1445  elapsed= 6m22s eta= 7m51s
  ep  4800/10000 batch  300 loss=4042.8926  expert=36.2%  model_better=88.3%  skipped=1534  elapsed= 6m45s eta= 7m19s
  ep  5120/10000 batch  320 loss=4678.2633  expert=36.4%  model_better=87.6%  skipped=1634  elapsed= 7m11s eta= 6m51s
  ep  5440/10000 batch  340 loss=4344.6064  expert=36.3%  model_better=87.1%  skipped=1721  elapsed= 7m33s eta= 6m19s
  ep  5760/10000 batch  360 loss=5325.7500  expert=36.2%  model_better=86.8%  skipped=1809  elapsed= 7m51s eta= 5m47s
  ep  6080/10000 batch  380 loss=5072.5776  expert=35.9%  model_better=86.7%  skipped=1892  elapsed= 8m07s eta= 5m14s
  ep  6400/10000 batch  400 loss=4953.7474  expert=36.1%  model_better=86.2%  skipped=1991  elapsed= 8m39s eta= 4m52s
  ep  6720/10000 batch  420 loss=3916.5203  expert=36.1%  model_better=85.7%  skipped=2081  elapsed= 9m30s eta= 4m38s
  ep  7040/10000 batch  440 loss=3680.4430  expert=36.2%  model_better=85.5%  skipped=2177  elapsed=10m26s eta= 4m23s
  ep  7360/10000 batch  460 loss=4070.9792  expert=36.1%  model_better=85.4%  skipped=2269  elapsed=11m07s eta= 3m59s
  ep  7680/10000 batch  480 loss=4725.9450  expert=36.0%  model_better=85.0%  skipped=2350  elapsed=11m44s eta= 3m32s
  ep  8000/10000 batch  500 loss=4251.3479  expert=36.0%  model_better=84.9%  skipped=2444  elapsed=12m09s eta= 3m02s
  ep  8320/10000 batch  520 loss=3949.4180  expert=36.0%  model_better=84.8%  skipped=2542  elapsed=12m29s eta= 2m31s
  ep  8640/10000 batch  540 loss=3398.1308  expert=36.2%  model_better=84.7%  skipped=2649  elapsed=12m52s eta= 2m01s
  ep  8960/10000 batch  560 loss=2834.5097  expert=36.3%  model_better=84.5%  skipped=2748  elapsed=13m12s eta= 1m32s
  ep  9280/10000 batch  580 loss=2943.5221  expert=36.1%  model_better=84.4%  skipped=2827  elapsed=13m30s eta= 1m02s
  ep  9600/10000 batch  600 loss=3104.9764  expert=36.1%  model_better=84.4%  skipped=2926  elapsed=13m51s eta=  35s
  ep  9920/10000 batch  620 loss=2851.3278  expert=36.0%  model_better=84.1%  skipped=3007  elapsed=14m14s eta=   7s
------------------------------------------------------------------------
  total time:                  14m18s
  expert success rate:         3594/10000 = 35.9%
  model beats expert rate:     3021/3594 = 84.1%
  skipped loss (model better): 3021
  target match rate:           2070/2070 = 100.0%
  final batch loss avg:        3057.2227
  checkpoint saved to checkpoints/il_mp_vne_v13_100nodes.pt
  log saved to        logs/conditional_il_v13.csv
