Loading substrate from datasets/scenario_100nodes_train/substrate.json
Loading VNRs from datasets/scenario_100nodes_train/virtual_requests.json
  Using 10000 VNRs
  Loaded 10000 offline targets from data/strong_targets_100nodes.json
Imitation pretrain: 10000 VNRs, batch=16, lr=0.001
  checkpoint: checkpoints/il_mp_vne_v5_100nodes.pt
  log: logs/imitation_v5_100nodes.csv
------------------------------------------------------------------------
  ep   320/10000  batch   20  loss=3.2380  expert_succ=38.4% (123/320)  match=100.0%  elapsed=  17s eta= 8m38s
  ep   640/10000  batch   40  loss=3.1696  expert_succ=36.7% (235/640)  match=100.0%  elapsed=  35s eta= 8m27s
  ep   960/10000  batch   60  loss=3.0428  expert_succ=36.0% (346/960)  match=100.0%  elapsed=  50s eta= 7m53s
  ep  1280/10000  batch   80  loss=3.0535  expert_succ=35.5% (455/1280)  match=100.0%  elapsed= 1m07s eta= 7m37s
  ep  1600/10000  batch  100  loss=3.0807  expert_succ=35.5% (568/1600)  match=100.0%  elapsed= 1m22s eta= 7m11s
  ep  1920/10000  batch  120  loss=2.9905  expert_succ=35.6% (684/1920)  match=100.0%  elapsed= 1m39s eta= 7m00s
  ep  2240/10000  batch  140  loss=2.9819  expert_succ=35.6% (798/2240)  match=100.0%  elapsed= 1m57s eta= 6m46s
  ep  2560/10000  batch  160  loss=2.9464  expert_succ=35.7% (914/2560)  match=100.0%  elapsed= 2m16s eta= 6m35s
  ep  2880/10000  batch  180  loss=2.9403  expert_succ=36.1% (1041/2880)  match=100.0%  elapsed= 2m32s eta= 6m17s
  ep  3200/10000  batch  200  loss=2.9920  expert_succ=35.9% (1149/3200)  match=100.0%  elapsed= 2m48s eta= 5m58s
  ep  3520/10000  batch  220  loss=2.9392  expert_succ=36.2% (1273/3520)  match=100.0%  elapsed= 3m05s eta= 5m42s
  ep  3840/10000  batch  240  loss=3.0196  expert_succ=36.2% (1389/3840)  match=100.0%  elapsed= 3m24s eta= 5m27s
  ep  4160/10000  batch  260  loss=3.0423  expert_succ=36.4% (1515/4160)  match=100.0%  elapsed= 3m42s eta= 5m12s
  ep  4480/10000  batch  280  loss=3.0780  expert_succ=36.3% (1626/4480)  match=100.0%  elapsed= 3m56s eta= 4m51s
  ep  4800/10000  batch  300  loss=2.9538  expert_succ=36.2% (1738/4800)  match=100.0%  elapsed= 4m13s eta= 4m35s
  ep  5120/10000  batch  320  loss=3.0025  expert_succ=36.4% (1866/5120)  match=100.0%  elapsed= 4m34s eta= 4m21s
  ep  5440/10000  batch  340  loss=2.9753  expert_succ=36.3% (1975/5440)  match=100.0%  elapsed= 4m50s eta= 4m03s
  ep  5760/10000  batch  360  loss=2.9117  expert_succ=36.2% (2083/5760)  match=100.0%  elapsed= 5m05s eta= 3m44s
  ep  6080/10000  batch  380  loss=3.0416  expert_succ=35.9% (2183/6080)  match=100.0%  elapsed= 5m19s eta= 3m25s
  ep  6400/10000  batch  400  loss=2.8359  expert_succ=36.1% (2310/6400)  match=100.0%  elapsed= 5m39s eta= 3m10s
  ep  6720/10000  batch  420  loss=2.9039  expert_succ=36.1% (2429/6720)  match=100.0%  elapsed= 5m56s eta= 2m54s
  ep  7040/10000  batch  440  loss=2.9476  expert_succ=36.2% (2545/7040)  match=100.0%  elapsed= 6m11s eta= 2m36s
  ep  7360/10000  batch  460  loss=2.8701  expert_succ=36.1% (2656/7360)  match=100.0%  elapsed= 6m27s eta= 2m19s
  ep  7680/10000  batch  480  loss=2.9162  expert_succ=36.0% (2765/7680)  match=100.0%  elapsed= 6m44s eta= 2m02s
  ep  8000/10000  batch  500  loss=2.8487  expert_succ=36.0% (2879/8000)  match=100.0%  elapsed= 7m02s eta= 1m45s
  ep  8320/10000  batch  520  loss=2.9514  expert_succ=36.0% (2997/8320)  match=100.0%  elapsed= 7m20s eta= 1m28s
  ep  8640/10000  batch  540  loss=2.8988  expert_succ=36.2% (3128/8640)  match=100.0%  elapsed= 7m37s eta= 1m12s
  ep  8960/10000  batch  560  loss=2.8916  expert_succ=36.3% (3253/8960)  match=100.0%  elapsed= 7m57s eta=  55s
  ep  9280/10000  batch  580  loss=2.8810  expert_succ=36.1% (3348/9280)  match=100.0%  elapsed= 8m10s eta=  38s
  ep  9600/10000  batch  600  loss=3.0606  expert_succ=36.1% (3466/9600)  match=100.0%  elapsed= 8m27s eta=  21s
  ep  9920/10000  batch  620  loss=3.0267  expert_succ=36.0% (3575/9920)  match=100.0%  elapsed= 8m42s eta=   4s
------------------------------------------------------------------------
Imitation done in  8m45s.
  expert success rate: 3594/10000 = 35.9%
  target match rate:   14002/14002 = 100.0%
  final batch loss avg: 3.0252
  checkpoint saved to checkpoints/il_mp_vne_v5_100nodes.pt
  log saved to        logs/imitation_v5_100nodes.csv
