Loading substrate from datasets/scenario_100nodes_train/substrate.json
Loading VNRs from datasets/scenario_100nodes_train/virtual_requests.json
  Using 10000 VNRs
Imitation pretrain: 10000 VNRs, batch=16, lr=0.001
  checkpoint: checkpoints/il_mp_vne_v3_100nodes.pt
  log: logs/imitation_v3_100nodes.csv
------------------------------------------------------------------------
  ep   160/10000  batch   10  loss=3.4264  expert_succ=40.0% (64/160)  match=100.0%  elapsed= 1m38s eta=1h40m
  ep   320/10000  batch   20  loss=3.4951  expert_succ=36.9% (118/320)  match=100.0%  elapsed= 3m08s eta=1h35m
  ep   480/10000  batch   30  loss=3.4084  expert_succ=35.2% (169/480)  match=100.0%  elapsed= 4m33s eta=1h30m
  ep   640/10000  batch   40  loss=3.3710  expert_succ=32.8% (210/640)  match=100.0%  elapsed= 5m49s eta=1h25m
  ep   800/10000  batch   50  loss=3.2443  expert_succ=33.4% (267/800)  match=100.0%  elapsed= 7m19s eta=1h24m
  ep   960/10000  batch   60  loss=3.2605  expert_succ=34.2% (328/960)  match=100.0%  elapsed= 8m46s eta=1h22m
  ep  1120/10000  batch   70  loss=3.3001  expert_succ=33.4% (374/1120)  match=100.0%  elapsed=10m02s eta=1h19m
  ep  1280/10000  batch   80  loss=3.2122  expert_succ=33.9% (434/1280)  match=100.0%  elapsed=11m30s eta=1h18m
  ep  1440/10000  batch   90  loss=3.2758  expert_succ=33.9% (488/1440)  match=100.0%  elapsed=12m57s eta=1h17m
  ep  1600/10000  batch  100  loss=3.2924  expert_succ=33.9% (542/1600)  match=100.0%  elapsed=14m28s eta=1h16m
  ep  1760/10000  batch  110  loss=3.2468  expert_succ=33.7% (593/1760)  match=100.0%  elapsed=16m11s eta=1h15m
  ep  1920/10000  batch  120  loss=3.1597  expert_succ=33.5% (644/1920)  match=100.0%  elapsed=17m36s eta=1h14m
  ep  2080/10000  batch  130  loss=3.1608  expert_succ=33.2% (690/2080)  match=100.0%  elapsed=19m13s eta=1h13m
  ep  2240/10000  batch  140  loss=3.1965  expert_succ=33.7% (755/2240)  match=100.0%  elapsed=20m50s eta=1h12m
  ep  2400/10000  batch  150  loss=3.3651  expert_succ=33.3% (800/2400)  match=100.0%  elapsed=22m23s eta=1h10m
  ep  2560/10000  batch  160  loss=3.1747  expert_succ=33.0% (844/2560)  match=100.0%  elapsed=23m55s eta=1h09m
  ep  2720/10000  batch  170  loss=3.1796  expert_succ=33.3% (905/2720)  match=100.0%  elapsed=25m26s eta=1h08m
  ep  2880/10000  batch  180  loss=3.3181  expert_succ=33.5% (965/2880)  match=100.0%  elapsed=27m08s eta=1h07m
  ep  3040/10000  batch  190  loss=3.2898  expert_succ=33.4% (1014/3040)  match=100.0%  elapsed=29m03s eta=1h06m
  ep  3200/10000  batch  200  loss=3.1495  expert_succ=33.5% (1073/3200)  match=100.0%  elapsed=31m19s eta=1h06m
  ep  3360/10000  batch  210  loss=3.2788  expert_succ=33.8% (1137/3360)  match=100.0%  elapsed=33m17s eta=1h05m
  ep  3520/10000  batch  220  loss=3.2794  expert_succ=33.8% (1189/3520)  match=100.0%  elapsed=34m51s eta=1h04m
  ep  3680/10000  batch  230  loss=3.2058  expert_succ=34.1% (1254/3680)  match=100.0%  elapsed=36m33s eta=1h02m
  ep  3840/10000  batch  240  loss=3.2158  expert_succ=34.1% (1309/3840)  match=100.0%  elapsed=38m19s eta=1h01m
  ep  4000/10000  batch  250  loss=3.3936  expert_succ=34.0% (1360/4000)  match=100.0%  elapsed=39m43s eta=59m35s
  ep  4160/10000  batch  260  loss=3.1853  expert_succ=34.0% (1416/4160)  match=100.0%  elapsed=41m06s eta=57m42s
  ep  4320/10000  batch  270  loss=3.2765  expert_succ=34.1% (1471/4320)  match=100.0%  elapsed=42m33s eta=55m57s
  ep  4480/10000  batch  280  loss=3.3422  expert_succ=33.9% (1520/4480)  match=100.0%  elapsed=43m50s eta=54m00s
  ep  4640/10000  batch  290  loss=3.1567  expert_succ=34.0% (1577/4640)  match=100.0%  elapsed=45m20s eta=52m22s
  ep  4800/10000  batch  300  loss=3.1317  expert_succ=33.8% (1622/4800)  match=100.0%  elapsed=46m51s eta=50m45s
  ep  4960/10000  batch  310  loss=3.1529  expert_succ=33.9% (1681/4960)  match=100.0%  elapsed=48m42s eta=49m29s
  ep  5120/10000  batch  320  loss=3.2055  expert_succ=33.8% (1732/5120)  match=100.0%  elapsed=50m06s eta=47m45s
  ep  5280/10000  batch  330  loss=3.1918  expert_succ=33.9% (1791/5280)  match=100.0%  elapsed=51m33s eta=46m05s
  ep  5440/10000  batch  340  loss=3.1159  expert_succ=33.9% (1844/5440)  match=100.0%  elapsed=53m04s eta=44m29s
  ep  5600/10000  batch  350  loss=3.1272  expert_succ=33.9% (1898/5600)  match=100.0%  elapsed=54m46s eta=43m01s
  ep  5760/10000  batch  360  loss=3.1213  expert_succ=34.0% (1960/5760)  match=100.0%  elapsed=56m19s eta=41m27s
  ep  5920/10000  batch  370  loss=3.3113  expert_succ=33.8% (2002/5920)  match=100.0%  elapsed=57m50s eta=39m51s
  ep  6080/10000  batch  380  loss=3.2608  expert_succ=33.9% (2061/6080)  match=100.0%  elapsed=59m20s eta=38m15s
  ep  6240/10000  batch  390  loss=3.0958  expert_succ=33.9% (2114/6240)  match=100.0%  elapsed=1h01m eta=36m53s
  ep  6400/10000  batch  400  loss=3.2042  expert_succ=34.0% (2178/6400)  match=100.0%  elapsed=1h02m eta=35m25s
  ep  6560/10000  batch  410  loss=3.0894  expert_succ=34.0% (2229/6560)  match=100.0%  elapsed=1h04m eta=33m53s
  ep  6720/10000  batch  420  loss=3.1266  expert_succ=34.0% (2283/6720)  match=100.0%  elapsed=1h06m eta=32m23s
  ep  6880/10000  batch  430  loss=2.9977  expert_succ=33.9% (2334/6880)  match=100.0%  elapsed=1h08m eta=30m51s
  ep  7040/10000  batch  440  loss=3.2618  expert_succ=34.0% (2392/7040)  match=100.0%  elapsed=1h09m eta=29m11s
  ep  7200/10000  batch  450  loss=3.1781  expert_succ=34.1% (2454/7200)  match=100.0%  elapsed=1h10m eta=27m36s
  ep  7360/10000  batch  460  loss=3.2187  expert_succ=34.0% (2504/7360)  match=100.0%  elapsed=1h12m eta=26m08s
  ep  7520/10000  batch  470  loss=3.1314  expert_succ=34.1% (2566/7520)  match=100.0%  elapsed=1h14m eta=24m34s
  ep  7680/10000  batch  480  loss=3.1526  expert_succ=34.1% (2619/7680)  match=100.0%  elapsed=1h16m eta=22m59s
  ep  7840/10000  batch  490  loss=3.1854  expert_succ=34.0% (2662/7840)  match=100.0%  elapsed=1h17m eta=21m24s
  ep  8000/10000  batch  500  loss=3.2169  expert_succ=34.0% (2722/8000)  match=100.0%  elapsed=1h19m eta=19m50s
  ep  8160/10000  batch  510  loss=2.9830  expert_succ=34.1% (2782/8160)  match=100.0%  elapsed=1h20m eta=18m13s
  ep  8320/10000  batch  520  loss=3.2309  expert_succ=34.0% (2826/8320)  match=100.0%  elapsed=1h22m eta=16m36s
  ep  8480/10000  batch  530  loss=3.3320  expert_succ=33.9% (2874/8480)  match=100.0%  elapsed=1h23m eta=14m58s
  ep  8640/10000  batch  540  loss=3.2216  expert_succ=33.9% (2932/8640)  match=100.0%  elapsed=1h24m eta=13m21s
  ep  8800/10000  batch  550  loss=3.0431  expert_succ=33.9% (2984/8800)  match=100.0%  elapsed=1h26m eta=11m44s
  ep  8960/10000  batch  560  loss=3.2146  expert_succ=33.9% (3036/8960)  match=100.0%  elapsed=1h27m eta=10m09s
  ep  9120/10000  batch  570  loss=3.2143  expert_succ=33.8% (3083/9120)  match=100.0%  elapsed=1h29m eta= 8m35s
  ep  9280/10000  batch  580  loss=3.3452  expert_succ=33.7% (3125/9280)  match=100.0%  elapsed=1h30m eta= 7m01s
  ep  9440/10000  batch  590  loss=3.2946  expert_succ=33.7% (3177/9440)  match=100.0%  elapsed=1h31m eta= 5m27s
  ep  9600/10000  batch  600  loss=3.2516  expert_succ=33.7% (3231/9600)  match=100.0%  elapsed=1h33m eta= 3m53s
  ep  9760/10000  batch  610  loss=3.2127  expert_succ=33.6% (3279/9760)  match=100.0%  elapsed=1h35m eta= 2m20s
  ep  9920/10000  batch  620  loss=3.3180  expert_succ=33.6% (3329/9920)  match=100.0%  elapsed=1h36m eta=  47s
------------------------------------------------------------------------
Imitation done in 1h37m.
  expert success rate: 3358/10000 = 33.6%
  target match rate:   12946/12946 = 100.0%
  final batch loss avg: 3.2690
  checkpoint saved to checkpoints/il_mp_vne_v3_100nodes.pt
  log saved to        logs/imitation_v3_100nodes.csv
