Loading substrate from datasets/scenario_100nodes_train/substrate.json
Loading VNRs from datasets/scenario_100nodes_train/virtual_requests.json
  Using 10000 VNRs
  Loaded 10000 offline targets from data/improved_targets_100nodes.json
Imitation pretrain: 10000 VNRs, batch=16, lr=0.001
  checkpoint: checkpoints/il_mp_vne_v13_100nodes.pt
  log: logs/imitation_v13_100nodes.csv
------------------------------------------------------------------------
  ep   320/10000  batch   20  loss=381.1384  expert_succ=48.4% (155/320)  match=100.0%  elapsed=  21s eta=10m36s
  ep   640/10000  batch   40  loss=559.1756  expert_succ=46.7% (299/640)  match=100.0%  elapsed=  43s eta=10m24s
  ep   960/10000  batch   60  loss=439.9519  expert_succ=45.9% (441/960)  match=100.0%  elapsed= 1m01s eta= 9m43s
  ep  1280/10000  batch   80  loss=371.1974  expert_succ=45.4% (581/1280)  match=100.0%  elapsed= 1m21s eta= 9m15s
  ep  1600/10000  batch  100  loss=664.8815  expert_succ=45.2% (724/1600)  match=100.0%  elapsed= 1m39s eta= 8m43s
  ep  1920/10000  batch  120  loss=482.0745  expert_succ=45.3% (870/1920)  match=100.0%  elapsed= 1m59s eta= 8m21s
  ep  2240/10000  batch  140  loss=299.7947  expert_succ=45.0% (1009/2240)  match=100.0%  elapsed= 2m18s eta= 7m58s
  ep  2560/10000  batch  160  loss=481.8722  expert_succ=45.2% (1156/2560)  match=100.0%  elapsed= 2m38s eta= 7m40s
  ep  2880/10000  batch  180  loss=438.7688  expert_succ=45.3% (1304/2880)  match=100.0%  elapsed= 2m56s eta= 7m15s
  ep  3200/10000  batch  200  loss=402.2610  expert_succ=45.1% (1443/3200)  match=100.0%  elapsed= 3m14s eta= 6m53s
  ep  3520/10000  batch  220  loss=402.6125  expert_succ=45.4% (1599/3520)  match=100.0%  elapsed= 3m35s eta= 6m36s
  ep  3840/10000  batch  240  loss=366.4544  expert_succ=45.7% (1753/3840)  match=100.0%  elapsed= 4m00s eta= 6m25s
  ep  4160/10000  batch  260  loss=317.2123  expert_succ=45.9% (1908/4160)  match=100.0%  elapsed= 4m23s eta= 6m10s
  ep  4480/10000  batch  280  loss=547.3829  expert_succ=45.9% (2055/4480)  match=100.0%  elapsed= 4m44s eta= 5m50s
  ep  4800/10000  batch  300  loss=523.2328  expert_succ=45.8% (2196/4800)  match=100.0%  elapsed= 5m04s eta= 5m29s
  ep  5120/10000  batch  320  loss=235.5887  expert_succ=46.1% (2360/5120)  match=100.0%  elapsed= 5m34s eta= 5m19s
  ep  5440/10000  batch  340  loss=366.0531  expert_succ=46.1% (2507/5440)  match=100.0%  elapsed= 5m57s eta= 4m59s
  ep  5760/10000  batch  360  loss=443.9251  expert_succ=45.9% (2645/5760)  match=100.0%  elapsed= 6m15s eta= 4m36s
  ep  6080/10000  batch  380  loss=320.5503  expert_succ=45.8% (2784/6080)  match=100.0%  elapsed= 6m34s eta= 4m14s
  ep  6400/10000  batch  400  loss=149.0986  expert_succ=46.0% (2943/6400)  match=100.0%  elapsed= 7m14s eta= 4m04s
  ep  6720/10000  batch  420  loss=272.5541  expert_succ=45.9% (3087/6720)  match=100.0%  elapsed= 7m40s eta= 3m44s
  ep  7040/10000  batch  440  loss=231.2015  expert_succ=45.9% (3230/7040)  match=100.0%  elapsed= 8m04s eta= 3m23s
  ep  7360/10000  batch  460  loss=392.4243  expert_succ=45.8% (3368/7360)  match=100.0%  elapsed= 8m29s eta= 3m02s
  ep  7680/10000  batch  480  loss=125.2440  expert_succ=45.7% (3511/7680)  match=100.0%  elapsed= 8m52s eta= 2m40s
  ep  8000/10000  batch  500  loss=119.3536  expert_succ=45.7% (3655/8000)  match=100.0%  elapsed= 9m16s eta= 2m19s
  ep  8320/10000  batch  520  loss=76.8608  expert_succ=45.7% (3801/8320)  match=100.0%  elapsed= 9m39s eta= 1m57s
  ep  8640/10000  batch  540  loss=79.2464  expert_succ=45.9% (3962/8640)  match=100.0%  elapsed=10m02s eta= 1m34s
  ep  8960/10000  batch  560  loss=53.8183  expert_succ=45.9% (4109/8960)  match=100.0%  elapsed=10m25s eta= 1m12s
  ep  9280/10000  batch  580  loss=15.8083  expert_succ=45.6% (4235/9280)  match=100.0%  elapsed=10m46s eta=  50s
  ep  9600/10000  batch  600  loss=8.3357  expert_succ=45.7% (4385/9600)  match=100.0%  elapsed=11m08s eta=  28s
  ep  9920/10000  batch  620  loss=6.3806  expert_succ=45.6% (4526/9920)  match=100.0%  elapsed=11m28s eta=   6s
------------------------------------------------------------------------
Imitation done in 11m34s.
  expert success rate: 4558/10000 = 45.6%
  target match rate:   18513/18513 = 100.0%
  final batch loss avg: 7.4539
  checkpoint saved to checkpoints/il_mp_vne_v13_100nodes.pt
  log saved to        logs/imitation_v13_100nodes.csv
