Loading substrate from datasets/scenario_200nodes_train/substrate.json
Loading VNRs from datasets/scenario_200nodes_train/virtual_requests.json
  Using 10000 VNRs
Imitation pretrain: 10000 VNRs, batch=16, lr=0.001
  checkpoint: checkpoints/il_mp_vne_v17_200nodes.pt
  log: logs/imitation_v17_200nodes.csv
------------------------------------------------------------------------
  ep   320/10000  batch   20  loss=3.7796  expert_succ=24.7% (79/320)  match=100.0%  elapsed=24m15s eta=12h14m
  ep   640/10000  batch   40  loss=3.4607  expert_succ=23.6% (151/640)  match=100.0%  elapsed=45m59s eta=11h12m
  ep   960/10000  batch   60  loss=3.5138  expert_succ=22.5% (216/960)  match=100.0%  elapsed=1h04m eta=10h06m
  ep  1280/10000  batch   80  loss=3.5962  expert_succ=20.8% (266/1280)  match=100.0%  elapsed=1h24m eta=9h35m
  ep  1600/10000  batch  100  loss=3.6230  expert_succ=20.3% (325/1600)  match=100.0%  elapsed=1h45m eta=9h14m
  ep  1920/10000  batch  120  loss=3.3806  expert_succ=20.7% (398/1920)  match=100.0%  elapsed=2h06m eta=8h54m
  ep  2240/10000  batch  140  loss=3.3863  expert_succ=20.4% (458/2240)  match=100.0%  elapsed=2h28m eta=8h33m
  ep  2560/10000  batch  160  loss=3.6131  expert_succ=20.5% (526/2560)  match=100.0%  elapsed=3h00m eta=8h45m
  ep  2880/10000  batch  180  loss=3.3210  expert_succ=20.9% (601/2880)  match=100.0%  elapsed=3h20m eta=8h14m
  ep  3200/10000  batch  200  loss=3.3085  expert_succ=20.8% (664/3200)  match=100.0%  elapsed=3h45m eta=7h59m
  ep  3520/10000  batch  220  loss=3.4045  expert_succ=20.9% (736/3520)  match=100.0%  elapsed=4h16m eta=7h52m
  ep  3840/10000  batch  240  loss=3.4061  expert_succ=21.0% (807/3840)  match=100.0%  elapsed=5h12m eta=8h20m
  ep  4160/10000  batch  260  loss=3.3746  expert_succ=21.0% (874/4160)  match=100.0%  elapsed=5h28m eta=7h40m
  ep  4480/10000  batch  280  loss=3.4636  expert_succ=21.1% (944/4480)  match=100.0%  elapsed=5h44m eta=7h04m
  ep  4800/10000  batch  300  loss=3.2795  expert_succ=21.2% (1016/4800)  match=100.0%  elapsed=6h02m eta=6h32m
  ep  5120/10000  batch  320  loss=3.3795  expert_succ=21.2% (1087/5120)  match=100.0%  elapsed=6h21m eta=6h03m
  ep  5440/10000  batch  340  loss=3.3388  expert_succ=21.5% (1168/5440)  match=100.0%  elapsed=6h37m eta=5h33m
  ep  5760/10000  batch  360  loss=3.2700  expert_succ=21.3% (1229/5760)  match=100.0%  elapsed=6h52m eta=5h03m
  ep  6080/10000  batch  380  loss=3.3333  expert_succ=21.4% (1301/6080)  match=100.0%  elapsed=7h10m eta=4h37m
  ep  6400/10000  batch  400  loss=3.1711  expert_succ=21.5% (1379/6400)  match=100.0%  elapsed=7h25m eta=4h10m
  ep  6720/10000  batch  420  loss=3.1136  expert_succ=21.6% (1450/6720)  match=100.0%  elapsed=7h43m eta=3h46m
  ep  7040/10000  batch  440  loss=3.2925  expert_succ=21.5% (1517/7040)  match=100.0%  elapsed=7h56m eta=3h20m
  ep  7360/10000  batch  460  loss=3.0497  expert_succ=21.6% (1589/7360)  match=100.0%  elapsed=10h53m eta=3h54m
  ep  7680/10000  batch  480  loss=3.0786  expert_succ=21.6% (1660/7680)  match=100.0%  elapsed=11h10m eta=3h22m
  ep  8000/10000  batch  500  loss=3.3764  expert_succ=21.5% (1720/8000)  match=100.0%  elapsed=11h33m eta=2h53m
  ep  8320/10000  batch  520  loss=3.1525  expert_succ=21.5% (1791/8320)  match=100.0%  elapsed=11h49m eta=2h23m
  ep  8640/10000  batch  540  loss=3.3216  expert_succ=21.7% (1878/8640)  match=100.0%  elapsed=12h10m eta=1h55m
  ep  8960/10000  batch  560  loss=3.2020  expert_succ=21.7% (1941/8960)  match=100.0%  elapsed=12h31m eta=1h27m
  ep  9280/10000  batch  580  loss=3.2337  expert_succ=21.5% (1998/9280)  match=100.0%  elapsed=12h53m eta=59m58s
  ep  9600/10000  batch  600  loss=2.9485  expert_succ=21.6% (2074/9600)  match=100.0%  elapsed=13h16m eta=33m10s
  ep  9920/10000  batch  620  loss=3.3266  expert_succ=21.6% (2141/9920)  match=100.0%  elapsed=13h41m eta= 6m37s
------------------------------------------------------------------------
Imitation done in 13h46m.
  expert success rate: 2159/10000 = 21.6%
  target match rate:   7589/7589 = 100.0%
  final batch loss avg: 3.1320
  checkpoint saved to checkpoints/il_mp_vne_v17_200nodes.pt
  log saved to        logs/imitation_v17_200nodes.csv
