Loading substrate from datasets/scenario_100nodes_train/substrate.json
Loading VNRs from datasets/scenario_100nodes_train/virtual_requests.json
  Using 10000 VNRs
  Loaded 10000 offline targets from data/strong_targets_100nodes.json
Imitation pretrain: 10000 VNRs, batch=16, lr=0.001
  checkpoint: checkpoints/il_mp_vne_v12_100nodes.pt
  log: logs/imitation_v12_100nodes.csv
------------------------------------------------------------------------
  ep   320/10000  batch   20  loss=3.1244  expert_succ=38.4% (123/320)  match=100.0%  elapsed=  29s eta=14m28s
  ep   640/10000  batch   40  loss=3.0464  expert_succ=36.7% (235/640)  match=100.0%  elapsed=  56s eta=13m43s
  ep   960/10000  batch   60  loss=2.9099  expert_succ=36.0% (346/960)  match=100.0%  elapsed= 1m19s eta=12m32s
  ep  1280/10000  batch   80  loss=2.8913  expert_succ=35.5% (455/1280)  match=100.0%  elapsed= 1m45s eta=11m57s
  ep  1600/10000  batch  100  loss=2.9199  expert_succ=35.5% (568/1600)  match=100.0%  elapsed= 2m07s eta=11m11s
  ep  1920/10000  batch  120  loss=2.7956  expert_succ=35.6% (684/1920)  match=100.0%  elapsed= 2m34s eta=10m48s
  ep  2240/10000  batch  140  loss=2.8245  expert_succ=35.6% (798/2240)  match=100.0%  elapsed= 2m59s eta=10m21s
  ep  2560/10000  batch  160  loss=2.7452  expert_succ=35.7% (914/2560)  match=100.0%  elapsed= 3m27s eta=10m02s
  ep  2880/10000  batch  180  loss=2.7453  expert_succ=36.1% (1041/2880)  match=100.0%  elapsed= 3m51s eta= 9m33s
  ep  3200/10000  batch  200  loss=2.8261  expert_succ=35.9% (1149/3200)  match=100.0%  elapsed= 4m15s eta= 9m01s
  ep  3520/10000  batch  220  loss=2.7694  expert_succ=36.2% (1273/3520)  match=100.0%  elapsed= 4m40s eta= 8m36s
  ep  3840/10000  batch  240  loss=2.8039  expert_succ=36.2% (1389/3840)  match=100.0%  elapsed= 5m07s eta= 8m13s
  ep  4160/10000  batch  260  loss=2.7842  expert_succ=36.4% (1515/4160)  match=100.0%  elapsed= 5m35s eta= 7m51s
  ep  4480/10000  batch  280  loss=2.8684  expert_succ=36.3% (1626/4480)  match=100.0%  elapsed= 5m57s eta= 7m20s
  ep  4800/10000  batch  300  loss=2.7576  expert_succ=36.2% (1738/4800)  match=100.0%  elapsed= 6m23s eta= 6m55s
  ep  5120/10000  batch  320  loss=2.7861  expert_succ=36.4% (1866/5120)  match=100.0%  elapsed= 6m54s eta= 6m35s
  ep  5440/10000  batch  340  loss=2.7511  expert_succ=36.3% (1975/5440)  match=100.0%  elapsed= 7m17s eta= 6m06s
  ep  5760/10000  batch  360  loss=2.5924  expert_succ=36.2% (2083/5760)  match=100.0%  elapsed= 7m40s eta= 5m39s
  ep  6080/10000  batch  380  loss=2.7718  expert_succ=35.9% (2183/6080)  match=100.0%  elapsed= 8m03s eta= 5m12s
  ep  6400/10000  batch  400  loss=2.5524  expert_succ=36.1% (2310/6400)  match=100.0%  elapsed= 8m34s eta= 4m49s
  ep  6720/10000  batch  420  loss=2.5637  expert_succ=36.1% (2429/6720)  match=100.0%  elapsed= 9m02s eta= 4m24s
  ep  7040/10000  batch  440  loss=2.6008  expert_succ=36.2% (2545/7040)  match=100.0%  elapsed= 9m25s eta= 3m57s
  ep  7360/10000  batch  460  loss=2.5637  expert_succ=36.1% (2656/7360)  match=100.0%  elapsed= 9m50s eta= 3m31s
  ep  7680/10000  batch  480  loss=2.6729  expert_succ=36.0% (2765/7680)  match=100.0%  elapsed=10m24s eta= 3m08s
  ep  8000/10000  batch  500  loss=2.6590  expert_succ=36.0% (2879/8000)  match=100.0%  elapsed=11m16s eta= 2m49s
  ep  8320/10000  batch  520  loss=2.7202  expert_succ=36.0% (2997/8320)  match=100.0%  elapsed=12m03s eta= 2m26s
  ep  8640/10000  batch  540  loss=2.6084  expert_succ=36.2% (3128/8640)  match=100.0%  elapsed=13m01s eta= 2m03s
  ep  8960/10000  batch  560  loss=2.6153  expert_succ=36.3% (3253/8960)  match=100.0%  elapsed=13m51s eta= 1m36s
  ep  9280/10000  batch  580  loss=2.5690  expert_succ=36.1% (3348/9280)  match=100.0%  elapsed=14m27s eta= 1m07s
  ep  9600/10000  batch  600  loss=2.7038  expert_succ=36.1% (3466/9600)  match=100.0%  elapsed=15m18s eta=  38s
  ep  9920/10000  batch  620  loss=2.7493  expert_succ=36.0% (3575/9920)  match=100.0%  elapsed=16m23s eta=   8s
------------------------------------------------------------------------
Imitation done in 16m29s.
  expert success rate: 3594/10000 = 35.9%
  target match rate:   14002/14002 = 100.0%
  final batch loss avg: 2.7149
  checkpoint saved to checkpoints/il_mp_vne_v12_100nodes.pt
  log saved to        logs/imitation_v12_100nodes.csv
