Loading substrate from datasets/scenario_100nodes_train/substrate.json
Loading VNRs from datasets/scenario_100nodes_train/virtual_requests.json
  Using 10000 VNRs
Imitation pretrain: 10000 VNRs, batch=16, lr=0.001
  checkpoint: checkpoints/il_mp_vne_v21_il_100nodes.pt
  log: logs/imitation_v21_100nodes.csv
------------------------------------------------------------------------
  ep   320/10000  batch   20  loss=3.0929  expert_succ=36.9% (118/320)  match=100.0%  elapsed=33m35s eta=16h56m
  ep   640/10000  batch   40  loss=2.9403  expert_succ=32.8% (210/640)  match=100.0%  elapsed=38m32s eta=9h23m
  ep   960/10000  batch   60  loss=2.8424  expert_succ=34.2% (328/960)  match=100.0%  elapsed=44m14s eta=6h56m
  ep  1280/10000  batch   80  loss=2.7869  expert_succ=33.9% (434/1280)  match=100.0%  elapsed=50m14s eta=5h42m
  ep  1600/10000  batch  100  loss=2.8288  expert_succ=33.9% (542/1600)  match=100.0%  elapsed=56m27s eta=4h56m
  ep  1920/10000  batch  120  loss=2.6911  expert_succ=33.5% (644/1920)  match=100.0%  elapsed=1h03m eta=4h27m
  ep  2240/10000  batch  140  loss=2.6333  expert_succ=33.7% (755/2240)  match=100.0%  elapsed=1h10m eta=4h03m
  ep  2560/10000  batch  160  loss=2.7349  expert_succ=33.0% (844/2560)  match=100.0%  elapsed=1h16m eta=3h41m
  ep  2880/10000  batch  180  loss=2.7509  expert_succ=33.5% (965/2880)  match=100.0%  elapsed=1h23m eta=3h25m
  ep  3200/10000  batch  200  loss=2.6381  expert_succ=33.5% (1073/3200)  match=100.0%  elapsed=1h54m eta=4h03m
  ep  3520/10000  batch  220  loss=2.6816  expert_succ=33.8% (1189/3520)  match=100.0%  elapsed=2h00m eta=3h42m
  ep  3840/10000  batch  240  loss=2.7406  expert_succ=34.1% (1309/3840)  match=100.0%  elapsed=2h08m eta=3h25m
  ep  4160/10000  batch  260  loss=2.8277  expert_succ=34.0% (1416/4160)  match=100.0%  elapsed=2h15m eta=3h09m
  ep  4480/10000  batch  280  loss=2.8272  expert_succ=33.9% (1520/4480)  match=100.0%  elapsed=2h20m eta=2h53m
  ep  4800/10000  batch  300  loss=2.6944  expert_succ=33.8% (1622/4800)  match=100.0%  elapsed=2h27m eta=2h39m
  ep  5120/10000  batch  320  loss=2.6272  expert_succ=33.8% (1732/5120)  match=100.0%  elapsed=2h33m eta=2h26m
  ep  5440/10000  batch  340  loss=2.6651  expert_succ=33.9% (1844/5440)  match=100.0%  elapsed=2h40m eta=2h14m
  ep  5760/10000  batch  360  loss=2.5386  expert_succ=34.0% (1960/5760)  match=100.0%  elapsed=2h47m eta=2h03m
  ep  6080/10000  batch  380  loss=2.7453  expert_succ=33.9% (2061/6080)  match=100.0%  elapsed=2h55m eta=1h52m
  ep  6400/10000  batch  400  loss=2.5608  expert_succ=34.0% (2178/6400)  match=100.0%  elapsed=3h03m eta=1h43m
  ep  6720/10000  batch  420  loss=2.5080  expert_succ=34.0% (2283/6720)  match=100.0%  elapsed=3h37m eta=1h46m
  ep  7040/10000  batch  440  loss=2.5615  expert_succ=34.0% (2392/7040)  match=100.0%  elapsed=3h43m eta=1h33m
  ep  7360/10000  batch  460  loss=2.7155  expert_succ=34.0% (2504/7360)  match=100.0%  elapsed=3h49m eta=1h22m
  ep  7680/10000  batch  480  loss=2.5908  expert_succ=34.1% (2619/7680)  match=100.0%  elapsed=3h56m eta=1h11m
  ep  8000/10000  batch  500  loss=2.7467  expert_succ=34.0% (2722/8000)  match=100.0%  elapsed=4h01m eta=1h00m
  ep  8320/10000  batch  520  loss=2.5218  expert_succ=34.0% (2826/8320)  match=100.0%  elapsed=4h06m eta=49m46s
  ep  8640/10000  batch  540  loss=2.7367  expert_succ=33.9% (2932/8640)  match=100.0%  elapsed=4h10m eta=39m28s
  ep  8960/10000  batch  560  loss=2.6065  expert_succ=33.9% (3036/8960)  match=100.0%  elapsed=4h14m eta=29m35s
  ep  9280/10000  batch  580  loss=2.8570  expert_succ=33.7% (3125/9280)  match=100.0%  elapsed=4h18m eta=20m05s
  ep  9600/10000  batch  600  loss=2.7177  expert_succ=33.7% (3231/9600)  match=100.0%  elapsed=4h22m eta=10m56s
  ep  9920/10000  batch  620  loss=2.7863  expert_succ=33.6% (3329/9920)  match=100.0%  elapsed=4h26m eta= 2m08s
------------------------------------------------------------------------
Imitation done in 4h27m.
  expert success rate: 3358/10000 = 33.6%
  target match rate:   12946/12946 = 100.0%
  final batch loss avg: 2.7728
  checkpoint saved to checkpoints/il_mp_vne_v21_il_100nodes.pt
  log saved to        logs/imitation_v21_100nodes.csv
