Loading substrate from datasets/scenario_100nodes_train/substrate.json
Loading VNRs from datasets/scenario_100nodes_train/virtual_requests.json
  Using 10000 VNRs
Imitation pretrain: 10000 VNRs, batch=16, lr=0.001
  checkpoint: checkpoints/il_mp_vne_100nodes.pt
  log: logs/imitation_100nodes.csv
------------------------------------------------------------------------
  ep   160/10000  batch   10  loss=3.4702  expert_succ=40.0% (64/160)  match=100.0%  elapsed= 1m37s eta=1h40m
  ep   320/10000  batch   20  loss=3.5552  expert_succ=36.9% (118/320)  match=100.0%  elapsed= 4m33s eta=2h17m
  ep   480/10000  batch   30  loss=3.4728  expert_succ=35.2% (169/480)  match=100.0%  elapsed= 6m30s eta=2h09m
  ep   640/10000  batch   40  loss=3.4586  expert_succ=32.8% (210/640)  match=100.0%  elapsed= 7m52s eta=1h55m
  ep   800/10000  batch   50  loss=3.4010  expert_succ=33.4% (267/800)  match=100.0%  elapsed= 9m18s eta=1h47m
  ep   960/10000  batch   60  loss=3.3367  expert_succ=34.2% (328/960)  match=100.0%  elapsed=10m38s eta=1h40m
  ep  1120/10000  batch   70  loss=3.4222  expert_succ=33.4% (374/1120)  match=100.0%  elapsed=11m51s eta=1h33m
  ep  1280/10000  batch   80  loss=3.3253  expert_succ=33.9% (434/1280)  match=100.0%  elapsed=13m16s eta=1h30m
  ep  1440/10000  batch   90  loss=3.3818  expert_succ=33.9% (488/1440)  match=100.0%  elapsed=14m33s eta=1h26m
  ep  1600/10000  batch  100  loss=3.3665  expert_succ=33.9% (542/1600)  match=100.0%  elapsed=15m50s eta=1h23m
  ep  1760/10000  batch  110  loss=3.3542  expert_succ=33.7% (593/1760)  match=100.0%  elapsed=17m23s eta=1h21m
  ep  1920/10000  batch  120  loss=3.2541  expert_succ=33.5% (644/1920)  match=100.0%  elapsed=18m37s eta=1h18m
  ep  2080/10000  batch  130  loss=3.2428  expert_succ=33.2% (690/2080)  match=100.0%  elapsed=20m02s eta=1h16m
  ep  2240/10000  batch  140  loss=3.3173  expert_succ=33.7% (755/2240)  match=100.0%  elapsed=21m34s eta=1h14m
  ep  2400/10000  batch  150  loss=3.4172  expert_succ=33.3% (800/2400)  match=100.0%  elapsed=22m54s eta=1h12m
  ep  2560/10000  batch  160  loss=3.2725  expert_succ=33.0% (844/2560)  match=100.0%  elapsed=24m12s eta=1h10m
  ep  2720/10000  batch  170  loss=3.2316  expert_succ=33.3% (905/2720)  match=100.0%  elapsed=25m33s eta=1h08m
  ep  2880/10000  batch  180  loss=3.3835  expert_succ=33.5% (965/2880)  match=100.0%  elapsed=27m30s eta=1h08m
  ep  3040/10000  batch  190  loss=3.3690  expert_succ=33.4% (1014/3040)  match=100.0%  elapsed=29m42s eta=1h08m
  ep  3200/10000  batch  200  loss=3.2273  expert_succ=33.5% (1073/3200)  match=100.0%  elapsed=31m27s eta=1h06m
  ep  3360/10000  batch  210  loss=3.3511  expert_succ=33.8% (1137/3360)  match=100.0%  elapsed=33m20s eta=1h05m
  ep  3520/10000  batch  220  loss=3.3733  expert_succ=33.8% (1189/3520)  match=100.0%  elapsed=35m12s eta=1h04m
  ep  3680/10000  batch  230  loss=3.2671  expert_succ=34.1% (1254/3680)  match=100.0%  elapsed=37m00s eta=1h03m
  ep  3840/10000  batch  240  loss=3.3166  expert_succ=34.1% (1309/3840)  match=100.0%  elapsed=38m54s eta=1h02m
  ep  4000/10000  batch  250  loss=3.4353  expert_succ=34.0% (1360/4000)  match=100.0%  elapsed=40m43s eta=1h01m
  ep  4160/10000  batch  260  loss=3.3076  expert_succ=34.0% (1416/4160)  match=100.0%  elapsed=42m37s eta=59m49s
  ep  4320/10000  batch  270  loss=3.3490  expert_succ=34.1% (1471/4320)  match=100.0%  elapsed=44m28s eta=58m28s
  ep  4480/10000  batch  280  loss=3.4224  expert_succ=33.9% (1520/4480)  match=100.0%  elapsed=45m58s eta=56m39s
  ep  4640/10000  batch  290  loss=3.2401  expert_succ=34.0% (1577/4640)  match=100.0%  elapsed=48m02s eta=55m29s
  ep  4800/10000  batch  300  loss=3.2172  expert_succ=33.8% (1622/4800)  match=100.0%  elapsed=49m43s eta=53m52s
  ep  4960/10000  batch  310  loss=3.2097  expert_succ=33.9% (1681/4960)  match=100.0%  elapsed=51m29s eta=52m18s
  ep  5120/10000  batch  320  loss=3.3640  expert_succ=33.8% (1732/5120)  match=100.0%  elapsed=52m48s eta=50m20s
  ep  5280/10000  batch  330  loss=3.3503  expert_succ=33.9% (1791/5280)  match=100.0%  elapsed=54m15s eta=48m30s
  ep  5440/10000  batch  340  loss=3.1702  expert_succ=33.9% (1844/5440)  match=100.0%  elapsed=55m52s eta=46m50s
  ep  5600/10000  batch  350  loss=3.1868  expert_succ=33.9% (1898/5600)  match=100.0%  elapsed=57m32s eta=45m12s
  ep  5760/10000  batch  360  loss=3.2297  expert_succ=34.0% (1960/5760)  match=100.0%  elapsed=59m26s eta=43m44s
  ep  5920/10000  batch  370  loss=3.3784  expert_succ=33.8% (2002/5920)  match=100.0%  elapsed=1h01m eta=42m11s
  ep  6080/10000  batch  380  loss=3.3226  expert_succ=33.9% (2061/6080)  match=100.0%  elapsed=1h02m eta=40m29s
  ep  6240/10000  batch  390  loss=3.1590  expert_succ=33.9% (2114/6240)  match=100.0%  elapsed=1h04m eta=38m44s
  ep  6400/10000  batch  400  loss=3.2951  expert_succ=34.0% (2178/6400)  match=100.0%  elapsed=1h05m eta=37m03s
  ep  6560/10000  batch  410  loss=3.1334  expert_succ=34.0% (2229/6560)  match=100.0%  elapsed=1h07m eta=35m19s
  ep  6720/10000  batch  420  loss=3.2369  expert_succ=34.0% (2283/6720)  match=100.0%  elapsed=1h09m eta=33m54s
  ep  6880/10000  batch  430  loss=3.1124  expert_succ=33.9% (2334/6880)  match=100.0%  elapsed=1h11m eta=32m12s
  ep  7040/10000  batch  440  loss=3.3669  expert_succ=34.0% (2392/7040)  match=100.0%  elapsed=1h12m eta=30m40s
  ep  7200/10000  batch  450  loss=3.2272  expert_succ=34.1% (2454/7200)  match=100.0%  elapsed=1h14m eta=28m58s
  ep  7360/10000  batch  460  loss=3.2927  expert_succ=34.0% (2504/7360)  match=100.0%  elapsed=1h16m eta=27m31s
  ep  7520/10000  batch  470  loss=3.2510  expert_succ=34.1% (2566/7520)  match=100.0%  elapsed=1h18m eta=25m56s
  ep  7680/10000  batch  480  loss=3.2779  expert_succ=34.1% (2619/7680)  match=100.0%  elapsed=1h21m eta=24m38s
  ep  7840/10000  batch  490  loss=3.3122  expert_succ=34.0% (2662/7840)  match=100.0%  elapsed=1h23m eta=23m00s
  ep  8000/10000  batch  500  loss=3.2959  expert_succ=34.0% (2722/8000)  match=100.0%  elapsed=1h25m eta=21m17s
  ep  8160/10000  batch  510  loss=3.0359  expert_succ=34.1% (2782/8160)  match=100.0%  elapsed=1h27m eta=19m37s
  ep  8320/10000  batch  520  loss=3.3396  expert_succ=34.0% (2826/8320)  match=100.0%  elapsed=1h28m eta=17m57s
  ep  8480/10000  batch  530  loss=3.3470  expert_succ=33.9% (2874/8480)  match=100.0%  elapsed=1h30m eta=16m16s
  ep  8640/10000  batch  540  loss=3.2689  expert_succ=33.9% (2932/8640)  match=100.0%  elapsed=1h32m eta=14m33s
  ep  8800/10000  batch  550  loss=3.1753  expert_succ=33.9% (2984/8800)  match=100.0%  elapsed=1h34m eta=12m53s
  ep  8960/10000  batch  560  loss=3.2643  expert_succ=33.9% (3036/8960)  match=100.0%  elapsed=1h37m eta=11m19s
  ep  9120/10000  batch  570  loss=3.3078  expert_succ=33.8% (3083/9120)  match=100.0%  elapsed=1h40m eta= 9m44s
  ep  9280/10000  batch  580  loss=3.4142  expert_succ=33.7% (3125/9280)  match=100.0%  elapsed=1h42m eta= 7m57s
  ep  9440/10000  batch  590  loss=3.3119  expert_succ=33.7% (3177/9440)  match=100.0%  elapsed=1h44m eta= 6m11s
  ep  9600/10000  batch  600  loss=3.3531  expert_succ=33.7% (3231/9600)  match=100.0%  elapsed=1h46m eta= 4m25s
  ep  9760/10000  batch  610  loss=3.2842  expert_succ=33.6% (3279/9760)  match=100.0%  elapsed=1h47m eta= 2m39s
  ep  9920/10000  batch  620  loss=3.3847  expert_succ=33.6% (3329/9920)  match=100.0%  elapsed=1h49m eta=  53s
------------------------------------------------------------------------
Imitation done in 1h50m.
  expert success rate: 3358/10000 = 33.6%
  target match rate:   12946/12946 = 100.0%
  final batch loss avg: 3.3280
  checkpoint saved to checkpoints/il_mp_vne_100nodes.pt
  log saved to        logs/imitation_100nodes.csv
