
=== running seed=42 ===
uv run python -u scripts/run_eval.py --algorithm mp_vne_v2 --substrate datasets/scenario_100nodes/substrate.json --requests datasets/scenario_100nodes/virtual_requests.json --output results/scenario_100nodes_multiseed/mp_vne_v2/seed_42 --seed 42

=== Eval: mp_vne_v2 (seed=42) ===
  substrate:  datasets/scenario_100nodes/substrate.json
  requests:   datasets/scenario_100nodes/virtual_requests.json
  checkpoint: (none / heuristic)
  200/3000  succ=67  (99s)
  400/3000  succ=128  (187s)
  600/3000  succ=187  (275s)
  800/3000  succ=247  (366s)
  1000/3000  succ=309  (476s)
  1200/3000  succ=371  (578s)
  1400/3000  succ=430  (688s)
  1600/3000  succ=491  (788s)
  1800/3000  succ=550  (893s)
  2000/3000  succ=623  (990s)
  2200/3000  succ=679  (1082s)
  2400/3000  succ=745  (1189s)
  2600/3000  succ=805  (1300s)
  2800/3000  succ=863  (1413s)
  3000/3000  succ=913  (1527s)

  Saved → results/scenario_100nodes_multiseed/mp_vne_v2/seed_42/solutions.json, metrics.json

  Results [mp_vne_v2] (1527s):
    acceptance_rate    : 30.4%  (913/3000)
    revenue_rate       : 1033.21
    avg_cost           : 197.84
    revenue_cost_ratio : 0.336
    avg_delay          : 25.56

=== running seed=43 ===
uv run python -u scripts/run_eval.py --algorithm mp_vne_v2 --substrate datasets/scenario_100nodes/substrate.json --requests datasets/scenario_100nodes/virtual_requests.json --output results/scenario_100nodes_multiseed/mp_vne_v2/seed_43 --seed 43

=== Eval: mp_vne_v2 (seed=43) ===
  substrate:  datasets/scenario_100nodes/substrate.json
  requests:   datasets/scenario_100nodes/virtual_requests.json
  checkpoint: (none / heuristic)
  200/3000  succ=54  (98s)
  400/3000  succ=120  (203s)
  600/3000  succ=182  (310s)
  800/3000  succ=229  (494s)
  1000/3000  succ=288  (776s)
  1200/3000  succ=345  (1020s)
  1400/3000  succ=400  (1150s)
  1600/3000  succ=462  (1280s)
  1800/3000  succ=520  (1412s)
  2000/3000  succ=583  (1534s)
  2200/3000  succ=642  (1651s)
  2400/3000  succ=705  (1784s)
  2600/3000  succ=759  (1911s)
  2800/3000  succ=819  (2040s)
  3000/3000  succ=873  (2154s)

  Saved → results/scenario_100nodes_multiseed/mp_vne_v2/seed_43/solutions.json, metrics.json

  Results [mp_vne_v2] (2154s):
    acceptance_rate    : 29.1%  (873/3000)
    revenue_rate       : 1021.95
    avg_cost           : 199.91
    revenue_cost_ratio : 0.332
    avg_delay          : 25.85

=== running seed=44 ===
uv run python -u scripts/run_eval.py --algorithm mp_vne_v2 --substrate datasets/scenario_100nodes/substrate.json --requests datasets/scenario_100nodes/virtual_requests.json --output results/scenario_100nodes_multiseed/mp_vne_v2/seed_44 --seed 44

=== Eval: mp_vne_v2 (seed=44) ===
  substrate:  datasets/scenario_100nodes/substrate.json
  requests:   datasets/scenario_100nodes/virtual_requests.json
  checkpoint: (none / heuristic)
  200/3000  succ=60  (109s)
  400/3000  succ=124  (222s)
  600/3000  succ=181  (344s)
  800/3000  succ=239  (478s)
  1000/3000  succ=283  (579s)
  1200/3000  succ=342  (738s)
  1400/3000  succ=404  (870s)
  1600/3000  succ=464  (1003s)
  1800/3000  succ=526  (1138s)
  2000/3000  succ=592  (1273s)
  2200/3000  succ=648  (1396s)
  2400/3000  succ=712  (1504s)
  2600/3000  succ=776  (1618s)
  2800/3000  succ=835  (1722s)
  3000/3000  succ=892  (1828s)

  Saved → results/scenario_100nodes_multiseed/mp_vne_v2/seed_44/solutions.json, metrics.json

  Results [mp_vne_v2] (1828s):
    acceptance_rate    : 29.7%  (892/3000)
    revenue_rate       : 979.72
    avg_cost           : 199.50
    revenue_cost_ratio : 0.320
    avg_delay          : 26.27

=== aggregate (3 seeds) → results/scenario_100nodes_multiseed/mp_vne_v2/metrics_avg.json ===
  acceptance_rate               0.2976  ±   0.0067
  avg_cost                    199.0830  ±   1.0998
  revenue_rate               1011.6293  ±  28.2013
  revenue_cost_ratio            0.3296  ±   0.0082
  avg_delay                    25.8935  ±   0.3580
  n_success                   892.6667  ±  20.0083
  elapsed_seconds            1836.1905  ± 313.4922
