
=== running seed=42 ===
uv run python -u scripts/run_eval.py --algorithm mp_vne_v4 --substrate datasets/scenario_100nodes/substrate.json --requests datasets/scenario_100nodes/virtual_requests.json --output results/scenario_100nodes_multiseed/mp_vne_v4/seed_42 --seed 42

=== Eval: mp_vne_v4 (seed=42) ===
  substrate:  datasets/scenario_100nodes/substrate.json
  requests:   datasets/scenario_100nodes/virtual_requests.json
  checkpoint: (none / heuristic)
  200/3000  succ=52  (92s)
  400/3000  succ=102  (196s)
  600/3000  succ=144  (291s)
  800/3000  succ=197  (403s)
  1000/3000  succ=248  (505s)
  1200/3000  succ=294  (618s)
  1400/3000  succ=349  (736s)
  1600/3000  succ=391  (823s)
  1800/3000  succ=437  (925s)
  2000/3000  succ=481  (1016s)
  2200/3000  succ=526  (1121s)
  2400/3000  succ=575  (1231s)
  2600/3000  succ=615  (1326s)
  2800/3000  succ=659  (1437s)
  3000/3000  succ=699  (1538s)

  Saved → results/scenario_100nodes_multiseed/mp_vne_v4/seed_42/solutions.json, metrics.json

  Results [mp_vne_v4] (1538s):
    acceptance_rate    : 23.3%  (699/3000)
    revenue_rate       : 773.59
    avg_cost           : 230.29
    revenue_cost_ratio : 0.293
    avg_delay          : 32.17

=== running seed=43 ===
uv run python -u scripts/run_eval.py --algorithm mp_vne_v4 --substrate datasets/scenario_100nodes/substrate.json --requests datasets/scenario_100nodes/virtual_requests.json --output results/scenario_100nodes_multiseed/mp_vne_v4/seed_43 --seed 43

=== Eval: mp_vne_v4 (seed=43) ===
  substrate:  datasets/scenario_100nodes/substrate.json
  requests:   datasets/scenario_100nodes/virtual_requests.json
  checkpoint: (none / heuristic)
  200/3000  succ=44  (94s)
  400/3000  succ=88  (197s)
  600/3000  succ=138  (284s)
  800/3000  succ=183  (387s)
  1000/3000  succ=234  (487s)
  1200/3000  succ=280  (596s)
  1400/3000  succ=329  (696s)
  1600/3000  succ=367  (798s)
  1800/3000  succ=417  (914s)
  2000/3000  succ=456  (998s)
  2200/3000  succ=496  (1090s)
  2400/3000  succ=547  (1191s)
  2600/3000  succ=587  (1286s)
  2800/3000  succ=629  (1395s)
  3000/3000  succ=673  (1504s)

  Saved → results/scenario_100nodes_multiseed/mp_vne_v4/seed_43/solutions.json, metrics.json

  Results [mp_vne_v4] (1504s):
    acceptance_rate    : 22.4%  (673/3000)
    revenue_rate       : 812.16
    avg_cost           : 222.74
    revenue_cost_ratio : 0.291
    avg_delay          : 31.46

=== running seed=44 ===
uv run python -u scripts/run_eval.py --algorithm mp_vne_v4 --substrate datasets/scenario_100nodes/substrate.json --requests datasets/scenario_100nodes/virtual_requests.json --output results/scenario_100nodes_multiseed/mp_vne_v4/seed_44 --seed 44

=== Eval: mp_vne_v4 (seed=44) ===
  substrate:  datasets/scenario_100nodes/substrate.json
  requests:   datasets/scenario_100nodes/virtual_requests.json
  checkpoint: (none / heuristic)
  200/3000  succ=58  (125s)
  400/3000  succ=107  (250s)
  600/3000  succ=156  (352s)
  800/3000  succ=200  (455s)
  1000/3000  succ=240  (566s)
  1200/3000  succ=284  (683s)
  1400/3000  succ=327  (818s)
  1600/3000  succ=377  (947s)
  1800/3000  succ=416  (1064s)
  2000/3000  succ=461  (1168s)
  2200/3000  succ=503  (1294s)
  2400/3000  succ=545  (1404s)
  2600/3000  succ=579  (1589s)
  2800/3000  succ=612  (1689s)
  3000/3000  succ=649  (1784s)

  Saved → results/scenario_100nodes_multiseed/mp_vne_v4/seed_44/solutions.json, metrics.json

  Results [mp_vne_v4] (1784s):
    acceptance_rate    : 21.6%  (649/3000)
    revenue_rate       : 767.91
    avg_cost           : 223.92
    revenue_cost_ratio : 0.286
    avg_delay          : 31.98

=== aggregate (3 seeds) → results/scenario_100nodes_multiseed/mp_vne_v4/metrics_avg.json ===
  acceptance_rate               0.2246  ±   0.0083
  avg_cost                    225.6503  ±   4.0568
  revenue_rate                784.5536  ±  24.0730
  revenue_cost_ratio            0.2897  ±   0.0036
  avg_delay                    31.8689  ±   0.3630
  n_success                   673.6667  ±  25.0067
  elapsed_seconds            1608.7473  ± 152.8516
