
=== running seed=42 ===
uv run python -u scripts/run_eval.py --algorithm il_mp_vne_v17_pso --substrate datasets/scenario_100nodes/substrate.json --requests datasets/scenario_100nodes/virtual_requests.json --output results/scenario_100nodes_multiseed/il_mp_vne_v17_pso/seed_42 --seed 42 --checkpoint checkpoints/il_mp_vne_v6_100nodes.pt

=== Eval: il_mp_vne_v17_pso (seed=42) ===
  substrate:  datasets/scenario_100nodes/substrate.json
  requests:   datasets/scenario_100nodes/virtual_requests.json
  checkpoint: checkpoints/il_mp_vne_v6_100nodes.pt
  200/3000  succ=52  (93s)
  400/3000  succ=106  (187s)
  600/3000  succ=152  (273s)
  800/3000  succ=195  (357s)
  1000/3000  succ=241  (444s)
  1200/3000  succ=287  (532s)
  1400/3000  succ=325  (622s)
  1600/3000  succ=365  (704s)
  1800/3000  succ=409  (814s)
  2000/3000  succ=461  (902s)
  2200/3000  succ=503  (981s)
  2400/3000  succ=560  (1098s)
  2600/3000  succ=603  (1206s)
  2800/3000  succ=650  (1318s)
  3000/3000  succ=691  (1414s)

  Saved → results/scenario_100nodes_multiseed/il_mp_vne_v17_pso/seed_42/solutions.json, metrics.json

  Results [il_mp_vne_v17_pso] (1414s):
    acceptance_rate    : 23.0%  (691/3000)
    revenue_rate       : 848.46
    avg_cost           : 225.14
    revenue_cost_ratio : 0.290
    avg_delay          : 29.67

=== running seed=43 ===
uv run python -u scripts/run_eval.py --algorithm il_mp_vne_v17_pso --substrate datasets/scenario_100nodes/substrate.json --requests datasets/scenario_100nodes/virtual_requests.json --output results/scenario_100nodes_multiseed/il_mp_vne_v17_pso/seed_43 --seed 43 --checkpoint checkpoints/il_mp_vne_v6_100nodes.pt

=== Eval: il_mp_vne_v17_pso (seed=43) ===
  substrate:  datasets/scenario_100nodes/substrate.json
  requests:   datasets/scenario_100nodes/virtual_requests.json
  checkpoint: checkpoints/il_mp_vne_v6_100nodes.pt
  200/3000  succ=59  (121s)
  400/3000  succ=106  (222s)
  600/3000  succ=153  (313s)
  800/3000  succ=198  (396s)
  1000/3000  succ=242  (497s)
  1200/3000  succ=293  (608s)
  1400/3000  succ=338  (691s)
  1600/3000  succ=388  (778s)
  1800/3000  succ=428  (868s)
  2000/3000  succ=476  (951s)
  2200/3000  succ=523  (1060s)
  2400/3000  succ=580  (1170s)
  2600/3000  succ=634  (1279s)
  2800/3000  succ=683  (1384s)
  3000/3000  succ=715  (1483s)

  Saved → results/scenario_100nodes_multiseed/il_mp_vne_v17_pso/seed_43/solutions.json, metrics.json

  Results [il_mp_vne_v17_pso] (1483s):
    acceptance_rate    : 23.8%  (715/3000)
    revenue_rate       : 845.55
    avg_cost           : 223.38
    revenue_cost_ratio : 0.295
    avg_delay          : 29.85

=== running seed=44 ===
uv run python -u scripts/run_eval.py --algorithm il_mp_vne_v17_pso --substrate datasets/scenario_100nodes/substrate.json --requests datasets/scenario_100nodes/virtual_requests.json --output results/scenario_100nodes_multiseed/il_mp_vne_v17_pso/seed_44 --seed 44 --checkpoint checkpoints/il_mp_vne_v6_100nodes.pt

=== Eval: il_mp_vne_v17_pso (seed=44) ===
  substrate:  datasets/scenario_100nodes/substrate.json
  requests:   datasets/scenario_100nodes/virtual_requests.json
  checkpoint: checkpoints/il_mp_vne_v6_100nodes.pt
  200/3000  succ=50  (106s)
  400/3000  succ=95  (199s)
  600/3000  succ=143  (306s)
  800/3000  succ=190  (421s)
  1000/3000  succ=237  (512s)
  1200/3000  succ=282  (611s)
  1400/3000  succ=325  (696s)
  1600/3000  succ=371  (802s)
  1800/3000  succ=421  (919s)
  2000/3000  succ=462  (1005s)
  2200/3000  succ=500  (1105s)
  2400/3000  succ=561  (1235s)
  2600/3000  succ=617  (1362s)
  2800/3000  succ=660  (1477s)
  3000/3000  succ=697  (1662s)

  Saved → results/scenario_100nodes_multiseed/il_mp_vne_v17_pso/seed_44/solutions.json, metrics.json

  Results [il_mp_vne_v17_pso] (1662s):
    acceptance_rate    : 23.2%  (697/3000)
    revenue_rate       : 862.57
    avg_cost           : 221.26
    revenue_cost_ratio : 0.293
    avg_delay          : 30.11

=== aggregate (3 seeds) → results/scenario_100nodes_multiseed/il_mp_vne_v17_pso/metrics_avg.json ===
  acceptance_rate               0.2337  ±   0.0042
  avg_cost                    223.2588  ±   1.9443
  revenue_rate                852.1924  ±   9.1031
  revenue_cost_ratio            0.2926  ±   0.0023
  avg_delay                    29.8784  ±   0.2215
  n_success                   701.0000  ±  12.4900
  elapsed_seconds            1519.7046  ± 128.2846
