
=== running seed=42 ===
uv run python -u scripts/run_eval.py --algorithm il_mp_vne_v17_pso --substrate datasets/scenario_100nodes/substrate.json --requests datasets/scenario_100nodes/virtual_requests.json --output results/scenario_100nodes_multiseed/il_mp_vne_v17_pso_r3/seed_42 --seed 42 --checkpoint checkpoints/il_mp_vne_v6_100nodes_r3.pt

=== Eval: il_mp_vne_v17_pso (seed=42) ===
  substrate:  datasets/scenario_100nodes/substrate.json
  requests:   datasets/scenario_100nodes/virtual_requests.json
  checkpoint: checkpoints/il_mp_vne_v6_100nodes_r3.pt
  200/3000  succ=55  (85s)
  400/3000  succ=106  (190s)
  600/3000  succ=161  (301s)
  800/3000  succ=203  (397s)
  1000/3000  succ=250  (515s)
  1200/3000  succ=295  (616s)
  1400/3000  succ=348  (744s)
  1600/3000  succ=397  (873s)
  1800/3000  succ=443  (978s)
  2000/3000  succ=484  (1064s)
  2200/3000  succ=527  (1163s)
  2400/3000  succ=582  (1292s)
  2600/3000  succ=628  (1403s)
  2800/3000  succ=676  (1522s)
  3000/3000  succ=717  (1623s)

  Saved → results/scenario_100nodes_multiseed/il_mp_vne_v17_pso_r3/seed_42/solutions.json, metrics.json

  Results [il_mp_vne_v17_pso] (1623s):
    acceptance_rate    : 23.9%  (717/3000)
    revenue_rate       : 894.63
    avg_cost           : 215.76
    revenue_cost_ratio : 0.299
    avg_delay          : 29.50

=== running seed=43 ===
uv run python -u scripts/run_eval.py --algorithm il_mp_vne_v17_pso --substrate datasets/scenario_100nodes/substrate.json --requests datasets/scenario_100nodes/virtual_requests.json --output results/scenario_100nodes_multiseed/il_mp_vne_v17_pso_r3/seed_43 --seed 43 --checkpoint checkpoints/il_mp_vne_v6_100nodes_r3.pt

=== Eval: il_mp_vne_v17_pso (seed=43) ===
  substrate:  datasets/scenario_100nodes/substrate.json
  requests:   datasets/scenario_100nodes/virtual_requests.json
  checkpoint: checkpoints/il_mp_vne_v6_100nodes_r3.pt
  200/3000  succ=52  (121s)
  400/3000  succ=109  (261s)
  600/3000  succ=145  (360s)
  800/3000  succ=191  (477s)
  1000/3000  succ=239  (603s)
  1200/3000  succ=285  (712s)
  1400/3000  succ=344  (836s)
  1600/3000  succ=394  (949s)
  1800/3000  succ=437  (1051s)
  2000/3000  succ=486  (1147s)
  2200/3000  succ=528  (1245s)
  2400/3000  succ=583  (1377s)
  2600/3000  succ=636  (1498s)
  2800/3000  succ=675  (1602s)
  3000/3000  succ=721  (1729s)

  Saved → results/scenario_100nodes_multiseed/il_mp_vne_v17_pso_r3/seed_43/solutions.json, metrics.json

  Results [il_mp_vne_v17_pso] (1729s):
    acceptance_rate    : 24.0%  (721/3000)
    revenue_rate       : 888.79
    avg_cost           : 223.31
    revenue_cost_ratio : 0.307
    avg_delay          : 29.30

=== running seed=44 ===
uv run python -u scripts/run_eval.py --algorithm il_mp_vne_v17_pso --substrate datasets/scenario_100nodes/substrate.json --requests datasets/scenario_100nodes/virtual_requests.json --output results/scenario_100nodes_multiseed/il_mp_vne_v17_pso_r3/seed_44 --seed 44 --checkpoint checkpoints/il_mp_vne_v6_100nodes_r3.pt

=== Eval: il_mp_vne_v17_pso (seed=44) ===
  substrate:  datasets/scenario_100nodes/substrate.json
  requests:   datasets/scenario_100nodes/virtual_requests.json
  checkpoint: checkpoints/il_mp_vne_v6_100nodes_r3.pt
  200/3000  succ=50  (103s)
  400/3000  succ=102  (200s)
  600/3000  succ=158  (306s)
  800/3000  succ=203  (422s)
  1000/3000  succ=250  (535s)
  1200/3000  succ=310  (666s)
  1400/3000  succ=364  (785s)
  1600/3000  succ=413  (889s)
  1800/3000  succ=453  (989s)
  2000/3000  succ=498  (1082s)
  2200/3000  succ=549  (1198s)
  2400/3000  succ=596  (1315s)
  2600/3000  succ=644  (1425s)
  2800/3000  succ=693  (1548s)
  3000/3000  succ=734  (1655s)

  Saved → results/scenario_100nodes_multiseed/il_mp_vne_v17_pso_r3/seed_44/solutions.json, metrics.json

  Results [il_mp_vne_v17_pso] (1655s):
    acceptance_rate    : 24.5%  (734/3000)
    revenue_rate       : 903.18
    avg_cost           : 222.79
    revenue_cost_ratio : 0.302
    avg_delay          : 29.84

=== aggregate (3 seeds) → results/scenario_100nodes_multiseed/il_mp_vne_v17_pso_r3/metrics_avg.json ===
  acceptance_rate               0.2413  ±   0.0030
  avg_cost                    220.6180  ±   4.2165
  revenue_rate                895.5351  ±   7.2383
  revenue_cost_ratio            0.3028  ±   0.0044
  avg_delay                    29.5454  ±   0.2704
  n_success                   724.0000  ±   8.8882
  elapsed_seconds            1669.0188  ±  54.3069
