Loading substrate from datasets/scenario_50nodes_train/substrate.json
Loading VNRs from datasets/scenario_50nodes_train/virtual_requests.json
  Using 5000 VNRs
  Trainable policy (il_mp_vne_v19) loaded from checkpoints/il_mp_vne_v19_50nodes_10ep.pt
  rollout=direct → train: cand_head + encoder + value (ordering frozen) (19394 frozen, 36293 trainable)
  Frozen reference policy loaded (KL enabled, β_KL=0.1)
PPO fine-tune: 5000 VNRs, batch=16, lr=0.0003
  baseline=critic V(s), normalize_adv=True, β_H=0.01, value_coef=0.5, reward=cost_rel α=1.0 λ=0.3, fail_r=-1.0
  checkpoint: checkpoints/il_mp_vne_v19_50nodes_10ep_cont.pt
------------------------------------------------------------------------
  ep   320/5000 batch   20 loss=  -0.584 pol= -0.720 vL= 0.806 kl= 0.09 H=  8.30 r̄=-0.374 succ=31.2% >exp= 0.0% el=  37s eta= 8m58s
  ep   640/5000 batch   40 loss=   0.044 pol=  0.057 vL= 0.416 kl= 0.04 H=  7.60 r̄=-0.126 succ=32.8% >exp= 0.0% el= 1m13s eta= 8m19s
  ep   960/5000 batch   60 loss=   0.498 pol= -0.523 vL= 0.543 kl= 0.11 H=  8.46 r̄=-0.271 succ=31.6% >exp= 0.0% el= 1m54s eta= 8m00s
  ep  1280/5000 batch   80 loss=  -0.433 pol=  0.821 vL= 0.611 kl= 0.12 H=  7.01 r̄=-0.650 succ=32.6% >exp= 0.0% el= 2m32s eta= 7m24s
  ep  1600/5000 batch  100 loss=  -0.036 pol= -0.622 vL= 0.499 kl= 0.17 H=  5.52 r̄=-0.462 succ=32.1% >exp= 0.0% el= 3m10s eta= 6m44s
  ep  1920/5000 batch  120 loss=  -0.210 pol=  0.422 vL= 0.979 kl= 0.10 H=  5.59 r̄=-0.108 succ=32.2% >exp= 0.0% el= 3m46s eta= 6m03s
  ep  2240/5000 batch  140 loss=  -0.241 pol=  0.006 vL= 0.303 kl= 0.10 H=  7.68 r̄=-0.485 succ=32.3% >exp= 0.0% el= 4m24s eta= 5m25s
  ep  2560/5000 batch  160 loss=  -0.244 pol=  0.592 vL= 0.593 kl= 0.08 H=  6.71 r̄=-0.597 succ=33.0% >exp= 0.0% el= 5m03s eta= 4m49s
  ep  2880/5000 batch  180 loss=   0.145 pol=  0.845 vL= 0.752 kl= 0.11 H=  8.67 r̄=-0.289 succ=32.4% >exp= 0.0% el= 5m39s eta= 4m09s
  ep  3200/5000 batch  200 loss=   0.283 pol=  0.118 vL= 0.551 kl= 0.07 H=  7.41 r̄=-0.373 succ=32.6% >exp= 0.0% el= 6m15s eta= 3m31s
  ep  3520/5000 batch  220 loss=  -0.183 pol= -0.666 vL= 0.740 kl= 0.13 H=  7.96 r̄=-0.248 succ=33.0% >exp= 0.0% el= 6m53s eta= 2m53s
  ep  3840/5000 batch  240 loss=   0.233 pol= -0.361 vL= 0.627 kl= 0.22 H=  7.74 r̄=-0.389 succ=33.1% >exp= 0.0% el= 7m33s eta= 2m16s
  ep  4160/5000 batch  260 loss=  -0.192 pol= -0.254 vL= 0.464 kl= 0.15 H=  8.41 r̄=-0.477 succ=33.0% >exp= 0.0% el= 8m09s eta= 1m38s
  ep  4480/5000 batch  280 loss=  -0.191 pol= -0.234 vL= 0.526 kl= 0.17 H=  5.35 r̄=-0.138 succ=33.1% >exp= 0.0% el= 8m46s eta= 1m01s
  ep  4800/5000 batch  300 loss=   0.192 pol=  0.247 vL= 0.731 kl= 0.09 H=  6.31 r̄=-0.372 succ=33.2% >exp= 0.0% el= 9m20s eta=  23s
  >>> Epoch 1/10 DONE: succ=33.7% (1683/5000) mean_loss=-0.0549 mean_reward=-0.324 mean_KL=0.111 mean_H=7.65 epoch_time= 9m42s

=== Epoch 2/10 — resetting substrate ===
  ep   128/5000 batch  320 loss=  -0.123 pol= -2.013 vL= 0.413 kl= 0.05 H=  9.96 r̄=-0.369 succ=33.7% >exp= 0.0% el= 9m56s eta=6h18m
  ep   448/5000 batch  340 loss=   0.002 pol= -0.016 vL= 0.453 kl= 0.26 H=  7.55 r̄=-0.129 succ=33.6% >exp= 0.0% el=10m30s eta=1h46m
  ep   768/5000 batch  360 loss=   0.180 pol= -0.904 vL= 1.108 kl= 0.19 H=  6.46 r̄=-0.221 succ=33.4% >exp= 0.0% el=11m04s eta=1h01m
  ep  1088/5000 batch  380 loss=   0.311 pol=  0.523 vL= 0.690 kl= 0.21 H=  7.05 r̄=-0.762 succ=33.3% >exp= 0.0% el=11m39s eta=41m54s
  ep  1408/5000 batch  400 loss=  -0.168 pol=  1.924 vL= 0.833 kl= 0.07 H=  9.02 r̄=-0.386 succ=33.3% >exp= 0.0% el=12m15s eta=31m16s
  ep  1728/5000 batch  420 loss=  -0.112 pol=  1.568 vL= 0.422 kl= 0.08 H=  8.48 r̄=-0.357 succ=33.2% >exp= 0.0% el=12m51s eta=24m20s
  ep  2048/5000 batch  440 loss=  -0.139 pol= -1.320 vL= 0.384 kl= 0.09 H=  9.47 r̄=-0.258 succ=33.2% >exp= 0.0% el=13m24s eta=19m19s
  ep  2368/5000 batch  460 loss=  -0.283 pol= -0.157 vL= 0.249 kl= 0.05 H=  7.71 r̄=-0.250 succ=33.3% >exp= 0.0% el=13m58s eta=15m31s
  ep  2688/5000 batch  480 loss=   0.307 pol= -0.629 vL= 0.451 kl= 0.07 H=  7.86 r̄= 0.036 succ=33.3% >exp= 0.0% el=14m34s eta=12m32s
  ep  3008/5000 batch  500 loss=  -0.074 pol= -1.602 vL= 0.774 kl= 0.11 H=  6.13 r̄= 0.245 succ=33.2% >exp= 0.0% el=15m09s eta=10m02s
  ep  3328/5000 batch  520 loss=   0.329 pol=  0.753 vL= 0.467 kl= 0.10 H=  3.49 r̄=-0.861 succ=33.2% >exp= 0.0% el=15m36s eta= 7m50s
  ep  3648/5000 batch  540 loss=  -0.360 pol= -0.177 vL= 1.121 kl= 0.13 H=  5.86 r̄=-0.054 succ=33.5% >exp= 0.0% el=16m00s eta= 5m55s
  ep  3968/5000 batch  560 loss=  -0.074 pol=  0.615 vL= 0.808 kl= 0.07 H=  7.18 r̄=-0.628 succ=33.5% >exp= 0.0% el=16m23s eta= 4m15s
  ep  4288/5000 batch  580 loss=  -0.015 pol= -0.874 vL= 0.465 kl= 0.18 H=  5.97 r̄=-0.098 succ=33.3% >exp= 0.0% el=16m45s eta= 2m46s
  ep  4608/5000 batch  600 loss=   0.074 pol= -1.214 vL= 0.777 kl= 0.22 H=  5.90 r̄= 0.122 succ=33.5% >exp= 0.0% el=17m07s eta= 1m27s
  ep  4928/5000 batch  620 loss=   0.365 pol=  0.854 vL= 0.614 kl= 0.30 H=  6.20 r̄=-0.256 succ=33.6% >exp= 0.0% el=17m28s eta=  15s
  >>> Epoch 2/10 DONE: succ=33.7% (1684/5000) mean_loss= 0.0161 mean_reward=-0.324 mean_KL=0.128 mean_H=7.37 epoch_time= 7m51s

=== Epoch 3/10 — resetting substrate ===
  ep   256/5000 batch  640 loss=  -0.187 pol= -1.856 vL= 0.439 kl= 0.19 H=  6.00 r̄=-0.317 succ=33.7% >exp= 0.0% el=17m51s eta=5h30m
  ep   576/5000 batch  660 loss=  -0.158 pol= -0.256 vL= 0.837 kl= 0.18 H=  7.31 r̄=-0.382 succ=33.6% >exp= 0.0% el=18m11s eta=2h19m
  ep   896/5000 batch  680 loss=  -0.441 pol= -1.021 vL= 0.264 kl= 0.23 H=  5.52 r̄=-0.105 succ=33.6% >exp= 0.0% el=18m34s eta=1h25m
  ep  1216/5000 batch  700 loss=   0.294 pol=  0.414 vL= 0.301 kl= 0.20 H=  7.26 r̄=-0.755 succ=33.6% >exp= 0.0% el=18m56s eta=58m56s
  ep  1536/5000 batch  720 loss=   0.056 pol=  0.055 vL= 0.860 kl= 0.23 H=  6.33 r̄=-0.106 succ=33.5% >exp= 0.0% el=19m19s eta=43m33s
  ep  1856/5000 batch  740 loss=  -0.061 pol= -0.835 vL= 0.628 kl= 0.20 H=  7.17 r̄=-0.404 succ=33.6% >exp= 0.0% el=19m40s eta=33m19s
  ep  2176/5000 batch  760 loss=  -0.304 pol= -0.669 vL= 0.572 kl= 0.20 H=  5.42 r̄=-0.223 succ=33.7% >exp= 0.0% el=20m02s eta=26m01s
  ep  2496/5000 batch  780 loss=  -0.019 pol=  0.132 vL= 0.745 kl= 0.38 H=  6.46 r̄= 0.151 succ=33.7% >exp= 0.0% el=20m24s eta=20m28s
  ep  2816/5000 batch  800 loss=   0.180 pol=  0.785 vL= 0.597 kl= 0.22 H=  5.42 r̄=-0.485 succ=33.7% >exp= 0.0% el=20m47s eta=16m07s
  ep  3136/5000 batch  820 loss=   0.417 pol=  2.684 vL= 0.759 kl= 0.24 H=  7.81 r̄=-0.658 succ=33.7% >exp= 0.0% el=21m11s eta=12m35s
  ep  3456/5000 batch  840 loss=  -0.144 pol= -2.582 vL= 0.543 kl= 0.17 H=  8.22 r̄= 0.144 succ=33.6% >exp= 0.0% el=21m33s eta= 9m37s
  ep  3776/5000 batch  860 loss=  -0.488 pol= -1.028 vL= 0.614 kl= 0.37 H=  8.13 r̄=-0.615 succ=33.7% >exp= 0.0% el=21m55s eta= 7m06s
  ep  4096/5000 batch  880 loss=  -0.131 pol=  0.747 vL= 0.472 kl= 0.36 H=  6.64 r̄=-0.482 succ=33.6% >exp= 0.0% el=22m18s eta= 4m55s
  ep  4416/5000 batch  900 loss=  -0.520 pol= -1.668 vL= 0.519 kl= 0.40 H=  7.11 r̄=-0.034 succ=33.6% >exp= 0.0% el=22m40s eta= 2m59s
  ep  4736/5000 batch  920 loss=  -0.053 pol=  0.007 vL= 0.453 kl= 0.30 H=  5.31 r̄=-0.253 succ=33.6% >exp= 0.0% el=23m02s eta= 1m17s
  >>> Epoch 3/10 DONE: succ=33.8% (1690/5000) mean_loss=-0.0976 mean_reward=-0.321 mean_KL=0.245 mean_H=6.70 epoch_time= 5m45s

=== Epoch 4/10 — resetting substrate ===
  ep    64/5000 batch  940 loss=   0.158 pol= -1.034 vL= 0.358 kl= 0.25 H=  8.61 r̄=-0.333 succ=33.7% >exp= 0.0% el=23m24s eta=30h05m
  ep   384/5000 batch  960 loss=  -0.016 pol= -0.028 vL= 0.393 kl= 0.16 H=  6.79 r̄=-0.751 succ=33.8% >exp= 0.0% el=23m47s eta=4h45m
  ep   704/5000 batch  980 loss=  -0.128 pol= -0.575 vL= 0.643 kl= 0.17 H=  7.37 r̄=-0.465 succ=33.7% >exp= 0.0% el=24m09s eta=2h27m
  ep  1024/5000 batch 1000 loss=   0.099 pol=  0.500 vL= 0.688 kl= 0.09 H=  6.41 r̄=-0.479 succ=33.7% >exp= 0.0% el=24m32s eta=1h35m
  ep  1344/5000 batch 1020 loss=  -0.191 pol= -0.813 vL= 0.844 kl= 0.13 H=  5.59 r̄=-0.371 succ=33.6% >exp= 0.0% el=24m55s eta=1h07m
  ep  1664/5000 batch 1040 loss=  -0.135 pol= -0.153 vL= 0.918 kl= 0.10 H=  5.98 r̄=-0.494 succ=33.6% >exp= 0.0% el=25m17s eta=50m42s
  ep  1984/5000 batch 1060 loss=  -0.206 pol= -0.365 vL= 0.464 kl= 0.10 H=  5.97 r̄=-0.286 succ=33.6% >exp= 0.0% el=25m40s eta=39m01s
  ep  2304/5000 batch 1080 loss=   0.303 pol= -1.166 vL= 0.576 kl= 0.08 H=  9.73 r̄=-0.371 succ=33.5% >exp= 0.0% el=26m01s eta=30m27s
  ep  2624/5000 batch 1100 loss=  -0.345 pol=  0.563 vL= 0.477 kl= 0.09 H=  9.40 r̄=-0.664 succ=33.6% >exp= 0.0% el=26m24s eta=23m54s
  ep  2944/5000 batch 1120 loss=  -0.069 pol= -1.399 vL= 0.256 kl= 0.13 H=  9.36 r̄=-0.362 succ=33.5% >exp= 0.0% el=26m47s eta=18m42s
  ep  3264/5000 batch 1140 loss=   0.134 pol= -1.169 vL= 0.831 kl= 0.16 H=  8.30 r̄=-0.277 succ=33.5% >exp= 0.0% el=27m13s eta=14m28s
  ep  3584/5000 batch 1160 loss=   0.029 pol=  1.526 vL= 0.372 kl= 0.21 H=  7.83 r̄=-0.637 succ=33.5% >exp= 0.0% el=27m38s eta=10m55s
  ep  3904/5000 batch 1180 loss=   0.149 pol=  0.894 vL= 1.019 kl= 0.25 H=  6.79 r̄= 0.137 succ=33.5% >exp= 0.0% el=28m02s eta= 7m52s
  ep  4224/5000 batch 1200 loss=  -0.316 pol=  0.083 vL= 0.245 kl= 0.27 H=  7.79 r̄=-0.621 succ=33.5% >exp= 0.0% el=28m27s eta= 5m13s
  ep  4544/5000 batch 1220 loss=  -0.188 pol= -0.594 vL= 0.578 kl= 0.11 H=  5.68 r̄= 0.075 succ=33.5% >exp= 0.0% el=28m51s eta= 2m53s
  ep  4864/5000 batch 1240 loss=   0.149 pol=  0.201 vL= 0.441 kl= 0.18 H=  7.90 r̄=-0.637 succ=33.5% >exp= 0.0% el=29m15s eta=  49s
  >>> Epoch 4/10 DONE: succ=33.1% (1653/5000) mean_loss=-0.0490 mean_reward=-0.337 mean_KL=0.154 mean_H=7.60 epoch_time= 6m05s

=== Epoch 5/10 — resetting substrate ===
  ep   192/5000 batch 1260 loss=   0.119 pol= -0.582 vL= 0.519 kl= 0.14 H=  6.88 r̄=-0.213 succ=33.5% >exp= 0.0% el=29m40s eta=12h23m
  ep   512/5000 batch 1280 loss=  -0.542 pol= -2.261 vL= 0.420 kl= 0.16 H=  9.05 r̄=-0.512 succ=33.5% >exp= 0.0% el=30m05s eta=4h23m
  ep   832/5000 batch 1300 loss=   0.137 pol= -1.029 vL= 0.480 kl= 0.25 H=  6.67 r̄=-0.264 succ=33.5% >exp= 0.0% el=30m29s eta=2h32m
  ep  1152/5000 batch 1320 loss=   0.069 pol= -1.001 vL= 0.481 kl= 0.12 H=  5.29 r̄= 0.059 succ=33.5% >exp= 0.0% el=30m52s eta=1h43m
  ep  1472/5000 batch 1340 loss=   0.160 pol= -1.287 vL= 0.442 kl= 0.19 H=  6.31 r̄=-0.483 succ=33.4% >exp= 0.0% el=31m15s eta=1h14m
  ep  1792/5000 batch 1360 loss=   0.400 pol=  1.979 vL= 0.382 kl= 0.23 H=  6.44 r̄=-0.487 succ=33.4% >exp= 0.0% el=31m39s eta=56m40s
  ep  2112/5000 batch 1380 loss=   0.142 pol= -0.380 vL= 0.464 kl= 0.21 H=  6.04 r̄=-0.105 succ=33.5% >exp= 0.0% el=32m01s eta=43m47s
  ep  2432/5000 batch 1400 loss=  -0.117 pol= -0.773 vL= 0.352 kl= 0.19 H=  8.24 r̄=-0.536 succ=33.5% >exp= 0.0% el=32m24s eta=34m13s
  ep  2752/5000 batch 1420 loss=  -0.016 pol=  0.432 vL= 0.586 kl= 0.18 H=  5.51 r̄=-0.273 succ=33.5% >exp= 0.0% el=32m48s eta=26m48s
  ep  3072/5000 batch 1440 loss=   0.134 pol=  0.344 vL= 0.400 kl= 0.25 H=  7.19 r̄=-0.132 succ=33.6% >exp= 0.0% el=33m24s eta=20m57s
  ep  3392/5000 batch 1460 loss=  -0.095 pol= -1.380 vL= 0.531 kl= 0.25 H=  5.87 r̄=-0.090 succ=33.6% >exp= 0.0% el=34m00s eta=16m07s
  ep  3712/5000 batch 1480 loss=   0.217 pol=  0.015 vL= 0.675 kl= 0.36 H=  8.41 r̄=-0.377 succ=33.6% >exp= 0.0% el=34m40s eta=12m01s
  ep  4032/5000 batch 1500 loss=  -0.040 pol=  0.811 vL= 0.710 kl= 0.18 H=  6.76 r̄=-0.747 succ=33.6% >exp= 0.0% el=35m06s eta= 8m25s
  ep  4352/5000 batch 1520 loss=  -0.070 pol= -0.627 vL= 0.447 kl= 0.18 H=  5.18 r̄=-0.107 succ=33.6% >exp= 0.0% el=36m06s eta= 5m22s
  ep  4672/5000 batch 1540 loss=   0.350 pol= -0.342 vL= 0.318 kl= 0.19 H=  5.90 r̄=-0.473 succ=33.6% >exp= 0.0% el=37m00s eta= 2m35s
  ep  4992/5000 batch 1560 loss=   0.135 pol=  0.086 vL= 0.716 kl= 0.20 H=  4.67 r̄=-0.389 succ=33.6% >exp= 0.0% el=37m50s eta=   4s
  >>> Epoch 5/10 DONE: succ=34.1% (1703/5000) mean_loss= 0.0670 mean_reward=-0.316 mean_KL=0.217 mean_H=6.56 epoch_time= 8m26s

=== Epoch 6/10 — resetting substrate ===
  ep   320/5000 batch 1580 loss=  -0.196 pol= -0.605 vL= 0.654 kl= 0.19 H=  5.49 r̄=-0.149 succ=33.7% >exp= 0.0% el=38m27s eta=9h22m
  ep   640/5000 batch 1600 loss=   0.124 pol=  0.323 vL= 0.463 kl= 0.18 H=  5.31 r̄=-0.406 succ=33.7% >exp= 0.0% el=38m50s eta=4h24m
  ep   960/5000 batch 1620 loss=   0.402 pol= -0.457 vL= 0.342 kl= 0.26 H=  7.41 r̄=-0.258 succ=33.6% >exp= 0.0% el=39m12s eta=2h45m
  ep  1280/5000 batch 1640 loss=  -0.145 pol=  0.906 vL= 0.349 kl= 0.26 H=  6.89 r̄=-0.242 succ=33.6% >exp= 0.0% el=39m35s eta=1h55m
  ep  1600/5000 batch 1660 loss=   0.073 pol= -0.598 vL= 0.545 kl= 0.22 H=  5.54 r̄=-0.358 succ=33.6% >exp= 0.0% el=39m57s eta=1h24m
  ep  1920/5000 batch 1680 loss=   0.068 pol= -0.038 vL= 0.872 kl= 0.16 H=  5.23 r̄= 0.038 succ=33.6% >exp= 0.0% el=40m20s eta=1h04m
  ep  2240/5000 batch 1700 loss=   0.055 pol= -0.955 vL= 0.654 kl= 0.21 H=  5.98 r̄=-0.511 succ=33.6% >exp= 0.0% el=42m28s eta=52m20s
  ep  2560/5000 batch 1720 loss=  -0.054 pol=  0.082 vL= 0.648 kl= 0.19 H=  5.74 r̄=-0.346 succ=33.6% >exp= 0.0% el=42m53s eta=40m52s
  ep  2880/5000 batch 1740 loss=   0.043 pol=  0.364 vL= 0.588 kl= 0.20 H=  8.32 r̄=-0.421 succ=33.6% >exp= 0.0% el=43m17s eta=31m51s
  ep  3200/5000 batch 1760 loss=  -0.189 pol= -0.097 vL= 0.483 kl= 0.25 H=  5.82 r̄=-0.345 succ=33.6% >exp= 0.0% el=43m40s eta=24m33s
  ep  3520/5000 batch 1780 loss=   0.117 pol=  0.269 vL= 0.407 kl= 0.29 H=  7.20 r̄=-0.495 succ=33.6% >exp= 0.0% el=44m17s eta=18m37s
  ep  3840/5000 batch 1800 loss=   0.579 pol= -0.286 vL= 0.549 kl= 0.12 H=  5.35 r̄=-0.510 succ=33.6% >exp= 0.0% el=44m52s eta=13m33s
  ep  4160/5000 batch 1820 loss=   0.141 pol= -0.082 vL= 1.036 kl= 0.42 H=  7.74 r̄=-0.137 succ=33.5% >exp= 0.0% el=45m31s eta= 9m11s
  ep  4480/5000 batch 1840 loss=  -0.461 pol=  0.017 vL= 0.688 kl= 0.29 H=  5.01 r̄= 0.252 succ=33.6% >exp= 0.0% el=45m57s eta= 5m20s
  ep  4800/5000 batch 1860 loss=  -0.434 pol= -0.783 vL= 0.875 kl= 0.41 H=  7.04 r̄=-0.010 succ=33.6% >exp= 0.0% el=46m23s eta= 1m55s
  >>> Epoch 6/10 DONE: succ=33.7% (1686/5000) mean_loss= 0.0045 mean_reward=-0.323 mean_KL=0.264 mean_H=6.68 epoch_time= 8m47s

=== Epoch 7/10 — resetting substrate ===
  ep   128/5000 batch 1880 loss=  -0.054 pol=  0.733 vL= 0.568 kl= 0.55 H=  9.92 r̄=-0.504 succ=33.7% >exp= 0.0% el=47m01s eta=29h49m
  ep   448/5000 batch 1900 loss=  -0.303 pol= -1.313 vL= 0.486 kl= 0.32 H=  8.52 r̄= 0.005 succ=33.6% >exp= 0.0% el=47m30s eta=8h02m
  ep   768/5000 batch 1920 loss=  -0.121 pol=  0.024 vL= 0.640 kl= 0.26 H=  7.35 r̄=-0.348 succ=33.6% >exp= 0.0% el=48m11s eta=4h25m
  ep  1088/5000 batch 1940 loss=   0.162 pol=  0.629 vL= 0.681 kl= 0.34 H=  7.60 r̄=-0.595 succ=33.6% >exp= 0.0% el=48m39s eta=2h54m
  ep  1408/5000 batch 1960 loss=  -0.361 pol= -2.353 vL= 0.165 kl= 0.09 H=  9.64 r̄=-0.590 succ=33.5% >exp= 0.0% el=49m04s eta=2h05m
  ep  1728/5000 batch 1980 loss=  -0.007 pol=  0.179 vL= 0.395 kl= 0.18 H=  7.99 r̄=-0.515 succ=33.5% >exp= 0.0% el=49m27s eta=1h33m
  ep  2048/5000 batch 2000 loss=  -0.297 pol= -0.129 vL= 0.289 kl= 0.20 H=  7.38 r̄=-0.258 succ=33.5% >exp= 0.0% el=49m50s eta=1h11m
  ep  2368/5000 batch 2020 loss=  -0.182 pol= -1.090 vL= 0.568 kl= 0.18 H=  7.93 r̄=-0.250 succ=33.5% >exp= 0.0% el=50m13s eta=55m49s
  ep  2688/5000 batch 2040 loss=   0.070 pol=  0.709 vL= 0.864 kl= 0.25 H=  7.57 r̄= 0.077 succ=33.5% >exp= 0.0% el=50m37s eta=43m32s
  ep  3008/5000 batch 2060 loss=  -0.263 pol= -0.891 vL= 0.517 kl= 0.31 H=  6.58 r̄= 0.218 succ=33.5% >exp= 0.0% el=51m00s eta=33m47s
  ep  3328/5000 batch 2080 loss=   0.107 pol=  0.220 vL= 0.601 kl= 0.14 H=  5.51 r̄=-0.215 succ=33.5% >exp= 0.0% el=51m23s eta=25m49s
  ep  3648/5000 batch 2100 loss=   0.069 pol=  0.929 vL= 0.304 kl= 0.30 H=  5.22 r̄=-0.635 succ=33.5% >exp= 0.0% el=51m46s eta=19m11s
  ep  3968/5000 batch 2120 loss=   0.235 pol=  1.196 vL= 0.296 kl= 0.26 H=  6.00 r̄=-0.598 succ=33.6% >exp= 0.0% el=52m09s eta=13m34s
  ep  4288/5000 batch 2140 loss=   0.065 pol=  0.467 vL= 0.379 kl= 0.23 H=  6.96 r̄=-0.271 succ=33.6% >exp= 0.0% el=52m32s eta= 8m43s
  ep  4608/5000 batch 2160 loss=   0.076 pol= -1.443 vL= 0.270 kl= 0.25 H=  7.11 r̄= 0.549 succ=33.6% >exp= 0.0% el=52m54s eta= 4m30s
  ep  4928/5000 batch 2180 loss=  -0.144 pol=  0.226 vL= 0.285 kl= 0.29 H=  5.94 r̄=-0.470 succ=33.6% >exp= 0.0% el=53m15s eta=  47s
  >>> Epoch 7/10 DONE: succ=33.2% (1660/5000) mean_loss=-0.0573 mean_reward=-0.334 mean_KL=0.254 mean_H=7.40 epoch_time= 6m41s

=== Epoch 8/10 — resetting substrate ===
  ep   256/5000 batch 2200 loss=  -0.123 pol= -0.920 vL= 0.352 kl= 0.27 H=  7.13 r̄= 0.014 succ=33.6% >exp= 0.0% el=53m38s eta=16h33m
  ep   576/5000 batch 2220 loss=   0.096 pol=  0.083 vL= 0.526 kl= 0.21 H=  5.83 r̄=-0.508 succ=33.5% >exp= 0.0% el=53m58s eta=6h54m
  ep   896/5000 batch 2240 loss=   0.011 pol=  0.275 vL= 0.259 kl= 0.22 H=  6.54 r̄=-0.358 succ=33.5% >exp= 0.0% el=54m20s eta=4h08m
  ep  1216/5000 batch 2260 loss=  -0.095 pol= -1.452 vL= 0.489 kl= 0.25 H=  7.81 r̄=-0.119 succ=33.5% >exp= 0.0% el=54m44s eta=2h50m
  ep  1536/5000 batch 2280 loss=   0.326 pol=  0.233 vL= 0.410 kl= 0.25 H=  7.09 r̄=-0.228 succ=33.5% >exp= 0.0% el=55m06s eta=2h04m
  ep  1856/5000 batch 2300 loss=   0.278 pol= -1.713 vL= 0.787 kl= 0.25 H=  7.14 r̄=-0.007 succ=33.5% >exp= 0.0% el=55m29s eta=1h33m
  ep  2176/5000 batch 2320 loss=   0.167 pol= -1.214 vL= 0.758 kl= 0.21 H=  6.08 r̄=-0.076 succ=33.5% >exp= 0.0% el=55m50s eta=1h12m
  ep  2496/5000 batch 2340 loss=  -0.105 pol= -0.919 vL= 0.267 kl= 0.37 H=  7.16 r̄= 0.051 succ=33.5% >exp= 0.0% el=56m16s eta=56m26s
  ep  2816/5000 batch 2360 loss=   0.027 pol= -0.207 vL= 0.647 kl= 0.14 H=  5.82 r̄=-0.135 succ=33.5% >exp= 0.0% el=56m39s eta=43m56s
  ep  3136/5000 batch 2380 loss=  -0.143 pol=  0.854 vL= 0.590 kl= 0.16 H=  6.38 r̄=-0.735 succ=33.5% >exp= 0.0% el=57m02s eta=33m54s
  ep  3456/5000 batch 2400 loss=   0.024 pol= -0.521 vL= 0.488 kl= 0.31 H=  7.61 r̄= 0.265 succ=33.5% >exp= 0.0% el=57m26s eta=25m39s
  ep  3776/5000 batch 2420 loss=   0.015 pol=  1.991 vL= 0.500 kl= 0.18 H=  6.85 r̄=-0.543 succ=33.5% >exp= 0.0% el=57m49s eta=18m44s
  ep  4096/5000 batch 2440 loss=   0.059 pol=  0.153 vL= 0.310 kl= 0.20 H=  6.37 r̄=-0.124 succ=33.5% >exp= 0.0% el=58m11s eta=12m50s
  ep  4416/5000 batch 2460 loss=  -0.033 pol= -0.448 vL= 0.680 kl= 0.17 H=  6.43 r̄=-0.249 succ=33.5% >exp= 0.0% el=58m36s eta= 7m45s
  ep  4736/5000 batch 2480 loss=  -0.091 pol= -0.342 vL= 0.427 kl= 0.15 H=  5.90 r̄=-0.241 succ=33.6% >exp= 0.0% el=58m59s eta= 3m17s
  >>> Epoch 8/10 DONE: succ=33.6% (1679/5000) mean_loss= 0.0311 mean_reward=-0.326 mean_KL=0.224 mean_H=6.90 epoch_time= 5m58s

=== Epoch 9/10 — resetting substrate ===
  ep    64/5000 batch 2500 loss=   0.063 pol= -1.643 vL= 0.400 kl= 0.15 H=  9.12 r̄=-0.209 succ=33.6% >exp= 0.0% el=59m23s eta=76h20m
  ep   384/5000 batch 2520 loss=   0.185 pol= -0.230 vL= 0.189 kl= 0.12 H=  6.05 r̄=-0.870 succ=33.6% >exp= 0.0% el=59m54s eta=12h00m
  ep   704/5000 batch 2540 loss=  -0.107 pol=  0.698 vL= 0.653 kl= 0.20 H=  8.33 r̄=-0.599 succ=33.6% >exp= 0.0% el=1h00m eta=6h08m
  ep  1024/5000 batch 2560 loss=  -0.083 pol= -1.670 vL= 0.393 kl= 0.15 H=  5.25 r̄=-0.603 succ=33.6% >exp= 0.0% el=1h00m eta=3h55m
  ep  1344/5000 batch 2580 loss=  -0.097 pol=  0.062 vL= 0.483 kl= 0.13 H=  6.12 r̄=-0.122 succ=33.5% >exp= 0.0% el=1h01m eta=2h46m
  ep  1664/5000 batch 2600 loss=  -0.014 pol= -0.759 vL= 0.399 kl= 0.12 H=  6.22 r̄=-0.238 succ=33.5% >exp= 0.0% el=1h01m eta=2h03m
  ep  1984/5000 batch 2620 loss=  -0.038 pol= -0.807 vL= 0.863 kl= 0.22 H=  4.84 r̄=-0.019 succ=33.5% >exp= 0.0% el=1h02m eta=1h34m
  ep  2304/5000 batch 2640 loss=   0.118 pol= -0.131 vL= 0.910 kl= 0.20 H=  6.93 r̄=-0.521 succ=33.5% >exp= 0.0% el=1h02m eta=1h13m
  ep  2624/5000 batch 2660 loss=  -0.165 pol= -1.692 vL= 0.551 kl= 0.28 H=  7.01 r̄=-0.174 succ=33.5% >exp= 0.0% el=1h02m eta=57m02s
  ep  2944/5000 batch 2680 loss=   0.042 pol= -1.564 vL= 0.645 kl= 0.20 H=  7.78 r̄=-0.489 succ=33.5% >exp= 0.0% el=1h03m eta=44m15s
  ep  3264/5000 batch 2700 loss=  -0.090 pol=  0.484 vL= 0.512 kl= 0.21 H=  7.52 r̄=-0.447 succ=33.5% >exp= 0.0% el=1h03m eta=33m55s
  ep  3584/5000 batch 2720 loss=   0.107 pol= -0.777 vL= 0.353 kl= 0.23 H=  6.27 r̄=-0.249 succ=33.5% >exp= 0.0% el=1h04m eta=25m21s
  ep  3904/5000 batch 2740 loss=   0.027 pol= -0.846 vL= 0.741 kl= 0.18 H=  7.05 r̄=-0.138 succ=33.5% >exp= 0.0% el=1h04m eta=18m08s
  ep  4224/5000 batch 2760 loss=   0.378 pol=  0.033 vL= 0.611 kl= 0.21 H=  7.09 r̄=-0.511 succ=33.5% >exp= 0.0% el=1h05m eta=11m57s
  ep  4544/5000 batch 2780 loss=  -0.033 pol= -0.312 vL= 0.460 kl= 0.16 H=  5.43 r̄= 0.233 succ=33.5% >exp= 0.0% el=1h05m eta= 6m35s
  ep  4864/5000 batch 2800 loss=   0.384 pol= -0.523 vL= 0.383 kl= 0.19 H=  6.61 r̄=-0.620 succ=33.5% >exp= 0.0% el=1h06m eta= 1m50s
  >>> Epoch 9/10 DONE: succ=33.0% (1652/5000) mean_loss= 0.0349 mean_reward=-0.337 mean_KL=0.208 mean_H=6.79 epoch_time= 7m01s

=== Epoch 10/10 — resetting substrate ===
  ep   192/5000 batch 2820 loss=  -0.067 pol= -1.545 vL= 0.565 kl= 0.21 H=  7.17 r̄=-0.230 succ=33.5% >exp= 0.0% el=1h06m eta=27h47m
  ep   512/5000 batch 2840 loss=  -0.426 pol= -2.395 vL= 0.197 kl= 0.15 H=  9.31 r̄=-0.624 succ=33.5% >exp= 0.0% el=1h07m eta=9h49m
  ep   832/5000 batch 2860 loss=   0.063 pol= -0.813 vL= 0.736 kl= 0.23 H=  6.38 r̄= 0.023 succ=33.5% >exp= 0.0% el=1h07m eta=5h38m
  ep  1152/5000 batch 2880 loss=  -0.123 pol=  0.568 vL= 0.300 kl= 0.27 H=  5.66 r̄= 0.043 succ=33.5% >exp= 0.0% el=1h08m eta=3h47m
  ep  1472/5000 batch 2900 loss=   0.217 pol=  0.478 vL= 0.396 kl= 0.15 H=  6.20 r̄=-0.628 succ=33.5% >exp= 0.0% el=1h08m eta=2h44m
  ep  1792/5000 batch 2920 loss=  -0.107 pol=  0.599 vL= 0.421 kl= 0.20 H=  8.01 r̄=-0.501 succ=33.5% >exp= 0.0% el=1h09m eta=2h03m
  ep  2112/5000 batch 2940 loss=  -0.030 pol= -1.203 vL= 0.473 kl= 0.15 H=  7.35 r̄=-0.119 succ=33.5% >exp= 0.0% el=1h09m eta=1h35m
  ep  2432/5000 batch 2960 loss=  -0.192 pol= -0.238 vL= 0.423 kl= 0.09 H=  8.26 r̄=-0.632 succ=33.5% >exp= 0.0% el=1h09m eta=1h13m
  ep  2752/5000 batch 2980 loss=   0.130 pol= -0.290 vL= 0.635 kl= 0.14 H=  6.66 r̄=-0.279 succ=33.5% >exp= 0.0% el=1h10m eta=57m28s
  ep  3072/5000 batch 3000 loss=   0.266 pol= -1.411 vL= 0.400 kl= 0.22 H=  7.41 r̄=-0.219 succ=33.5% >exp= 0.0% el=1h10m eta=44m24s
  ep  3392/5000 batch 3020 loss=  -0.315 pol=  1.690 vL= 0.549 kl= 0.21 H=  6.05 r̄=-0.742 succ=33.5% >exp= 0.0% el=1h11m eta=33m43s
  ep  3712/5000 batch 3040 loss=  -0.175 pol= -0.073 vL= 1.090 kl= 0.21 H=  8.13 r̄=-0.058 succ=33.5% >exp= 0.0% el=1h11m eta=24m49s
  ep  4032/5000 batch 3060 loss=   0.398 pol= -0.834 vL= 0.844 kl= 0.22 H=  6.68 r̄=-0.124 succ=33.5% >exp= 0.0% el=1h11m eta=17m16s
  ep  4352/5000 batch 3080 loss=  -0.085 pol=  0.159 vL= 0.764 kl= 0.28 H=  5.05 r̄= 0.118 succ=33.5% >exp= 0.0% el=1h12m eta=10m46s
  ep  4672/5000 batch 3100 loss=  -0.122 pol= -1.673 vL= 0.353 kl= 0.12 H=  8.24 r̄=-0.240 succ=33.5% >exp= 0.0% el=1h12m eta= 5m06s
  ep  4992/5000 batch 3120 loss=   0.125 pol=  0.170 vL= 0.478 kl= 0.17 H=  4.36 r̄=-0.088 succ=33.5% >exp= 0.0% el=1h13m eta=   7s
  >>> Epoch 10/10 DONE: succ=33.7% (1686/5000) mean_loss=-0.0248 mean_reward=-0.323 mean_KL=0.185 mean_H=6.83 epoch_time= 6m54s
------------------------------------------------------------------------
  total time:               1h13m
  success rate:             16776/50000 = 33.6%
  final success_cost_ema:   209.61816425502016
  final loss avg:           0.1245
  checkpoint saved to checkpoints/il_mp_vne_v19_50nodes_10ep_cont.pt
  epoch summary log: logs/ppo_v19_50nodes_10ep_cont_epoch_summary.csv
