Loading substrate from datasets/scenario_100nodes_train/substrate.json
Loading VNRs from datasets/scenario_100nodes_train/virtual_requests.json
  Using 5000 VNRs
  Trainable policy (il_mp_vne_v17) loaded from checkpoints/il_mp_vne_v6_100nodes_r2.pt
  rollout=direct → train: cand_head + encoder + value (ordering frozen) (19394 frozen, 36293 trainable)
  Frozen reference policy loaded (KL enabled, β_KL=0.1)
PPO fine-tune: 5000 VNRs, batch=16, lr=0.0003
  baseline=critic V(s), normalize_adv=True, β_H=0.01, value_coef=0.5, success_bonus=1.0, fail_r=-1.0
  checkpoint: checkpoints/il_mp_vne_v17_ppo_direct_100nodes.pt
------------------------------------------------------------------------
  ep   320/5000 batch   20 loss=  -1.004 pol= -1.689 vL= 0.860 kl= 0.03 H= 12.63 r̄=-0.479 succ=23.1% >exp= 0.0% el= 1m04s eta=15m41s
  ep   640/5000 batch   40 loss=  -1.413 pol= -2.193 vL= 0.778 kl= 0.04 H= 12.50 r̄=-0.480 succ=19.2% >exp= 0.0% el= 2m13s eta=15m08s
  ep   960/5000 batch   60 loss=  -1.164 pol= -1.178 vL= 0.860 kl= 0.08 H= 12.55 r̄=-0.382 succ=19.1% >exp= 0.0% el= 3m25s eta=14m25s
  ep  1280/5000 batch   80 loss=  -1.241 pol= -1.118 vL= 0.238 kl= 0.08 H= 11.68 r̄=-0.881 succ=18.8% >exp= 0.0% el= 4m37s eta=13m26s
  ep  1600/5000 batch  100 loss=  -0.933 pol= -0.434 vL= 0.279 kl= 0.07 H= 11.84 r̄=-0.874 succ=18.4% >exp= 0.0% el= 5m47s eta=12m19s
  ep  1920/5000 batch  120 loss=  -0.632 pol= -1.209 vL= 1.168 kl= 0.12 H= 10.44 r̄=-0.252 succ=18.3% >exp= 0.0% el= 7m04s eta=11m21s
  ep  2240/5000 batch  140 loss=  -0.605 pol= -0.985 vL= 0.538 kl= 0.13 H= 11.04 r̄=-0.617 succ=18.0% >exp= 0.0% el= 8m11s eta=10m05s
  ep  2560/5000 batch  160 loss=  -1.064 pol= -0.444 vL= 0.407 kl= 0.21 H= 11.46 r̄=-0.748 succ=17.9% >exp= 0.0% el= 9m31s eta= 9m04s
  ep  2880/5000 batch  180 loss=  -0.714 pol=  1.201 vL= 0.368 kl= 0.27 H=  9.36 r̄=-0.807 succ=18.4% >exp= 0.0% el=10m42s eta= 7m52s
  ep  3200/5000 batch  200 loss=  -0.452 pol= -0.642 vL= 0.395 kl= 0.46 H=  9.50 r̄=-0.757 succ=18.1% >exp= 0.0% el=11m32s eta= 6m29s
  ep  3520/5000 batch  220 loss=   0.069 pol=  0.475 vL= 1.014 kl= 0.55 H=  6.90 r̄=-0.237 succ=18.3% >exp= 0.0% el=12m35s eta= 5m17s
  ep  3840/5000 batch  240 loss=  -0.341 pol= -0.305 vL= 0.307 kl= 0.51 H=  9.89 r̄=-0.767 succ=18.2% >exp= 0.0% el=13m36s eta= 4m06s
  ep  4160/5000 batch  260 loss=  -0.098 pol= -0.040 vL= 0.593 kl= 0.53 H=  8.38 r̄=-0.468 succ=18.3% >exp= 0.0% el=14m37s eta= 2m57s
  ep  4480/5000 batch  280 loss=  -0.389 pol= -1.254 vL= 0.520 kl= 0.42 H=  7.58 r̄=-0.633 succ=18.4% >exp= 0.0% el=15m42s eta= 1m49s
  ep  4800/5000 batch  300 loss=  -0.010 pol= -0.617 vL= 0.342 kl= 0.32 H= 10.14 r̄=-0.753 succ=18.3% >exp= 0.0% el=16m48s eta=  42s
------------------------------------------------------------------------
  total time:               17m29s
  success rate:             916/5000 = 18.3%
  final success_cost_ema:   289.72782916568025
  final loss avg:           -0.4079
  checkpoint saved to checkpoints/il_mp_vne_v17_ppo_direct_100nodes.pt
