Loading substrate from datasets/scenario_100nodes_train/substrate.json
Loading VNRs from datasets/scenario_100nodes_train/virtual_requests.json
  Using 5000 VNRs
  Trainable policy (il_mp_vne_v19) loaded from checkpoints/il_mp_vne_v19_100nodes_costfocused.pt
  rollout=direct → train: cand_head + encoder + value (ordering frozen) (19394 frozen, 36293 trainable)
  Frozen reference policy loaded (KL enabled, β_KL=0.1)
PPO fine-tune: 5000 VNRs, batch=16, lr=0.0003
  baseline=critic V(s), normalize_adv=True, β_H=0.01, value_coef=0.5, reward=cost_rel α=0.5 λ=1.0, fail_r=-0.5
  checkpoint: checkpoints/il_mp_vne_v19_100nodes_costfocused_cont.pt
------------------------------------------------------------------------
  ep   320/5000 batch   20 loss=   0.441 pol=  2.218 vL= 0.270 kl= 0.08 H=  9.13 adv=+0.000 r̄=-0.382 succ=25.3% >exp= 0.0% el= 6m07s eta=1h29m
  ep   640/5000 batch   40 loss=  -0.176 pol= -0.341 vL= 0.301 kl= 0.17 H= 10.48 adv=+0.000 r̄=-0.255 succ=22.5% >exp= 0.0% el=10m59s eta=1h14m
  ep   960/5000 batch   60 loss=  -0.674 pol= -1.585 vL= 0.211 kl= 0.17 H= 11.05 adv=-0.000 r̄=-0.258 succ=23.1% >exp= 0.0% el=15m45s eta=1h06m
  ep  1280/5000 batch   80 loss=   0.818 pol=  1.983 vL= 0.073 kl= 0.20 H=  9.89 adv=+0.000 r̄=-0.476 succ=22.5% >exp= 0.0% el=19m56s eta=57m56s
  ep  1600/5000 batch  100 loss=   0.783 pol=  1.990 vL= 0.221 kl= 0.34 H=  8.99 adv=+0.000 r̄=-0.398 succ=22.5% >exp= 0.0% el=24m41s eta=52m27s
  ep  1920/5000 batch  120 loss=   0.246 pol= -0.490 vL= 0.305 kl= 0.16 H=  6.87 adv=+0.000 r̄=-0.049 succ=22.6% >exp= 0.0% el=29m03s eta=46m36s
  ep  2240/5000 batch  140 loss=  -0.182 pol=  1.682 vL= 0.171 kl= 0.04 H=  8.25 adv=-0.000 r̄=-0.346 succ=22.1% >exp= 0.0% el=35m36s eta=43m53s
  ep  2560/5000 batch  160 loss=  -0.921 pol= -2.536 vL= 0.107 kl= 0.10 H= 14.04 adv=-0.000 r̄=-0.306 succ=22.0% >exp= 0.0% el=41m29s eta=39m33s
  ep  2880/5000 batch  180 loss=  -0.889 pol= -1.224 vL= 0.135 kl= 0.08 H= 10.37 adv=+0.000 r̄=-0.389 succ=22.1% >exp= 0.0% el=47m28s eta=34m57s
  ep  3200/5000 batch  200 loss=   0.589 pol=  2.029 vL= 0.074 kl= 0.17 H=  9.85 adv=+0.000 r̄=-0.402 succ=21.9% >exp= 0.0% el=52m54s eta=29m45s
  ep  3520/5000 batch  220 loss=   0.051 pol= -1.011 vL= 0.267 kl= 0.16 H=  5.89 adv=+0.000 r̄=-0.103 succ=22.1% >exp= 0.0% el=58m40s eta=24m40s
  ep  3840/5000 batch  240 loss=   0.205 pol=  1.960 vL= 0.077 kl= 0.28 H= 10.10 adv=-0.000 r̄=-0.420 succ=21.8% >exp= 0.0% el=1h03m eta=19m15s
  ep  4160/5000 batch  260 loss=   0.401 pol= -0.017 vL= 0.227 kl= 0.18 H=  9.34 adv=+0.000 r̄=-0.258 succ=21.9% >exp= 0.0% el=1h07m eta=13m38s
  ep  4480/5000 batch  280 loss=   0.105 pol=  1.201 vL= 0.127 kl= 0.23 H=  7.15 adv=+0.000 r̄=-0.330 succ=21.9% >exp= 0.0% el=1h11m eta= 8m16s
  ep  4800/5000 batch  300 loss=   0.246 pol= -0.477 vL= 0.118 kl= 0.21 H= 10.43 adv=+0.000 r̄=-0.324 succ=21.6% >exp= 0.0% el=1h15m eta= 3m07s
  >>> Epoch 1/10 DONE: succ=21.6% (1081/5000) mean_loss= 0.0533 mean_reward=-0.281 mean_KL=0.162 mean_H=9.66 epoch_time=1h17m

=== Epoch 2/10 — resetting substrate ===
  ep   128/5000 batch  320 loss=  -0.636 pol=  0.689 vL= 0.086 kl= 0.21 H= 10.50 adv=+0.000 r̄=-0.316 succ=21.9% >exp= 0.0% el=1h19m eta=50h35m
  ep   448/5000 batch  340 loss=   1.150 pol=  0.790 vL= 0.126 kl= 0.46 H=  7.58 adv=+0.000 r̄=-0.339 succ=21.7% >exp= 0.0% el=1h23m eta=14h12m
  ep   768/5000 batch  360 loss=   0.791 pol= -0.725 vL= 0.139 kl= 0.27 H=  9.05 adv=+0.000 r̄=-0.303 succ=21.3% >exp= 0.0% el=1h27m eta=8h01m
  ep  1088/5000 batch  380 loss=  -0.710 pol= -0.561 vL= 0.210 kl= 0.42 H=  7.39 adv=-0.000 r̄=-0.167 succ=21.5% >exp= 0.0% el=1h31m eta=5h29m
  ep  1408/5000 batch  400 loss=   0.014 pol=  3.250 vL= 0.043 kl= 0.15 H= 10.47 adv=+0.000 r̄=-0.471 succ=21.5% >exp= 0.0% el=1h35m eta=4h03m
  ep  1728/5000 batch  420 loss=   0.391 pol=  0.247 vL= 0.227 kl= 0.20 H= 10.01 adv=+0.000 r̄=-0.313 succ=21.6% >exp= 0.0% el=1h39m eta=3h08m
  ep  2048/5000 batch  440 loss=  -0.305 pol= -1.327 vL= 0.134 kl= 0.22 H=  8.30 adv=-0.000 r̄=-0.155 succ=21.6% >exp= 0.0% el=1h46m eta=2h33m
  ep  2368/5000 batch  460 loss=   0.055 pol= -3.089 vL= 0.129 kl= 0.34 H= 11.98 adv=+0.000 r̄=-0.232 succ=21.5% >exp= 0.0% el=10h14m eta=11h22m
  ep  2688/5000 batch  480 loss=  -0.262 pol= -1.836 vL= 0.209 kl= 0.17 H=  9.81 adv=+0.000 r̄=-0.153 succ=21.7% >exp= 0.0% el=10h17m eta=8h51m
  ep  3008/5000 batch  500 loss=   0.943 pol=  3.097 vL= 0.111 kl= 0.16 H=  8.46 adv=+0.000 r̄=-0.474 succ=21.7% >exp= 0.0% el=10h21m eta=6h51m
  ep  3328/5000 batch  520 loss=  -0.702 pol= -0.896 vL= 0.090 kl= 0.15 H=  9.26 adv=+0.000 r̄=-0.374 succ=21.8% >exp= 0.0% el=10h24m eta=5h13m
  ep  3648/5000 batch  540 loss=   0.326 pol= -2.036 vL= 0.242 kl= 0.18 H= 10.01 adv=-0.000 r̄=-0.332 succ=21.7% >exp= 0.0% el=10h26m eta=3h52m
  ep  3968/5000 batch  560 loss=   0.114 pol= -1.254 vL= 0.261 kl= 0.18 H=  8.09 adv=+0.000 r̄=-0.082 succ=21.7% >exp= 0.0% el=10h28m eta=2h43m
  ep  4288/5000 batch  580 loss=  -0.004 pol= -0.892 vL= 0.067 kl= 0.18 H= 10.59 adv=+0.000 r̄=-0.437 succ=21.6% >exp= 0.0% el=10h31m eta=1h44m
  ep  4608/5000 batch  600 loss=  -0.323 pol=  2.207 vL= 0.087 kl= 0.17 H= 12.34 adv=-0.000 r̄=-0.454 succ=21.7% >exp= 0.0% el=10h33m eta=53m54s
  ep  4928/5000 batch  620 loss=   0.389 pol=  2.200 vL= 0.218 kl= 0.21 H= 10.67 adv=+0.000 r̄=-0.310 succ=21.7% >exp= 0.0% el=10h35m eta= 9m17s
  >>> Epoch 2/10 DONE: succ=21.9% (1093/5000) mean_loss= 0.0929 mean_reward=-0.280 mean_KL=0.230 mean_H=9.65 epoch_time=9h18m

=== Epoch 3/10 — resetting substrate ===
  ep   256/5000 batch  640 loss=  -0.367 pol=  1.899 vL= 0.015 kl= 0.26 H= 10.69 adv=+0.000 r̄=-0.423 succ=21.9% >exp= 0.0% el=10h38m eta=197h11m
  ep   576/5000 batch  660 loss=   0.038 pol=  0.454 vL= 0.129 kl= 0.14 H=  8.74 adv=+0.000 r̄=-0.340 succ=21.9% >exp= 0.0% el=10h41m eta=82h04m
  ep   896/5000 batch  680 loss=  -0.579 pol= -4.909 vL= 0.091 kl= 0.09 H= 10.64 adv=-0.000 r̄=-0.165 succ=21.9% >exp= 0.0% el=10h43m eta=49h07m
  ep  1216/5000 batch  700 loss=  -0.155 pol=  4.138 vL= 0.052 kl= 0.16 H= 11.21 adv=+0.000 r̄=-0.453 succ=21.8% >exp= 0.0% el=10h45m eta=33h29m
  ep  1536/5000 batch  720 loss=   0.162 pol=  2.345 vL= 0.148 kl= 0.15 H=  9.51 adv=-0.000 r̄=-0.385 succ=21.9% >exp= 0.0% el=10h47m eta=24h21m
  ep  1856/5000 batch  740 loss=  -0.358 pol=  0.089 vL= 0.184 kl= 0.16 H= 10.82 adv=+0.000 r̄=-0.262 succ=21.9% >exp= 0.0% el=10h50m eta=18h21m
  ep  2176/5000 batch  760 loss=  -0.460 pol= -0.722 vL= 0.077 kl= 0.38 H= 11.85 adv=-0.000 r̄=-0.256 succ=21.9% >exp= 0.0% el=10h52m eta=14h07m
  ep  2496/5000 batch  780 loss=   0.018 pol=  0.939 vL= 0.116 kl= 0.42 H= 10.02 adv=+0.000 r̄=-0.333 succ=21.9% >exp= 0.0% el=10h54m eta=10h56m
  ep  2816/5000 batch  800 loss=  -0.237 pol=  0.489 vL= 0.097 kl= 0.32 H= 10.95 adv=-0.000 r̄=-0.376 succ=21.8% >exp= 0.0% el=10h56m eta=8h29m
  ep  3136/5000 batch  820 loss=   0.208 pol= -0.512 vL= 0.183 kl= 0.65 H=  8.97 adv=+0.000 r̄=-0.203 succ=21.8% >exp= 0.0% el=10h59m eta=6h31m
  ep  3456/5000 batch  840 loss=  -0.304 pol= -4.035 vL= 0.104 kl= 0.29 H= 13.73 adv=+0.000 r̄=-0.333 succ=21.8% >exp= 0.0% el=11h01m eta=4h55m
  ep  3776/5000 batch  860 loss=  -0.557 pol= -1.311 vL= 0.151 kl= 0.25 H= 10.45 adv=+0.000 r̄=-0.269 succ=21.9% >exp= 0.0% el=11h04m eta=3h35m
  ep  4096/5000 batch  880 loss=  -0.094 pol=  1.814 vL= 0.115 kl= 0.22 H= 10.22 adv=+0.000 r̄=-0.343 succ=22.0% >exp= 0.0% el=11h06m eta=2h27m
  ep  4416/5000 batch  900 loss=   0.329 pol=  0.588 vL= 0.111 kl= 0.23 H=  7.99 adv=+0.000 r̄=-0.294 succ=21.9% >exp= 0.0% el=11h09m eta=1h28m
  ep  4736/5000 batch  920 loss=  -0.136 pol=  0.352 vL= 0.135 kl= 0.25 H= 11.41 adv=-0.000 r̄=-0.363 succ=21.9% >exp= 0.0% el=11h11m eta=37m26s
  >>> Epoch 3/10 DONE: succ=22.2% (1109/5000) mean_loss=-0.1382 mean_reward=-0.276 mean_KL=0.258 mean_H=9.85 epoch_time=38m01s

=== Epoch 4/10 — resetting substrate ===
  ep    64/5000 batch  940 loss=   0.048 pol= -2.007 vL= 0.234 kl= 0.17 H=  9.07 adv=-0.000 r̄=-0.091 succ=22.0% >exp= 0.0% el=11h15m eta=867h43m
  ep   384/5000 batch  960 loss=   0.272 pol=  1.016 vL= 0.188 kl= 0.11 H=  8.98 adv=-0.000 r̄=-0.338 succ=22.0% >exp= 0.0% el=11h17m eta=135h47m
  ep   704/5000 batch  980 loss=   0.122 pol= -3.088 vL= 0.166 kl= 0.34 H= 11.74 adv=-0.000 r̄=-0.155 succ=21.9% >exp= 0.0% el=11h20m eta=69h09m
  ep  1024/5000 batch 1000 loss=   0.370 pol=  1.844 vL= 0.127 kl= 0.23 H= 10.08 adv=-0.000 r̄=-0.315 succ=22.0% >exp= 0.0% el=11h22m eta=44h08m
  ep  1344/5000 batch 1020 loss=  -0.488 pol= -1.839 vL= 0.265 kl= 0.33 H=  7.58 adv=+0.000 r̄=-0.038 succ=21.9% >exp= 0.0% el=11h24m eta=31h01m
  ep  1664/5000 batch 1040 loss=   0.203 pol=  0.608 vL= 0.187 kl= 0.36 H= 10.31 adv=+0.000 r̄=-0.297 succ=21.9% >exp= 0.0% el=11h26m eta=22h56m
  ep  1984/5000 batch 1060 loss=   0.605 pol=  3.779 vL= 0.125 kl= 0.35 H= 11.29 adv=+0.000 r̄=-0.489 succ=21.8% >exp= 0.0% el=11h28m eta=17h26m
  ep  2304/5000 batch 1080 loss=   0.280 pol= -1.172 vL= 0.209 kl= 0.22 H= 10.78 adv=-0.000 r̄=-0.159 succ=21.8% >exp= 0.0% el=11h30m eta=13h28m
  ep  2624/5000 batch 1100 loss=   0.229 pol=  0.187 vL= 0.126 kl= 0.29 H= 10.93 adv=+0.000 r̄=-0.346 succ=21.8% >exp= 0.0% el=11h32m eta=10h27m
  ep  2944/5000 batch 1120 loss=  -1.588 pol= -1.963 vL= 0.074 kl= 0.29 H= 12.32 adv=-0.000 r̄=-0.317 succ=21.8% >exp= 0.0% el=11h35m eta=8h05m
  ep  3264/5000 batch 1140 loss=   0.874 pol=  0.834 vL= 0.155 kl= 0.36 H= 10.81 adv=+0.000 r̄=-0.296 succ=21.8% >exp= 0.0% el=11h37m eta=6h11m
  ep  3584/5000 batch 1160 loss=   0.828 pol=  0.060 vL= 0.232 kl= 0.28 H=  9.68 adv=+0.000 r̄=-0.194 succ=21.8% >exp= 0.0% el=11h39m eta=4h36m
  ep  3904/5000 batch 1180 loss=  -0.138 pol=  0.677 vL= 0.395 kl= 0.33 H=  9.26 adv=-0.000 r̄=-0.222 succ=21.8% >exp= 0.0% el=11h42m eta=3h17m
  ep  4224/5000 batch 1200 loss=  -0.865 pol= -1.247 vL= 0.148 kl= 0.28 H=  9.49 adv=+0.000 r̄=-0.138 succ=21.8% >exp= 0.0% el=11h44m eta=2h09m
  ep  4544/5000 batch 1220 loss=  -0.123 pol= -0.037 vL= 0.271 kl= 0.22 H= 11.73 adv=-0.000 r̄=-0.367 succ=21.8% >exp= 0.0% el=11h47m eta=1h10m
  ep  4864/5000 batch 1240 loss=   0.496 pol= -1.528 vL= 0.055 kl= 0.24 H= 11.59 adv=+0.000 r̄=-0.343 succ=21.8% >exp= 0.0% el=11h49m eta=19m50s
  >>> Epoch 4/10 DONE: succ=21.7% (1086/5000) mean_loss= 0.0178 mean_reward=-0.281 mean_KL=0.272 mean_H=10.09 epoch_time=36m04s

=== Epoch 5/10 — resetting substrate ===
  ep   192/5000 batch 1260 loss=  -1.266 pol=  3.515 vL= 0.450 kl= 0.21 H=  9.84 adv=+0.000 r̄=-0.440 succ=21.9% >exp= 0.0% el=11h51m eta=297h08m
  ep   512/5000 batch 1280 loss=  -0.085 pol=  0.224 vL= 0.117 kl= 0.36 H= 10.18 adv=+0.000 r̄=-0.400 succ=21.9% >exp= 0.0% el=11h54m eta=104h20m
  ep   832/5000 batch 1300 loss=   0.576 pol=  1.001 vL= 0.149 kl= 0.42 H= 12.09 adv=+0.000 r̄=-0.296 succ=21.8% >exp= 0.0% el=11h56m eta=59h50m
  ep  1152/5000 batch 1320 loss=  -0.222 pol= -0.366 vL= 0.113 kl= 0.23 H= 11.16 adv=+0.000 r̄=-0.279 succ=21.8% >exp= 0.0% el=11h58m eta=40h01m
  ep  1472/5000 batch 1340 loss=   0.385 pol=  0.264 vL= 0.148 kl= 0.20 H=  9.23 adv=-0.000 r̄=-0.163 succ=21.9% >exp= 0.0% el=12h01m eta=28h49m
  ep  1792/5000 batch 1360 loss=   0.331 pol= -2.002 vL= 0.192 kl= 0.22 H=  9.53 adv=+0.000 r̄=-0.163 succ=21.8% >exp= 0.0% el=12h03m eta=21h35m
  ep  2112/5000 batch 1380 loss=   0.417 pol=  1.061 vL= 0.144 kl= 0.22 H=  9.47 adv=+0.000 r̄=-0.374 succ=21.8% >exp= 0.0% el=12h06m eta=16h33m
  ep  2432/5000 batch 1400 loss=  -1.035 pol=  3.598 vL= 0.043 kl= 0.41 H= 15.00 adv=-0.000 r̄=-0.500 succ=21.7% >exp= 0.0% el=12h09m eta=12h49m
  ep  2752/5000 batch 1420 loss=  -0.332 pol=  1.755 vL= 0.278 kl= 0.31 H=  9.53 adv=+0.000 r̄=-0.308 succ=21.7% >exp= 0.0% el=12h11m eta=9h57m
  ep  3072/5000 batch 1440 loss=   0.468 pol= -0.039 vL= 0.154 kl= 0.29 H= 10.53 adv=+0.000 r̄=-0.270 succ=21.7% >exp= 0.0% el=12h13m eta=7h40m
  ep  3392/5000 batch 1460 loss=   0.194 pol=  1.188 vL= 0.202 kl= 0.21 H=  8.25 adv=-0.000 r̄=-0.355 succ=21.7% >exp= 0.0% el=12h16m eta=5h49m
  ep  3712/5000 batch 1480 loss=   0.022 pol= -2.856 vL= 0.116 kl= 0.16 H= 10.30 adv=+0.000 r̄=-0.082 succ=21.7% >exp= 0.0% el=12h20m eta=4h16m
  ep  4032/5000 batch 1500 loss=  -0.999 pol= -1.026 vL= 0.105 kl= 0.28 H=  8.38 adv=+0.000 r̄=-0.247 succ=21.8% >exp= 0.0% el=12h23m eta=2h58m
  ep  4352/5000 batch 1520 loss=   0.634 pol=  4.299 vL= 0.097 kl= 0.21 H= 12.02 adv=+0.000 r̄=-0.378 succ=21.8% >exp= 0.0% el=12h25m eta=1h51m
  ep  4672/5000 batch 1540 loss=   0.571 pol=  0.730 vL= 0.246 kl= 0.19 H=  5.86 adv=-0.000 r̄=-0.159 succ=21.8% >exp= 0.0% el=12h28m eta=52m32s
  ep  4992/5000 batch 1560 loss=  -0.216 pol=  0.609 vL= 0.114 kl= 0.13 H=  9.21 adv=+0.000 r̄=-0.353 succ=21.8% >exp= 0.0% el=12h31m eta= 1m12s
  >>> Epoch 5/10 DONE: succ=21.6% (1082/5000) mean_loss=-0.0030 mean_reward=-0.275 mean_KL=0.264 mean_H=10.49 epoch_time=40m39s

=== Epoch 6/10 — resetting substrate ===
  ep   320/5000 batch 1580 loss=   0.038 pol= -1.613 vL= 0.243 kl= 0.22 H=  8.29 adv=-0.000 r̄=-0.111 succ=21.8% >exp= 0.0% el=12h34m eta=183h53m
  ep   640/5000 batch 1600 loss=  -0.004 pol= -0.363 vL= 0.255 kl= 0.20 H=  7.56 adv=-0.000 r̄=-0.105 succ=21.8% >exp= 0.0% el=12h37m eta=86h01m
  ep   960/5000 batch 1620 loss=  -1.217 pol= -2.910 vL= 0.235 kl= 0.36 H= 11.23 adv=-0.000 r̄=-0.233 succ=21.9% >exp= 0.0% el=12h40m eta=53h19m
  ep  1280/5000 batch 1640 loss=  -0.820 pol=  2.660 vL= 0.126 kl= 0.09 H= 10.02 adv=-0.000 r̄=-0.493 succ=21.9% >exp= 0.0% el=12h42m eta=36h56m
  ep  1600/5000 batch 1660 loss=   0.581 pol=  2.034 vL= 0.170 kl= 0.21 H=  8.21 adv=-0.000 r̄=-0.348 succ=21.9% >exp= 0.0% el=12h45m eta=27h06m
  ep  1920/5000 batch 1680 loss=   0.639 pol= -1.039 vL= 0.336 kl= 0.11 H=  6.85 adv=-0.000 r̄=-0.035 succ=21.9% >exp= 0.0% el=12h48m eta=20h32m
  ep  2240/5000 batch 1700 loss=   0.127 pol=  1.681 vL= 0.190 kl= 0.13 H=  7.77 adv=+0.000 r̄=-0.392 succ=21.8% >exp= 0.0% el=12h51m eta=15h50m
  ep  2560/5000 batch 1720 loss=  -0.407 pol= -1.954 vL= 0.080 kl= 0.11 H= 10.86 adv=+0.000 r̄=-0.304 succ=21.8% >exp= 0.0% el=12h54m eta=12h18m
  ep  2880/5000 batch 1740 loss=   0.404 pol=  3.034 vL= 0.099 kl= 0.09 H=  9.56 adv=+0.000 r̄=-0.486 succ=21.8% >exp= 0.0% el=12h57m eta=9h32m
  ep  3200/5000 batch 1760 loss=  -0.347 pol=  1.035 vL= 0.157 kl= 0.13 H=  8.29 adv=-0.000 r̄=-0.383 succ=21.9% >exp= 0.0% el=13h00m eta=7h18m
  ep  3520/5000 batch 1780 loss=   0.920 pol=  0.206 vL= 0.286 kl= 0.18 H=  6.13 adv=-0.000 r̄=-0.257 succ=21.9% >exp= 0.0% el=13h02m eta=5h29m
  ep  3840/5000 batch 1800 loss=  -1.026 pol=  1.263 vL= 0.079 kl= 0.14 H=  9.82 adv=-0.000 r̄=-0.385 succ=21.9% >exp= 0.0% el=13h05m eta=3h57m
  ep  4160/5000 batch 1820 loss=  -0.232 pol= -0.430 vL= 0.208 kl= 0.20 H=  8.93 adv=+0.000 r̄=-0.236 succ=21.9% >exp= 0.0% el=13h07m eta=2h39m
  ep  4480/5000 batch 1840 loss=   0.363 pol= -0.791 vL= 0.164 kl= 0.22 H=  5.59 adv=+0.000 r̄=-0.081 succ=21.9% >exp= 0.0% el=13h10m eta=1h31m
  ep  4800/5000 batch 1860 loss=   0.616 pol=  1.587 vL= 0.017 kl= 0.30 H= 10.54 adv=+0.000 r̄=-0.403 succ=21.9% >exp= 0.0% el=13h13m eta=33m04s
  >>> Epoch 6/10 DONE: succ=22.5% (1127/5000) mean_loss=-0.0512 mean_reward=-0.273 mean_KL=0.169 mean_H=9.17 epoch_time=43m54s

=== Epoch 7/10 — resetting substrate ===
  ep   128/5000 batch 1880 loss=  -1.015 pol= -1.447 vL= 0.275 kl= 0.55 H= 11.77 adv=+0.000 r̄=-0.293 succ=21.9% >exp= 0.0% el=13h15m eta=504h50m
  ep   448/5000 batch 1900 loss=   0.002 pol=  0.806 vL= 0.182 kl= 0.27 H=  8.76 adv=+0.000 r̄=-0.305 succ=21.9% >exp= 0.0% el=13h18m eta=135h10m
  ep   768/5000 batch 1920 loss=   0.479 pol=  0.706 vL= 0.134 kl= 0.22 H= 10.24 adv=-0.000 r̄=-0.284 succ=21.9% >exp= 0.0% el=13h20m eta=73h31m
  ep  1088/5000 batch 1940 loss=   0.568 pol= -1.603 vL= 0.265 kl= 0.34 H=  8.29 adv=+0.000 r̄=-0.148 succ=21.9% >exp= 0.0% el=13h22m eta=48h05m
  ep  1408/5000 batch 1960 loss=  -1.052 pol=  2.916 vL= 0.098 kl= 0.20 H= 12.37 adv=-0.000 r̄=-0.515 succ=21.9% >exp= 0.0% el=13h25m eta=34h13m
  ep  1728/5000 batch 1980 loss=  -0.400 pol=  0.489 vL= 0.270 kl= 0.13 H= 10.47 adv=+0.000 r̄=-0.191 succ=21.9% >exp= 0.0% el=13h27m eta=25h28m
  ep  2048/5000 batch 2000 loss=  -0.211 pol= -0.025 vL= 0.184 kl= 0.30 H=  6.99 adv=-0.000 r̄=-0.315 succ=21.9% >exp= 0.0% el=13h29m eta=19h27m
  ep  2368/5000 batch 2020 loss=   0.531 pol=  3.914 vL= 0.150 kl= 0.27 H= 10.94 adv=-0.000 r̄=-0.537 succ=21.9% >exp= 0.0% el=13h32m eta=15h02m
  ep  2688/5000 batch 2040 loss=  -0.028 pol= -2.535 vL= 0.104 kl= 0.17 H=  9.57 adv=+0.000 r̄=-0.154 succ=21.9% >exp= 0.0% el=13h34m eta=11h40m
  ep  3008/5000 batch 2060 loss=   0.129 pol= -0.047 vL= 0.152 kl= 0.32 H=  8.82 adv=-0.000 r̄=-0.275 succ=21.9% >exp= 0.0% el=13h37m eta=9h01m
  ep  3328/5000 batch 2080 loss=   0.738 pol=  1.316 vL= 0.097 kl= 0.18 H=  9.17 adv=+0.000 r̄=-0.413 succ=21.9% >exp= 0.0% el=13h40m eta=6h52m
  ep  3648/5000 batch 2100 loss=  -0.254 pol=  0.014 vL= 0.169 kl= 0.12 H=  9.91 adv=+0.000 r̄=-0.384 succ=21.9% >exp= 0.0% el=13h43m eta=5h05m
  ep  3968/5000 batch 2120 loss=  -0.276 pol= -0.366 vL= 0.257 kl= 0.29 H=  7.82 adv=-0.000 r̄=-0.214 succ=21.9% >exp= 0.0% el=13h46m eta=3h34m
  ep  4288/5000 batch 2140 loss=  -0.292 pol=  1.857 vL= 0.097 kl= 0.18 H= 11.15 adv=+0.000 r̄=-0.488 succ=22.0% >exp= 0.0% el=13h49m eta=2h17m
  ep  4608/5000 batch 2160 loss=   0.416 pol= -0.239 vL= 0.110 kl= 0.16 H= 11.86 adv=-0.000 r̄=-0.376 succ=22.0% >exp= 0.0% el=13h52m eta=1h10m
  ep  4928/5000 batch 2180 loss=  -0.209 pol=  0.204 vL= 0.200 kl= 0.29 H= 10.03 adv=-0.000 r̄=-0.249 succ=22.0% >exp= 0.0% el=13h55m eta=12m12s
  >>> Epoch 7/10 DONE: succ=22.3% (1117/5000) mean_loss=-0.0130 mean_reward=-0.268 mean_KL=0.250 mean_H=10.00 epoch_time=40m36s

=== Epoch 8/10 — resetting substrate ===
  ep   256/5000 batch 2200 loss=   0.343 pol=  3.045 vL= 0.074 kl= 0.28 H= 10.42 adv=+0.000 r̄=-0.410 succ=22.0% >exp= 0.0% el=13h58m eta=258h53m
  ep   576/5000 batch 2220 loss=   0.269 pol= -0.783 vL= 0.154 kl= 0.32 H= 10.09 adv=-0.000 r̄=-0.277 succ=22.0% >exp= 0.0% el=14h01m eta=107h42m
  ep   896/5000 batch 2240 loss=  -1.258 pol= -0.235 vL= 0.101 kl= 0.56 H= 13.70 adv=+0.000 r̄=-0.355 succ=22.0% >exp= 0.0% el=14h03m eta=64h25m
  ep  1216/5000 batch 2260 loss=  -0.710 pol= -3.420 vL= 0.134 kl= 0.51 H= 12.90 adv=+0.000 r̄=-0.217 succ=22.0% >exp= 0.0% el=14h06m eta=43h53m
  ep  1536/5000 batch 2280 loss=  -0.209 pol=  0.347 vL= 0.125 kl= 0.21 H= 10.21 adv=-0.000 r̄=-0.327 succ=22.0% >exp= 0.0% el=14h08m eta=31h54m
  ep  1856/5000 batch 2300 loss=   0.508 pol=  4.994 vL= 0.161 kl= 0.17 H= 10.86 adv=-0.000 r̄=-0.382 succ=22.0% >exp= 0.0% el=14h11m eta=24h02m
  ep  2176/5000 batch 2320 loss=  -0.584 pol= -3.196 vL= 0.068 kl= 0.37 H= 13.08 adv=+0.000 r̄=-0.286 succ=22.0% >exp= 0.0% el=14h13m eta=18h27m
  ep  2496/5000 batch 2340 loss=   0.235 pol=  1.617 vL= 0.206 kl= 0.17 H=  9.37 adv=-0.000 r̄=-0.345 succ=22.0% >exp= 0.0% el=14h15m eta=14h18m
  ep  2816/5000 batch 2360 loss=   0.609 pol= -0.412 vL= 0.089 kl= 0.11 H=  9.61 adv=+0.000 r̄=-0.319 succ=22.0% >exp= 0.0% el=14h17m eta=11h05m
  ep  3136/5000 batch 2380 loss=   0.087 pol=  4.400 vL= 0.062 kl= 0.24 H=  9.26 adv=+0.000 r̄=-0.500 succ=21.9% >exp= 0.0% el=14h20m eta=8h31m
  ep  3456/5000 batch 2400 loss=  -0.214 pol=  3.816 vL= 0.151 kl= 0.16 H= 13.81 adv=-0.000 r̄=-0.530 succ=21.9% >exp= 0.0% el=14h23m eta=6h25m
  ep  3776/5000 batch 2420 loss=   0.322 pol= -2.337 vL= 0.196 kl= 0.20 H= 10.59 adv=+0.000 r̄=-0.205 succ=21.9% >exp= 0.0% el=14h25m eta=4h40m
  ep  4096/5000 batch 2440 loss=  -0.034 pol=  0.065 vL= 0.124 kl= 0.28 H= 10.54 adv=+0.000 r̄=-0.332 succ=21.9% >exp= 0.0% el=14h27m eta=3h11m
  ep  4416/5000 batch 2460 loss=  -0.121 pol=  0.552 vL= 0.214 kl= 0.23 H=  7.12 adv=-0.000 r̄=-0.225 succ=21.9% >exp= 0.0% el=14h29m eta=1h55m
  ep  4736/5000 batch 2480 loss=   0.532 pol=  4.200 vL= 0.050 kl= 0.31 H= 10.80 adv=-0.000 r̄=-0.470 succ=21.9% >exp= 0.0% el=14h32m eta=48m36s
  >>> Epoch 8/10 DONE: succ=21.6% (1078/5000) mean_loss=-0.0664 mean_reward=-0.275 mean_KL=0.273 mean_H=10.09 epoch_time=38m25s

=== Epoch 9/10 — resetting substrate ===
  ep    64/5000 batch 2500 loss=  -0.986 pol= -1.255 vL= 0.156 kl= 0.27 H=  8.44 adv=-0.000 r̄=-0.099 succ=22.0% >exp= 0.0% el=14h34m eta=1124h20m
  ep   384/5000 batch 2520 loss=   0.563 pol= -1.499 vL= 0.232 kl= 0.28 H=  8.96 adv=-0.000 r̄=-0.191 succ=22.0% >exp= 0.0% el=14h37m eta=175h45m
  ep   704/5000 batch 2540 loss=  -0.303 pol= -2.267 vL= 0.066 kl= 0.38 H= 11.11 adv=+0.000 r̄=-0.116 succ=22.0% >exp= 0.0% el=14h39m eta=89h29m
  ep  1024/5000 batch 2560 loss=  -0.050 pol=  1.804 vL= 0.216 kl= 0.32 H=  9.91 adv=+0.000 r̄=-0.318 succ=22.0% >exp= 0.0% el=14h42m eta=57h05m
  ep  1344/5000 batch 2580 loss=   0.048 pol= -2.274 vL= 0.183 kl= 0.34 H=  8.03 adv=+0.000 r̄= 0.031 succ=22.0% >exp= 0.0% el=14h44m eta=40h06m
  ep  1664/5000 batch 2600 loss=   0.373 pol= -0.624 vL= 0.150 kl= 0.17 H=  9.88 adv=+0.000 r̄=-0.151 succ=22.0% >exp= 0.0% el=14h47m eta=29h38m
  ep  1984/5000 batch 2620 loss=  -0.503 pol= -1.069 vL= 0.088 kl= 0.19 H= 11.16 adv=-0.000 r̄=-0.210 succ=22.0% >exp= 0.0% el=14h49m eta=22h32m
  ep  2304/5000 batch 2640 loss=   0.700 pol= -1.079 vL= 0.175 kl= 0.31 H= 12.37 adv=+0.000 r̄=-0.201 succ=22.0% >exp= 0.0% el=14h51m eta=17h23m
  ep  2624/5000 batch 2660 loss=  -0.337 pol= -1.461 vL= 0.176 kl= 0.25 H= 11.54 adv=+0.000 r̄=-0.127 succ=22.0% >exp= 0.0% el=14h53m eta=13h29m
  ep  2944/5000 batch 2680 loss=   0.648 pol= -2.354 vL= 0.083 kl= 0.20 H= 12.07 adv=+0.000 r̄=-0.360 succ=22.0% >exp= 0.0% el=14h56m eta=10h25m
  ep  3264/5000 batch 2700 loss=  -0.213 pol= -1.076 vL= 0.095 kl= 0.13 H= 10.51 adv=-0.000 r̄=-0.284 succ=22.0% >exp= 0.0% el=14h58m eta=7h57m
  ep  3584/5000 batch 2720 loss=   0.170 pol= -0.329 vL= 0.159 kl= 0.19 H=  9.33 adv=-0.000 r̄=-0.209 succ=22.0% >exp= 0.0% el=15h00m eta=5h55m
  ep  3904/5000 batch 2740 loss=  -0.061 pol=  0.220 vL= 0.192 kl= 0.19 H=  8.08 adv=+0.000 r̄=-0.252 succ=22.0% >exp= 0.0% el=15h03m eta=4h13m
  ep  4224/5000 batch 2760 loss=  -0.316 pol= -1.903 vL= 0.155 kl= 0.27 H=  9.29 adv=+0.000 r̄=-0.041 succ=22.0% >exp= 0.0% el=15h05m eta=2h46m
  ep  4544/5000 batch 2780 loss=   0.514 pol= -0.041 vL= 0.217 kl= 0.17 H=  9.39 adv=+0.000 r̄=-0.269 succ=22.0% >exp= 0.0% el=15h07m eta=1h31m
  ep  4864/5000 batch 2800 loss=   0.957 pol= -1.253 vL= 0.249 kl= 0.12 H=  9.46 adv=+0.000 r̄=-0.204 succ=22.0% >exp= 0.0% el=15h10m eta=25m27s
  >>> Epoch 9/10 DONE: succ=22.7% (1136/5000) mean_loss= 0.1101 mean_reward=-0.271 mean_KL=0.251 mean_H=9.99 epoch_time=37m17s

=== Epoch 10/10 — resetting substrate ===
  ep   192/5000 batch 2820 loss=  -0.112 pol=  6.218 vL= 0.477 kl= 0.21 H=  8.64 adv=+0.000 r̄=-0.490 succ=22.0% >exp= 0.0% el=15h12m eta=380h59m
  ep   512/5000 batch 2840 loss=   0.181 pol=  0.425 vL= 0.204 kl= 0.37 H=  7.45 adv=-0.000 r̄=-0.440 succ=22.0% >exp= 0.0% el=15h15m eta=133h43m
  ep   832/5000 batch 2860 loss=   0.013 pol= -0.012 vL= 0.134 kl= 0.46 H= 10.37 adv=-0.000 r̄=-0.314 succ=22.0% >exp= 0.0% el=15h18m eta=76h39m
  ep  1152/5000 batch 2880 loss=  -0.682 pol= -0.427 vL= 0.083 kl= 0.30 H= 10.62 adv=-0.000 r̄=-0.362 succ=22.0% >exp= 0.0% el=15h21m eta=51h17m
  ep  1472/5000 batch 2900 loss=  -0.578 pol= -1.912 vL= 0.197 kl= 0.24 H= 10.14 adv=+0.000 r̄=-0.226 succ=22.0% >exp= 0.0% el=15h24m eta=36h54m
  ep  1792/5000 batch 2920 loss=  -0.354 pol= -1.284 vL= 0.057 kl= 0.32 H=  9.36 adv=+0.000 r̄=-0.083 succ=22.1% >exp= 0.0% el=15h27m eta=27h39m
  ep  2112/5000 batch 2940 loss=   0.355 pol= -0.071 vL= 0.177 kl= 0.34 H=  8.84 adv=+0.000 r̄=-0.341 succ=22.0% >exp= 0.0% el=15h30m eta=21h11m
  ep  2432/5000 batch 2960 loss=  -0.223 pol=  2.818 vL= 0.056 kl= 0.32 H= 12.32 adv=-0.000 r̄=-0.468 succ=22.1% >exp= 0.0% el=15h32m eta=16h24m
  ep  2752/5000 batch 2980 loss=  -0.453 pol=  0.563 vL= 0.186 kl= 0.34 H=  8.55 adv=+0.000 r̄=-0.271 succ=22.1% >exp= 0.0% el=15h34m eta=12h43m
  ep  3072/5000 batch 3000 loss=  -0.648 pol=  0.644 vL= 0.135 kl= 0.29 H=  9.03 adv=+0.000 r̄=-0.326 succ=22.1% >exp= 0.0% el=15h37m eta=9h48m
  ep  3392/5000 batch 3020 loss=   0.855 pol=  1.521 vL= 0.143 kl= 0.23 H=  7.40 adv=-0.000 r̄=-0.411 succ=22.1% >exp= 0.0% el=15h39m eta=7h25m
  ep  3712/5000 batch 3040 loss=  -0.283 pol=  1.614 vL= 0.182 kl= 0.22 H= 11.21 adv=-0.000 r̄=-0.299 succ=22.1% >exp= 0.0% el=15h42m eta=5h26m
  ep  4032/5000 batch 3060 loss=  -0.534 pol=  0.415 vL= 0.066 kl= 0.29 H=  8.58 adv=+0.000 r̄=-0.337 succ=22.1% >exp= 0.0% el=15h44m eta=3h46m
  ep  4352/5000 batch 3080 loss=   0.148 pol=  6.293 vL= 0.110 kl= 0.35 H= 13.11 adv=-0.000 r̄=-0.500 succ=22.1% >exp= 0.0% el=15h48m eta=2h21m
  ep  4672/5000 batch 3100 loss=   0.710 pol=  1.441 vL= 0.221 kl= 0.32 H=  7.18 adv=+0.000 r̄=-0.085 succ=22.1% >exp= 0.0% el=15h50m eta=1h06m
  ep  4992/5000 batch 3120 loss=  -0.717 pol= -0.263 vL= 0.036 kl= 0.29 H= 12.31 adv=-0.000 r̄=-0.359 succ=22.1% >exp= 0.0% el=15h52m eta= 1m31s
  >>> Epoch 10/10 DONE: succ=22.6% (1129/5000) mean_loss=-0.1450 mean_reward=-0.266 mean_KL=0.323 mean_H=10.08 epoch_time=40m44s
------------------------------------------------------------------------
  total time:               15h52m
  success rate:             11038/50000 = 22.1%
  final success_cost_ema:   315.04162398038096
  final loss avg:           -0.7175
  checkpoint saved to checkpoints/il_mp_vne_v19_100nodes_costfocused_cont.pt
  epoch summary log: logs/ppo_v19_100nodes_costfocused_cont_epoch_summary.csv
