Loading substrate from datasets/scenario_100nodes_train/substrate.json
Loading VNRs from datasets/scenario_100nodes_train/virtual_requests.json
  Using 5000 VNRs
  Trainable policy (il_mp_vne_v19) loaded from checkpoints/il_mp_vne_v19_100nodes.pt
  rollout=pso → train: cand_head + encoder + value (ordering frozen) (19394 frozen, 36293 trainable)
  Frozen reference policy loaded (KL enabled, β_KL=0.1)
PPO fine-tune: 5000 VNRs, batch=16, lr=0.0003
  baseline=critic V(s), normalize_adv=True, β_H=0.01, value_coef=0.5, success_bonus=1.0, fail_r=-1.0
  checkpoint: checkpoints/il_mp_vne_v19_psotrained_100nodes.pt
------------------------------------------------------------------------
  ep   320/5000 batch   20 loss=  -0.911 pol= -3.716 vL= 0.699 kl= 0.02 H= 35.65 r̄=-0.208 succ=29.7% >exp= 0.0% el= 3m25s eta=50m04s
  ep   640/5000 batch   40 loss=  -0.430 pol=  2.862 vL= 0.685 kl= 0.02 H= 29.42 r̄=-0.363 succ=26.1% >exp= 0.0% el= 6m24s eta=43m41s
  ep   960/5000 batch   60 loss=  -2.482 pol= -5.664 vL= 0.666 kl= 0.03 H= 35.45 r̄=-0.362 succ=26.8% >exp= 0.0% el= 9m41s eta=40m46s
  ep  1280/5000 batch   80 loss=  -2.053 pol= -0.499 vL= 0.497 kl= 0.07 H= 26.07 r̄=-0.419 succ=25.9% >exp= 0.0% el=12m53s eta=37m28s
  ep  1600/5000 batch  100 loss=  -2.503 pol= -2.823 vL= 0.739 kl= 0.05 H= 30.57 r̄=-0.769 succ=25.4% >exp= 0.0% el=16m22s eta=34m47s
  ep  1920/5000 batch  120 loss=  -0.424 pol= -2.483 vL= 0.605 kl= 0.03 H= 25.86 r̄=-0.481 succ=25.3% >exp= 0.0% el=18m48s eta=30m11s
  ep  2240/5000 batch  140 loss=  -0.354 pol= -0.523 vL= 0.774 kl= 0.06 H= 32.22 r̄=-0.475 succ=25.2% >exp= 0.0% el=21m19s eta=26m16s
  ep  2560/5000 batch  160 loss=  -2.993 pol= -3.324 vL= 0.506 kl= 0.06 H= 32.78 r̄=-0.517 succ=24.8% >exp= 0.0% el=23m53s eta=22m46s
  ep  2880/5000 batch  180 loss=  -1.812 pol=  2.266 vL= 0.604 kl= 0.13 H= 33.29 r̄=-0.316 succ=25.3% >exp= 0.0% el=26m37s eta=19m35s
  ep  3200/5000 batch  200 loss=   0.019 pol=  5.037 vL= 0.532 kl= 0.12 H= 33.27 r̄=-0.575 succ=25.0% >exp= 0.0% el=28m47s eta=16m11s
  ep  3520/5000 batch  220 loss=  -0.308 pol= -3.938 vL= 0.762 kl= 0.10 H= 27.82 r̄=-0.607 succ=24.9% >exp= 0.0% el=31m10s eta=13m06s
  ep  3840/5000 batch  240 loss=  -2.614 pol= -5.530 vL= 0.386 kl= 0.30 H= 37.17 r̄=-0.387 succ=25.5% >exp= 0.0% el=33m51s eta=10m13s
  ep  4160/5000 batch  260 loss=  -1.828 pol= -3.479 vL= 0.701 kl= 0.36 H= 38.66 r̄=-0.472 succ=25.7% >exp= 0.0% el=36m11s eta= 7m18s
  ep  4480/5000 batch  280 loss=  -1.826 pol= -1.317 vL= 0.840 kl= 0.33 H= 30.82 r̄=-0.024 succ=26.2% >exp= 0.0% el=38m31s eta= 4m28s
  ep  4800/5000 batch  300 loss=   0.349 pol= -8.156 vL= 0.585 kl= 0.68 H= 46.19 r̄=-0.290 succ=26.3% >exp= 0.0% el=40m52s eta= 1m42s
------------------------------------------------------------------------
  total time:               42m27s
  success rate:             1323/5000 = 26.5%
  final success_cost_ema:   285.3389250747363
  final loss avg:           -1.3296
  checkpoint saved to checkpoints/il_mp_vne_v19_psotrained_100nodes.pt
