Loading substrate from datasets/scenario_200nodes_train/substrate.json
Loading VNRs from datasets/scenario_200nodes_train/virtual_requests.json
  Using 10000 VNRs
  Trainable policy (il_mp_vne_v20) loaded from checkpoints/il_mp_vne_v17_200nodes.pt
  rollout=direct → train: cand_head + encoder + value (ordering frozen) (19394 frozen, 36293 trainable)
  Frozen reference policy loaded (KL enabled, β_KL=0.1)
PPO fine-tune: 10000 VNRs, batch=16, lr=0.0003
  baseline=critic V(s), normalize_adv=True, β_H=0.01, value_coef=0.5, success_bonus=1.0, fail_r=-1.0
  checkpoint: checkpoints/il_mp_vne_v20_200nodes.pt
------------------------------------------------------------------------
  ep   320/10000 batch   20 loss=  -1.450 pol= -1.335 vL= 0.529 kl= 0.03 H= 14.91 r̄=-0.734 succ= 8.8% >exp= 0.0% el= 9m17s eta=4h41m
  ep   640/10000 batch   40 loss=  -1.699 pol= -1.423 vL= 0.257 kl= 0.02 H= 15.28 r̄=-0.872 succ= 9.1% >exp= 0.0% el=17m45s eta=4h19m
  ep   960/10000 batch   60 loss=  -1.501 pol= -0.162 vL= 0.062 kl= 0.26 H= 17.40 r̄=-1.000 succ= 9.1% >exp= 0.0% el=26m38s eta=4h10m
  ep  1280/10000 batch   80 loss=  -1.046 pol=  1.851 vL= 0.013 kl= 0.26 H= 17.11 r̄=-1.000 succ= 8.4% >exp= 0.0% el=33m47s eta=3h50m
  ep  1600/10000 batch  100 loss=  -0.406 pol=  0.497 vL= 0.038 kl= 0.08 H= 15.63 r̄=-1.000 succ= 8.2% >exp= 0.0% el=41m12s eta=3h36m
  ep  1920/10000 batch  120 loss=  -0.762 pol=  2.791 vL= 0.024 kl= 0.10 H= 14.58 r̄=-1.000 succ= 8.1% >exp= 0.0% el=51m14s eta=3h35m
  ep  2240/10000 batch  140 loss=  -1.075 pol= -0.864 vL= 0.252 kl= 0.10 H= 15.33 r̄=-0.867 succ= 8.3% >exp= 0.0% el=1h04m eta=3h42m
  ep  2560/10000 batch  160 loss=  -0.858 pol= -0.305 vL= 0.165 kl= 0.06 H= 15.90 r̄=-0.894 succ= 8.1% >exp= 0.0% el=1h14m eta=3h36m
  ep  2880/10000 batch  180 loss=  -0.654 pol=  2.513 vL= 0.045 kl= 0.16 H= 13.40 r̄=-1.000 succ= 8.1% >exp= 0.0% el=1h29m eta=3h40m
  ep  3200/10000 batch  200 loss=   0.100 pol= -0.257 vL= 0.341 kl= 0.11 H= 13.43 r̄=-0.793 succ= 8.1% >exp= 0.0% el=1h38m eta=3h28m
  ep  3520/10000 batch  220 loss=   0.017 pol= -2.880 vL= 0.461 kl= 0.19 H= 10.10 r̄=-0.739 succ= 7.8% >exp= 0.0% el=1h48m eta=3h19m
  ep  3840/10000 batch  240 loss=   0.037 pol=  0.968 vL= 0.064 kl= 0.19 H= 12.44 r̄=-1.000 succ= 7.9% >exp= 0.0% el=2h00m eta=3h14m
  ep  4160/10000 batch  260 loss=   0.167 pol= -1.411 vL= 0.426 kl= 0.17 H= 12.11 r̄=-0.741 succ= 7.9% >exp= 0.0% el=2h11m eta=3h04m
  ep  4480/10000 batch  280 loss=  -0.103 pol= -1.283 vL= 0.418 kl= 0.15 H= 10.95 r̄=-0.739 succ= 7.9% >exp= 0.0% el=2h22m eta=2h55m
  ep  4800/10000 batch  300 loss=   0.759 pol= -0.667 vL= 0.154 kl= 0.10 H= 15.25 r̄=-0.902 succ= 7.6% >exp= 0.0% el=2h35m eta=2h48m
  ep  5120/10000 batch  320 loss=   0.304 pol=  1.933 vL= 0.058 kl= 0.12 H= 12.45 r̄=-1.000 succ= 7.5% >exp= 0.0% el=2h47m eta=2h39m
  ep  5440/10000 batch  340 loss=  -0.750 pol=  3.762 vL= 0.050 kl= 0.09 H= 12.36 r̄=-1.000 succ= 7.7% >exp= 0.0% el=3h02m eta=2h32m
  ep  5760/10000 batch  360 loss=   0.063 pol= -0.160 vL= 0.244 kl= 0.08 H= 15.07 r̄=-0.862 succ= 7.7% >exp= 0.0% el=3h13m eta=2h22m
  ep  6080/10000 batch  380 loss=   0.149 pol=  3.718 vL= 0.024 kl= 0.09 H= 13.81 r̄=-1.000 succ= 7.7% >exp= 0.0% el=3h27m eta=2h13m
  ep  6400/10000 batch  400 loss=  -0.117 pol= -0.276 vL= 0.424 kl= 0.15 H= 11.66 r̄=-0.754 succ= 7.8% >exp= 0.0% el=3h40m eta=2h03m
  ep  6720/10000 batch  420 loss=   0.132 pol=  4.679 vL= 0.038 kl= 0.18 H= 13.18 r̄=-1.000 succ= 7.9% >exp= 0.0% el=3h54m eta=1h54m
  ep  7040/10000 batch  440 loss=   0.122 pol= -1.162 vL= 0.300 kl= 0.18 H= 12.25 r̄=-0.866 succ= 7.9% >exp= 0.0% el=4h05m eta=1h43m
  ep  7360/10000 batch  460 loss=   0.822 pol=  1.157 vL= 0.017 kl= 0.08 H= 15.85 r̄=-1.000 succ= 7.8% >exp= 0.0% el=4h16m eta=1h31m
  ep  7680/10000 batch  480 loss=   0.394 pol= -0.406 vL= 0.273 kl= 0.06 H= 13.99 r̄=-0.869 succ= 7.8% >exp= 0.0% el=4h28m eta=1h21m
  ep  8000/10000 batch  500 loss=   0.283 pol=  4.676 vL= 0.093 kl= 0.27 H= 16.70 r̄=-1.000 succ= 7.8% >exp= 0.0% el=4h41m eta=1h10m
  ep  8320/10000 batch  520 loss=  -0.760 pol= -0.478 vL= 0.193 kl= 0.44 H= 17.15 r̄=-0.879 succ= 7.8% >exp= 0.0% el=4h51m eta=58m53s
  ep  8640/10000 batch  540 loss=  -0.871 pol= -0.116 vL= 0.282 kl= 0.35 H= 17.59 r̄=-0.803 succ= 7.9% >exp= 0.0% el=5h04m eta=47m51s
  ep  8960/10000 batch  560 loss=  -0.363 pol= -1.105 vL= 0.255 kl= 0.11 H= 15.55 r̄=-0.863 succ= 7.9% >exp= 0.0% el=5h15m eta=36m39s
  ep  9280/10000 batch  580 loss=   0.363 pol= -0.754 vL= 0.512 kl= 0.06 H= 14.50 r̄=-0.744 succ= 7.8% >exp= 0.0% el=5h28m eta=25m29s
  ep  9600/10000 batch  600 loss=  -0.082 pol= -0.440 vL= 0.300 kl= 0.06 H= 14.38 r̄=-0.800 succ= 7.9% >exp= 0.0% el=5h40m eta=14m11s
  ep  9920/10000 batch  620 loss=   0.602 pol=  0.006 vL= 0.431 kl= 0.07 H= 14.22 r̄=-0.732 succ= 7.8% >exp= 0.0% el=5h52m eta= 2m50s
------------------------------------------------------------------------
  total time:               5h56m
  success rate:             782/10000 = 7.8%
  final success_cost_ema:   307.0525205127814
  final loss avg:           0.3032
  checkpoint saved to checkpoints/il_mp_vne_v20_200nodes.pt
