Loading substrate from datasets/scenario_50nodes_train/substrate.json
Loading VNRs from datasets/scenario_50nodes_train/virtual_requests.json
  Using 5000 VNRs
  Trainable policy (il_mp_vne_v19) loaded from checkpoints/il_mp_vne_v19_50nodes_costfocused.pt
  rollout=direct → train: cand_head + encoder + value (ordering frozen) (19394 frozen, 36293 trainable)
  Frozen reference policy loaded (KL enabled, β_KL=0.1)
PPO fine-tune: 5000 VNRs, batch=16, lr=0.0003
  baseline=critic V(s), normalize_adv=True, β_H=0.01, value_coef=0.5, reward=cost_rel α=0.5 λ=1.0, fail_r=-0.5
  checkpoint: checkpoints/il_mp_vne_v19_50nodes_cf_cont.pt
------------------------------------------------------------------------
  ep   320/5000 batch   20 loss=  -0.318 pol= -1.976 vL= 0.250 kl= 0.02 H=  5.74 r̄= 0.063 succ=33.1% >exp= 0.0% el=  26s eta= 6m27s
  ep   640/5000 batch   40 loss=  -0.176 pol= -3.354 vL= 0.176 kl= 0.07 H=  7.11 r̄= 0.091 succ=32.2% >exp= 0.0% el=  51s eta= 5m45s
  ep   960/5000 batch   60 loss=  -0.117 pol=  2.878 vL= 0.108 kl= 0.06 H=  9.01 r̄=-0.206 succ=33.4% >exp= 0.0% el= 1m16s eta= 5m23s
  ep  1280/5000 batch   80 loss=  -0.271 pol=  1.832 vL= 0.218 kl= 0.02 H=  6.15 r̄=-0.410 succ=33.6% >exp= 0.0% el= 1m43s eta= 5m00s
  ep  1600/5000 batch  100 loss=  -0.440 pol= -0.491 vL= 0.428 kl= 0.06 H=  5.84 r̄=-0.383 succ=33.6% >exp= 0.0% el= 2m07s eta= 4m30s
  ep  1920/5000 batch  120 loss=  -0.110 pol= -0.199 vL= 0.363 kl= 0.10 H=  5.04 r̄= 0.038 succ=33.6% >exp= 0.0% el= 2m32s eta= 4m04s
  ep  2240/5000 batch  140 loss=  -0.247 pol=  1.342 vL= 0.349 kl= 0.10 H=  6.71 r̄=-0.259 succ=33.3% >exp= 0.0% el= 2m55s eta= 3m36s
  ep  2560/5000 batch  160 loss=  -0.337 pol= -0.041 vL= 0.107 kl= 0.36 H=  4.80 r̄=-0.338 succ=33.2% >exp= 0.0% el= 3m19s eta= 3m10s
  ep  2880/5000 batch  180 loss=  -0.011 pol=  1.133 vL= 0.140 kl= 0.16 H=  7.14 r̄=-0.317 succ=33.3% >exp= 0.0% el= 3m44s eta= 2m45s
  ep  3200/5000 batch  200 loss=  -0.786 pol= -2.271 vL= 0.382 kl= 0.11 H=  7.12 r̄=-0.251 succ=33.2% >exp= 0.0% el= 4m08s eta= 2m19s
  ep  3520/5000 batch  220 loss=  -0.261 pol=  0.198 vL= 0.104 kl= 0.19 H=  5.78 r̄=-0.048 succ=33.4% >exp= 0.0% el= 4m34s eta= 1m55s
  ep  3840/5000 batch  240 loss=   0.811 pol= -1.209 vL= 0.229 kl= 0.09 H=  8.40 r̄=-0.286 succ=33.6% >exp= 0.0% el= 5m00s eta= 1m30s
  ep  4160/5000 batch  260 loss=  -0.550 pol= -2.082 vL= 0.117 kl= 0.16 H=  9.43 r̄=-0.088 succ=33.8% >exp= 0.0% el= 5m24s eta= 1m05s
  ep  4480/5000 batch  280 loss=  -0.360 pol= -1.326 vL= 0.176 kl= 0.20 H=  5.21 r̄= 0.068 succ=34.0% >exp= 0.0% el= 5m49s eta=  41s
  ep  4800/5000 batch  300 loss=   0.054 pol= -0.574 vL= 0.277 kl= 0.26 H=  5.94 r̄= 0.065 succ=34.1% >exp= 0.0% el= 6m13s eta=  16s
  >>> Epoch 1/40 DONE: succ=34.3% (1717/5000) mean_loss=-0.2306 mean_reward=-0.147 mean_KL=0.103 mean_H=7.23 epoch_time= 6m28s

=== Epoch 2/40 — resetting substrate ===
  ep   128/5000 batch  320 loss=  -0.319 pol= -1.398 vL= 0.072 kl= 0.10 H=  8.34 r̄=-0.152 succ=34.3% >exp= 0.0% el= 6m39s eta=4h13m
  ep   448/5000 batch  340 loss=   0.441 pol=  0.760 vL= 0.371 kl= 0.20 H=  5.62 r̄=-0.172 succ=34.3% >exp= 0.0% el= 7m05s eta=1h12m
  ep   768/5000 batch  360 loss=  -0.321 pol= -0.324 vL= 0.271 kl= 0.11 H=  5.12 r̄=-0.212 succ=34.1% >exp= 0.0% el= 7m32s eta=41m31s
  ep  1088/5000 batch  380 loss=  -0.075 pol=  1.809 vL= 0.211 kl= 0.08 H=  4.80 r̄=-0.422 succ=33.9% >exp= 0.0% el= 7m56s eta=28m33s
  ep  1408/5000 batch  400 loss=  -0.058 pol=  1.377 vL= 0.187 kl= 0.10 H=  6.81 r̄=-0.255 succ=33.8% >exp= 0.0% el= 8m21s eta=21m19s
  ep  1728/5000 batch  420 loss=  -0.852 pol= -0.846 vL= 0.154 kl= 0.12 H=  7.05 r̄=-0.179 succ=33.9% >exp= 0.0% el= 8m46s eta=16m37s
  ep  2048/5000 batch  440 loss=  -0.154 pol=  0.969 vL= 0.154 kl= 0.33 H=  7.03 r̄=-0.278 succ=33.9% >exp= 0.0% el= 9m10s eta=13m13s
  ep  2368/5000 batch  460 loss=  -0.091 pol=  0.802 vL= 0.162 kl= 0.13 H=  5.31 r̄=-0.214 succ=33.9% >exp= 0.0% el= 9m35s eta=10m39s
  ep  2688/5000 batch  480 loss=   0.063 pol= -1.238 vL= 0.169 kl= 0.18 H=  5.16 r̄= 0.135 succ=34.1% >exp= 0.0% el=10m01s eta= 8m36s
  ep  3008/5000 batch  500 loss=   0.051 pol= -0.426 vL= 0.186 kl= 0.26 H=  5.04 r̄= 0.000 succ=34.0% >exp= 0.0% el=10m27s eta= 6m55s
  ep  3328/5000 batch  520 loss=  -0.424 pol=  0.335 vL= 0.152 kl= 0.20 H=  4.58 r̄=-0.243 succ=34.2% >exp= 0.0% el=10m52s eta= 5m28s
  ep  3648/5000 batch  540 loss=   0.076 pol=  1.784 vL= 0.392 kl= 0.28 H=  4.72 r̄=-0.145 succ=34.3% >exp= 0.0% el=11m19s eta= 4m11s
  ep  3968/5000 batch  560 loss=   0.320 pol=  1.664 vL= 0.160 kl= 0.37 H=  6.81 r̄=-0.304 succ=34.4% >exp= 0.0% el=11m45s eta= 3m03s
  ep  4288/5000 batch  580 loss=  -0.480 pol= -2.238 vL= 0.161 kl= 0.08 H=  6.60 r̄=-0.019 succ=34.4% >exp= 0.0% el=12m10s eta= 2m01s
  ep  4608/5000 batch  600 loss=   0.135 pol= -2.466 vL= 0.272 kl= 0.05 H=  4.83 r̄=-0.210 succ=34.5% >exp= 0.0% el=12m36s eta= 1m04s
  ep  4928/5000 batch  620 loss=   0.307 pol=  0.109 vL= 0.178 kl= 0.10 H=  5.86 r̄=-0.165 succ=34.6% >exp= 0.0% el=12m59s eta=  11s
  >>> Epoch 2/40 DONE: succ=34.9% (1746/5000) mean_loss=-0.0591 mean_reward=-0.149 mean_KL=0.163 mean_H=6.26 epoch_time= 6m35s

=== Epoch 3/40 — resetting substrate ===
  ep   256/5000 batch  640 loss=  -0.468 pol= -2.219 vL= 0.179 kl= 0.07 H=  7.28 r̄= 0.018 succ=34.6% >exp= 0.0% el=13m25s eta=4h08m
  ep   576/5000 batch  660 loss=   0.333 pol= -0.541 vL= 0.162 kl= 0.09 H=  8.15 r̄=-0.253 succ=34.6% >exp= 0.0% el=13m51s eta=1h46m
  ep   896/5000 batch  680 loss=  -1.061 pol= -0.782 vL= 0.153 kl= 0.16 H=  8.77 r̄=-0.054 succ=34.4% >exp= 0.0% el=14m16s eta=1h05m
  ep  1216/5000 batch  700 loss=  -0.731 pol= -0.760 vL= 0.117 kl= 0.18 H=  8.00 r̄=-0.266 succ=34.4% >exp= 0.0% el=14m42s eta=45m46s
  ep  1536/5000 batch  720 loss=   0.266 pol= -1.817 vL= 0.292 kl= 0.33 H=  6.76 r̄=-0.070 succ=34.3% >exp= 0.0% el=15m08s eta=34m09s
  ep  1856/5000 batch  740 loss=  -0.057 pol= -1.041 vL= 0.242 kl= 0.22 H=  7.66 r̄=-0.157 succ=34.4% >exp= 0.0% el=15m35s eta=26m23s
  ep  2176/5000 batch  760 loss=   0.051 pol= -0.994 vL= 0.224 kl= 0.15 H=  5.74 r̄= 0.049 succ=34.4% >exp= 0.0% el=15m58s eta=20m44s
  ep  2496/5000 batch  780 loss=  -0.056 pol= -1.137 vL= 0.453 kl= 0.39 H=  8.52 r̄=-0.020 succ=34.3% >exp= 0.0% el=16m25s eta=16m28s
  ep  2816/5000 batch  800 loss=  -0.088 pol=  2.138 vL= 0.112 kl= 0.09 H=  5.82 r̄=-0.392 succ=34.2% >exp= 0.0% el=16m49s eta=13m03s
  ep  3136/5000 batch  820 loss=  -0.346 pol= -1.813 vL= 0.184 kl= 0.41 H= 10.05 r̄=-0.125 succ=34.3% >exp= 0.0% el=17m18s eta=10m17s
  ep  3456/5000 batch  840 loss=  -0.459 pol= -1.570 vL= 0.122 kl= 0.14 H=  7.07 r̄= 0.253 succ=34.4% >exp= 0.0% el=17m45s eta= 7m55s
  ep  3776/5000 batch  860 loss=   0.186 pol=  0.995 vL= 0.231 kl= 0.37 H=  7.21 r̄=-0.351 succ=34.4% >exp= 0.0% el=18m10s eta= 5m53s
  ep  4096/5000 batch  880 loss=   0.019 pol= -0.413 vL= 0.154 kl= 0.13 H=  6.41 r̄=-0.069 succ=34.4% >exp= 0.0% el=18m36s eta= 4m06s
  ep  4416/5000 batch  900 loss=  -1.369 pol= -2.189 vL= 0.109 kl= 0.15 H=  7.45 r̄=-0.104 succ=34.3% >exp= 0.0% el=19m02s eta= 2m31s
  ep  4736/5000 batch  920 loss=  -0.559 pol= -0.398 vL= 0.118 kl= 0.36 H=  7.59 r̄=-0.086 succ=34.4% >exp= 0.0% el=19m28s eta= 1m05s
  >>> Epoch 3/40 DONE: succ=34.3% (1714/5000) mean_loss=-0.2725 mean_reward=-0.147 mean_KL=0.199 mean_H=7.24 epoch_time= 6m44s

=== Epoch 4/40 — resetting substrate ===
  ep    64/5000 batch  940 loss=  -0.042 pol= -2.260 vL= 0.114 kl= 0.57 H= 11.07 r̄=-0.081 succ=34.5% >exp= 0.0% el=19m53s eta=25h34m
  ep   384/5000 batch  960 loss=   0.327 pol=  1.138 vL= 0.214 kl= 0.19 H=  7.09 r̄=-0.306 succ=34.5% >exp= 0.0% el=20m21s eta=4h04m
  ep   704/5000 batch  980 loss=   0.483 pol=  0.878 vL= 0.260 kl= 0.11 H=  7.43 r̄=-0.201 succ=34.5% >exp= 0.0% el=20m45s eta=2h06m
  ep  1024/5000 batch 1000 loss=  -0.774 pol= -0.990 vL= 0.288 kl= 0.17 H=  6.78 r̄= 0.002 succ=34.5% >exp= 0.0% el=21m12s eta=1h22m
  ep  1344/5000 batch 1020 loss=  -0.070 pol= -0.558 vL= 0.169 kl= 0.18 H=  5.71 r̄= 0.086 succ=34.4% >exp= 0.0% el=21m39s eta=58m53s
  ep  1664/5000 batch 1040 loss=   0.012 pol=  1.712 vL= 0.059 kl= 0.09 H=  4.96 r̄=-0.436 succ=34.3% >exp= 0.0% el=22m05s eta=44m16s
  ep  1984/5000 batch 1060 loss=   0.010 pol= -1.260 vL= 0.184 kl= 0.29 H=  5.43 r̄=-0.027 succ=34.3% >exp= 0.0% el=22m29s eta=34m11s
  ep  2304/5000 batch 1080 loss=   0.011 pol= -0.782 vL= 0.140 kl= 0.16 H=  8.48 r̄=-0.184 succ=34.3% >exp= 0.0% el=22m53s eta=26m47s
  ep  2624/5000 batch 1100 loss=  -0.673 pol= -0.797 vL= 0.282 kl= 0.19 H=  7.79 r̄= 0.000 succ=34.4% >exp= 0.0% el=23m28s eta=21m14s
  ep  2944/5000 batch 1120 loss=   0.193 pol= -1.791 vL= 0.116 kl= 0.10 H=  9.10 r̄=-0.117 succ=34.3% >exp= 0.0% el=24m05s eta=16m49s
  ep  3264/5000 batch 1140 loss=   0.189 pol= -1.484 vL= 0.255 kl= 0.11 H=  6.78 r̄=-0.283 succ=34.3% >exp= 0.0% el=24m45s eta=13m10s
  ep  3584/5000 batch 1160 loss=   0.336 pol=  0.026 vL= 0.205 kl= 0.17 H=  6.78 r̄=-0.196 succ=34.3% >exp= 0.0% el=25m18s eta=10m00s
  ep  3904/5000 batch 1180 loss=  -0.310 pol=  0.434 vL= 0.123 kl= 0.14 H=  5.71 r̄= 0.244 succ=34.3% >exp= 0.0% el=25m47s eta= 7m14s
  ep  4224/5000 batch 1200 loss=  -0.071 pol=  3.614 vL= 0.026 kl= 0.10 H= 10.01 r̄=-0.500 succ=34.2% >exp= 0.0% el=26m15s eta= 4m49s
  ep  4544/5000 batch 1220 loss=  -0.927 pol= -2.936 vL= 0.303 kl= 0.22 H=  7.06 r̄= 0.036 succ=34.3% >exp= 0.0% el=26m42s eta= 2m40s
  ep  4864/5000 batch 1240 loss=   0.211 pol=  1.527 vL= 0.135 kl= 0.18 H=  9.19 r̄=-0.337 succ=34.3% >exp= 0.0% el=27m10s eta=  46s
  >>> Epoch 4/40 DONE: succ=33.8% (1688/5000) mean_loss=-0.0728 mean_reward=-0.154 mean_KL=0.181 mean_H=7.31 epoch_time= 7m32s

=== Epoch 5/40 — resetting substrate ===
  ep   192/5000 batch 1260 loss=  -0.623 pol= -2.744 vL= 0.252 kl= 0.37 H=  7.72 r̄= 0.171 succ=34.3% >exp= 0.0% el=27m38s eta=11h32m
  ep   512/5000 batch 1280 loss=   0.711 pol=  1.171 vL= 0.031 kl= 0.22 H= 10.20 r̄=-0.311 succ=34.2% >exp= 0.0% el=28m04s eta=4h06m
  ep   832/5000 batch 1300 loss=  -0.133 pol= -1.057 vL= 0.106 kl= 0.15 H=  8.39 r̄=-0.142 succ=34.2% >exp= 0.0% el=28m31s eta=2h22m
  ep  1152/5000 batch 1320 loss=   0.078 pol= -0.329 vL= 0.267 kl= 0.22 H=  5.42 r̄= 0.070 succ=34.1% >exp= 0.0% el=28m59s eta=1h36m
  ep  1472/5000 batch 1340 loss=   0.306 pol=  0.249 vL= 0.107 kl= 0.15 H=  7.29 r̄=-0.097 succ=34.1% >exp= 0.0% el=29m27s eta=1h10m
  ep  1792/5000 batch 1360 loss=  -0.381 pol= -0.392 vL= 0.179 kl= 0.06 H=  7.83 r̄=-0.306 succ=34.1% >exp= 0.0% el=29m57s eta=53m37s
  ep  2112/5000 batch 1380 loss=  -0.181 pol= -1.249 vL= 0.159 kl= 0.16 H=  8.08 r̄= 0.093 succ=34.2% >exp= 0.0% el=30m23s eta=41m33s
  ep  2432/5000 batch 1400 loss=  -0.065 pol=  0.616 vL= 0.116 kl= 0.08 H=  8.86 r̄=-0.367 succ=34.2% >exp= 0.0% el=30m50s eta=32m34s
  ep  2752/5000 batch 1420 loss=  -0.223 pol=  0.760 vL= 0.063 kl= 0.21 H=  6.64 r̄=-0.266 succ=34.2% >exp= 0.0% el=31m20s eta=25m36s
  ep  3072/5000 batch 1440 loss=   0.140 pol= -0.328 vL= 0.279 kl= 0.24 H=  9.02 r̄= 0.010 succ=34.1% >exp= 0.0% el=31m49s eta=19m58s
  ep  3392/5000 batch 1460 loss=  -0.037 pol= -1.505 vL= 0.202 kl= 0.25 H=  6.70 r̄=-0.031 succ=34.1% >exp= 0.0% el=32m25s eta=15m22s
  ep  3712/5000 batch 1480 loss=  -0.201 pol= -1.043 vL= 0.099 kl= 0.29 H=  6.84 r̄=-0.164 succ=34.2% >exp= 0.0% el=32m56s eta=11m25s
  ep  4032/5000 batch 1500 loss=   0.301 pol=  0.187 vL= 0.111 kl= 0.13 H=  6.00 r̄=-0.190 succ=34.2% >exp= 0.0% el=33m27s eta= 8m01s
  ep  4352/5000 batch 1520 loss=  -0.775 pol= -0.760 vL= 0.162 kl= 0.16 H=  4.95 r̄=-0.043 succ=34.2% >exp= 0.0% el=33m57s eta= 5m03s
  ep  4672/5000 batch 1540 loss=  -0.047 pol= -0.058 vL= 0.135 kl= 0.15 H=  7.22 r̄=-0.203 succ=34.3% >exp= 0.0% el=34m32s eta= 2m25s
  ep  4992/5000 batch 1560 loss=  -0.018 pol=  0.024 vL= 0.264 kl= 0.10 H=  4.82 r̄= 0.038 succ=34.3% >exp= 0.0% el=35m05s eta=   3s
  >>> Epoch 5/40 DONE: succ=34.3% (1714/5000) mean_loss=-0.0753 mean_reward=-0.149 mean_KL=0.186 mean_H=7.30 epoch_time= 7m44s

=== Epoch 6/40 — resetting substrate ===
  ep   320/5000 batch 1580 loss=  -0.730 pol= -0.465 vL= 0.257 kl= 0.12 H=  4.69 r̄= 0.169 succ=34.3% >exp= 0.0% el=35m38s eta=8h41m
  ep   640/5000 batch 1600 loss=  -0.497 pol= -1.627 vL= 0.269 kl= 0.08 H=  6.83 r̄=-0.019 succ=34.3% >exp= 0.0% el=36m08s eta=4h06m
  ep   960/5000 batch 1620 loss=   0.496 pol=  1.981 vL= 0.129 kl= 0.11 H= 10.55 r̄=-0.213 succ=34.3% >exp= 0.0% el=36m36s eta=2h34m
  ep  1280/5000 batch 1640 loss=  -0.579 pol=  3.605 vL= 0.137 kl= 0.17 H=  7.45 r̄=-0.539 succ=34.2% >exp= 0.0% el=37m10s eta=1h48m
  ep  1600/5000 batch 1660 loss=  -0.189 pol= -0.294 vL= 0.219 kl= 0.15 H=  5.09 r̄=-0.038 succ=34.2% >exp= 0.0% el=37m51s eta=1h20m
  ep  1920/5000 batch 1680 loss=  -0.005 pol=  0.620 vL= 0.232 kl= 0.23 H=  4.88 r̄= 0.215 succ=34.2% >exp= 0.0% el=38m22s eta=1h01m
  ep  2240/5000 batch 1700 loss=  -0.244 pol=  0.888 vL= 0.381 kl= 0.33 H=  5.39 r̄=-0.217 succ=34.2% >exp= 0.0% el=38m49s eta=47m50s
  ep  2560/5000 batch 1720 loss=   0.105 pol= -0.515 vL= 0.194 kl= 0.08 H=  4.10 r̄=-0.161 succ=34.2% >exp= 0.0% el=39m20s eta=37m29s
  ep  2880/5000 batch 1740 loss=  -0.154 pol=  1.409 vL= 0.303 kl= 0.10 H=  7.03 r̄=-0.296 succ=34.3% >exp= 0.0% el=39m49s eta=29m18s
  ep  3200/5000 batch 1760 loss=   0.250 pol= -0.157 vL= 0.254 kl= 0.14 H=  7.05 r̄=-0.021 succ=34.3% >exp= 0.0% el=40m16s eta=22m39s
  ep  3520/5000 batch 1780 loss=  -0.522 pol= -0.159 vL= 0.133 kl= 0.27 H=  7.04 r̄= 0.047 succ=34.3% >exp= 0.0% el=40m45s eta=17m08s
  ep  3840/5000 batch 1800 loss=   0.257 pol= -0.079 vL= 0.173 kl= 0.21 H=  8.67 r̄=-0.061 succ=34.3% >exp= 0.0% el=41m22s eta=12m30s
  ep  4160/5000 batch 1820 loss=  -0.311 pol=  1.010 vL= 0.161 kl= 0.12 H=  8.75 r̄=-0.303 succ=34.3% >exp= 0.0% el=41m57s eta= 8m28s
  ep  4480/5000 batch 1840 loss=  -0.637 pol= -0.302 vL= 0.197 kl= 0.24 H=  4.54 r̄= 0.049 succ=34.3% >exp= 0.0% el=42m32s eta= 4m56s
  ep  4800/5000 batch 1860 loss=   0.337 pol= -0.357 vL= 0.428 kl= 0.50 H=  5.32 r̄=-0.090 succ=34.3% >exp= 0.0% el=43m07s eta= 1m47s
  >>> Epoch 6/40 DONE: succ=34.5% (1723/5000) mean_loss=-0.1592 mean_reward=-0.147 mean_KL=0.183 mean_H=7.00 epoch_time= 8m21s

=== Epoch 7/40 — resetting substrate ===
  ep   128/5000 batch 1880 loss=  -0.358 pol= -2.303 vL= 0.083 kl= 0.20 H=  8.10 r̄=-0.117 succ=34.4% >exp= 0.0% el=43m44s eta=27h44m
  ep   448/5000 batch 1900 loss=  -0.300 pol=  0.750 vL= 0.121 kl= 0.26 H=  4.71 r̄=-0.032 succ=34.4% >exp= 0.0% el=44m22s eta=7h30m
  ep   768/5000 batch 1920 loss=   0.017 pol= -1.766 vL= 0.401 kl= 0.53 H=  5.45 r̄=-0.184 succ=34.3% >exp= 0.0% el=44m58s eta=4h07m
  ep  1088/5000 batch 1940 loss=  -0.418 pol= -0.150 vL= 0.219 kl= 0.22 H=  5.30 r̄=-0.245 succ=34.3% >exp= 0.0% el=45m28s eta=2h43m
  ep  1408/5000 batch 1960 loss=   0.531 pol=  0.665 vL= 0.258 kl= 0.15 H=  7.34 r̄=-0.224 succ=34.3% >exp= 0.0% el=45m56s eta=1h57m
  ep  1728/5000 batch 1980 loss=  -0.902 pol= -1.748 vL= 0.241 kl= 0.11 H=  7.84 r̄=-0.003 succ=34.3% >exp= 0.0% el=46m24s eta=1h27m
  ep  2048/5000 batch 2000 loss=   0.110 pol=  1.848 vL= 0.259 kl= 0.17 H=  7.43 r̄=-0.566 succ=34.3% >exp= 0.0% el=46m50s eta=1h07m
  ep  2368/5000 batch 2020 loss=  -0.437 pol=  0.993 vL= 0.169 kl= 0.08 H=  7.72 r̄=-0.277 succ=34.3% >exp= 0.0% el=47m16s eta=52m32s
  ep  2688/5000 batch 2040 loss=  -0.462 pol= -2.409 vL= 0.172 kl= 0.14 H=  6.44 r̄= 0.047 succ=34.3% >exp= 0.0% el=47m42s eta=41m02s
  ep  3008/5000 batch 2060 loss=   0.316 pol=  0.550 vL= 0.165 kl= 0.10 H=  6.82 r̄=-0.122 succ=34.3% >exp= 0.0% el=48m07s eta=31m52s
  ep  3328/5000 batch 2080 loss=  -0.503 pol= -0.366 vL= 0.209 kl= 0.21 H=  4.80 r̄=-0.159 succ=34.2% >exp= 0.0% el=48m33s eta=24m23s
  ep  3648/5000 batch 2100 loss=  -0.352 pol=  1.110 vL= 0.273 kl= 0.15 H=  5.26 r̄=-0.020 succ=34.3% >exp= 0.0% el=49m00s eta=18m09s
  ep  3968/5000 batch 2120 loss=   0.629 pol=  0.171 vL= 0.143 kl= 0.30 H=  7.52 r̄=-0.388 succ=34.2% >exp= 0.0% el=49m26s eta=12m51s
  ep  4288/5000 batch 2140 loss=  -0.662 pol= -1.498 vL= 0.188 kl= 0.20 H=  7.20 r̄=-0.124 succ=34.2% >exp= 0.0% el=49m50s eta= 8m16s
  ep  4608/5000 batch 2160 loss=   0.112 pol= -2.376 vL= 0.200 kl= 0.17 H=  5.41 r̄= 0.363 succ=34.3% >exp= 0.0% el=50m18s eta= 4m16s
  ep  4928/5000 batch 2180 loss=   0.084 pol=  1.186 vL= 0.220 kl= 0.14 H=  4.93 r̄=-0.184 succ=34.2% >exp= 0.0% el=50m42s eta=  44s
  >>> Epoch 7/40 DONE: succ=33.7% (1685/5000) mean_loss=-0.1521 mean_reward=-0.162 mean_KL=0.187 mean_H=6.63 epoch_time= 7m20s

=== Epoch 8/40 — resetting substrate ===
  ep   256/5000 batch 2200 loss=  -0.272 pol= -3.374 vL= 0.086 kl= 0.16 H=  7.83 r̄= 0.083 succ=34.3% >exp= 0.0% el=51m08s eta=15h47m
  ep   576/5000 batch 2220 loss=   0.376 pol= -1.655 vL= 0.164 kl= 0.12 H=  8.25 r̄=-0.027 succ=34.3% >exp= 0.0% el=51m34s eta=6h36m
  ep   896/5000 batch 2240 loss=   0.115 pol=  0.677 vL= 0.158 kl= 0.12 H=  5.37 r̄=-0.275 succ=34.2% >exp= 0.0% el=51m59s eta=3h58m
  ep  1216/5000 batch 2260 loss=  -0.262 pol= -2.813 vL= 0.270 kl= 0.13 H=  8.41 r̄=-0.029 succ=34.2% >exp= 0.0% el=52m25s eta=2h43m
  ep  1536/5000 batch 2280 loss=  -0.373 pol= -2.443 vL= 0.163 kl= 0.10 H=  6.33 r̄=-0.002 succ=34.2% >exp= 0.0% el=52m49s eta=1h59m
  ep  1856/5000 batch 2300 loss=  -0.468 pol= -1.897 vL= 0.228 kl= 0.13 H=  6.97 r̄=-0.067 succ=34.2% >exp= 0.0% el=53m14s eta=1h30m
  ep  2176/5000 batch 2320 loss=  -0.158 pol=  1.009 vL= 0.086 kl= 0.13 H=  5.29 r̄= 0.066 succ=34.2% >exp= 0.0% el=53m39s eta=1h09m
  ep  2496/5000 batch 2340 loss=  -0.549 pol= -3.183 vL= 0.416 kl= 0.24 H=  6.11 r̄= 0.139 succ=34.2% >exp= 0.0% el=54m06s eta=54m16s
  ep  2816/5000 batch 2360 loss=  -0.274 pol=  0.647 vL= 0.082 kl= 0.19 H=  5.15 r̄= 0.140 succ=34.3% >exp= 0.0% el=54m32s eta=42m17s
  ep  3136/5000 batch 2380 loss=   0.277 pol=  1.320 vL= 0.120 kl= 0.12 H=  6.89 r̄=-0.409 succ=34.3% >exp= 0.0% el=54m59s eta=32m41s
  ep  3456/5000 batch 2400 loss=  -1.022 pol= -2.494 vL= 0.318 kl= 0.13 H=  6.96 r̄= 0.074 succ=34.3% >exp= 0.0% el=55m25s eta=24m45s
  ep  3776/5000 batch 2420 loss=   0.216 pol=  0.481 vL= 0.154 kl= 0.20 H=  7.41 r̄=-0.245 succ=34.3% >exp= 0.0% el=55m50s eta=18m05s
  ep  4096/5000 batch 2440 loss=   0.047 pol=  2.138 vL= 0.294 kl= 0.21 H=  7.88 r̄=-0.285 succ=34.3% >exp= 0.0% el=56m16s eta=12m25s
  ep  4416/5000 batch 2460 loss=  -0.889 pol=  2.365 vL= 0.287 kl= 0.15 H=  7.92 r̄=-0.267 succ=34.3% >exp= 0.0% el=56m42s eta= 7m29s
  ep  4736/5000 batch 2480 loss=   0.106 pol= -0.047 vL= 0.118 kl= 0.29 H=  5.08 r̄=-0.020 succ=34.3% >exp= 0.0% el=57m11s eta= 3m11s
  >>> Epoch 8/40 DONE: succ=34.9% (1746/5000) mean_loss=-0.2007 mean_reward=-0.149 mean_KL=0.171 mean_H=6.53 epoch_time= 6m47s

=== Epoch 9/40 — resetting substrate ===
  ep    64/5000 batch 2500 loss=   0.127 pol= -0.011 vL= 0.286 kl= 0.47 H=  7.75 r̄=-0.111 succ=34.3% >exp= 0.0% el=57m43s eta=74h11m
  ep   384/5000 batch 2520 loss=   0.117 pol= -0.559 vL= 0.341 kl= 0.69 H=  4.91 r̄= 0.024 succ=34.4% >exp= 0.0% el=58m14s eta=11h40m
  ep   704/5000 batch 2540 loss=  -0.097 pol=  0.245 vL= 0.303 kl= 0.23 H=  6.36 r̄=-0.220 succ=34.3% >exp= 0.0% el=58m46s eta=5h58m
  ep  1024/5000 batch 2560 loss=  -0.816 pol=  0.256 vL= 0.079 kl= 0.29 H=  7.56 r̄=-0.084 succ=34.4% >exp= 0.0% el=59m19s eta=3h50m
  ep  1344/5000 batch 2580 loss=   0.292 pol=  0.020 vL= 0.123 kl= 0.15 H=  4.81 r̄=-0.033 succ=34.3% >exp= 0.0% el=59m50s eta=2h42m
  ep  1664/5000 batch 2600 loss=  -0.694 pol= -0.635 vL= 0.135 kl= 0.36 H=  5.33 r̄=-0.152 succ=34.3% >exp= 0.0% el=1h00m eta=2h01m
  ep  1984/5000 batch 2620 loss=   0.466 pol=  0.822 vL= 0.150 kl= 0.30 H=  4.96 r̄=-0.183 succ=34.4% >exp= 0.0% el=1h00m eta=1h32m
  ep  2304/5000 batch 2640 loss=   0.020 pol=  0.469 vL= 0.215 kl= 0.34 H=  8.01 r̄=-0.130 succ=34.3% >exp= 0.0% el=1h01m eta=1h11m
  ep  2624/5000 batch 2660 loss=   0.205 pol=  1.760 vL= 0.135 kl= 0.53 H=  7.65 r̄=-0.239 succ=34.3% >exp= 0.0% el=1h01m eta=55m55s
  ep  2944/5000 batch 2680 loss=   0.042 pol= -1.552 vL= 0.084 kl= 0.10 H=  7.38 r̄=-0.118 succ=34.3% >exp= 0.0% el=1h02m eta=43m26s
  ep  3264/5000 batch 2700 loss=  -0.241 pol= -0.061 vL= 0.090 kl= 0.15 H=  4.91 r̄=-0.329 succ=34.3% >exp= 0.0% el=1h02m eta=33m20s
  ep  3584/5000 batch 2720 loss=   0.267 pol= -1.391 vL= 0.074 kl= 0.09 H=  5.78 r̄=-0.191 succ=34.3% >exp= 0.0% el=1h03m eta=24m57s
  ep  3904/5000 batch 2740 loss=   0.072 pol= -1.493 vL= 0.171 kl= 0.17 H=  5.49 r̄= 0.002 succ=34.3% >exp= 0.0% el=1h03m eta=17m51s
  ep  4224/5000 batch 2760 loss=  -0.282 pol= -1.524 vL= 0.086 kl= 0.19 H=  8.20 r̄=-0.166 succ=34.3% >exp= 0.0% el=1h04m eta=11m46s
  ep  4544/5000 batch 2780 loss=  -0.261 pol= -0.508 vL= 0.468 kl= 0.12 H=  6.30 r̄= 0.032 succ=34.4% >exp= 0.0% el=1h04m eta= 6m28s
  ep  4864/5000 batch 2800 loss=  -0.305 pol= -0.216 vL= 0.169 kl= 0.12 H=  7.07 r̄=-0.266 succ=34.4% >exp= 0.0% el=1h05m eta= 1m49s
  >>> Epoch 9/40 DONE: succ=35.0% (1750/5000) mean_loss=-0.0772 mean_reward=-0.141 mean_KL=0.231 mean_H=6.45 epoch_time= 7m36s

=== Epoch 10/40 — resetting substrate ===
  ep   192/5000 batch 2820 loss=  -0.323 pol= -1.678 vL= 0.217 kl= 0.25 H=  6.17 r̄= 0.218 succ=34.4% >exp= 0.0% el=1h05m eta=27h19m
  ep   512/5000 batch 2840 loss=   0.042 pol=  0.606 vL= 0.081 kl= 0.24 H=  7.30 r̄=-0.279 succ=34.4% >exp= 0.0% el=1h05m eta=9h38m
  ep   832/5000 batch 2860 loss=  -0.171 pol= -0.150 vL= 0.119 kl= 0.29 H=  6.02 r̄= 0.120 succ=34.4% >exp= 0.0% el=1h06m eta=5h32m
  ep  1152/5000 batch 2880 loss=  -0.394 pol= -0.178 vL= 0.172 kl= 0.28 H=  5.15 r̄= 0.085 succ=34.4% >exp= 0.0% el=1h06m eta=3h43m
  ep  1472/5000 batch 2900 loss=  -0.151 pol=  2.293 vL= 0.195 kl= 0.27 H=  6.80 r̄=-0.207 succ=34.4% >exp= 0.0% el=1h07m eta=2h41m
  ep  1792/5000 batch 2920 loss=   0.026 pol=  1.167 vL= 0.122 kl= 0.30 H=  8.95 r̄=-0.413 succ=34.4% >exp= 0.0% el=1h07m eta=2h01m
  ep  2112/5000 batch 2940 loss=  -0.393 pol= -3.187 vL= 0.281 kl= 0.25 H=  7.41 r̄=-0.106 succ=34.3% >exp= 0.0% el=1h08m eta=1h33m
  ep  2432/5000 batch 2960 loss=  -0.389 pol= -2.352 vL= 0.140 kl= 0.21 H=  9.67 r̄=-0.213 succ=34.3% >exp= 0.0% el=1h08m eta=1h12m
  ep  2752/5000 batch 2980 loss=   0.198 pol= -0.033 vL= 0.088 kl= 0.30 H=  7.47 r̄=-0.235 succ=34.4% >exp= 0.0% el=1h09m eta=56m28s
  ep  3072/5000 batch 3000 loss=   0.300 pol= -0.311 vL= 0.243 kl= 0.15 H=  9.38 r̄=-0.043 succ=34.3% >exp= 0.0% el=1h09m eta=43m40s
  ep  3392/5000 batch 3020 loss=  -0.555 pol=  0.762 vL= 0.221 kl= 0.16 H=  7.34 r̄=-0.158 succ=34.3% >exp= 0.0% el=1h10m eta=33m13s
  ep  3712/5000 batch 3040 loss=   0.360 pol= -0.382 vL= 0.173 kl= 0.20 H=  7.75 r̄=-0.234 succ=34.3% >exp= 0.0% el=1h10m eta=24m28s
  ep  4032/5000 batch 3060 loss=  -0.053 pol= -0.148 vL= 0.162 kl= 0.19 H=  7.09 r̄=-0.116 succ=34.3% >exp= 0.0% el=1h11m eta=17m03s
  ep  4352/5000 batch 3080 loss=  -0.256 pol= -0.579 vL= 0.174 kl= 0.21 H=  4.38 r̄=-0.006 succ=34.3% >exp= 0.0% el=1h11m eta=10m38s
  ep  4672/5000 batch 3100 loss=   0.429 pol=  0.382 vL= 0.066 kl= 0.12 H=  7.50 r̄=-0.108 succ=34.3% >exp= 0.0% el=1h11m eta= 5m03s
  ep  4992/5000 batch 3120 loss=  -0.187 pol= -0.280 vL= 0.301 kl= 0.12 H=  5.22 r̄=-0.199 succ=34.3% >exp= 0.0% el=1h12m eta=   7s
  >>> Epoch 10/40 DONE: succ=33.8% (1689/5000) mean_loss=-0.0998 mean_reward=-0.154 mean_KL=0.198 mean_H=6.92 epoch_time= 7m10s

=== Epoch 11/40 — resetting substrate ===
  ep   320/5000 batch 3140 loss=  -0.250 pol=  0.782 vL= 0.370 kl= 0.12 H=  4.56 r̄=-0.071 succ=34.3% >exp= 0.0% el=1h12m eta=17h45m
  ep   640/5000 batch 3160 loss=  -0.250 pol= -2.344 vL= 0.154 kl= 0.12 H=  6.19 r̄= 0.066 succ=34.4% >exp= 0.0% el=1h13m eta=8h19m
  ep   960/5000 batch 3180 loss=   0.176 pol=  1.283 vL= 0.039 kl= 0.18 H=  8.06 r̄=-0.175 succ=34.3% >exp= 0.0% el=1h13m eta=5h10m
  ep  1280/5000 batch 3200 loss=  -0.211 pol=  2.201 vL= 0.114 kl= 0.35 H=  6.49 r̄=-0.489 succ=34.3% >exp= 0.0% el=1h14m eta=3h35m
  ep  1600/5000 batch 3220 loss=  -0.580 pol= -1.161 vL= 0.214 kl= 0.26 H=  5.55 r̄=-0.070 succ=34.3% >exp= 0.0% el=1h14m eta=2h38m
  ep  1920/5000 batch 3240 loss=  -0.172 pol=  0.344 vL= 0.241 kl= 0.35 H=  5.22 r̄= 0.053 succ=34.3% >exp= 0.0% el=1h15m eta=2h00m
  ep  2240/5000 batch 3260 loss=  -0.421 pol= -0.632 vL= 0.185 kl= 0.29 H=  5.68 r̄=-0.112 succ=34.3% >exp= 0.0% el=1h15m eta=1h33m
  ep  2560/5000 batch 3280 loss=   0.367 pol=  0.002 vL= 0.202 kl= 0.19 H=  4.66 r̄=-0.234 succ=34.3% >exp= 0.0% el=1h16m eta=1h12m
  ep  2880/5000 batch 3300 loss=  -0.112 pol= -0.980 vL= 0.220 kl= 0.56 H=  7.94 r̄=-0.127 succ=34.3% >exp= 0.0% el=1h16m eta=56m38s
  ep  3200/5000 batch 3320 loss=  -0.133 pol= -0.246 vL= 0.248 kl= 0.73 H=  6.14 r̄=-0.178 succ=34.3% >exp= 0.0% el=1h17m eta=43m34s
  ep  3520/5000 batch 3340 loss=  -0.166 pol=  0.996 vL= 0.292 kl= 0.34 H=  5.99 r̄=-0.226 succ=34.3% >exp= 0.0% el=1h18m eta=32m47s
  ep  3840/5000 batch 3360 loss=  -0.131 pol= -0.458 vL= 0.295 kl= 0.13 H=  7.21 r̄=-0.231 succ=34.3% >exp= 0.0% el=1h18m eta=23m43s
  ep  4160/5000 batch 3380 loss=   0.217 pol=  1.355 vL= 0.121 kl= 0.39 H=  7.33 r̄=-0.241 succ=34.3% >exp= 0.0% el=1h19m eta=15m58s
  ep  4480/5000 batch 3400 loss=  -0.071 pol=  0.189 vL= 0.264 kl= 0.31 H=  3.78 r̄=-0.134 succ=34.3% >exp= 0.0% el=1h19m eta= 9m14s
  ep  4800/5000 batch 3420 loss=  -0.942 pol=  0.767 vL= 0.189 kl= 0.39 H=  5.17 r̄=-0.216 succ=34.3% >exp= 0.0% el=1h20m eta= 3m20s
  >>> Epoch 11/40 DONE: succ=34.4% (1720/5000) mean_loss=-0.1449 mean_reward=-0.148 mean_KL=0.266 mean_H=6.65 epoch_time= 8m05s

=== Epoch 12/40 — resetting substrate ===
  ep   128/5000 batch 3440 loss=   0.010 pol= -2.898 vL= 0.138 kl= 0.08 H=  8.55 r̄=-0.023 succ=34.4% >exp= 0.0% el=1h20m eta=51h12m
  ep   448/5000 batch 3460 loss=   0.489 pol=  1.712 vL= 0.091 kl= 0.10 H=  6.13 r̄=-0.079 succ=34.4% >exp= 0.0% el=1h21m eta=13h45m
  ep   768/5000 batch 3480 loss=  -0.634 pol= -1.485 vL= 0.301 kl= 0.18 H=  5.62 r̄=-0.126 succ=34.4% >exp= 0.0% el=1h21m eta=7h30m
  ep  1088/5000 batch 3500 loss=  -0.423 pol= -1.009 vL= 0.116 kl= 0.10 H=  5.88 r̄=-0.142 succ=34.4% >exp= 0.0% el=1h22m eta=4h56m
  ep  1408/5000 batch 3520 loss=   0.407 pol=  1.007 vL= 0.199 kl= 0.14 H=  6.24 r̄=-0.258 succ=34.4% >exp= 0.0% el=1h22m eta=3h31m
  ep  1728/5000 batch 3540 loss=   0.385 pol= -0.182 vL= 0.160 kl= 0.13 H=  5.48 r̄=-0.234 succ=34.4% >exp= 0.0% el=1h23m eta=2h37m
  ep  2048/5000 batch 3560 loss=  -0.201 pol= -0.218 vL= 0.119 kl= 0.35 H=  5.48 r̄=-0.340 succ=34.4% >exp= 0.0% el=1h23m eta=2h00m
  ep  2368/5000 batch 3580 loss=   0.142 pol=  0.116 vL= 0.192 kl= 0.20 H=  4.69 r̄=-0.152 succ=34.4% >exp= 0.0% el=1h24m eta=1h33m
  ep  2688/5000 batch 3600 loss=  -0.141 pol= -1.403 vL= 0.219 kl= 0.24 H=  5.22 r̄= 0.063 succ=34.3% >exp= 0.0% el=1h25m eta=1h13m
  ep  3008/5000 batch 3620 loss=  -0.671 pol= -0.871 vL= 0.185 kl= 0.32 H=  5.41 r̄=-0.071 succ=34.3% >exp= 0.0% el=1h25m eta=56m49s
  ep  3328/5000 batch 3640 loss=  -0.008 pol=  0.044 vL= 0.095 kl= 0.44 H=  5.89 r̄=-0.117 succ=34.3% >exp= 0.0% el=1h26m eta=43m24s
  ep  3648/5000 batch 3660 loss=  -0.819 pol= -1.477 vL= 0.245 kl= 0.35 H=  5.76 r̄=-0.018 succ=34.4% >exp= 0.0% el=1h26m eta=32m14s
  ep  3968/5000 batch 3680 loss=   0.249 pol=  0.743 vL= 0.116 kl= 0.24 H=  6.88 r̄=-0.218 succ=34.4% >exp= 0.0% el=1h27m eta=22m47s
  ep  4288/5000 batch 3700 loss=  -0.103 pol= -1.728 vL= 0.225 kl= 0.13 H=  7.73 r̄= 0.008 succ=34.4% >exp= 0.0% el=1h28m eta=14m38s
  ep  4608/5000 batch 3720 loss=  -0.386 pol= -0.240 vL= 0.385 kl= 0.20 H=  4.77 r̄=-0.069 succ=34.4% >exp= 0.0% el=1h28m eta= 7m32s
  ep  4928/5000 batch 3740 loss=   0.314 pol=  0.003 vL= 0.175 kl= 0.23 H=  6.61 r̄=-0.166 succ=34.4% >exp= 0.0% el=1h29m eta= 1m18s
  >>> Epoch 12/40 DONE: succ=34.9% (1746/5000) mean_loss=-0.1088 mean_reward=-0.142 mean_KL=0.211 mean_H=6.47 epoch_time= 8m53s

=== Epoch 13/40 — resetting substrate ===
  ep   256/5000 batch 3760 loss=  -0.137 pol= -1.852 vL= 0.384 kl= 0.33 H=  8.09 r̄=-0.235 succ=34.4% >exp= 0.0% el=1h29m eta=27h44m
  ep   576/5000 batch 3780 loss=   0.298 pol=  0.108 vL= 0.265 kl= 0.41 H=  8.15 r̄=-0.161 succ=34.4% >exp= 0.0% el=1h30m eta=11h33m
  ep   896/5000 batch 3800 loss=  -0.199 pol= -2.060 vL= 0.098 kl= 0.28 H=  7.62 r̄=-0.048 succ=34.4% >exp= 0.0% el=1h30m eta=6h55m
  ep  1216/5000 batch 3820 loss=  -0.632 pol= -2.753 vL= 0.118 kl= 0.29 H=  7.76 r̄=-0.166 succ=34.4% >exp= 0.0% el=1h31m eta=4h44m
  ep  1536/5000 batch 3840 loss=   0.086 pol= -0.339 vL= 0.179 kl= 0.19 H=  7.27 r̄=-0.124 succ=34.4% >exp= 0.0% el=1h31m eta=3h27m
  ep  1856/5000 batch 3860 loss=   0.425 pol= -1.093 vL= 0.288 kl= 0.18 H=  6.65 r̄=-0.217 succ=34.4% >exp= 0.0% el=1h32m eta=2h36m
  ep  2176/5000 batch 3880 loss=  -0.464 pol= -3.205 vL= 0.330 kl= 0.17 H=  5.93 r̄= 0.203 succ=34.4% >exp= 0.0% el=1h33m eta=2h00m
  ep  2496/5000 batch 3900 loss=  -0.208 pol= -0.965 vL= 0.350 kl= 0.17 H=  6.01 r̄= 0.185 succ=34.4% >exp= 0.0% el=1h33m eta=1h33m
  ep  2816/5000 batch 3920 loss=   0.069 pol= -0.546 vL= 0.188 kl= 0.12 H=  5.82 r̄=-0.242 succ=34.4% >exp= 0.0% el=1h34m eta=1h12m
  ep  3136/5000 batch 3940 loss=  -0.268 pol= -0.160 vL= 0.207 kl= 0.15 H=  8.79 r̄=-0.145 succ=34.4% >exp= 0.0% el=1h34m eta=56m13s
  ep  3456/5000 batch 3960 loss=  -0.407 pol=  0.678 vL= 0.267 kl= 0.15 H=  6.69 r̄=-0.016 succ=34.4% >exp= 0.0% el=1h35m eta=42m29s
  ep  3776/5000 batch 3980 loss=   0.294 pol=  0.517 vL= 0.115 kl= 0.18 H=  8.44 r̄=-0.308 succ=34.4% >exp= 0.0% el=1h35m eta=30m57s
  ep  4096/5000 batch 4000 loss=  -0.198 pol=  0.008 vL= 0.228 kl= 0.17 H=  7.25 r̄=-0.103 succ=34.4% >exp= 0.0% el=1h35m eta=21m10s
  ep  4416/5000 batch 4020 loss=  -0.381 pol= -0.827 vL= 0.143 kl= 0.11 H=  6.18 r̄=-0.150 succ=34.4% >exp= 0.0% el=1h36m eta=12m44s
  ep  4736/5000 batch 4040 loss=  -0.444 pol= -0.332 vL= 0.129 kl= 0.22 H=  4.79 r̄=-0.096 succ=34.4% >exp= 0.0% el=1h36m eta= 5m23s
  >>> Epoch 13/40 DONE: succ=34.5% (1727/5000) mean_loss=-0.1438 mean_reward=-0.148 mean_KL=0.228 mean_H=6.81 epoch_time= 7m46s

=== Epoch 14/40 — resetting substrate ===
  ep    64/5000 batch 4060 loss=   0.246 pol=  0.258 vL= 0.246 kl= 0.59 H=  7.79 r̄=-0.075 succ=34.4% >exp= 0.0% el=1h37m eta=125h00m
  ep   384/5000 batch 4080 loss=  -0.089 pol=  0.333 vL= 0.131 kl= 0.27 H=  4.65 r̄=-0.091 succ=34.4% >exp= 0.0% el=1h37m eta=19h34m
  ep   704/5000 batch 4100 loss=  -0.509 pol= -0.070 vL= 0.173 kl= 0.15 H=  7.63 r̄=-0.291 succ=34.4% >exp= 0.0% el=1h38m eta=9h58m
  ep  1024/5000 batch 4120 loss=  -0.604 pol= -1.965 vL= 0.221 kl= 0.34 H=  7.99 r̄=-0.166 succ=34.4% >exp= 0.0% el=1h38m eta=6h22m
  ep  1344/5000 batch 4140 loss=  -0.051 pol=  0.039 vL= 0.156 kl= 0.09 H=  4.35 r̄= 0.048 succ=34.4% >exp= 0.0% el=1h38m eta=4h29m
  ep  1664/5000 batch 4160 loss=   0.040 pol= -0.269 vL= 0.222 kl= 0.19 H=  4.57 r̄=-0.202 succ=34.4% >exp= 0.0% el=1h39m eta=3h19m
  ep  1984/5000 batch 4180 loss=  -0.351 pol=  1.712 vL= 0.340 kl= 0.14 H=  4.71 r̄=-0.243 succ=34.4% >exp= 0.0% el=1h39m eta=2h31m
  ep  2304/5000 batch 4200 loss=   0.031 pol= -1.033 vL= 0.201 kl= 0.16 H=  8.50 r̄=-0.072 succ=34.4% >exp= 0.0% el=1h40m eta=1h57m
  ep  2624/5000 batch 4220 loss=  -0.482 pol= -0.527 vL= 0.221 kl= 0.17 H=  7.91 r̄=-0.186 succ=34.4% >exp= 0.0% el=1h40m eta=1h31m
  ep  2944/5000 batch 4240 loss=   0.306 pol= -1.883 vL= 0.188 kl= 0.20 H=  8.17 r̄=-0.227 succ=34.4% >exp= 0.0% el=1h41m eta=1h10m
  ep  3264/5000 batch 4260 loss=  -0.326 pol= -1.782 vL= 0.139 kl= 0.11 H=  7.71 r̄=-0.389 succ=34.4% >exp= 0.0% el=1h41m eta=53m58s
  ep  3584/5000 batch 4280 loss=   0.136 pol= -0.465 vL= 0.142 kl= 0.12 H=  6.64 r̄=-0.235 succ=34.4% >exp= 0.0% el=1h41m eta=40m15s
  ep  3904/5000 batch 4300 loss=   0.017 pol= -1.367 vL= 0.297 kl= 0.14 H=  5.83 r̄= 0.092 succ=34.4% >exp= 0.0% el=1h42m eta=28m43s
  ep  4224/5000 batch 4320 loss=  -0.443 pol=  0.129 vL= 0.089 kl= 0.65 H=  9.42 r̄=-0.203 succ=34.4% >exp= 0.0% el=1h42m eta=18m52s
  ep  4544/5000 batch 4340 loss=  -0.248 pol= -0.114 vL= 0.089 kl= 0.63 H=  6.07 r̄= 0.213 succ=34.5% >exp= 0.0% el=1h43m eta=10m21s
  ep  4864/5000 batch 4360 loss=   0.011 pol=  1.992 vL= 0.144 kl= 0.15 H=  6.13 r̄=-0.368 succ=34.5% >exp= 0.0% el=1h43m eta= 2m53s
  >>> Epoch 14/40 DONE: succ=35.5% (1777/5000) mean_loss=-0.1514 mean_reward=-0.136 mean_KL=0.248 mean_H=6.92 epoch_time= 6m36s

=== Epoch 15/40 — resetting substrate ===
  ep   192/5000 batch 4380 loss=  -0.212 pol=  0.428 vL= 0.140 kl= 0.32 H=  5.25 r̄= 0.101 succ=34.5% >exp= 0.0% el=1h44m eta=43h26m
  ep   512/5000 batch 4400 loss=   0.333 pol= -0.620 vL= 0.220 kl= 0.22 H=  7.08 r̄=-0.366 succ=34.5% >exp= 0.0% el=1h44m eta=15h16m
  ep   832/5000 batch 4420 loss=  -0.344 pol= -0.279 vL= 0.190 kl= 0.26 H=  6.10 r̄=-0.074 succ=34.5% >exp= 0.0% el=1h44m eta=8h45m
  ep  1152/5000 batch 4440 loss=  -0.755 pol= -2.322 vL= 0.417 kl= 0.26 H=  4.68 r̄= 0.103 succ=34.5% >exp= 0.0% el=1h45m eta=5h51m
  ep  1472/5000 batch 4460 loss=  -0.164 pol=  1.099 vL= 0.165 kl= 0.19 H=  6.60 r̄=-0.205 succ=34.5% >exp= 0.0% el=1h45m eta=4h13m
  ep  1792/5000 batch 4480 loss=   0.244 pol=  0.278 vL= 0.100 kl= 0.30 H=  7.48 r̄=-0.287 succ=34.4% >exp= 0.0% el=1h46m eta=3h10m
  ep  2112/5000 batch 4500 loss=  -0.255 pol=  0.538 vL= 0.267 kl= 0.26 H=  5.55 r̄=-0.058 succ=34.4% >exp= 0.0% el=1h46m eta=2h25m
  ep  2432/5000 batch 4520 loss=   0.131 pol= -0.424 vL= 0.143 kl= 0.28 H=  7.65 r̄=-0.303 succ=34.4% >exp= 0.0% el=1h47m eta=1h53m
  ep  2752/5000 batch 4540 loss=  -0.200 pol= -0.868 vL= 0.188 kl= 0.29 H=  6.00 r̄=-0.276 succ=34.4% >exp= 0.0% el=1h47m eta=1h27m
  ep  3072/5000 batch 4560 loss=  -0.290 pol= -3.318 vL= 0.125 kl= 0.36 H=  7.11 r̄=-0.019 succ=34.4% >exp= 0.0% el=1h48m eta=1h07m
  ep  3392/5000 batch 4580 loss=  -0.163 pol=  2.595 vL= 0.254 kl= 0.17 H=  6.32 r̄=-0.293 succ=34.4% >exp= 0.0% el=1h48m eta=51m28s
  ep  3712/5000 batch 4600 loss=  -0.052 pol= -1.903 vL= 0.036 kl= 0.44 H=  7.84 r̄=-0.041 succ=34.4% >exp= 0.0% el=1h49m eta=37m51s
  ep  4032/5000 batch 4620 loss=  -0.617 pol= -1.678 vL= 0.116 kl= 0.46 H=  6.77 r̄=-0.238 succ=34.4% >exp= 0.0% el=1h49m eta=26m18s
  ep  4352/5000 batch 4640 loss=  -0.654 pol=  0.518 vL= 0.468 kl= 0.32 H=  5.10 r̄=-0.023 succ=34.4% >exp= 0.0% el=1h50m eta=16m23s
  ep  4672/5000 batch 4660 loss=   0.453 pol=  1.528 vL= 0.203 kl= 0.26 H=  8.89 r̄=-0.341 succ=34.4% >exp= 0.0% el=1h50m eta= 7m45s
  ep  4992/5000 batch 4680 loss=   0.205 pol= -0.926 vL= 0.378 kl= 0.21 H=  5.48 r̄=-0.001 succ=34.4% >exp= 0.0% el=1h51m eta=  11s
  >>> Epoch 15/40 DONE: succ=33.4% (1670/5000) mean_loss=-0.1492 mean_reward=-0.157 mean_KL=0.271 mean_H=6.52 epoch_time= 7m16s

=== Epoch 16/40 — resetting substrate ===
  ep   320/5000 batch 4700 loss=  -0.888 pol= -0.778 vL= 0.354 kl= 0.38 H=  6.35 r̄=-0.098 succ=34.4% >exp= 0.0% el=1h51m eta=27h10m
  ep   640/5000 batch 4720 loss=   0.670 pol= -2.454 vL= 0.124 kl= 0.33 H=  7.19 r̄=-0.018 succ=34.4% >exp= 0.0% el=1h51m eta=12h42m
  ep   960/5000 batch 4740 loss=  -0.313 pol= -0.317 vL= 0.053 kl= 0.46 H=  9.03 r̄=-0.207 succ=34.4% >exp= 0.0% el=1h52m eta=7h53m
  ep  1280/5000 batch 4760 loss=   0.476 pol= -1.615 vL= 0.092 kl= 0.32 H=  5.90 r̄=-0.113 succ=34.4% >exp= 0.0% el=1h52m eta=5h28m
  ep  1600/5000 batch 4780 loss=   0.233 pol= -0.775 vL= 0.264 kl= 0.09 H=  4.48 r̄=-0.100 succ=34.4% >exp= 0.0% el=1h53m eta=4h00m
  ep  1920/5000 batch 4800 loss=  -0.488 pol= -0.268 vL= 0.316 kl= 0.22 H=  4.58 r̄= 0.068 succ=34.4% >exp= 0.0% el=1h53m eta=3h02m
  ep  2240/5000 batch 4820 loss=  -0.528 pol=  0.727 vL= 0.186 kl= 0.18 H=  6.56 r̄=-0.225 succ=34.4% >exp= 0.0% el=1h54m eta=2h20m
  ep  2560/5000 batch 4840 loss=   0.137 pol=  1.000 vL= 0.238 kl= 0.12 H=  6.79 r̄=-0.212 succ=34.4% >exp= 0.0% el=1h54m eta=1h49m
  ep  2880/5000 batch 4860 loss=  -0.130 pol=  2.547 vL= 0.195 kl= 0.31 H=  8.44 r̄=-0.313 succ=34.4% >exp= 0.0% el=1h55m eta=1h24m
  ep  3200/5000 batch 4880 loss=  -0.077 pol=  0.063 vL= 0.175 kl= 0.21 H=  7.04 r̄=-0.106 succ=34.4% >exp= 0.0% el=1h55m eta=1h05m
  ep  3520/5000 batch 4900 loss=  -0.411 pol= -1.576 vL= 0.142 kl= 0.49 H=  7.49 r̄=-0.167 succ=34.4% >exp= 0.0% el=1h56m eta=48m48s
  ep  3840/5000 batch 4920 loss=   0.255 pol= -0.258 vL= 0.180 kl= 0.13 H=  8.31 r̄=-0.426 succ=34.4% >exp= 0.0% el=1h56m eta=35m12s
  ep  4160/5000 batch 4940 loss=   0.575 pol=  0.426 vL= 0.111 kl= 0.10 H=  8.45 r̄=-0.135 succ=34.4% >exp= 0.0% el=1h57m eta=23m38s
  ep  4480/5000 batch 4960 loss=  -0.677 pol=  0.169 vL= 0.081 kl= 0.14 H=  4.32 r̄= 0.103 succ=34.4% >exp= 0.0% el=1h57m eta=13m38s
  ep  4800/5000 batch 4980 loss=   0.472 pol= -1.804 vL= 0.115 kl= 0.29 H=  6.33 r̄= 0.031 succ=34.4% >exp= 0.0% el=1h57m eta= 4m54s
  >>> Epoch 16/40 DONE: succ=34.4% (1722/5000) mean_loss=-0.0346 mean_reward=-0.153 mean_KL=0.239 mean_H=7.37 epoch_time= 7m11s

=== Epoch 17/40 — resetting substrate ===
  ep   128/5000 batch 5000 loss=  -0.112 pol= -0.261 vL= 0.192 kl= 0.28 H=  9.36 r̄=-0.311 succ=34.4% >exp= 0.0% el=1h58m eta=75h06m
  ep   448/5000 batch 5020 loss=  -0.440 pol= -1.914 vL= 0.069 kl= 0.28 H=  7.64 r̄= 0.029 succ=34.4% >exp= 0.0% el=1h58m eta=20h07m
  ep   768/5000 batch 5040 loss=  -0.176 pol= -1.566 vL= 0.249 kl= 0.23 H=  6.01 r̄=-0.088 succ=34.4% >exp= 0.0% el=1h59m eta=10h57m
  ep  1088/5000 batch 5060 loss=  -0.461 pol= -0.581 vL= 0.190 kl= 0.34 H=  7.05 r̄=-0.055 succ=34.4% >exp= 0.0% el=1h59m eta=7h10m
  ep  1408/5000 batch 5080 loss=  -0.025 pol=  1.849 vL= 0.134 kl= 0.87 H=  9.78 r̄=-0.283 succ=34.4% >exp= 0.0% el=2h00m eta=5h06m
  ep  1728/5000 batch 5100 loss=   0.152 pol=  0.367 vL= 0.211 kl= 0.40 H=  8.18 r̄=-0.224 succ=34.4% >exp= 0.0% el=2h00m eta=3h48m
  ep  2048/5000 batch 5120 loss=   0.335 pol= -0.847 vL= 0.133 kl= 0.10 H=  7.48 r̄=-0.160 succ=34.4% >exp= 0.0% el=2h01m eta=2h54m
  ep  2368/5000 batch 5140 loss=  -0.319 pol=  0.076 vL= 0.213 kl= 0.16 H=  6.60 r̄=-0.025 succ=34.4% >exp= 0.0% el=2h01m eta=2h15m
  ep  2688/5000 batch 5160 loss=  -0.546 pol= -1.676 vL= 0.208 kl= 0.11 H=  7.20 r̄=-0.039 succ=34.4% >exp= 0.0% el=2h02m eta=1h44m
  ep  3008/5000 batch 5180 loss=   0.201 pol= -1.394 vL= 0.284 kl= 0.13 H=  6.25 r̄=-0.085 succ=34.4% >exp= 0.0% el=2h02m eta=1h21m
  ep  3328/5000 batch 5200 loss=   0.118 pol= -0.104 vL= 0.187 kl= 0.07 H=  3.95 r̄=-0.322 succ=34.4% >exp= 0.0% el=2h02m eta=1h01m
  ep  3648/5000 batch 5220 loss=  -0.703 pol=  1.058 vL= 0.266 kl= 0.11 H=  5.43 r̄=-0.119 succ=34.4% >exp= 0.0% el=2h03m eta=45m43s
  ep  3968/5000 batch 5240 loss=  -0.265 pol= -0.481 vL= 0.127 kl= 0.16 H=  7.33 r̄=-0.198 succ=34.4% >exp= 0.0% el=2h03m eta=32m12s
  ep  4288/5000 batch 5260 loss=   0.253 pol= -1.182 vL= 0.177 kl= 0.10 H=  7.55 r̄= 0.026 succ=34.4% >exp= 0.0% el=2h04m eta=20m40s
  ep  4608/5000 batch 5280 loss=  -0.465 pol= -2.008 vL= 0.377 kl= 0.07 H=  5.54 r̄= 0.184 succ=34.4% >exp= 0.0% el=2h05m eta=10m38s
  ep  4928/5000 batch 5300 loss=   0.388 pol=  1.284 vL= 0.145 kl= 0.16 H=  5.61 r̄=-0.272 succ=34.4% >exp= 0.0% el=2h05m eta= 1m50s
  >>> Epoch 17/40 DONE: succ=33.8% (1688/5000) mean_loss=-0.1326 mean_reward=-0.160 mean_KL=0.194 mean_H=7.26 epoch_time= 7m26s

=== Epoch 18/40 — resetting substrate ===
  ep   256/5000 batch 5320 loss=  -0.410 pol= -0.266 vL= 0.205 kl= 0.11 H=  7.96 r̄=-0.061 succ=34.4% >exp= 0.0% el=2h06m eta=38h56m
  ep   576/5000 batch 5340 loss=  -0.337 pol= -1.821 vL= 0.192 kl= 0.14 H=  7.74 r̄=-0.002 succ=34.4% >exp= 0.0% el=2h06m eta=16h11m
  ep   896/5000 batch 5360 loss=  -0.071 pol=  1.554 vL= 0.216 kl= 0.11 H=  7.56 r̄=-0.304 succ=34.4% >exp= 0.0% el=2h07m eta=9h42m
  ep  1216/5000 batch 5380 loss=  -0.096 pol=  0.847 vL= 0.147 kl= 0.10 H=  7.18 r̄=-0.393 succ=34.4% >exp= 0.0% el=2h07m eta=6h37m
  ep  1536/5000 batch 5400 loss=   0.279 pol= -1.064 vL= 0.229 kl= 0.24 H=  7.34 r̄= 0.041 succ=34.3% >exp= 0.0% el=2h08m eta=4h48m
  ep  1856/5000 batch 5420 loss=  -0.316 pol=  0.811 vL= 0.187 kl= 0.19 H=  8.66 r̄=-0.238 succ=34.3% >exp= 0.0% el=2h08m eta=3h37m
  ep  2176/5000 batch 5440 loss=  -0.250 pol= -1.952 vL= 0.284 kl= 0.17 H=  6.07 r̄= 0.142 succ=34.4% >exp= 0.0% el=2h09m eta=2h47m
  ep  2496/5000 batch 5460 loss=   0.287 pol=  0.438 vL= 0.279 kl= 0.23 H=  7.81 r̄= 0.037 succ=34.4% >exp= 0.0% el=2h09m eta=2h10m
  ep  2816/5000 batch 5480 loss=   0.236 pol=  0.741 vL= 0.205 kl= 0.08 H=  6.36 r̄=-0.264 succ=34.4% >exp= 0.0% el=2h10m eta=1h41m
  ep  3136/5000 batch 5500 loss=  -0.513 pol= -3.506 vL= 0.174 kl= 0.10 H=  7.50 r̄= 0.021 succ=34.4% >exp= 0.0% el=2h10m eta=1h17m
  ep  3456/5000 batch 5520 loss=   0.035 pol= -0.821 vL= 0.306 kl= 0.48 H=  4.94 r̄= 0.025 succ=34.4% >exp= 0.0% el=2h11m eta=58m41s
  ep  3776/5000 batch 5540 loss=  -0.238 pol=  1.954 vL= 0.103 kl= 0.32 H=  7.09 r̄=-0.462 succ=34.4% >exp= 0.0% el=2h11m eta=42m47s
  ep  4096/5000 batch 5560 loss=   0.228 pol=  1.626 vL= 0.111 kl= 0.37 H=  5.65 r̄=-0.362 succ=34.4% >exp= 0.0% el=2h12m eta=29m15s
  ep  4416/5000 batch 5580 loss=  -0.900 pol= -1.755 vL= 0.202 kl= 0.14 H=  6.66 r̄=-0.025 succ=34.4% >exp= 0.0% el=2h13m eta=17m36s
  ep  4736/5000 batch 5600 loss=   0.021 pol=  0.280 vL= 0.120 kl= 0.18 H=  4.13 r̄=-0.140 succ=34.4% >exp= 0.0% el=2h13m eta= 7m26s
  >>> Epoch 18/40 DONE: succ=35.3% (1764/5000) mean_loss=-0.1480 mean_reward=-0.139 mean_KL=0.173 mean_H=6.83 epoch_time= 8m16s

=== Epoch 19/40 — resetting substrate ===
  ep    64/5000 batch 5620 loss=   0.090 pol=  3.760 vL= 0.109 kl= 0.08 H=  8.62 r̄=-0.444 succ=34.4% >exp= 0.0% el=2h14m eta=172h16m
  ep   384/5000 batch 5640 loss=  -0.355 pol=  0.955 vL= 0.165 kl= 0.24 H=  5.40 r̄=-0.241 succ=34.4% >exp= 0.0% el=2h14m eta=26h58m
  ep   704/5000 batch 5660 loss=   0.119 pol= -0.059 vL= 0.306 kl= 0.33 H=  6.32 r̄=-0.147 succ=34.4% >exp= 0.0% el=2h15m eta=13h44m
  ep  1024/5000 batch 5680 loss=  -0.224 pol= -1.157 vL= 0.171 kl= 0.31 H=  8.08 r̄=-0.182 succ=34.4% >exp= 0.0% el=2h15m eta=8h47m
  ep  1344/5000 batch 5700 loss=  -0.156 pol=  0.481 vL= 0.110 kl= 0.31 H=  6.12 r̄=-0.076 succ=34.4% >exp= 0.0% el=2h16m eta=6h11m
  ep  1664/5000 batch 5720 loss=  -0.187 pol=  0.397 vL= 0.267 kl= 0.10 H=  4.94 r̄=-0.320 succ=34.4% >exp= 0.0% el=2h17m eta=4h34m
  ep  1984/5000 batch 5740 loss=  -0.086 pol=  1.330 vL= 0.212 kl= 0.16 H=  5.51 r̄=-0.053 succ=34.4% >exp= 0.0% el=2h17m eta=3h29m
  ep  2304/5000 batch 5760 loss=   0.311 pol=  0.845 vL= 0.270 kl= 0.13 H=  8.46 r̄=-0.223 succ=34.4% >exp= 0.0% el=2h17m eta=2h41m
  ep  2624/5000 batch 5780 loss=  -0.237 pol= -0.721 vL= 0.156 kl= 0.15 H=  8.74 r̄=-0.215 succ=34.4% >exp= 0.0% el=2h18m eta=2h05m
  ep  2944/5000 batch 5800 loss=   0.013 pol= -2.824 vL= 0.086 kl= 0.18 H=  8.18 r̄=-0.142 succ=34.4% >exp= 0.0% el=2h18m eta=1h37m
  ep  3264/5000 batch 5820 loss=  -0.255 pol= -0.461 vL= 0.141 kl= 0.22 H=  7.27 r̄=-0.278 succ=34.4% >exp= 0.0% el=2h19m eta=1h14m
  ep  3584/5000 batch 5840 loss=   0.034 pol= -0.824 vL= 0.100 kl= 0.27 H=  6.46 r̄=-0.052 succ=34.4% >exp= 0.0% el=2h19m eta=55m15s
  ep  3904/5000 batch 5860 loss=  -0.107 pol=  1.015 vL= 0.184 kl= 0.36 H=  6.43 r̄= 0.051 succ=34.4% >exp= 0.0% el=2h20m eta=39m25s
  ep  4224/5000 batch 5880 loss=   0.092 pol= -2.302 vL= 0.121 kl= 0.20 H=  8.37 r̄=-0.210 succ=34.4% >exp= 0.0% el=2h20m eta=25m52s
  ep  4544/5000 batch 5900 loss=  -0.390 pol=  1.825 vL= 0.201 kl= 0.36 H=  5.80 r̄= 0.052 succ=34.4% >exp= 0.0% el=2h21m eta=14m11s
  ep  4864/5000 batch 5920 loss=  -0.292 pol=  0.058 vL= 0.241 kl= 0.22 H=  6.21 r̄=-0.194 succ=34.4% >exp= 0.0% el=2h21m eta= 3m57s
  >>> Epoch 19/40 DONE: succ=34.9% (1747/5000) mean_loss=-0.0880 mean_reward=-0.149 mean_KL=0.232 mean_H=7.00 epoch_time= 8m04s

=== Epoch 20/40 — resetting substrate ===
  ep   192/5000 batch 5940 loss=  -0.169 pol= -1.835 vL= 0.210 kl= 0.18 H=  6.79 r̄= 0.024 succ=34.5% >exp= 0.0% el=2h22m eta=59h22m
  ep   512/5000 batch 5960 loss=   0.088 pol=  1.594 vL= 0.184 kl= 0.17 H=  9.26 r̄=-0.425 succ=34.5% >exp= 0.0% el=2h22m eta=20h50m
  ep   832/5000 batch 5980 loss=  -0.896 pol= -0.058 vL= 0.191 kl= 0.21 H=  7.99 r̄=-0.136 succ=34.5% >exp= 0.0% el=2h23m eta=11h56m
  ep  1152/5000 batch 6000 loss=  -0.324 pol= -0.337 vL= 0.198 kl= 0.12 H=  5.16 r̄= 0.305 succ=34.5% >exp= 0.0% el=2h23m eta=7h59m
  ep  1472/5000 batch 6020 loss=   0.494 pol=  0.121 vL= 0.208 kl= 0.14 H=  6.62 r̄=-0.010 succ=34.4% >exp= 0.0% el=2h23m eta=5h44m
  ep  1792/5000 batch 6040 loss=  -0.300 pol=  2.169 vL= 0.216 kl= 0.13 H=  8.90 r̄=-0.307 succ=34.4% >exp= 0.0% el=2h24m eta=4h18m
  ep  2112/5000 batch 6060 loss=  -0.147 pol= -1.707 vL= 0.266 kl= 0.25 H=  8.36 r̄=-0.027 succ=34.4% >exp= 0.0% el=2h24m eta=3h17m
  ep  2432/5000 batch 6080 loss=  -0.079 pol= -1.988 vL= 0.098 kl= 0.26 H=  9.47 r̄=-0.293 succ=34.4% >exp= 0.0% el=2h25m eta=2h33m
  ep  2752/5000 batch 6100 loss=   0.104 pol=  0.815 vL= 0.082 kl= 0.23 H=  6.18 r̄=-0.424 succ=34.4% >exp= 0.0% el=2h25m eta=1h58m
  ep  3072/5000 batch 6120 loss=  -0.326 pol= -0.059 vL= 0.161 kl= 0.26 H=  6.88 r̄=-0.102 succ=34.4% >exp= 0.0% el=2h25m eta=1h31m
  ep  3392/5000 batch 6140 loss=   0.240 pol= -0.816 vL= 0.260 kl= 0.12 H=  4.98 r̄=-0.021 succ=34.4% >exp= 0.0% el=2h26m eta=1h09m
  ep  3712/5000 batch 6160 loss=  -0.426 pol= -0.647 vL= 0.110 kl= 0.14 H=  6.51 r̄=-0.103 succ=34.4% >exp= 0.0% el=2h26m eta=50m56s
  ep  4032/5000 batch 6180 loss=  -0.065 pol= -1.153 vL= 0.180 kl= 0.16 H=  5.48 r̄=-0.136 succ=34.4% >exp= 0.0% el=2h27m eta=35m21s
  ep  4352/5000 batch 6200 loss=  -0.236 pol= -0.561 vL= 0.399 kl= 0.20 H=  3.75 r̄= 0.056 succ=34.4% >exp= 0.0% el=2h27m eta=21m59s
  ep  4672/5000 batch 6220 loss=   0.063 pol= -0.112 vL= 0.190 kl= 0.18 H=  7.13 r̄=-0.072 succ=34.5% >exp= 0.0% el=2h28m eta=10m23s
  ep  4992/5000 batch 6240 loss=   0.197 pol= -0.849 vL= 0.149 kl= 0.13 H=  4.67 r̄=-0.007 succ=34.5% >exp= 0.0% el=2h28m eta=  14s
  >>> Epoch 20/40 DONE: succ=34.8% (1740/5000) mean_loss=-0.1234 mean_reward=-0.151 mean_KL=0.191 mean_H=6.62 epoch_time= 6m30s

=== Epoch 21/40 — resetting substrate ===
  ep   320/5000 batch 6260 loss=  -0.066 pol= -0.577 vL= 0.310 kl= 0.18 H=  4.41 r̄= 0.092 succ=34.5% >exp= 0.0% el=2h28m eta=36h18m
  ep   640/5000 batch 6280 loss=  -0.200 pol= -1.156 vL= 0.098 kl= 0.12 H=  7.04 r̄= 0.112 succ=34.5% >exp= 0.0% el=2h29m eta=16h57m
  ep   960/5000 batch 6300 loss=  -0.437 pol= -1.909 vL= 0.133 kl= 0.17 H=  8.77 r̄=-0.287 succ=34.5% >exp= 0.0% el=2h29m eta=10h30m
  ep  1280/5000 batch 6320 loss=   0.177 pol=  0.448 vL= 0.149 kl= 0.15 H=  6.04 r̄=-0.206 succ=34.5% >exp= 0.0% el=2h30m eta=7h16m
  ep  1600/5000 batch 6340 loss=  -0.343 pol= -1.289 vL= 0.195 kl= 0.20 H=  5.78 r̄=-0.124 succ=34.5% >exp= 0.0% el=2h30m eta=5h20m
  ep  1920/5000 batch 6360 loss=  -0.776 pol= -1.111 vL= 0.245 kl= 0.14 H=  4.38 r̄= 0.113 succ=34.5% >exp= 0.0% el=2h31m eta=4h02m
  ep  2240/5000 batch 6380 loss=   0.244 pol=  0.758 vL= 0.219 kl= 0.15 H=  5.30 r̄=-0.235 succ=34.5% >exp= 0.0% el=2h31m eta=3h06m
  ep  2560/5000 batch 6400 loss=  -0.233 pol= -2.202 vL= 0.213 kl= 0.11 H=  5.39 r̄= 0.030 succ=34.5% >exp= 0.0% el=2h32m eta=2h24m
  ep  2880/5000 batch 6420 loss=   0.484 pol=  1.858 vL= 0.181 kl= 0.15 H=  7.95 r̄=-0.359 succ=34.5% >exp= 0.0% el=2h32m eta=1h52m
  ep  3200/5000 batch 6440 loss=   0.004 pol= -1.961 vL= 0.168 kl= 0.32 H=  7.45 r̄=-0.007 succ=34.5% >exp= 0.0% el=2h32m eta=1h26m
  ep  3520/5000 batch 6460 loss=  -0.328 pol=  0.090 vL= 0.259 kl= 0.12 H=  5.81 r̄=-0.044 succ=34.5% >exp= 0.0% el=2h33m eta=1h04m
  ep  3840/5000 batch 6480 loss=   0.606 pol=  0.326 vL= 0.120 kl= 0.14 H=  5.92 r̄=-0.252 succ=34.5% >exp= 0.0% el=2h33m eta=46m28s
  ep  4160/5000 batch 6500 loss=  -0.405 pol=  0.247 vL= 0.146 kl= 0.27 H=  8.97 r̄= 0.002 succ=34.5% >exp= 0.0% el=2h34m eta=31m09s
  ep  4480/5000 batch 6520 loss=  -0.513 pol=  1.866 vL= 0.201 kl= 0.38 H=  5.11 r̄=-0.111 succ=34.5% >exp= 0.0% el=2h34m eta=17m57s
  ep  4800/5000 batch 6540 loss=  -0.220 pol=  0.087 vL= 0.211 kl= 0.17 H=  5.50 r̄= 0.021 succ=34.5% >exp= 0.0% el=2h35m eta= 6m27s
  >>> Epoch 21/40 DONE: succ=35.9% (1794/5000) mean_loss=-0.0890 mean_reward=-0.133 mean_KL=0.190 mean_H=6.87 epoch_time= 6m51s

=== Epoch 22/40 — resetting substrate ===
  ep   128/5000 batch 6560 loss=   0.249 pol= -2.282 vL= 0.126 kl= 0.12 H=  8.32 r̄=-0.096 succ=34.6% >exp= 0.0% el=2h35m eta=98h40m
  ep   448/5000 batch 6580 loss=  -0.112 pol= -0.029 vL= 0.168 kl= 0.21 H=  7.51 r̄= 0.049 succ=34.6% >exp= 0.0% el=2h35m eta=26h24m
  ep   768/5000 batch 6600 loss=  -0.501 pol= -0.922 vL= 0.340 kl= 0.13 H=  5.29 r̄=-0.025 succ=34.5% >exp= 0.0% el=2h36m eta=14h21m
  ep  1088/5000 batch 6620 loss=  -0.696 pol=  2.241 vL= 0.426 kl= 0.20 H=  5.28 r̄=-0.355 succ=34.5% >exp= 0.0% el=2h36m eta=9h23m
  ep  1408/5000 batch 6640 loss=   0.027 pol= -1.253 vL= 0.101 kl= 0.29 H=  7.13 r̄=-0.056 succ=34.5% >exp= 0.0% el=2h37m eta=6h40m
  ep  1728/5000 batch 6660 loss=  -0.322 pol= -0.382 vL= 0.146 kl= 0.42 H=  6.62 r̄=-0.150 succ=34.5% >exp= 0.0% el=2h37m eta=4h58m
  ep  2048/5000 batch 6680 loss=  -0.238 pol=  0.962 vL= 0.102 kl= 0.29 H=  6.51 r̄=-0.394 succ=34.5% >exp= 0.0% el=2h37m eta=3h47m
  ep  2368/5000 batch 6700 loss=  -0.127 pol=  1.328 vL= 0.151 kl= 0.39 H=  5.23 r̄=-0.199 succ=34.5% >exp= 0.0% el=2h38m eta=2h56m
  ep  2688/5000 batch 6720 loss=  -0.241 pol= -1.865 vL= 0.266 kl= 0.44 H=  6.04 r̄= 0.179 succ=34.5% >exp= 0.0% el=2h38m eta=2h16m
  ep  3008/5000 batch 6740 loss=  -0.337 pol= -1.374 vL= 0.188 kl= 0.29 H=  6.98 r̄=-0.135 succ=34.5% >exp= 0.0% el=2h39m eta=1h45m
  ep  3328/5000 batch 6760 loss=   0.439 pol=  0.303 vL= 0.259 kl= 0.23 H=  5.23 r̄=-0.034 succ=34.5% >exp= 0.0% el=2h39m eta=1h20m
  ep  3648/5000 batch 6780 loss=  -0.435 pol=  0.738 vL= 0.136 kl= 0.34 H=  5.85 r̄=-0.154 succ=34.5% >exp= 0.0% el=2h40m eta=59m20s
  ep  3968/5000 batch 6800 loss=   0.159 pol=  1.603 vL= 0.187 kl= 0.18 H=  6.84 r̄=-0.274 succ=34.5% >exp= 0.0% el=2h40m eta=41m44s
  ep  4288/5000 batch 6820 loss=  -0.617 pol= -2.927 vL= 0.163 kl= 0.20 H=  7.44 r̄= 0.062 succ=34.5% >exp= 0.0% el=2h40m eta=26m42s
  ep  4608/5000 batch 6840 loss=   0.155 pol=  0.219 vL= 0.257 kl= 0.25 H=  5.31 r̄= 0.157 succ=34.5% >exp= 0.0% el=2h41m eta=13m43s
  ep  4928/5000 batch 6860 loss=   0.325 pol= -0.581 vL= 0.207 kl= 0.32 H=  4.80 r̄=-0.129 succ=34.5% >exp= 0.0% el=2h41m eta= 2m21s
  >>> Epoch 22/40 DONE: succ=34.8% (1740/5000) mean_loss=-0.1843 mean_reward=-0.144 mean_KL=0.277 mean_H=6.66 epoch_time= 6m24s

=== Epoch 23/40 — resetting substrate ===
  ep   256/5000 batch 6880 loss=  -0.718 pol= -1.493 vL= 0.235 kl= 0.16 H=  7.35 r̄=-0.123 succ=34.6% >exp= 0.0% el=2h42m eta=50h03m
  ep   576/5000 batch 6900 loss=  -0.164 pol= -0.338 vL= 0.141 kl= 0.19 H=  6.21 r̄=-0.052 succ=34.6% >exp= 0.0% el=2h42m eta=20h48m
  ep   896/5000 batch 6920 loss=   0.095 pol= -0.241 vL= 0.052 kl= 0.24 H=  6.49 r̄=-0.017 succ=34.6% >exp= 0.0% el=2h42m eta=12h26m
  ep  1216/5000 batch 6940 loss=  -0.006 pol=  2.723 vL= 0.089 kl= 0.07 H=  5.85 r̄=-0.423 succ=34.5% >exp= 0.0% el=2h43m eta=8h28m
  ep  1536/5000 batch 6960 loss=   0.015 pol= -1.631 vL= 0.279 kl= 0.45 H=  6.91 r̄= 0.060 succ=34.5% >exp= 0.0% el=2h43m eta=6h09m
  ep  1856/5000 batch 6980 loss=  -0.971 pol= -2.397 vL= 0.218 kl= 0.22 H=  7.95 r̄=-0.207 succ=34.5% >exp= 0.0% el=2h44m eta=4h38m
  ep  2176/5000 batch 7000 loss=   0.373 pol=  1.249 vL= 0.303 kl= 0.16 H=  5.80 r̄=-0.320 succ=34.5% >exp= 0.0% el=2h44m eta=3h33m
  ep  2496/5000 batch 7020 loss=  -0.330 pol= -1.309 vL= 0.268 kl= 0.25 H=  7.01 r̄= 0.278 succ=34.5% >exp= 0.0% el=2h45m eta=2h45m
  ep  2816/5000 batch 7040 loss=   0.666 pol=  0.785 vL= 0.132 kl= 0.07 H=  5.14 r̄=-0.304 succ=34.5% >exp= 0.0% el=2h45m eta=2h08m
  ep  3136/5000 batch 7060 loss=  -0.219 pol=  0.932 vL= 0.195 kl= 0.21 H=  7.05 r̄=-0.322 succ=34.5% >exp= 0.0% el=2h46m eta=1h38m
  ep  3456/5000 batch 7080 loss=  -0.062 pol= -0.339 vL= 0.198 kl= 0.18 H=  7.36 r̄= 0.061 succ=34.5% >exp= 0.0% el=2h46m eta=1h14m
  ep  3776/5000 batch 7100 loss=  -0.365 pol= -0.437 vL= 0.079 kl= 0.17 H=  7.09 r̄=-0.300 succ=34.5% >exp= 0.0% el=2h47m eta=54m13s
  ep  4096/5000 batch 7120 loss=  -0.751 pol= -2.377 vL= 0.189 kl= 0.21 H=  6.59 r̄=-0.026 succ=34.5% >exp= 0.0% el=2h47m eta=37m01s
  ep  4416/5000 batch 7140 loss=  -0.045 pol= -0.674 vL= 0.254 kl= 0.12 H=  6.06 r̄=-0.038 succ=34.5% >exp= 0.0% el=2h48m eta=22m15s
  ep  4736/5000 batch 7160 loss=   0.233 pol= -0.535 vL= 0.274 kl= 0.18 H=  4.81 r̄=-0.043 succ=34.5% >exp= 0.0% el=2h48m eta= 9m24s
  >>> Epoch 23/40 DONE: succ=34.0% (1701/5000) mean_loss=-0.1623 mean_reward=-0.152 mean_KL=0.184 mean_H=6.42 epoch_time= 7m32s

=== Epoch 24/40 — resetting substrate ===
  ep    64/5000 batch 7180 loss=  -0.428 pol= -0.854 vL= 0.186 kl= 0.15 H=  9.02 r̄=-0.160 succ=34.5% >exp= 0.0% el=2h49m eta=217h48m
  ep   384/5000 batch 7200 loss=  -0.845 pol= -1.195 vL= 0.212 kl= 0.13 H=  4.88 r̄=-0.047 succ=34.5% >exp= 0.0% el=2h49m eta=34h03m
  ep   704/5000 batch 7220 loss=   0.589 pol= -0.356 vL= 0.357 kl= 0.14 H=  6.60 r̄=-0.003 succ=34.5% >exp= 0.0% el=2h50m eta=17h20m
  ep  1024/5000 batch 7240 loss=   0.171 pol= -1.606 vL= 0.147 kl= 0.14 H=  6.95 r̄=-0.190 succ=34.5% >exp= 0.0% el=2h50m eta=11h03m
  ep  1344/5000 batch 7260 loss=   0.061 pol=  0.942 vL= 0.250 kl= 0.25 H=  5.06 r̄=-0.274 succ=34.5% >exp= 0.0% el=2h51m eta=7h46m
  ep  1664/5000 batch 7280 loss=   0.043 pol= -0.449 vL= 0.138 kl= 0.24 H=  4.50 r̄=-0.249 succ=34.5% >exp= 0.0% el=2h51m eta=5h44m
  ep  1984/5000 batch 7300 loss=   0.159 pol= -0.191 vL= 0.142 kl= 0.24 H=  4.45 r̄=-0.176 succ=34.5% >exp= 0.0% el=2h52m eta=4h22m
  ep  2304/5000 batch 7320 loss=   0.605 pol= -0.103 vL= 0.142 kl= 0.11 H=  8.26 r̄=-0.185 succ=34.5% >exp= 0.0% el=2h52m eta=3h22m
  ep  2624/5000 batch 7340 loss=  -0.597 pol=  2.421 vL= 0.156 kl= 0.11 H=  7.83 r̄=-0.290 succ=34.5% >exp= 0.0% el=2h53m eta=2h36m
  ep  2944/5000 batch 7360 loss=  -0.137 pol=  0.689 vL= 0.118 kl= 0.29 H=  9.76 r̄=-0.320 succ=34.5% >exp= 0.0% el=2h53m eta=2h01m
  ep  3264/5000 batch 7380 loss=   0.587 pol= -1.587 vL= 0.111 kl= 0.10 H=  7.69 r̄=-0.282 succ=34.5% >exp= 0.0% el=2h54m eta=1h32m
  ep  3584/5000 batch 7400 loss=  -0.477 pol= -1.128 vL= 0.120 kl= 0.10 H=  7.05 r̄=-0.249 succ=34.5% >exp= 0.0% el=2h55m eta=1h09m
  ep  3904/5000 batch 7420 loss=   0.031 pol= -1.347 vL= 0.187 kl= 0.15 H=  5.06 r̄= 0.166 succ=34.5% >exp= 0.0% el=2h55m eta=49m22s
  ep  4224/5000 batch 7440 loss=  -0.131 pol=  1.678 vL= 0.215 kl= 0.10 H=  7.31 r̄=-0.378 succ=34.5% >exp= 0.0% el=2h56m eta=32m24s
  ep  4544/5000 batch 7460 loss=  -0.080 pol=  0.235 vL= 0.201 kl= 0.09 H=  4.98 r̄= 0.030 succ=34.5% >exp= 0.0% el=2h56m eta=17m44s
  ep  4864/5000 batch 7480 loss=   0.027 pol=  0.861 vL= 0.107 kl= 0.07 H=  5.32 r̄=-0.325 succ=34.5% >exp= 0.0% el=2h57m eta= 4m57s
  >>> Epoch 24/40 DONE: succ=34.8% (1738/5000) mean_loss=-0.0240 mean_reward=-0.151 mean_KL=0.174 mean_H=6.77 epoch_time= 8m09s

=== Epoch 25/40 — resetting substrate ===
  ep   192/5000 batch 7500 loss=  -0.153 pol= -2.667 vL= 0.178 kl= 0.34 H=  5.92 r̄= 0.267 succ=34.5% >exp= 0.0% el=2h57m eta=74h11m
  ep   512/5000 batch 7520 loss=  -0.684 pol= -0.459 vL= 0.128 kl= 0.24 H=  9.58 r̄=-0.325 succ=34.5% >exp= 0.0% el=2h58m eta=26h01m
  ep   832/5000 batch 7540 loss=   0.120 pol=  0.822 vL= 0.216 kl= 0.22 H=  7.44 r̄=-0.142 succ=34.5% >exp= 0.0% el=2h58m eta=14h54m
  ep  1152/5000 batch 7560 loss=   0.261 pol= -0.899 vL= 0.149 kl= 0.15 H=  5.11 r̄= 0.237 succ=34.5% >exp= 0.0% el=2h59m eta=9h57m
  ep  1472/5000 batch 7580 loss=  -0.183 pol= -0.302 vL= 0.142 kl= 0.12 H=  5.94 r̄=-0.210 succ=34.5% >exp= 0.0% el=2h59m eta=7h10m
  ep  1792/5000 batch 7600 loss=   0.046 pol=  0.609 vL= 0.162 kl= 0.19 H=  7.08 r̄=-0.161 succ=34.5% >exp= 0.0% el=2h59m eta=5h22m
  ep  2112/5000 batch 7620 loss=  -0.425 pol= -2.678 vL= 0.309 kl= 0.28 H=  6.24 r̄=-0.186 succ=34.5% >exp= 0.0% el=3h00m eta=4h06m
  ep  2432/5000 batch 7640 loss=  -0.055 pol= -1.566 vL= 0.200 kl= 0.17 H=  7.94 r̄=-0.205 succ=34.5% >exp= 0.0% el=3h00m eta=3h10m
  ep  2752/5000 batch 7660 loss=  -0.393 pol= -1.424 vL= 0.049 kl= 0.11 H=  6.17 r̄=-0.172 succ=34.5% >exp= 0.0% el=3h01m eta=2h27m
  ep  3072/5000 batch 7680 loss=  -0.099 pol=  0.184 vL= 0.240 kl= 0.14 H=  7.61 r̄= 0.022 succ=34.5% >exp= 0.0% el=3h01m eta=1h53m
  ep  3392/5000 batch 7700 loss=  -0.287 pol=  0.675 vL= 0.107 kl= 0.14 H=  5.46 r̄=-0.060 succ=34.5% >exp= 0.0% el=3h01m eta=1h26m
  ep  3712/5000 batch 7720 loss=   0.108 pol=  0.521 vL= 0.070 kl= 0.15 H=  5.48 r̄=-0.048 succ=34.5% >exp= 0.0% el=3h02m eta=1h03m
  ep  4032/5000 batch 7740 loss=  -0.513 pol=  1.504 vL= 0.183 kl= 0.12 H=  5.71 r̄=-0.333 succ=34.5% >exp= 0.0% el=3h02m eta=43m53s
  ep  4352/5000 batch 7760 loss=  -0.550 pol= -0.658 vL= 0.201 kl= 0.08 H=  4.26 r̄= 0.053 succ=34.5% >exp= 0.0% el=3h03m eta=27m17s
  ep  4672/5000 batch 7780 loss=  -0.409 pol= -2.081 vL= 0.235 kl= 0.25 H=  7.27 r̄=-0.038 succ=34.5% >exp= 0.0% el=3h03m eta=12m53s
  ep  4992/5000 batch 7800 loss=   0.301 pol=  1.080 vL= 0.228 kl= 0.15 H=  4.78 r̄= 0.123 succ=34.6% >exp= 0.0% el=3h04m eta=  18s
  >>> Epoch 25/40 DONE: succ=34.9% (1744/5000) mean_loss=-0.1726 mean_reward=-0.150 mean_KL=0.149 mean_H=6.38 epoch_time= 6m41s

=== Epoch 26/40 — resetting substrate ===
  ep   320/5000 batch 7820 loss=  -0.529 pol=  0.775 vL= 0.190 kl= 0.26 H=  5.60 r̄= 0.002 succ=34.6% >exp= 0.0% el=3h04m eta=45h00m
  ep   640/5000 batch 7840 loss=  -0.228 pol= -0.617 vL= 0.154 kl= 0.24 H=  7.84 r̄=-0.248 succ=34.5% >exp= 0.0% el=3h05m eta=21h00m
  ep   960/5000 batch 7860 loss=  -0.244 pol=  2.541 vL= 0.076 kl= 0.40 H= 10.10 r̄=-0.172 succ=34.5% >exp= 0.0% el=3h05m eta=13h00m
  ep  1280/5000 batch 7880 loss=   0.451 pol=  3.251 vL= 0.224 kl= 0.29 H=  6.28 r̄=-0.335 succ=34.5% >exp= 0.0% el=3h05m eta=9h00m
  ep  1600/5000 batch 7900 loss=   0.497 pol=  0.500 vL= 0.288 kl= 0.14 H=  4.87 r̄=-0.267 succ=34.5% >exp= 0.0% el=3h06m eta=6h36m
  ep  1920/5000 batch 7920 loss=  -0.062 pol=  0.954 vL= 0.331 kl= 0.25 H=  3.85 r̄=-0.010 succ=34.5% >exp= 0.0% el=3h06m eta=4h59m
  ep  2240/5000 batch 7940 loss=  -0.006 pol=  0.169 vL= 0.215 kl= 0.19 H=  4.89 r̄=-0.110 succ=34.5% >exp= 0.0% el=3h07m eta=3h50m
  ep  2560/5000 batch 7960 loss=   0.460 pol=  1.800 vL= 0.381 kl= 0.10 H=  5.02 r̄=-0.260 succ=34.5% >exp= 0.0% el=3h07m eta=2h58m
  ep  2880/5000 batch 7980 loss=  -0.922 pol= -0.746 vL= 0.075 kl= 0.20 H=  7.91 r̄=-0.276 succ=34.5% >exp= 0.0% el=3h08m eta=2h18m
  ep  3200/5000 batch 8000 loss=  -0.833 pol=  0.056 vL= 0.256 kl= 0.19 H=  6.40 r̄= 0.037 succ=34.5% >exp= 0.0% el=3h08m eta=1h46m
  ep  3520/5000 batch 8020 loss=   0.429 pol=  0.284 vL= 0.220 kl= 0.29 H=  5.04 r̄=-0.052 succ=34.6% >exp= 0.0% el=3h09m eta=1h19m
  ep  3840/5000 batch 8040 loss=   0.293 pol=  0.300 vL= 0.095 kl= 0.14 H=  6.53 r̄=-0.087 succ=34.5% >exp= 0.0% el=3h09m eta=57m15s
  ep  4160/5000 batch 8060 loss=   0.166 pol= -1.525 vL= 0.173 kl= 0.13 H=  7.70 r̄=-0.080 succ=34.6% >exp= 0.0% el=3h10m eta=38m22s
  ep  4480/5000 batch 8080 loss=  -0.176 pol=  0.428 vL= 0.193 kl= 0.24 H=  3.79 r̄=-0.040 succ=34.6% >exp= 0.0% el=3h10m eta=22m06s
  ep  4800/5000 batch 8100 loss=  -0.199 pol=  0.143 vL= 0.169 kl= 0.27 H=  5.06 r̄= 0.117 succ=34.6% >exp= 0.0% el=3h10m eta= 7m57s
  >>> Epoch 26/40 DONE: succ=34.9% (1745/5000) mean_loss=-0.0673 mean_reward=-0.143 mean_KL=0.245 mean_H=6.73 epoch_time= 7m00s

=== Epoch 27/40 — resetting substrate ===
  ep   128/5000 batch 8120 loss=  -0.243 pol= -2.164 vL= 0.127 kl= 0.24 H=  9.28 r̄=-0.069 succ=34.6% >exp= 0.0% el=3h11m eta=121h24m
  ep   448/5000 batch 8140 loss=  -0.045 pol= -0.232 vL= 0.312 kl= 0.15 H=  6.74 r̄=-0.037 succ=34.6% >exp= 0.0% el=3h11m eta=32h29m
  ep   768/5000 batch 8160 loss=  -0.246 pol=  0.126 vL= 0.181 kl= 0.30 H=  6.15 r̄=-0.331 succ=34.6% >exp= 0.0% el=3h12m eta=17h39m
  ep  1088/5000 batch 8180 loss=  -0.579 pol=  1.778 vL= 0.215 kl= 0.18 H=  6.40 r̄=-0.300 succ=34.6% >exp= 0.0% el=3h12m eta=11h32m
  ep  1408/5000 batch 8200 loss=   0.265 pol=  0.301 vL= 0.281 kl= 0.18 H=  7.50 r̄=-0.246 succ=34.6% >exp= 0.0% el=3h13m eta=8h12m
  ep  1728/5000 batch 8220 loss=  -0.421 pol=  0.522 vL= 0.138 kl= 0.26 H=  6.83 r̄= 0.074 succ=34.6% >exp= 0.0% el=3h13m eta=6h06m
  ep  2048/5000 batch 8240 loss=  -0.106 pol= -0.659 vL= 0.131 kl= 0.36 H=  6.63 r̄=-0.366 succ=34.6% >exp= 0.0% el=3h14m eta=4h39m
  ep  2368/5000 batch 8260 loss=   0.011 pol= -0.778 vL= 0.133 kl= 0.19 H=  5.09 r̄=-0.124 succ=34.5% >exp= 0.0% el=3h14m eta=3h36m
  ep  2688/5000 batch 8280 loss=  -0.243 pol= -0.945 vL= 0.174 kl= 0.19 H=  6.79 r̄= 0.083 succ=34.5% >exp= 0.0% el=3h15m eta=2h47m
  ep  3008/5000 batch 8300 loss=  -0.417 pol=  0.471 vL= 0.234 kl= 0.23 H=  6.93 r̄=-0.154 succ=34.5% >exp= 0.0% el=3h15m eta=2h09m
  ep  3328/5000 batch 8320 loss=  -0.024 pol= -0.638 vL= 0.121 kl= 0.29 H=  5.06 r̄=-0.100 succ=34.5% >exp= 0.0% el=3h16m eta=1h38m
  ep  3648/5000 batch 8340 loss=  -0.185 pol=  0.751 vL= 0.313 kl= 0.14 H=  4.78 r̄=-0.096 succ=34.6% >exp= 0.0% el=3h16m eta=1h12m
  ep  3968/5000 batch 8360 loss=  -0.296 pol=  0.128 vL= 0.199 kl= 0.15 H=  7.19 r̄=-0.332 succ=34.6% >exp= 0.0% el=3h17m eta=51m22s
  ep  4288/5000 batch 8380 loss=  -0.272 pol= -1.911 vL= 0.092 kl= 0.14 H=  8.05 r̄= 0.006 succ=34.6% >exp= 0.0% el=3h18m eta=32m53s
  ep  4608/5000 batch 8400 loss=  -0.362 pol= -2.006 vL= 0.180 kl= 0.15 H=  5.17 r̄= 0.244 succ=34.6% >exp= 0.0% el=3h18m eta=16m53s
  ep  4928/5000 batch 8420 loss=   0.047 pol=  0.239 vL= 0.184 kl= 0.32 H=  6.24 r̄=-0.077 succ=34.6% >exp= 0.0% el=3h19m eta= 2m54s
  >>> Epoch 27/40 DONE: succ=35.1% (1754/5000) mean_loss=-0.1857 mean_reward=-0.141 mean_KL=0.203 mean_H=6.75 epoch_time= 7m56s

=== Epoch 28/40 — resetting substrate ===
  ep   256/5000 batch 8440 loss=  -0.216 pol=  0.220 vL= 0.063 kl= 0.10 H=  7.77 r̄= 0.031 succ=34.6% >exp= 0.0% el=3h19m eta=61h36m
  ep   576/5000 batch 8460 loss=   0.498 pol= -0.716 vL= 0.162 kl= 0.11 H=  6.10 r̄=-0.243 succ=34.6% >exp= 0.0% el=3h19m eta=25h35m
  ep   896/5000 batch 8480 loss=  -0.802 pol= -1.357 vL= 0.111 kl= 0.27 H=  5.08 r̄=-0.017 succ=34.6% >exp= 0.0% el=3h20m eta=15h17m
  ep  1216/5000 batch 8500 loss=  -0.050 pol= -0.733 vL= 0.064 kl= 0.12 H=  7.47 r̄=-0.069 succ=34.6% >exp= 0.0% el=3h20m eta=10h25m
  ep  1536/5000 batch 8520 loss=   0.469 pol= -1.563 vL= 0.169 kl= 0.10 H=  6.48 r̄=-0.042 succ=34.6% >exp= 0.0% el=3h21m eta=7h33m
  ep  1856/5000 batch 8540 loss=  -0.152 pol= -1.859 vL= 0.263 kl= 0.15 H=  7.26 r̄=-0.095 succ=34.6% >exp= 0.0% el=3h21m eta=5h41m
  ep  2176/5000 batch 8560 loss=  -0.709 pol= -1.131 vL= 0.237 kl= 0.11 H=  5.43 r̄= 0.118 succ=34.6% >exp= 0.0% el=3h22m eta=4h22m
  ep  2496/5000 batch 8580 loss=   0.099 pol=  1.076 vL= 0.353 kl= 0.36 H=  6.91 r̄= 0.128 succ=34.6% >exp= 0.0% el=3h22m eta=3h23m
  ep  2816/5000 batch 8600 loss=   0.302 pol=  1.310 vL= 0.251 kl= 0.15 H=  5.74 r̄=-0.337 succ=34.6% >exp= 0.0% el=3h23m eta=2h37m
  ep  3136/5000 batch 8620 loss=   0.282 pol=  0.599 vL= 0.225 kl= 0.18 H=  7.87 r̄=-0.222 succ=34.6% >exp= 0.0% el=3h23m eta=2h00m
  ep  3456/5000 batch 8640 loss=  -0.381 pol= -0.936 vL= 0.251 kl= 0.30 H=  5.57 r̄= 0.084 succ=34.6% >exp= 0.0% el=3h24m eta=1h31m
  ep  3776/5000 batch 8660 loss=   0.460 pol=  0.312 vL= 0.161 kl= 0.28 H=  7.25 r̄=-0.349 succ=34.6% >exp= 0.0% el=3h24m eta=1h06m
  ep  4096/5000 batch 8680 loss=   0.062 pol=  0.561 vL= 0.272 kl= 0.23 H=  6.79 r̄= 0.032 succ=34.6% >exp= 0.0% el=3h24m eta=45m13s
  ep  4416/5000 batch 8700 loss=  -0.927 pol= -0.125 vL= 0.152 kl= 0.10 H=  6.39 r̄=-0.084 succ=34.6% >exp= 0.0% el=3h25m eta=27m10s
  ep  4736/5000 batch 8720 loss=   0.051 pol=  0.381 vL= 0.102 kl= 0.18 H=  4.08 r̄=-0.089 succ=34.6% >exp= 0.0% el=3h26m eta=11m29s
  >>> Epoch 28/40 DONE: succ=35.3% (1763/5000) mean_loss=-0.0632 mean_reward=-0.138 mean_KL=0.197 mean_H=6.45 epoch_time= 7m29s

=== Epoch 29/40 — resetting substrate ===
  ep    64/5000 batch 8740 loss=  -0.139 pol= -1.348 vL= 0.239 kl= 0.08 H=  8.55 r̄= 0.030 succ=34.6% >exp= 0.0% el=3h26m eta=265h45m
  ep   384/5000 batch 8760 loss=  -0.310 pol= -0.159 vL= 0.106 kl= 0.16 H=  5.70 r̄=-0.246 succ=34.6% >exp= 0.0% el=3h27m eta=41h33m
  ep   704/5000 batch 8780 loss=  -0.243 pol=  1.319 vL= 0.244 kl= 0.35 H=  8.15 r̄=-0.224 succ=34.6% >exp= 0.0% el=3h28m eta=21h09m
  ep  1024/5000 batch 8800 loss=  -0.724 pol= -2.326 vL= 0.107 kl= 0.23 H=  7.94 r̄=-0.020 succ=34.6% >exp= 0.0% el=3h28m eta=13h30m
  ep  1344/5000 batch 8820 loss=   0.020 pol= -1.065 vL= 0.090 kl= 0.26 H=  6.35 r̄=-0.070 succ=34.6% >exp= 0.0% el=3h29m eta=9h29m
  ep  1664/5000 batch 8840 loss=   0.249 pol= -0.298 vL= 0.163 kl= 0.28 H=  5.07 r̄=-0.196 succ=34.6% >exp= 0.0% el=3h30m eta=7h01m
  ep  1984/5000 batch 8860 loss=  -0.092 pol=  0.521 vL= 0.160 kl= 0.23 H=  5.16 r̄= 0.005 succ=34.6% >exp= 0.0% el=3h31m eta=5h20m
  ep  2304/5000 batch 8880 loss=   0.124 pol= -1.676 vL= 0.259 kl= 0.16 H=  7.20 r̄=-0.175 succ=34.6% >exp= 0.0% el=3h31m eta=4h07m
  ep  2624/5000 batch 8900 loss=   0.074 pol=  1.743 vL= 0.142 kl= 0.10 H=  6.91 r̄=-0.283 succ=34.6% >exp= 0.0% el=3h32m eta=3h12m
  ep  2944/5000 batch 8920 loss=   0.034 pol= -0.388 vL= 0.088 kl= 0.09 H=  7.43 r̄=-0.112 succ=34.6% >exp= 0.0% el=3h32m eta=2h28m
  ep  3264/5000 batch 8940 loss=   0.340 pol=  1.098 vL= 0.092 kl= 0.16 H=  8.12 r̄=-0.348 succ=34.6% >exp= 0.0% el=3h33m eta=1h53m
  ep  3584/5000 batch 8960 loss=  -0.235 pol= -0.275 vL= 0.191 kl= 0.08 H=  6.66 r̄=-0.256 succ=34.6% >exp= 0.0% el=3h34m eta=1h24m
  ep  3904/5000 batch 8980 loss=  -0.070 pol= -2.208 vL= 0.368 kl= 0.25 H=  6.14 r̄= 0.066 succ=34.6% >exp= 0.0% el=3h34m eta=1h00m
  ep  4224/5000 batch 9000 loss=  -0.289 pol= -2.313 vL= 0.110 kl= 0.29 H= 10.19 r̄=-0.267 succ=34.6% >exp= 0.0% el=3h35m eta=39m31s
  ep  4544/5000 batch 9020 loss=  -0.706 pol= -1.065 vL= 0.267 kl= 0.15 H=  6.68 r̄= 0.130 succ=34.6% >exp= 0.0% el=3h35m eta=21m38s
  ep  4864/5000 batch 9040 loss=   0.591 pol=  1.306 vL= 0.142 kl= 0.10 H=  6.84 r̄=-0.301 succ=34.6% >exp= 0.0% el=3h36m eta= 6m02s
  >>> Epoch 29/40 DONE: succ=35.3% (1763/5000) mean_loss=-0.0974 mean_reward=-0.139 mean_KL=0.213 mean_H=7.20 epoch_time= 9m49s

=== Epoch 30/40 — resetting substrate ===
  ep   192/5000 batch 9060 loss=  -0.376 pol= -2.873 vL= 0.123 kl= 0.22 H=  6.13 r̄= 0.303 succ=34.6% >exp= 0.0% el=3h36m eta=90h27m
  ep   512/5000 batch 9080 loss=  -0.071 pol= -1.183 vL= 0.090 kl= 0.20 H=  7.58 r̄=-0.264 succ=34.6% >exp= 0.0% el=3h37m eta=31h45m
  ep   832/5000 batch 9100 loss=  -0.338 pol=  1.111 vL= 0.376 kl= 0.21 H=  6.02 r̄=-0.135 succ=34.6% >exp= 0.0% el=3h37m eta=18h11m
  ep  1152/5000 batch 9120 loss=  -0.262 pol= -0.593 vL= 0.340 kl= 0.16 H=  4.56 r̄= 0.005 succ=34.6% >exp= 0.0% el=3h38m eta=12h10m
  ep  1472/5000 batch 9140 loss=   0.357 pol= -0.115 vL= 0.240 kl= 0.20 H=  6.49 r̄=-0.042 succ=34.6% >exp= 0.0% el=3h39m eta=8h45m
  ep  1792/5000 batch 9160 loss=  -0.655 pol= -1.044 vL= 0.218 kl= 0.14 H=  7.38 r̄=-0.161 succ=34.6% >exp= 0.0% el=3h39m eta=6h33m
  ep  2112/5000 batch 9180 loss=  -0.056 pol= -2.166 vL= 0.180 kl= 0.18 H=  7.57 r̄=-0.015 succ=34.6% >exp= 0.0% el=3h40m eta=5h01m
  ep  2432/5000 batch 9200 loss=  -0.249 pol= -1.526 vL= 0.132 kl= 0.20 H=  8.09 r̄=-0.258 succ=34.6% >exp= 0.0% el=3h40m eta=3h52m
  ep  2752/5000 batch 9220 loss=   0.389 pol= -0.155 vL= 0.116 kl= 0.24 H=  6.45 r̄=-0.171 succ=34.6% >exp= 0.0% el=3h41m eta=3h00m
  ep  3072/5000 batch 9240 loss=   0.157 pol= -0.538 vL= 0.178 kl= 0.26 H=  8.10 r̄=-0.069 succ=34.6% >exp= 0.0% el=3h41m eta=2h19m
  ep  3392/5000 batch 9260 loss=  -1.046 pol= -1.197 vL= 0.386 kl= 0.18 H=  7.15 r̄=-0.084 succ=34.6% >exp= 0.0% el=3h42m eta=1h45m
  ep  3712/5000 batch 9280 loss=   0.068 pol=  1.238 vL= 0.106 kl= 0.19 H=  7.34 r̄=-0.181 succ=34.6% >exp= 0.0% el=3h42m eta=1h17m
  ep  4032/5000 batch 9300 loss=   0.454 pol=  1.846 vL= 0.176 kl= 0.18 H=  6.79 r̄=-0.331 succ=34.6% >exp= 0.0% el=3h42m eta=53m30s
  ep  4352/5000 batch 9320 loss=  -0.913 pol= -1.067 vL= 0.265 kl= 0.18 H=  5.55 r̄= 0.115 succ=34.6% >exp= 0.0% el=3h43m eta=33m15s
  ep  4672/5000 batch 9340 loss=  -0.135 pol=  1.577 vL= 0.209 kl= 0.19 H=  7.95 r̄=-0.219 succ=34.7% >exp= 0.0% el=3h43m eta=15m42s
  ep  4992/5000 batch 9360 loss=   0.256 pol=  1.147 vL= 0.170 kl= 0.09 H=  4.73 r̄=-0.281 succ=34.7% >exp= 0.0% el=3h44m eta=  22s
  >>> Epoch 30/40 DONE: succ=35.3% (1765/5000) mean_loss=-0.1525 mean_reward=-0.138 mean_KL=0.190 mean_H=6.77 epoch_time= 7m46s

=== Epoch 31/40 — resetting substrate ===
  ep   320/5000 batch 9380 loss=  -0.271 pol= -0.622 vL= 0.185 kl= 0.24 H=  4.76 r̄=-0.026 succ=34.7% >exp= 0.0% el=3h44m eta=54h45m
  ep   640/5000 batch 9400 loss=   0.161 pol= -1.579 vL= 0.160 kl= 0.15 H=  6.58 r̄=-0.115 succ=34.6% >exp= 0.0% el=3h45m eta=25h33m
  ep   960/5000 batch 9420 loss=  -0.286 pol=  0.922 vL= 0.078 kl= 0.13 H=  8.45 r̄=-0.306 succ=34.6% >exp= 0.0% el=3h45m eta=15h49m
  ep  1280/5000 batch 9440 loss=   0.139 pol=  0.758 vL= 0.148 kl= 0.25 H=  6.10 r̄=-0.088 succ=34.6% >exp= 0.0% el=3h46m eta=10h56m
  ep  1600/5000 batch 9460 loss=   0.535 pol= -0.219 vL= 0.210 kl= 0.21 H=  3.55 r̄=-0.209 succ=34.6% >exp= 0.0% el=3h46m eta=8h01m
  ep  1920/5000 batch 9480 loss=  -0.048 pol=  0.353 vL= 0.340 kl= 0.29 H=  4.39 r̄= 0.032 succ=34.6% >exp= 0.0% el=3h46m eta=6h03m
  ep  2240/5000 batch 9500 loss=  -0.164 pol= -0.145 vL= 0.222 kl= 0.13 H=  4.73 r̄=-0.330 succ=34.6% >exp= 0.0% el=3h47m eta=4h40m
  ep  2560/5000 batch 9520 loss=  -0.098 pol=  0.760 vL= 0.259 kl= 0.12 H=  4.89 r̄=-0.260 succ=34.6% >exp= 0.0% el=3h47m eta=3h37m
  ep  2880/5000 batch 9540 loss=   0.030 pol=  0.199 vL= 0.116 kl= 0.08 H=  7.37 r̄=-0.287 succ=34.6% >exp= 0.0% el=3h48m eta=2h47m
  ep  3200/5000 batch 9560 loss=  -0.580 pol= -0.511 vL= 0.107 kl= 0.08 H=  7.03 r̄=-0.056 succ=34.6% >exp= 0.0% el=3h48m eta=2h08m
  ep  3520/5000 batch 9580 loss=  -0.292 pol=  0.953 vL= 0.141 kl= 0.21 H=  6.84 r̄=-0.235 succ=34.6% >exp= 0.0% el=3h49m eta=1h36m
  ep  3840/5000 batch 9600 loss=   0.245 pol=  1.049 vL= 0.080 kl= 0.10 H=  8.57 r̄=-0.425 succ=34.6% >exp= 0.0% el=3h49m eta=1h09m
  ep  4160/5000 batch 9620 loss=   0.011 pol= -1.022 vL= 0.143 kl= 0.10 H=  8.09 r̄=-0.102 succ=34.6% >exp= 0.0% el=3h49m eta=46m26s
  ep  4480/5000 batch 9640 loss=  -0.294 pol= -0.995 vL= 0.250 kl= 0.15 H=  4.09 r̄= 0.043 succ=34.6% >exp= 0.0% el=3h50m eta=26m45s
  ep  4800/5000 batch 9660 loss=  -0.460 pol=  0.797 vL= 0.185 kl= 0.09 H=  5.68 r̄=-0.250 succ=34.6% >exp= 0.0% el=3h51m eta= 9m37s
  >>> Epoch 31/40 DONE: succ=34.1% (1707/5000) mean_loss=-0.0919 mean_reward=-0.152 mean_KL=0.153 mean_H=6.52 epoch_time= 7m05s

=== Epoch 32/40 — resetting substrate ===
  ep   128/5000 batch 9680 loss=  -0.393 pol=  0.663 vL= 0.099 kl= 0.07 H=  8.83 r̄=-0.109 succ=34.6% >exp= 0.0% el=3h51m eta=146h54m
  ep   448/5000 batch 9700 loss=   0.474 pol=  0.366 vL= 0.170 kl= 0.14 H=  7.65 r̄= 0.015 succ=34.6% >exp= 0.0% el=3h52m eta=39h17m
  ep   768/5000 batch 9720 loss=  -0.500 pol= -1.280 vL= 0.475 kl= 0.13 H=  4.88 r̄= 0.030 succ=34.6% >exp= 0.0% el=3h52m eta=21h21m
  ep  1088/5000 batch 9740 loss=  -0.039 pol=  1.136 vL= 0.171 kl= 0.29 H=  5.78 r̄=-0.260 succ=34.6% >exp= 0.0% el=3h53m eta=13h57m
  ep  1408/5000 batch 9760 loss=   0.190 pol=  1.978 vL= 0.236 kl= 0.11 H=  6.65 r̄=-0.262 succ=34.6% >exp= 0.0% el=3h53m eta=9h55m
  ep  1728/5000 batch 9780 loss=  -0.106 pol= -0.776 vL= 0.174 kl= 0.09 H=  6.62 r̄= 0.135 succ=34.6% >exp= 0.0% el=3h54m eta=7h23m
  ep  2048/5000 batch 9800 loss=  -0.081 pol= -0.647 vL= 0.141 kl= 0.11 H=  5.54 r̄=-0.076 succ=34.6% >exp= 0.0% el=3h54m eta=5h38m
  ep  2368/5000 batch 9820 loss=  -0.128 pol=  0.426 vL= 0.159 kl= 0.13 H=  4.52 r̄=-0.074 succ=34.6% >exp= 0.0% el=3h55m eta=4h21m
  ep  2688/5000 batch 9840 loss=  -0.054 pol= -0.098 vL= 0.220 kl= 0.20 H=  4.92 r̄=-0.122 succ=34.6% >exp= 0.0% el=3h55m eta=3h22m
  ep  3008/5000 batch 9860 loss=  -0.052 pol= -0.903 vL= 0.186 kl= 0.25 H=  5.61 r̄=-0.170 succ=34.6% >exp= 0.0% el=3h56m eta=2h36m
  ep  3328/5000 batch 9880 loss=  -0.687 pol=  0.496 vL= 0.231 kl= 0.15 H=  4.19 r̄=-0.210 succ=34.6% >exp= 0.0% el=3h56m eta=1h58m
  ep  3648/5000 batch 9900 loss=   0.798 pol= -0.638 vL= 0.237 kl= 0.24 H=  5.92 r̄=-0.084 succ=34.6% >exp= 0.0% el=3h56m eta=1h27m
  ep  3968/5000 batch 9920 loss=  -0.188 pol=  0.167 vL= 0.220 kl= 0.11 H=  6.49 r̄=-0.128 succ=34.6% >exp= 0.0% el=3h57m eta=1h01m
  ep  4288/5000 batch 9940 loss=  -0.469 pol= -1.364 vL= 0.110 kl= 0.09 H=  7.08 r̄= 0.003 succ=34.6% >exp= 0.0% el=3h57m eta=39m30s
  ep  4608/5000 batch 9960 loss=  -0.577 pol= -1.492 vL= 0.227 kl= 0.11 H=  5.51 r̄= 0.286 succ=34.6% >exp= 0.0% el=3h58m eta=20m16s
  ep  4928/5000 batch 9980 loss=  -0.082 pol=  1.514 vL= 0.098 kl= 0.15 H=  4.96 r̄=-0.275 succ=34.7% >exp= 0.0% el=3h58m eta= 3m29s
  >>> Epoch 32/40 DONE: succ=35.2% (1759/5000) mean_loss=-0.1191 mean_reward=-0.139 mean_KL=0.167 mean_H=6.34 epoch_time= 7m37s

=== Epoch 33/40 — resetting substrate ===
  ep   256/5000 batch 10000 loss=  -0.813 pol= -3.463 vL= 0.131 kl= 0.12 H=  7.00 r̄= 0.042 succ=34.7% >exp= 0.0% el=3h59m eta=73h55m
  ep   576/5000 batch 10020 loss=   0.231 pol= -1.516 vL= 0.239 kl= 0.07 H=  7.46 r̄=-0.157 succ=34.7% >exp= 0.0% el=3h59m eta=30h41m
  ep   896/5000 batch 10040 loss=  -0.034 pol= -0.153 vL= 0.054 kl= 0.22 H=  6.07 r̄=-0.033 succ=34.6% >exp= 0.0% el=4h00m eta=18h20m
  ep  1216/5000 batch 10060 loss=   0.471 pol= -1.582 vL= 0.170 kl= 0.16 H=  8.47 r̄=-0.184 succ=34.6% >exp= 0.0% el=4h00m eta=12h29m
  ep  1536/5000 batch 10080 loss=  -0.470 pol= -1.378 vL= 0.142 kl= 0.35 H=  6.39 r̄=-0.032 succ=34.6% >exp= 0.0% el=4h01m eta=9h03m
  ep  1856/5000 batch 10100 loss=  -0.120 pol= -2.030 vL= 0.191 kl= 0.12 H=  7.27 r̄=-0.190 succ=34.6% >exp= 0.0% el=4h01m eta=6h49m
  ep  2176/5000 batch 10120 loss=   0.485 pol= -0.279 vL= 0.181 kl= 0.17 H=  5.15 r̄=-0.096 succ=34.6% >exp= 0.0% el=4h02m eta=5h14m
  ep  2496/5000 batch 10140 loss=   0.012 pol= -3.361 vL= 0.261 kl= 0.37 H=  6.44 r̄= 0.286 succ=34.6% >exp= 0.0% el=4h02m eta=4h03m
  ep  2816/5000 batch 10160 loss=  -0.474 pol= -0.026 vL= 0.119 kl= 0.09 H=  5.32 r̄=-0.286 succ=34.6% >exp= 0.0% el=4h03m eta=3h08m
  ep  3136/5000 batch 10180 loss=  -0.232 pol= -4.139 vL= 0.226 kl= 0.15 H=  9.09 r̄=-0.028 succ=34.6% >exp= 0.0% el=4h03m eta=2h24m
  ep  3456/5000 batch 10200 loss=  -0.761 pol=  0.027 vL= 0.092 kl= 0.26 H=  8.28 r̄= 0.223 succ=34.6% >exp= 0.0% el=4h03m eta=1h48m
  ep  3776/5000 batch 10220 loss=  -0.210 pol=  1.580 vL= 0.092 kl= 0.29 H=  9.53 r̄=-0.372 succ=34.6% >exp= 0.0% el=4h04m eta=1h19m
  ep  4096/5000 batch 10240 loss=  -0.178 pol= -0.179 vL= 0.253 kl= 0.23 H=  7.01 r̄=-0.124 succ=34.6% >exp= 0.0% el=4h04m eta=54m03s
  ep  4416/5000 batch 10260 loss=  -0.337 pol=  0.159 vL= 0.286 kl= 0.11 H=  6.44 r̄=-0.106 succ=34.6% >exp= 0.0% el=4h05m eta=32m27s
  ep  4736/5000 batch 10280 loss=   0.222 pol=  1.264 vL= 0.202 kl= 0.28 H=  5.94 r̄=-0.196 succ=34.6% >exp= 0.0% el=4h05m eta=13m42s
  >>> Epoch 33/40 DONE: succ=34.1% (1706/5000) mean_loss=-0.1628 mean_reward=-0.157 mean_KL=0.224 mean_H=6.78 epoch_time= 7m21s

=== Epoch 34/40 — resetting substrate ===
  ep    64/5000 batch 10300 loss=  -0.246 pol=  1.804 vL= 0.101 kl= 0.23 H= 10.14 r̄=-0.266 succ=34.6% >exp= 0.0% el=4h06m eta=316h44m
  ep   384/5000 batch 10320 loss=  -0.161 pol=  0.697 vL= 0.150 kl= 0.15 H=  6.17 r̄=-0.076 succ=34.6% >exp= 0.0% el=4h06m eta=49h28m
  ep   704/5000 batch 10340 loss=   0.090 pol=  3.168 vL= 0.154 kl= 0.21 H=  8.70 r̄=-0.456 succ=34.6% >exp= 0.0% el=4h07m eta=25h09m
  ep  1024/5000 batch 10360 loss=  -0.233 pol=  0.121 vL= 0.200 kl= 0.11 H=  6.82 r̄=-0.171 succ=34.6% >exp= 0.0% el=4h07m eta=16h02m
  ep  1344/5000 batch 10380 loss=   0.221 pol=  1.113 vL= 0.171 kl= 0.20 H=  5.43 r̄=-0.100 succ=34.6% >exp= 0.0% el=4h08m eta=11h15m
  ep  1664/5000 batch 10400 loss=   0.218 pol=  0.818 vL= 0.048 kl= 0.12 H=  5.90 r̄=-0.476 succ=34.6% >exp= 0.0% el=4h08m eta=8h18m
  ep  1984/5000 batch 10420 loss=  -0.327 pol= -1.004 vL= 0.309 kl= 0.30 H=  4.98 r̄= 0.056 succ=34.6% >exp= 0.0% el=4h09m eta=6h18m
  ep  2304/5000 batch 10440 loss=  -0.262 pol=  0.402 vL= 0.279 kl= 0.10 H=  7.70 r̄=-0.181 succ=34.6% >exp= 0.0% el=4h09m eta=4h52m
  ep  2624/5000 batch 10460 loss=  -0.288 pol=  2.361 vL= 0.101 kl= 0.20 H=  8.93 r̄=-0.465 succ=34.6% >exp= 0.0% el=4h10m eta=3h46m
  ep  2944/5000 batch 10480 loss=  -0.841 pol= -1.481 vL= 0.104 kl= 0.13 H=  7.29 r̄=-0.237 succ=34.6% >exp= 0.0% el=4h10m eta=2h55m
  ep  3264/5000 batch 10500 loss=   0.215 pol=  0.962 vL= 0.125 kl= 0.10 H=  7.27 r̄=-0.263 succ=34.6% >exp= 0.0% el=4h11m eta=2h13m
  ep  3584/5000 batch 10520 loss=  -0.120 pol= -0.320 vL= 0.143 kl= 0.07 H=  6.41 r̄=-0.264 succ=34.6% >exp= 0.0% el=4h11m eta=1h39m
  ep  3904/5000 batch 10540 loss=  -0.170 pol= -0.125 vL= 0.158 kl= 0.19 H=  5.60 r̄= 0.070 succ=34.6% >exp= 0.0% el=4h12m eta=1h10m
  ep  4224/5000 batch 10560 loss=   0.258 pol=  0.314 vL= 0.104 kl= 0.11 H=  7.98 r̄=-0.240 succ=34.6% >exp= 0.0% el=4h12m eta=46m24s
  ep  4544/5000 batch 10580 loss=  -0.843 pol= -0.476 vL= 0.102 kl= 0.08 H=  5.61 r̄= 0.221 succ=34.6% >exp= 0.0% el=4h13m eta=25m23s
  ep  4864/5000 batch 10600 loss=   0.714 pol=  3.913 vL= 0.277 kl= 0.07 H=  6.64 r̄=-0.420 succ=34.6% >exp= 0.0% el=4h13m eta= 7m05s
  >>> Epoch 34/40 DONE: succ=35.0% (1749/5000) mean_loss=-0.0785 mean_reward=-0.150 mean_KL=0.183 mean_H=7.03 epoch_time= 7m26s

=== Epoch 35/40 — resetting substrate ===
  ep   192/5000 batch 10620 loss=   0.181 pol= -1.572 vL= 0.221 kl= 0.15 H=  6.23 r̄= 0.153 succ=34.7% >exp= 0.0% el=4h14m eta=106h01m
  ep   512/5000 batch 10640 loss=  -0.500 pol= -0.679 vL= 0.092 kl= 0.12 H=  8.31 r̄=-0.329 succ=34.6% >exp= 0.0% el=4h14m eta=37h10m
  ep   832/5000 batch 10660 loss=  -0.028 pol= -3.328 vL= 0.136 kl= 0.25 H=  7.21 r̄= 0.172 succ=34.6% >exp= 0.0% el=4h14m eta=21h17m
  ep  1152/5000 batch 10680 loss=  -0.262 pol= -1.997 vL= 0.214 kl= 0.12 H=  5.50 r̄= 0.124 succ=34.6% >exp= 0.0% el=4h15m eta=14h13m
  ep  1472/5000 batch 10700 loss=  -0.156 pol= -0.215 vL= 0.148 kl= 0.15 H=  6.56 r̄=-0.116 succ=34.6% >exp= 0.0% el=4h15m eta=10h13m
  ep  1792/5000 batch 10720 loss=  -0.346 pol= -1.168 vL= 0.039 kl= 0.26 H=  8.07 r̄=-0.272 succ=34.6% >exp= 0.0% el=4h16m eta=7h39m
  ep  2112/5000 batch 10740 loss=  -0.526 pol= -3.190 vL= 0.322 kl= 0.28 H=  6.33 r̄= 0.091 succ=34.6% >exp= 0.0% el=4h16m eta=5h51m
  ep  2432/5000 batch 10760 loss=  -0.126 pol= -1.924 vL= 0.121 kl= 0.18 H=  9.06 r̄=-0.286 succ=34.6% >exp= 0.0% el=4h17m eta=4h31m
  ep  2752/5000 batch 10780 loss=   0.025 pol= -0.724 vL= 0.151 kl= 0.19 H=  7.17 r̄=-0.282 succ=34.6% >exp= 0.0% el=4h17m eta=3h30m
  ep  3072/5000 batch 10800 loss=  -0.546 pol= -3.972 vL= 0.345 kl= 0.21 H=  8.50 r̄= 0.120 succ=34.6% >exp= 0.0% el=4h18m eta=2h42m
  ep  3392/5000 batch 10820 loss=   0.523 pol=  1.666 vL= 0.187 kl= 0.15 H=  6.77 r̄=-0.235 succ=34.6% >exp= 0.0% el=4h18m eta=2h02m
  ep  3712/5000 batch 10840 loss=  -0.417 pol= -0.542 vL= 0.066 kl= 0.18 H=  6.37 r̄=-0.122 succ=34.6% >exp= 0.0% el=4h19m eta=1h30m
  ep  4032/5000 batch 10860 loss=   0.287 pol=  1.376 vL= 0.200 kl= 0.14 H=  7.19 r̄=-0.224 succ=34.7% >exp= 0.0% el=4h19m eta=1h02m
  ep  4352/5000 batch 10880 loss=  -0.339 pol= -0.211 vL= 0.280 kl= 0.06 H=  4.21 r̄=-0.056 succ=34.6% >exp= 0.0% el=4h20m eta=38m46s
  ep  4672/5000 batch 10900 loss=  -0.379 pol= -0.165 vL= 0.142 kl= 0.17 H=  7.17 r̄=-0.131 succ=34.7% >exp= 0.0% el=4h20m eta=18m19s
  ep  4992/5000 batch 10920 loss=   0.498 pol= -0.441 vL= 0.138 kl= 0.15 H=  4.86 r̄=-0.093 succ=34.7% >exp= 0.0% el=4h21m eta=  25s
  >>> Epoch 35/40 DONE: succ=35.1% (1753/5000) mean_loss=-0.1476 mean_reward=-0.148 mean_KL=0.157 mean_H=6.94 epoch_time= 7m37s

=== Epoch 36/40 — resetting substrate ===
  ep   320/5000 batch 10940 loss=  -0.093 pol=  0.464 vL= 0.372 kl= 0.23 H=  5.36 r̄=-0.125 succ=34.7% >exp= 0.0% el=4h21m eta=63h50m
  ep   640/5000 batch 10960 loss=  -0.122 pol=  0.308 vL= 0.075 kl= 0.33 H=  7.54 r̄=-0.072 succ=34.7% >exp= 0.0% el=4h22m eta=29h47m
  ep   960/5000 batch 10980 loss=  -0.059 pol= -0.239 vL= 0.134 kl= 0.22 H=  9.64 r̄=-0.097 succ=34.7% >exp= 0.0% el=4h22m eta=18h25m
  ep  1280/5000 batch 11000 loss=   0.214 pol=  0.663 vL= 0.298 kl= 0.42 H=  6.53 r̄=-0.184 succ=34.7% >exp= 0.0% el=4h23m eta=12h45m
  ep  1600/5000 batch 11020 loss=  -0.168 pol=  0.282 vL= 0.229 kl= 0.13 H=  5.40 r̄=-0.101 succ=34.7% >exp= 0.0% el=4h23m eta=9h20m
  ep  1920/5000 batch 11040 loss=  -0.269 pol= -0.527 vL= 0.268 kl= 0.15 H=  5.17 r̄= 0.231 succ=34.7% >exp= 0.0% el=4h24m eta=7h03m
  ep  2240/5000 batch 11060 loss=  -0.802 pol=  0.209 vL= 0.095 kl= 0.43 H=  7.49 r̄=-0.212 succ=34.7% >exp= 0.0% el=4h24m eta=5h26m
  ep  2560/5000 batch 11080 loss=  -0.039 pol= -0.976 vL= 0.205 kl= 1.10 H=  8.94 r̄=-0.216 succ=34.7% >exp= 0.0% el=4h25m eta=4h12m
  ep  2880/5000 batch 11100 loss=   0.150 pol=  2.314 vL= 0.181 kl= 0.21 H=  9.18 r̄=-0.262 succ=34.7% >exp= 0.0% el=4h25m eta=3h15m
  ep  3200/5000 batch 11120 loss=  -0.365 pol= -2.380 vL= 0.241 kl= 0.48 H=  7.59 r̄= 0.077 succ=34.7% >exp= 0.0% el=4h26m eta=2h29m
  ep  3520/5000 batch 11140 loss=   0.034 pol=  2.234 vL= 0.336 kl= 0.20 H=  7.28 r̄=-0.408 succ=34.7% >exp= 0.0% el=4h26m eta=1h52m
  ep  3840/5000 batch 11160 loss=   0.159 pol= -0.529 vL= 0.185 kl= 0.15 H=  9.16 r̄=-0.218 succ=34.6% >exp= 0.0% el=4h27m eta=1h20m
  ep  4160/5000 batch 11180 loss=   0.410 pol=  0.615 vL= 0.146 kl= 0.09 H=  8.01 r̄=-0.030 succ=34.6% >exp= 0.0% el=4h27m eta=54m02s
  ep  4480/5000 batch 11200 loss=  -0.022 pol=  0.504 vL= 0.268 kl= 0.16 H=  4.06 r̄= 0.028 succ=34.7% >exp= 0.0% el=4h28m eta=31m07s
  ep  4800/5000 batch 11220 loss=  -0.425 pol= -0.418 vL= 0.260 kl= 0.12 H=  4.92 r̄=-0.035 succ=34.7% >exp= 0.0% el=4h28m eta=11m11s
  >>> Epoch 36/40 DONE: succ=35.0% (1748/5000) mean_loss=-0.0942 mean_reward=-0.148 mean_KL=0.270 mean_H=7.63 epoch_time= 7m31s

=== Epoch 37/40 — resetting substrate ===
  ep   128/5000 batch 11240 loss=   0.247 pol=  2.811 vL= 0.120 kl= 0.19 H=  8.53 r̄=-0.278 succ=34.7% >exp= 0.0% el=4h29m eta=170h42m
  ep   448/5000 batch 11260 loss=   0.375 pol= -0.762 vL= 0.194 kl= 0.12 H=  5.47 r̄= 0.081 succ=34.7% >exp= 0.0% el=4h29m eta=45h39m
  ep   768/5000 batch 11280 loss=  -0.246 pol= -0.131 vL= 0.298 kl= 0.10 H=  4.40 r̄=-0.190 succ=34.7% >exp= 0.0% el=4h30m eta=24h48m
  ep  1088/5000 batch 11300 loss=  -0.434 pol= -0.766 vL= 0.153 kl= 0.11 H=  6.07 r̄=-0.106 succ=34.7% >exp= 0.0% el=4h30m eta=16h12m
  ep  1408/5000 batch 11320 loss=  -0.531 pol=  2.166 vL= 0.243 kl= 0.13 H=  8.39 r̄=-0.305 succ=34.7% >exp= 0.0% el=4h31m eta=11h31m
  ep  1728/5000 batch 11340 loss=   0.106 pol=  0.642 vL= 0.156 kl= 0.18 H=  7.84 r̄=-0.109 succ=34.7% >exp= 0.0% el=4h31m eta=8h34m
  ep  2048/5000 batch 11360 loss=   0.466 pol= -0.788 vL= 0.130 kl= 0.31 H=  6.47 r̄=-0.342 succ=34.7% >exp= 0.0% el=4h31m eta=6h32m
  ep  2368/5000 batch 11380 loss=  -0.283 pol= -0.887 vL= 0.164 kl= 0.16 H=  6.46 r̄=-0.136 succ=34.7% >exp= 0.0% el=4h32m eta=5h02m
  ep  2688/5000 batch 11400 loss=  -0.087 pol=  0.106 vL= 0.150 kl= 0.08 H=  6.48 r̄=-0.106 succ=34.7% >exp= 0.0% el=4h32m eta=3h54m
  ep  3008/5000 batch 11420 loss=   0.004 pol=  0.776 vL= 0.230 kl= 0.12 H=  6.15 r̄=-0.192 succ=34.6% >exp= 0.0% el=4h33m eta=3h01m
  ep  3328/5000 batch 11440 loss=  -0.030 pol=  0.291 vL= 0.212 kl= 0.18 H=  4.42 r̄=-0.301 succ=34.7% >exp= 0.0% el=4h33m eta=2h17m
  ep  3648/5000 batch 11460 loss=   0.218 pol=  1.756 vL= 0.389 kl= 0.26 H=  3.60 r̄=-0.320 succ=34.7% >exp= 0.0% el=4h34m eta=1h41m
  ep  3968/5000 batch 11480 loss=  -0.103 pol=  2.561 vL= 0.239 kl= 0.13 H=  7.34 r̄=-0.166 succ=34.7% >exp= 0.0% el=4h34m eta=1h11m
  ep  4288/5000 batch 11500 loss=   0.031 pol= -3.539 vL= 0.217 kl= 0.06 H=  6.91 r̄= 0.046 succ=34.7% >exp= 0.0% el=4h35m eta=45m44s
  ep  4608/5000 batch 11520 loss=  -0.477 pol=  1.327 vL= 0.139 kl= 0.13 H=  6.36 r̄= 0.205 succ=34.7% >exp= 0.0% el=4h35m eta=23m28s
  ep  4928/5000 batch 11540 loss=   0.566 pol= -0.983 vL= 0.175 kl= 0.15 H=  5.22 r̄=-0.080 succ=34.7% >exp= 0.0% el=4h36m eta= 4m02s
  >>> Epoch 37/40 DONE: succ=35.3% (1767/5000) mean_loss=-0.0011 mean_reward=-0.139 mean_KL=0.136 mean_H=6.51 epoch_time= 7m39s

=== Epoch 38/40 — resetting substrate ===
  ep   256/5000 batch 11560 loss=  -0.446 pol=  0.105 vL= 0.131 kl= 0.08 H=  7.64 r̄=-0.058 succ=34.7% >exp= 0.0% el=4h36m eta=85h32m
  ep   576/5000 batch 11580 loss=   0.533 pol= -2.524 vL= 0.141 kl= 0.16 H=  8.32 r̄= 0.015 succ=34.7% >exp= 0.0% el=4h37m eta=35h30m
  ep   896/5000 batch 11600 loss=  -0.718 pol= -2.611 vL= 0.083 kl= 0.17 H=  7.59 r̄= 0.035 succ=34.7% >exp= 0.0% el=4h37m eta=21h13m
  ep  1216/5000 batch 11620 loss=   0.140 pol= -1.211 vL= 0.067 kl= 0.29 H=  8.71 r̄=-0.168 succ=34.7% >exp= 0.0% el=4h38m eta=14h26m
  ep  1536/5000 batch 11640 loss=  -0.165 pol= -2.670 vL= 0.307 kl= 0.24 H=  6.51 r̄= 0.039 succ=34.7% >exp= 0.0% el=4h38m eta=10h29m
  ep  1856/5000 batch 11660 loss=  -0.355 pol=  0.499 vL= 0.087 kl= 0.10 H=  7.09 r̄=-0.296 succ=34.7% >exp= 0.0% el=4h39m eta=7h53m
  ep  2176/5000 batch 11680 loss=  -0.086 pol= -1.518 vL= 0.172 kl= 0.23 H=  5.62 r̄= 0.170 succ=34.7% >exp= 0.0% el=4h39m eta=6h03m
  ep  2496/5000 batch 11700 loss=  -0.386 pol= -3.121 vL= 0.309 kl= 0.18 H=  7.73 r̄= 0.347 succ=34.7% >exp= 0.0% el=4h40m eta=4h41m
  ep  2816/5000 batch 11720 loss=   0.359 pol= -0.593 vL= 0.127 kl= 0.18 H=  6.63 r̄=-0.139 succ=34.7% >exp= 0.0% el=4h40m eta=3h37m
  ep  3136/5000 batch 11740 loss=   0.253 pol= -0.566 vL= 0.171 kl= 0.29 H=  9.86 r̄=-0.144 succ=34.7% >exp= 0.0% el=4h41m eta=2h47m
  ep  3456/5000 batch 11760 loss=  -0.604 pol= -1.877 vL= 0.285 kl= 0.16 H=  6.44 r̄=-0.113 succ=34.7% >exp= 0.0% el=4h41m eta=2h05m
  ep  3776/5000 batch 11780 loss=   0.675 pol=  1.262 vL= 0.120 kl= 0.20 H=  6.66 r̄=-0.360 succ=34.7% >exp= 0.0% el=4h42m eta=1h31m
  ep  4096/5000 batch 11800 loss=  -0.083 pol=  1.655 vL= 0.196 kl= 0.11 H=  6.44 r̄=-0.241 succ=34.7% >exp= 0.0% el=4h42m eta=1h02m
  ep  4416/5000 batch 11820 loss=  -1.113 pol= -1.546 vL= 0.100 kl= 0.13 H=  6.74 r̄=-0.109 succ=34.7% >exp= 0.0% el=4h43m eta=37m28s
  ep  4736/5000 batch 11840 loss=   0.540 pol= -0.203 vL= 0.226 kl= 0.25 H=  5.10 r̄=-0.220 succ=34.7% >exp= 0.0% el=4h43m eta=15m49s
  >>> Epoch 38/40 DONE: succ=35.5% (1774/5000) mean_loss=-0.1077 mean_reward=-0.143 mean_KL=0.183 mean_H=7.00 epoch_time= 7m45s

=== Epoch 39/40 — resetting substrate ===
  ep    64/5000 batch 11860 loss=   0.060 pol=  1.597 vL= 0.130 kl= 0.13 H=  9.29 r̄=-0.096 succ=34.7% >exp= 0.0% el=4h44m eta=365h35m
  ep   384/5000 batch 11880 loss=  -0.315 pol= -0.261 vL= 0.092 kl= 0.15 H=  5.35 r̄=-0.084 succ=34.7% >exp= 0.0% el=4h44m eta=57h04m
  ep   704/5000 batch 11900 loss=  -0.181 pol= -2.149 vL= 0.176 kl= 0.23 H=  7.86 r̄=-0.015 succ=34.7% >exp= 0.0% el=4h45m eta=29h01m
  ep  1024/5000 batch 11920 loss=  -0.075 pol=  1.400 vL= 0.154 kl= 0.38 H=  7.05 r̄=-0.324 succ=34.7% >exp= 0.0% el=4h45m eta=18h29m
  ep  1344/5000 batch 11940 loss=  -0.557 pol= -1.069 vL= 0.140 kl= 0.21 H=  5.62 r̄=-0.007 succ=34.7% >exp= 0.0% el=4h46m eta=12h58m
  ep  1664/5000 batch 11960 loss=   0.249 pol=  1.967 vL= 0.080 kl= 0.30 H=  5.45 r̄=-0.431 succ=34.7% >exp= 0.0% el=4h46m eta=9h34m
  ep  1984/5000 batch 11980 loss=  -0.293 pol=  0.420 vL= 0.147 kl= 0.21 H=  5.07 r̄=-0.275 succ=34.7% >exp= 0.0% el=4h47m eta=7h16m
  ep  2304/5000 batch 12000 loss=  -0.196 pol=  2.235 vL= 0.207 kl= 0.20 H=  7.76 r̄=-0.384 succ=34.7% >exp= 0.0% el=4h47m eta=5h36m
  ep  2624/5000 batch 12020 loss=   0.400 pol=  2.734 vL= 0.152 kl= 0.26 H=  8.66 r̄=-0.401 succ=34.7% >exp= 0.0% el=4h48m eta=4h20m
  ep  2944/5000 batch 12040 loss=  -0.780 pol=  0.692 vL= 0.145 kl= 0.33 H=  9.41 r̄=-0.197 succ=34.7% >exp= 0.0% el=4h48m eta=3h21m
  ep  3264/5000 batch 12060 loss=   0.102 pol= -1.795 vL= 0.283 kl= 0.22 H=  7.40 r̄=-0.050 succ=34.7% >exp= 0.0% el=4h49m eta=2h33m
  ep  3584/5000 batch 12080 loss=  -0.086 pol=  0.345 vL= 0.129 kl= 0.27 H=  7.48 r̄=-0.165 succ=34.7% >exp= 0.0% el=4h49m eta=1h54m
  ep  3904/5000 batch 12100 loss=   0.201 pol= -0.744 vL= 0.119 kl= 0.40 H=  6.44 r̄= 0.038 succ=34.7% >exp= 0.0% el=4h50m eta=1h21m
  ep  4224/5000 batch 12120 loss=  -0.469 pol=  1.725 vL= 0.082 kl= 0.42 H= 10.37 r̄=-0.301 succ=34.7% >exp= 0.0% el=4h50m eta=53m23s
  ep  4544/5000 batch 12140 loss=  -0.213 pol=  0.543 vL= 0.151 kl= 0.24 H=  6.66 r̄= 0.170 succ=34.7% >exp= 0.0% el=4h51m eta=29m12s
  ep  4864/5000 batch 12160 loss=   0.504 pol=  3.124 vL= 0.116 kl= 0.17 H=  8.19 r̄=-0.420 succ=34.7% >exp= 0.0% el=4h51m eta= 8m09s
  >>> Epoch 39/40 DONE: succ=35.1% (1754/5000) mean_loss=-0.0919 mean_reward=-0.141 mean_KL=0.276 mean_H=7.45 epoch_time= 7m28s

=== Epoch 40/40 — resetting substrate ===
  ep   192/5000 batch 12180 loss=   0.440 pol= -2.510 vL= 0.215 kl= 0.37 H=  6.63 r̄= 0.004 succ=34.7% >exp= 0.0% el=4h52m eta=121h54m
  ep   512/5000 batch 12200 loss=  -0.599 pol= -1.635 vL= 0.097 kl= 0.27 H=  9.27 r̄=-0.287 succ=34.7% >exp= 0.0% el=4h52m eta=42h44m
  ep   832/5000 batch 12220 loss=  -0.174 pol= -1.729 vL= 0.154 kl= 0.28 H=  7.02 r̄= 0.112 succ=34.7% >exp= 0.0% el=4h53m eta=24h28m
  ep  1152/5000 batch 12240 loss=  -0.036 pol= -0.576 vL= 0.379 kl= 0.22 H=  4.13 r̄= 0.213 succ=34.7% >exp= 0.0% el=4h53m eta=16h20m
  ep  1472/5000 batch 12260 loss=   0.210 pol=  1.781 vL= 0.136 kl= 0.23 H=  5.65 r̄=-0.239 succ=34.7% >exp= 0.0% el=4h54m eta=11h44m
  ep  1792/5000 batch 12280 loss=   0.015 pol=  0.989 vL= 0.161 kl= 0.25 H=  7.42 r̄=-0.304 succ=34.7% >exp= 0.0% el=4h54m eta=8h47m
  ep  2112/5000 batch 12300 loss=  -0.317 pol=  0.690 vL= 0.148 kl= 0.29 H=  7.48 r̄=-0.046 succ=34.7% >exp= 0.0% el=4h54m eta=6h43m
  ep  2432/5000 batch 12320 loss=  -0.328 pol= -2.789 vL= 0.124 kl= 0.12 H=  8.96 r̄=-0.193 succ=34.7% >exp= 0.0% el=4h55m eta=5h12m
  ep  2752/5000 batch 12340 loss=   0.420 pol=  0.937 vL= 0.183 kl= 0.28 H=  7.21 r̄=-0.255 succ=34.7% >exp= 0.0% el=4h56m eta=4h01m
  ep  3072/5000 batch 12360 loss=  -0.459 pol=  0.258 vL= 0.251 kl= 0.23 H=  8.92 r̄=-0.163 succ=34.7% >exp= 0.0% el=4h56m eta=3h06m
  ep  3392/5000 batch 12380 loss=   0.428 pol=  1.438 vL= 0.226 kl= 0.21 H=  6.69 r̄=-0.228 succ=34.7% >exp= 0.0% el=4h57m eta=2h20m
  ep  3712/5000 batch 12400 loss=  -0.059 pol=  1.086 vL= 0.108 kl= 0.28 H=  6.11 r̄=-0.148 succ=34.7% >exp= 0.0% el=4h57m eta=1h43m
  ep  4032/5000 batch 12420 loss=  -0.135 pol= -0.161 vL= 0.106 kl= 0.25 H=  6.07 r̄=-0.116 succ=34.7% >exp= 0.0% el=4h58m eta=1h11m
  ep  4352/5000 batch 12440 loss=  -0.200 pol= -0.426 vL= 0.200 kl= 0.14 H=  3.45 r̄=-0.272 succ=34.7% >exp= 0.0% el=4h58m eta=44m27s
  ep  4672/5000 batch 12460 loss=   0.033 pol= -0.400 vL= 0.247 kl= 0.14 H=  6.01 r̄=-0.287 succ=34.7% >exp= 0.0% el=4h59m eta=20m59s
  ep  4992/5000 batch 12480 loss=  -0.309 pol= -1.694 vL= 0.399 kl= 0.24 H=  5.13 r̄= 0.178 succ=34.7% >exp= 0.0% el=4h59m eta=  29s
  >>> Epoch 40/40 DONE: succ=34.9% (1745/5000) mean_loss=-0.0737 mean_reward=-0.149 mean_KL=0.234 mean_H=6.42 epoch_time= 7m44s
------------------------------------------------------------------------
  total time:               4h59m
  success rate:             69442/200000 = 34.7%
  final success_cost_ema:   230.28663359547244
  final loss avg:           -0.3087
  checkpoint saved to checkpoints/il_mp_vne_v19_50nodes_cf_cont.pt
  epoch summary log: logs/ppo_v19_50nodes_cf_cont_epoch_summary.csv
