Loading substrate from datasets/scenario_100nodes_train/substrate.json
Loading VNRs from datasets/scenario_100nodes_train/virtual_requests.json
  Using 5000 VNRs
  Trainable policy (il_mp_vne_v19) loaded from checkpoints/il_mp_vne_v19_100nodes_costfocused_cont.pt
  rollout=direct → train: cand_head + encoder + value (ordering frozen) (19394 frozen, 36293 trainable)
  Frozen reference policy loaded (KL enabled, β_KL=0.1)
PPO fine-tune: 5000 VNRs, batch=16, lr=0.0003
  baseline=critic V(s), normalize_adv=True, β_H=0.01, value_coef=0.5, reward=cost_rel α=0.5 λ=1.0, fail_r=-0.5
  checkpoint: checkpoints/il_mp_vne_v19_100nodes_costfocused_cont2.pt
------------------------------------------------------------------------
  ep   320/5000 batch   20 loss=  -0.096 pol= -1.593 vL= 0.118 kl= 0.03 H= 10.03 adv=+0.000 r̄=-0.041 succ=25.3% >exp= 0.0% el= 2m55s eta=42m51s
  ep   640/5000 batch   40 loss=   0.436 pol= -2.858 vL= 0.407 kl= 0.02 H=  9.50 adv=+0.000 r̄=-0.102 succ=20.3% >exp= 0.0% el= 5m33s eta=37m53s
  ep   960/5000 batch   60 loss=  -1.436 pol= -2.393 vL= 0.193 kl= 0.08 H= 10.61 adv=+0.000 r̄=-0.189 succ=20.7% >exp= 0.0% el= 8m21s eta=35m12s
  ep  1280/5000 batch   80 loss=   0.489 pol=  2.070 vL= 0.049 kl= 0.16 H= 10.43 adv=-0.000 r̄=-0.390 succ=20.8% >exp= 0.0% el=11m06s eta=32m16s
  ep  1600/5000 batch  100 loss=   0.642 pol=  3.290 vL= 0.136 kl= 0.29 H=  9.59 adv=-0.000 r̄=-0.442 succ=20.7% >exp= 0.0% el=13m50s eta=29m24s
  ep  1920/5000 batch  120 loss=  -0.254 pol= -1.818 vL= 0.444 kl= 0.48 H=  8.15 adv=+0.000 r̄=-0.151 succ=21.3% >exp= 0.0% el=16m41s eta=26m45s
  ep  2240/5000 batch  140 loss=  -0.400 pol= -1.166 vL= 0.195 kl= 0.57 H= 10.21 adv=+0.000 r̄=-0.054 succ=21.6% >exp= 0.0% el=19m46s eta=24m21s
  ep  2560/5000 batch  160 loss=   0.150 pol=  2.405 vL= 0.011 kl= 0.18 H= 15.13 adv=+0.000 r̄=-0.412 succ=21.5% >exp= 0.0% el=24m07s eta=22m59s
  ep  2880/5000 batch  180 loss=  -0.200 pol=  0.668 vL= 0.116 kl= 0.18 H= 12.11 adv=-0.000 r̄=-0.324 succ=21.8% >exp= 0.0% el=27m11s eta=20m01s
  ep  3200/5000 batch  200 loss=  -0.245 pol= -4.305 vL= 0.179 kl= 0.19 H= 12.98 adv=-0.000 r̄=-0.280 succ=21.9% >exp= 0.0% el=29m42s eta=16m42s
  ep  3520/5000 batch  220 loss=  -0.140 pol= -0.177 vL= 0.350 kl= 0.29 H=  8.21 adv=+0.000 r̄=-0.158 succ=22.4% >exp= 0.0% el=32m21s eta=13m36s
  ep  3840/5000 batch  240 loss=   0.722 pol=  4.215 vL= 0.053 kl= 0.27 H= 11.27 adv=-0.000 r̄=-0.489 succ=22.2% >exp= 0.0% el=34m34s eta=10m26s
  ep  4160/5000 batch  260 loss=  -1.485 pol= -2.604 vL= 0.244 kl= 0.17 H= 11.00 adv=+0.000 r̄=-0.237 succ=22.3% >exp= 0.0% el=36m50s eta= 7m26s
  ep  4480/5000 batch  280 loss=  -0.713 pol= -1.241 vL= 0.213 kl= 0.12 H=  8.61 adv=+0.000 r̄=-0.183 succ=22.3% >exp= 0.0% el=39m12s eta= 4m33s
  ep  4800/5000 batch  300 loss=   1.661 pol=  4.964 vL= 0.050 kl= 0.14 H= 11.37 adv=+0.000 r̄=-0.464 succ=22.1% >exp= 0.0% el=41m38s eta= 1m44s
  >>> Epoch 1/10 DONE: succ=22.3% (1117/5000) mean_loss=-0.1151 mean_reward=-0.275 mean_KL=0.193 mean_H=10.94 epoch_time=43m11s

=== Epoch 2/10 — resetting substrate ===
  ep   128/5000 batch  320 loss=  -1.939 pol= -4.044 vL= 0.192 kl= 0.13 H= 11.13 adv=-0.000 r̄=-0.112 succ=22.6% >exp= 0.0% el=44m08s eta=28h00m
  ep   448/5000 batch  340 loss=   1.336 pol=  2.218 vL= 0.151 kl= 0.12 H=  9.10 adv=-0.000 r̄=-0.283 succ=22.4% >exp= 0.0% el=46m18s eta=7h50m
  ep   768/5000 batch  360 loss=  -0.621 pol= -1.219 vL= 0.095 kl= 0.14 H= 12.65 adv=-0.000 r̄=-0.331 succ=22.1% >exp= 0.0% el=48m34s eta=4h27m
  ep  1088/5000 batch  380 loss=   0.185 pol=  0.961 vL= 0.154 kl= 0.19 H=  8.26 adv=+0.000 r̄=-0.284 succ=22.1% >exp= 0.0% el=50m59s eta=3h03m
  ep  1408/5000 batch  400 loss=  -0.099 pol=  1.386 vL= 0.062 kl= 0.09 H= 12.31 adv=+0.000 r̄=-0.449 succ=21.9% >exp= 0.0% el=53m23s eta=2h16m
  ep  1728/5000 batch  420 loss=   0.169 pol=  1.349 vL= 0.200 kl= 0.17 H= 11.58 adv=+0.000 r̄=-0.278 succ=22.0% >exp= 0.0% el=55m52s eta=1h45m
  ep  2048/5000 batch  440 loss=  -0.123 pol= -0.245 vL= 0.134 kl= 0.12 H=  8.71 adv=+0.000 r̄=-0.252 succ=22.0% >exp= 0.0% el=58m14s eta=1h23m
  ep  2368/5000 batch  460 loss=  -0.417 pol=  2.004 vL= 0.147 kl= 0.15 H= 10.64 adv=+0.000 r̄=-0.402 succ=22.1% >exp= 0.0% el=1h00m eta=1h07m
  ep  2688/5000 batch  480 loss=  -0.655 pol= -3.510 vL= 0.188 kl= 0.13 H= 10.51 adv=-0.000 r̄=-0.148 succ=22.1% >exp= 0.0% el=1h03m eta=54m11s
  ep  3008/5000 batch  500 loss=  -1.239 pol= -2.415 vL= 0.191 kl= 0.17 H=  9.73 adv=-0.000 r̄=-0.167 succ=22.2% >exp= 0.0% el=1h05m eta=43m28s
  ep  3328/5000 batch  520 loss=   0.543 pol=  0.716 vL= 0.196 kl= 0.08 H= 11.30 adv=-0.000 r̄=-0.474 succ=22.2% >exp= 0.0% el=1h07m eta=34m09s
  ep  3648/5000 batch  540 loss=   1.244 pol=  1.155 vL= 0.156 kl= 0.11 H= 11.39 adv=-0.000 r̄=-0.361 succ=22.3% >exp= 0.0% el=1h10m eta=26m03s
  ep  3968/5000 batch  560 loss=   0.322 pol= -1.852 vL= 0.243 kl= 0.11 H=  8.48 adv=-0.000 r̄=-0.025 succ=22.2% >exp= 0.0% el=1h12m eta=18m54s
  ep  4288/5000 batch  580 loss=   0.784 pol=  2.443 vL= 0.060 kl= 0.09 H= 12.32 adv=-0.000 r̄=-0.462 succ=22.2% >exp= 0.0% el=1h15m eta=12m32s
  ep  4608/5000 batch  600 loss=   0.238 pol= -1.232 vL= 0.056 kl= 0.13 H= 14.68 adv=-0.000 r̄=-0.417 succ=22.2% >exp= 0.0% el=1h17m eta= 6m37s
  ep  4928/5000 batch  620 loss=  -0.129 pol= -0.632 vL= 0.094 kl= 0.24 H= 12.63 adv=-0.000 r̄=-0.256 succ=22.1% >exp= 0.0% el=1h20m eta= 1m10s
  >>> Epoch 2/10 DONE: succ=21.9% (1096/5000) mean_loss= 0.0261 mean_reward=-0.278 mean_KL=0.126 mean_H=10.90 epoch_time=37m35s

=== Epoch 3/10 — resetting substrate ===
  ep   256/5000 batch  640 loss=  -0.344 pol=  1.485 vL= 0.102 kl= 0.14 H= 13.85 adv=+0.000 r̄=-0.455 succ=22.3% >exp= 0.0% el=1h22m eta=25h31m
  ep   576/5000 batch  660 loss=  -0.273 pol=  1.064 vL= 0.175 kl= 0.14 H= 12.11 adv=+0.000 r̄=-0.355 succ=22.3% >exp= 0.0% el=1h24m eta=10h52m
  ep   896/5000 batch  680 loss=  -0.937 pol= -0.396 vL= 0.064 kl= 0.12 H= 14.13 adv=-0.000 r̄=-0.349 succ=22.2% >exp= 0.0% el=1h27m eta=6h38m
  ep  1216/5000 batch  700 loss=  -1.388 pol=  0.595 vL= 0.104 kl= 0.13 H= 12.84 adv=+0.000 r̄=-0.316 succ=22.2% >exp= 0.0% el=1h29m eta=4h37m
  ep  1536/5000 batch  720 loss=   0.595 pol= -0.908 vL= 0.122 kl= 0.11 H= 12.66 adv=+0.000 r̄=-0.302 succ=22.2% >exp= 0.0% el=1h31m eta=3h26m
  ep  1856/5000 batch  740 loss=  -1.344 pol= -2.643 vL= 0.169 kl= 0.18 H= 12.72 adv=+0.000 r̄=-0.146 succ=22.3% >exp= 0.0% el=1h33m eta=2h39m
  ep  2176/5000 batch  760 loss=   0.681 pol=  2.592 vL= 0.120 kl= 0.20 H= 14.17 adv=-0.000 r̄=-0.475 succ=22.2% >exp= 0.0% el=1h36m eta=2h05m
  ep  2496/5000 batch  780 loss=   0.752 pol= -0.682 vL= 0.186 kl= 0.24 H= 11.03 adv=+0.000 r̄=-0.249 succ=22.3% >exp= 0.0% el=1h38m eta=1h38m
  ep  2816/5000 batch  800 loss=   0.264 pol=  0.783 vL= 0.284 kl= 0.23 H= 13.14 adv=-0.000 r̄=-0.318 succ=22.4% >exp= 0.0% el=1h41m eta=1h18m
  ep  3136/5000 batch  820 loss=  -0.582 pol= -1.624 vL= 0.184 kl= 0.27 H= 11.50 adv=+0.000 r̄=-0.293 succ=22.3% >exp= 0.0% el=1h43m eta=1h01m
  ep  3456/5000 batch  840 loss=  -0.610 pol= -0.133 vL= 0.161 kl= 0.15 H= 15.22 adv=+0.000 r̄=-0.424 succ=22.3% >exp= 0.0% el=1h45m eta=47m09s
  ep  3776/5000 batch  860 loss=  -0.528 pol= -1.525 vL= 0.163 kl= 0.47 H= 11.62 adv=+0.000 r̄=-0.246 succ=22.3% >exp= 0.0% el=1h47m eta=34m54s
  ep  4096/5000 batch  880 loss=   0.657 pol= -0.723 vL= 0.098 kl= 0.19 H= 11.02 adv=+0.000 r̄=-0.152 succ=22.3% >exp= 0.0% el=1h50m eta=24m23s
  ep  4416/5000 batch  900 loss=  -0.076 pol= -1.857 vL= 0.178 kl= 0.36 H=  8.40 adv=+0.000 r̄=-0.088 succ=22.3% >exp= 0.0% el=1h52m eta=14m54s
  ep  4736/5000 batch  920 loss=   0.463 pol=  5.228 vL= 0.031 kl= 0.10 H= 13.04 adv=+0.000 r̄=-0.500 succ=22.3% >exp= 0.0% el=1h54m eta= 6m24s
  >>> Epoch 3/10 DONE: succ=22.6% (1128/5000) mean_loss=-0.2096 mean_reward=-0.272 mean_KL=0.196 mean_H=11.66 epoch_time=36m07s

=== Epoch 4/10 — resetting substrate ===
  ep    64/5000 batch  940 loss=  -1.266 pol= -3.091 vL= 0.220 kl= 0.15 H= 10.91 adv=+0.000 r̄=-0.233 succ=22.3% >exp= 0.0% el=1h57m eta=151h04m
  ep   384/5000 batch  960 loss=  -0.381 pol= -0.321 vL= 0.197 kl= 0.29 H= 11.05 adv=-0.000 r̄=-0.261 succ=22.4% >exp= 0.0% el=1h59m eta=23h59m
  ep   704/5000 batch  980 loss=   1.380 pol= -0.721 vL= 0.069 kl= 0.31 H= 12.70 adv=+0.000 r̄=-0.205 succ=22.3% >exp= 0.0% el=2h02m eta=12h25m
  ep  1024/5000 batch 1000 loss=  -1.658 pol= -0.373 vL= 0.300 kl= 0.14 H= 11.30 adv=+0.000 r̄=-0.380 succ=22.4% >exp= 0.0% el=2h04m eta=8h03m
  ep  1344/5000 batch 1020 loss=  -0.183 pol= -0.838 vL= 0.297 kl= 0.23 H=  8.81 adv=-0.000 r̄=-0.209 succ=22.4% >exp= 0.0% el=2h06m eta=5h44m
  ep  1664/5000 batch 1040 loss=   0.183 pol=  0.118 vL= 0.089 kl= 0.57 H= 10.08 adv=-0.000 r̄=-0.088 succ=22.4% >exp= 0.0% el=2h08m eta=4h18m
  ep  1984/5000 batch 1060 loss=   0.781 pol= -0.964 vL= 0.155 kl= 0.27 H= 11.40 adv=+0.000 r̄=-0.227 succ=22.4% >exp= 0.0% el=2h11m eta=3h19m
  ep  2304/5000 batch 1080 loss=  -0.106 pol=  0.286 vL= 0.111 kl= 0.20 H= 12.93 adv=+0.000 r̄=-0.208 succ=22.5% >exp= 0.0% el=2h13m eta=2h36m
  ep  2624/5000 batch 1100 loss=   0.331 pol= -2.080 vL= 0.296 kl= 0.60 H= 11.79 adv=-0.000 r̄=-0.142 succ=22.5% >exp= 0.0% el=2h16m eta=2h03m
  ep  2944/5000 batch 1120 loss=   0.392 pol=  4.278 vL= 0.059 kl= 0.23 H= 13.39 adv=-0.000 r̄=-0.500 succ=22.5% >exp= 0.0% el=2h19m eta=1h37m
  ep  3264/5000 batch 1140 loss=  -0.979 pol= -3.438 vL= 0.115 kl= 0.25 H= 12.76 adv=-0.000 r̄=-0.267 succ=22.5% >exp= 0.0% el=2h21m eta=1h15m
  ep  3584/5000 batch 1160 loss=   0.796 pol=  0.068 vL= 0.204 kl= 0.64 H= 11.83 adv=-0.000 r̄=-0.177 succ=22.5% >exp= 0.0% el=2h23m eta=56m49s
  ep  3904/5000 batch 1180 loss=   0.671 pol=  1.958 vL= 0.340 kl= 0.62 H=  8.10 adv=-0.000 r̄=-0.211 succ=22.5% >exp= 0.0% el=2h26m eta=40m59s
  ep  4224/5000 batch 1200 loss=   0.075 pol= -0.235 vL= 0.167 kl= 0.23 H= 10.48 adv=+0.000 r̄=-0.149 succ=22.5% >exp= 0.0% el=2h28m eta=27m11s
  ep  4544/5000 batch 1220 loss=   0.535 pol= -1.313 vL= 0.232 kl= 0.27 H= 12.05 adv=+0.000 r̄=-0.287 succ=22.5% >exp= 0.0% el=2h29m eta=15m02s
  ep  4864/5000 batch 1240 loss=   0.979 pol= -2.787 vL= 0.113 kl= 0.35 H= 12.37 adv=-0.000 r̄=-0.252 succ=22.4% >exp= 0.0% el=2h31m eta= 4m14s
  >>> Epoch 4/10 DONE: succ=22.8% (1139/5000) mean_loss= 0.1335 mean_reward=-0.269 mean_KL=0.276 mean_H=11.50 epoch_time=35m59s

=== Epoch 5/10 — resetting substrate ===
  ep   192/5000 batch 1260 loss=  -1.667 pol=  0.158 vL= 0.224 kl= 0.27 H= 11.50 adv=+0.000 r̄=-0.137 succ=22.5% >exp= 0.0% el=2h34m eta=64h24m
  ep   512/5000 batch 1280 loss=   0.160 pol=  3.418 vL= 0.082 kl= 0.54 H= 13.20 adv=-0.000 r̄=-0.519 succ=22.4% >exp= 0.0% el=2h36m eta=22h49m
  ep   832/5000 batch 1300 loss=  -0.774 pol= -3.340 vL= 0.316 kl= 0.30 H= 13.68 adv=+0.000 r̄=-0.018 succ=22.4% >exp= 0.0% el=2h38m eta=13h14m
  ep  1152/5000 batch 1320 loss=  -0.246 pol= -0.957 vL= 0.069 kl= 0.21 H= 13.82 adv=-0.000 r̄=-0.353 succ=22.4% >exp= 0.0% el=2h40m eta=8h57m
  ep  1472/5000 batch 1340 loss=  -0.089 pol=  1.927 vL= 0.205 kl= 0.07 H= 11.35 adv=-0.000 r̄=-0.214 succ=22.5% >exp= 0.0% el=2h43m eta=6h31m
  ep  1792/5000 batch 1360 loss=   0.040 pol= -1.202 vL= 0.038 kl= 0.21 H= 12.13 adv=-0.000 r̄=-0.225 succ=22.5% >exp= 0.0% el=2h45m eta=4h57m
  ep  2112/5000 batch 1380 loss=  -0.638 pol= -0.254 vL= 0.123 kl= 0.11 H= 11.22 adv=+0.000 r̄=-0.308 succ=22.5% >exp= 0.0% el=2h48m eta=3h49m
  ep  2432/5000 batch 1400 loss=  -0.520 pol= -3.226 vL= 0.076 kl= 0.11 H= 16.31 adv=-0.000 r̄=-0.358 succ=22.6% >exp= 0.0% el=2h50m eta=2h59m
  ep  2752/5000 batch 1420 loss=   0.560 pol=  0.732 vL= 0.294 kl= 0.14 H=  8.13 adv=+0.000 r̄=-0.145 succ=22.5% >exp= 0.0% el=2h52m eta=2h20m
  ep  3072/5000 batch 1440 loss=   0.452 pol=  0.956 vL= 0.248 kl= 0.11 H=  9.45 adv=+0.000 r̄=-0.234 succ=22.5% >exp= 0.0% el=2h54m eta=1h49m
  ep  3392/5000 batch 1460 loss=   0.397 pol=  4.405 vL= 0.111 kl= 0.18 H=  7.44 adv=+0.000 r̄=-0.500 succ=22.5% >exp= 0.0% el=2h56m eta=1h23m
  ep  3712/5000 batch 1480 loss=  -0.429 pol= -1.655 vL= 0.165 kl= 0.11 H= 11.71 adv=+0.000 r̄=-0.147 succ=22.5% >exp= 0.0% el=2h58m eta=1h02m
  ep  4032/5000 batch 1500 loss=   0.430 pol= -0.754 vL= 0.106 kl= 0.16 H=  8.90 adv=+0.000 r̄=-0.227 succ=22.5% >exp= 0.0% el=3h00m eta=43m26s
  ep  4352/5000 batch 1520 loss=   0.380 pol=  3.895 vL= 0.069 kl= 0.14 H= 14.65 adv=-0.000 r̄=-0.502 succ=22.5% >exp= 0.0% el=3h02m eta=27m13s
  ep  4672/5000 batch 1540 loss=  -0.599 pol=  1.105 vL= 0.345 kl= 0.27 H=  8.28 adv=-0.000 r̄=-0.071 succ=22.5% >exp= 0.0% el=3h04m eta=12m58s
  ep  4992/5000 batch 1560 loss=  -0.942 pol= -0.634 vL= 0.119 kl= 0.13 H= 12.27 adv=+0.000 r̄=-0.274 succ=22.4% >exp= 0.0% el=3h07m eta=  18s
  >>> Epoch 5/10 DONE: succ=22.5% (1127/5000) mean_loss=-0.2118 mean_reward=-0.265 mean_KL=0.191 mean_H=12.16 epoch_time=34m09s

=== Epoch 6/10 — resetting substrate ===
  ep   320/5000 batch 1580 loss=   0.131 pol=  1.183 vL= 0.354 kl= 0.30 H=  9.64 adv=+0.000 r̄=-0.047 succ=22.5% >exp= 0.0% el=3h09m eta=46h12m
  ep   640/5000 batch 1600 loss=   0.293 pol= -0.268 vL= 0.222 kl= 0.15 H= 10.76 adv=-0.000 r̄=-0.234 succ=22.4% >exp= 0.0% el=3h11m eta=21h46m
  ep   960/5000 batch 1620 loss=  -1.391 pol= -2.136 vL= 0.115 kl= 0.10 H= 11.71 adv=+0.000 r̄=-0.267 succ=22.5% >exp= 0.0% el=3h13m eta=13h35m
  ep  1280/5000 batch 1640 loss=   0.808 pol=  1.189 vL= 0.124 kl= 0.11 H= 11.84 adv=-0.000 r̄=-0.357 succ=22.4% >exp= 0.0% el=3h16m eta=9h29m
  ep  1600/5000 batch 1660 loss=   0.836 pol=  5.930 vL= 0.088 kl= 0.35 H= 10.33 adv=-0.000 r̄=-0.500 succ=22.4% >exp= 0.0% el=3h18m eta=7h00m
  ep  1920/5000 batch 1680 loss=  -0.486 pol= -1.448 vL= 0.243 kl= 0.15 H=  9.21 adv=+0.000 r̄=-0.063 succ=22.5% >exp= 0.0% el=7h20m eta=11h47m
  ep  2240/5000 batch 1700 loss=  -0.086 pol=  2.411 vL= 0.110 kl= 0.37 H=  9.21 adv=+0.000 r̄=-0.322 succ=22.4% >exp= 0.0% el=7h58m eta=9h49m
  ep  2560/5000 batch 1720 loss=   0.422 pol= -4.119 vL= 0.105 kl= 0.10 H= 14.70 adv=-0.000 r̄=-0.294 succ=22.4% >exp= 0.0% el=7h59m eta=7h37m
  ep  2880/5000 batch 1740 loss=  -1.176 pol= -1.566 vL= 0.074 kl= 0.19 H= 12.16 adv=+0.000 r̄=-0.253 succ=22.4% >exp= 0.0% el=8h01m eta=5h54m
  ep  3200/5000 batch 1760 loss=  -0.828 pol=  5.641 vL= 0.039 kl= 0.28 H= 13.77 adv=-0.000 r̄=-0.441 succ=22.4% >exp= 0.0% el=8h03m eta=4h31m
  ep  3520/5000 batch 1780 loss=  -0.038 pol= -0.942 vL= 0.250 kl= 0.22 H=  8.96 adv=+0.000 r̄=-0.138 succ=22.4% >exp= 0.0% el=8h05m eta=3h24m
  ep  3840/5000 batch 1800 loss=   1.091 pol=  4.876 vL= 0.167 kl= 0.28 H= 11.91 adv=-0.000 r̄=-0.450 succ=22.4% >exp= 0.0% el=8h07m eta=2h27m
  ep  4160/5000 batch 1820 loss=   1.265 pol= -2.471 vL= 0.255 kl= 0.40 H= 10.25 adv=+0.000 r̄=-0.085 succ=22.4% >exp= 0.0% el=8h09m eta=1h38m
  ep  4480/5000 batch 1840 loss=   0.080 pol= -1.587 vL= 0.264 kl= 0.72 H=  6.62 adv=-0.000 r̄=-0.013 succ=22.4% >exp= 0.0% el=8h11m eta=57m04s
  ep  4800/5000 batch 1860 loss=   0.262 pol= -0.027 vL= 0.061 kl= 0.28 H= 12.13 adv=-0.000 r̄=-0.417 succ=22.4% >exp= 0.0% el=8h13m eta=20m34s
  >>> Epoch 6/10 DONE: succ=21.9% (1095/5000) mean_loss= 0.0820 mean_reward=-0.272 mean_KL=0.224 mean_H=11.37 epoch_time=5h08m

=== Epoch 7/10 — resetting substrate ===
  ep   128/5000 batch 1880 loss=  -0.685 pol=  1.408 vL= 0.256 kl= 0.15 H= 11.72 adv=-0.000 r̄=-0.452 succ=22.4% >exp= 0.0% el=8h16m eta=315h02m
  ep   448/5000 batch 1900 loss=  -0.512 pol= -1.177 vL= 0.241 kl= 0.32 H= 11.17 adv=+0.000 r̄=-0.146 succ=22.4% >exp= 0.0% el=8h19m eta=84h31m
  ep   768/5000 batch 1920 loss=  -0.652 pol=  5.103 vL= 0.122 kl= 0.27 H= 13.51 adv=+0.000 r̄=-0.500 succ=22.3% >exp= 0.0% el=8h21m eta=46h03m
  ep  1088/5000 batch 1940 loss=   0.283 pol= -0.031 vL= 0.177 kl= 0.16 H=  8.26 adv=+0.000 r̄=-0.242 succ=22.3% >exp= 0.0% el=8h24m eta=30h12m
  ep  1408/5000 batch 1960 loss=  -0.181 pol=  2.727 vL= 0.044 kl= 0.16 H= 14.94 adv=-0.000 r̄=-0.481 succ=22.3% >exp= 0.0% el=8h26m eta=21h32m
  ep  1728/5000 batch 1980 loss=  -0.858 pol= -1.301 vL= 0.216 kl= 0.17 H= 13.37 adv=+0.000 r̄=-0.130 succ=22.3% >exp= 0.0% el=8h29m eta=16h04m
  ep  2048/5000 batch 2000 loss=   0.617 pol=  1.497 vL= 0.175 kl= 0.26 H= 11.38 adv=+0.000 r̄=-0.298 succ=22.3% >exp= 0.0% el=8h31m eta=12h17m
  ep  2368/5000 batch 2020 loss=   1.235 pol=  5.487 vL= 0.109 kl= 0.40 H= 12.78 adv=+0.000 r̄=-0.451 succ=22.3% >exp= 0.0% el=8h34m eta=9h31m
  ep  2688/5000 batch 2040 loss=  -0.022 pol=  1.294 vL= 0.215 kl= 0.20 H= 11.19 adv=-0.000 r̄=-0.394 succ=22.2% >exp= 0.0% el=8h36m eta=7h24m
  ep  3008/5000 batch 2060 loss=   0.727 pol= -2.350 vL= 0.195 kl= 0.12 H=  9.78 adv=+0.000 r̄=-0.091 succ=22.2% >exp= 0.0% el=8h39m eta=5h43m
  ep  3328/5000 batch 2080 loss=   0.196 pol=  1.128 vL= 0.067 kl= 0.08 H= 12.82 adv=+0.000 r̄=-0.430 succ=22.2% >exp= 0.0% el=8h41m eta=4h22m
  ep  3648/5000 batch 2100 loss=   0.496 pol=  0.862 vL= 0.128 kl= 0.11 H= 12.34 adv=-0.000 r̄=-0.350 succ=22.2% >exp= 0.0% el=8h44m eta=3h14m
  ep  3968/5000 batch 2120 loss=   0.783 pol=  2.540 vL= 0.350 kl= 0.23 H=  8.04 adv=+0.000 r̄=-0.273 succ=22.2% >exp= 0.0% el=8h46m eta=2h16m
  ep  4288/5000 batch 2140 loss=   0.507 pol=  2.067 vL= 0.018 kl= 0.19 H= 11.75 adv=+0.000 r̄=-0.471 succ=22.2% >exp= 0.0% el=8h48m eta=1h27m
  ep  4608/5000 batch 2160 loss=   0.367 pol=  2.953 vL= 0.085 kl= 0.26 H= 11.43 adv=-0.000 r̄=-0.433 succ=22.2% >exp= 0.0% el=8h51m eta=45m11s
  ep  4928/5000 batch 2180 loss=   0.389 pol= -2.008 vL= 0.106 kl= 0.22 H= 11.55 adv=+0.000 r̄=-0.269 succ=22.2% >exp= 0.0% el=8h53m eta= 7m47s
  >>> Epoch 7/10 DONE: succ=21.1% (1053/5000) mean_loss= 0.1421 mean_reward=-0.286 mean_KL=0.210 mean_H=11.50 epoch_time=38m50s

=== Epoch 8/10 — resetting substrate ===
  ep   256/5000 batch 2200 loss=  -1.218 pol= -0.154 vL= 0.079 kl= 0.12 H= 13.82 adv=+0.000 r̄=-0.430 succ=22.2% >exp= 0.0% el=8h56m eta=165h42m
  ep   576/5000 batch 2220 loss=  -0.389 pol=  0.504 vL= 0.125 kl= 0.20 H= 12.69 adv=-0.000 r̄=-0.393 succ=22.2% >exp= 0.0% el=8h58m eta=68h58m
  ep   896/5000 batch 2240 loss=  -1.056 pol=  1.164 vL= 0.095 kl= 0.17 H= 14.18 adv=+0.000 r̄=-0.375 succ=22.2% >exp= 0.0% el=9h00m eta=41h17m
  ep  1216/5000 batch 2260 loss=  -0.128 pol=  4.214 vL= 0.164 kl= 0.18 H= 12.43 adv=+0.000 r̄=-0.426 succ=22.2% >exp= 0.0% el=9h02m eta=28h09m
  ep  1536/5000 batch 2280 loss=   0.333 pol=  1.806 vL= 0.108 kl= 0.18 H= 11.86 adv=+0.000 r̄=-0.298 succ=22.2% >exp= 0.0% el=9h05m eta=20h29m
  ep  1856/5000 batch 2300 loss=   1.011 pol=  0.363 vL= 0.208 kl= 0.12 H= 12.26 adv=-0.000 r̄=-0.170 succ=22.2% >exp= 0.0% el=9h07m eta=15h26m
  ep  2176/5000 batch 2320 loss=  -0.649 pol=  1.157 vL= 0.134 kl= 0.12 H= 12.18 adv=+0.000 r̄=-0.343 succ=22.2% >exp= 0.0% el=9h09m eta=11h53m
  ep  2496/5000 batch 2340 loss=   0.445 pol= -2.188 vL= 0.216 kl= 0.16 H=  9.75 adv=+0.000 r̄=-0.067 succ=22.2% >exp= 0.0% el=9h11m eta=9h13m
  ep  2816/5000 batch 2360 loss=   0.522 pol= -0.317 vL= 0.044 kl= 0.13 H= 11.13 adv=-0.000 r̄=-0.354 succ=22.2% >exp= 0.0% el=9h14m eta=7h10m
  ep  3136/5000 batch 2380 loss=  -0.147 pol=  2.201 vL= 0.167 kl= 0.21 H=  9.19 adv=-0.000 r̄=-0.423 succ=22.2% >exp= 0.0% el=9h17m eta=5h31m
  ep  3456/5000 batch 2400 loss=   0.006 pol= -1.915 vL= 0.086 kl= 0.19 H= 14.65 adv=-0.000 r̄=-0.365 succ=22.2% >exp= 0.0% el=9h19m eta=4h10m
  ep  3776/5000 batch 2420 loss=  -0.510 pol=  0.368 vL= 0.216 kl= 0.29 H= 11.15 adv=-0.000 r̄=-0.221 succ=22.3% >exp= 0.0% el=9h22m eta=3h02m
  ep  4096/5000 batch 2440 loss=  -0.009 pol=  0.686 vL= 0.250 kl= 0.23 H= 11.40 adv=-0.000 r̄=-0.300 succ=22.3% >exp= 0.0% el=9h24m eta=2h04m
  ep  4416/5000 batch 2460 loss=  -1.258 pol= -2.433 vL= 0.210 kl= 0.49 H=  9.14 adv=+0.000 r̄=-0.052 succ=22.3% >exp= 0.0% el=9h27m eta=1h15m
  ep  4736/5000 batch 2480 loss=   0.564 pol=  1.662 vL= 0.081 kl= 0.34 H= 13.44 adv=+0.000 r̄=-0.435 succ=22.3% >exp= 0.0% el=9h30m eta=31m46s
  >>> Epoch 8/10 DONE: succ=23.1% (1154/5000) mean_loss=-0.1537 mean_reward=-0.260 mean_KL=0.216 mean_H=11.20 epoch_time=37m55s

=== Epoch 9/10 — resetting substrate ===
  ep    64/5000 batch 2500 loss=  -0.693 pol= -0.848 vL= 0.200 kl= 0.17 H= 11.01 adv=+0.000 r̄=-0.240 succ=22.3% >exp= 0.0% el=9h32m eta=736h25m
  ep   384/5000 batch 2520 loss=   0.248 pol=  1.316 vL= 0.153 kl= 0.24 H= 12.01 adv=+0.000 r̄=-0.406 succ=22.3% >exp= 0.0% el=9h35m eta=115h22m
  ep   704/5000 batch 2540 loss=  -0.184 pol= -4.457 vL= 0.094 kl= 0.32 H= 14.87 adv=+0.000 r̄=-0.204 succ=22.3% >exp= 0.0% el=9h38m eta=58h51m
  ep  1024/5000 batch 2560 loss=  -0.610 pol= -4.091 vL= 0.065 kl= 0.17 H= 12.74 adv=+0.000 r̄=-0.160 succ=22.3% >exp= 0.0% el=9h41m eta=37h36m
  ep  1344/5000 batch 2580 loss=   0.559 pol=  1.299 vL= 0.191 kl= 0.14 H=  9.76 adv=-0.000 r̄=-0.193 succ=22.3% >exp= 0.0% el=9h43m eta=26h27m
  ep  1664/5000 batch 2600 loss=  -0.978 pol= -1.956 vL= 0.162 kl= 0.25 H= 12.40 adv=+0.000 r̄=-0.151 succ=22.3% >exp= 0.0% el=9h46m eta=19h35m
  ep  1984/5000 batch 2620 loss=  -0.364 pol=  0.676 vL= 0.052 kl= 0.22 H= 12.56 adv=+0.000 r̄=-0.296 succ=22.3% >exp= 0.0% el=9h48m eta=14h55m
  ep  2304/5000 batch 2640 loss=   1.210 pol=  0.426 vL= 0.220 kl= 0.13 H= 12.19 adv=+0.000 r̄=-0.256 succ=22.3% >exp= 0.0% el=9h51m eta=11h31m
  ep  2624/5000 batch 2660 loss=  -0.367 pol= -3.963 vL= 0.179 kl= 0.08 H= 11.36 adv=+0.000 r̄=-0.088 succ=22.3% >exp= 0.0% el=9h53m eta=8h57m
  ep  2944/5000 batch 2680 loss=  -1.603 pol= -1.920 vL= 0.059 kl= 0.10 H= 13.52 adv=+0.000 r̄=-0.328 succ=22.3% >exp= 0.0% el=9h56m eta=6h56m
  ep  3264/5000 batch 2700 loss=   0.159 pol= -0.427 vL= 0.114 kl= 0.13 H= 12.32 adv=-0.000 r̄=-0.245 succ=22.3% >exp= 0.0% el=9h59m eta=5h18m
  ep  3584/5000 batch 2720 loss=   0.179 pol= -2.384 vL= 0.275 kl= 0.17 H= 11.12 adv=-0.000 r̄=-0.188 succ=22.3% >exp= 0.0% el=10h01m eta=3h57m
  ep  3904/5000 batch 2740 loss=  -0.383 pol= -1.622 vL= 0.267 kl= 0.32 H=  9.28 adv=+0.000 r̄=-0.116 succ=22.3% >exp= 0.0% el=10h04m eta=2h49m
  ep  4224/5000 batch 2760 loss=  -0.400 pol=  0.083 vL= 0.204 kl= 0.20 H=  9.80 adv=+0.000 r̄=-0.110 succ=22.3% >exp= 0.0% el=10h06m eta=1h51m
  ep  4544/5000 batch 2780 loss=   0.240 pol= -1.141 vL= 0.297 kl= 0.11 H= 11.02 adv=+0.000 r̄=-0.265 succ=22.3% >exp= 0.0% el=10h08m eta=1h01m
  ep  4864/5000 batch 2800 loss=  -0.001 pol=  2.250 vL= 0.044 kl= 0.14 H= 11.67 adv=+0.000 r̄=-0.427 succ=22.3% >exp= 0.0% el=10h10m eta=17m04s
  >>> Epoch 9/10 DONE: succ=22.8% (1142/5000) mean_loss=-0.2122 mean_reward=-0.270 mean_KL=0.193 mean_H=11.82 epoch_time=39m52s

=== Epoch 10/10 — resetting substrate ===
  ep   192/5000 batch 2820 loss=  -1.357 pol=  3.342 vL= 0.100 kl= 0.11 H= 10.77 adv=+0.000 r̄=-0.365 succ=22.4% >exp= 0.0% el=10h13m eta=256h04m
  ep   512/5000 batch 2840 loss=  -0.052 pol=  4.117 vL= 0.103 kl= 0.11 H= 10.71 adv=+0.000 r̄=-0.445 succ=22.4% >exp= 0.0% el=10h15m eta=89h58m
  ep   832/5000 batch 2860 loss=   0.713 pol= -3.898 vL= 0.126 kl= 0.32 H= 12.39 adv=+0.000 r̄=-0.127 succ=22.3% >exp= 0.0% el=10h18m eta=51h36m
  ep  1152/5000 batch 2880 loss=  -0.612 pol= -0.336 vL= 0.165 kl= 0.07 H= 11.52 adv=+0.000 r̄=-0.325 succ=22.3% >exp= 0.0% el=10h20m eta=34h31m
  ep  1472/5000 batch 2900 loss=   0.847 pol=  1.181 vL= 0.220 kl= 0.22 H= 10.12 adv=+0.000 r̄=-0.281 succ=22.3% >exp= 0.0% el=10h22m eta=24h52m
  ep  1792/5000 batch 2920 loss=  -0.336 pol=  3.015 vL= 0.162 kl= 0.17 H= 10.35 adv=-0.000 r̄=-0.375 succ=22.3% >exp= 0.0% el=10h24m eta=18h38m
  ep  2112/5000 batch 2940 loss=  -0.267 pol= -1.167 vL= 0.188 kl= 0.07 H= 10.53 adv=+0.000 r̄=-0.270 succ=22.3% >exp= 0.0% el=10h27m eta=14h18m
  ep  2432/5000 batch 2960 loss=  -0.696 pol= -1.878 vL= 0.128 kl= 0.14 H= 15.81 adv=+0.000 r̄=-0.375 succ=22.3% >exp= 0.0% el=10h30m eta=11h05m
  ep  2752/5000 batch 2980 loss=   0.367 pol=  2.822 vL= 0.350 kl= 0.19 H=  9.07 adv=+0.000 r̄=-0.273 succ=22.3% >exp= 0.0% el=10h32m eta=8h36m
  ep  3072/5000 batch 3000 loss=  -0.148 pol= -0.332 vL= 0.201 kl= 0.12 H= 10.18 adv=-0.000 r̄=-0.152 succ=22.4% >exp= 0.0% el=10h34m eta=6h38m
  ep  3392/5000 batch 3020 loss=   0.891 pol=  0.998 vL= 0.145 kl= 0.15 H=  7.97 adv=+0.000 r̄=-0.314 succ=22.4% >exp= 0.0% el=10h36m eta=5h01m
  ep  3712/5000 batch 3040 loss=  -0.247 pol=  0.012 vL= 0.225 kl= 0.13 H= 10.42 adv=+0.000 r̄=-0.237 succ=22.4% >exp= 0.0% el=10h39m eta=3h41m
  ep  4032/5000 batch 3060 loss=   0.660 pol=  0.163 vL= 0.071 kl= 0.28 H=  7.05 adv=+0.000 r̄=-0.321 succ=22.4% >exp= 0.0% el=10h41m eta=2h33m
  ep  4352/5000 batch 3080 loss=  -0.741 pol=  6.426 vL= 0.076 kl= 0.15 H= 12.59 adv=-0.000 r̄=-0.499 succ=22.4% >exp= 0.0% el=10h43m eta=1h35m
  ep  4672/5000 batch 3100 loss=  -0.151 pol=  0.299 vL= 0.337 kl= 0.32 H=  5.44 adv=-0.000 r̄=-0.200 succ=22.4% >exp= 0.0% el=10h45m eta=45m20s
  ep  4992/5000 batch 3120 loss=   0.005 pol=  1.023 vL= 0.134 kl= 0.26 H=  9.08 adv=-0.000 r̄=-0.337 succ=22.4% >exp= 0.0% el=10h47m eta= 1m02s
  >>> Epoch 10/10 DONE: succ=22.8% (1142/5000) mean_loss=-0.0327 mean_reward=-0.269 mean_KL=0.180 mean_H=10.99 epoch_time=35m57s
------------------------------------------------------------------------
  total time:               10h48m
  success rate:             11193/50000 = 22.4%
  final success_cost_ema:   259.3137660259213
  final loss avg:           0.0048
  checkpoint saved to checkpoints/il_mp_vne_v19_100nodes_costfocused_cont2.pt
  epoch summary log: logs/ppo_v19_100nodes_costfocused_cont2_epoch_summary.csv
