Loading substrate from datasets/scenario_100nodes_train/substrate.json
Loading VNRs from datasets/scenario_100nodes_train/virtual_requests.json
  Using 5000 VNRs
  Trainable policy (il_mp_vne_v22) loaded from checkpoints/il_mp_vne_v21_il_100nodes.pt
  rollout=direct → train: cand_head + encoder + value (ordering frozen) (0 frozen, 237829 trainable)
  Frozen reference policy loaded (KL enabled, β_KL=0.1)
PPO fine-tune: 5000 VNRs, batch=16, lr=0.0003
  baseline=critic V(s), normalize_adv=True, β_H=0.01, value_coef=0.5, reward=rev_cost α=1.0 β=0.5 clip=±1.0 ema_decay=0.95, fail_r=-1.0
  checkpoint: checkpoints/il_mp_vne_v22_100nodes.pt
------------------------------------------------------------------------
  ep   320/5000 batch   20 loss=  -1.332 pol= -1.268 vL= 0.493 kl= 0.08 H= 12.80 r̄=-0.733 succ=21.2% >exp= 0.0% el= 1m43s eta=25m07s
  ep   640/5000 batch   40 loss=  -1.382 pol= -0.990 vL= 0.747 kl= 0.31 H= 10.74 r̄=-0.493 succ=19.8% >exp= 0.0% el= 3m20s eta=22m45s
  ep   960/5000 batch   60 loss=  -1.143 pol= -1.326 vL= 0.745 kl= 0.38 H= 10.89 r̄=-0.509 succ=19.4% >exp= 0.0% el= 4m53s eta=20m36s
  ep  1280/5000 batch   80 loss=  -1.122 pol=  0.282 vL= 0.534 kl= 0.28 H= 10.98 r̄=-0.644 succ=19.8% >exp= 0.0% el= 6m37s eta=19m15s
  ep  1600/5000 batch  100 loss=  -1.233 pol=  0.964 vL= 0.486 kl= 0.32 H= 10.17 r̄=-0.761 succ=19.3% >exp= 0.0% el= 8m11s eta=17m23s
  ep  1920/5000 batch  120 loss=  -1.133 pol= -1.132 vL= 0.765 kl= 0.23 H= 10.53 r̄=-0.396 succ=19.6% >exp= 0.0% el= 9m50s eta=15m47s
  ep  2240/5000 batch  140 loss=  -0.844 pol= -2.127 vL= 0.641 kl= 0.21 H= 11.20 r̄=-0.602 succ=19.2% >exp= 0.0% el=11m27s eta=14m07s
  ep  2560/5000 batch  160 loss=  -1.143 pol= -1.730 vL= 0.437 kl= 0.67 H= 10.18 r̄=-0.737 succ=18.6% >exp= 0.0% el=13m00s eta=12m24s
  ep  2880/5000 batch  180 loss=  -0.623 pol= -0.450 vL= 0.377 kl= 0.75 H=  7.38 r̄=-0.764 succ=18.4% >exp= 0.0% el=14m56s eta=10m59s
  ep  3200/5000 batch  200 loss=  -0.696 pol= -0.900 vL= 0.671 kl= 0.49 H=  9.77 r̄=-0.605 succ=18.3% >exp= 0.0% el=16m56s eta= 9m32s
  ep  3520/5000 batch  220 loss=  -0.854 pol=  0.362 vL= 0.557 kl= 0.47 H=  8.35 r̄=-0.549 succ=18.4% >exp= 0.0% el=18m53s eta= 7m56s
  ep  3840/5000 batch  240 loss=  -0.593 pol=  0.216 vL= 0.611 kl= 0.82 H=  7.76 r̄=-0.610 succ=18.6% >exp= 0.0% el=20m58s eta= 6m20s
  ep  4160/5000 batch  260 loss=  -0.392 pol=  0.742 vL= 0.492 kl= 0.83 H=  7.50 r̄=-0.765 succ=18.8% >exp= 0.0% el=22m58s eta= 4m38s
  ep  4480/5000 batch  280 loss=  -0.324 pol= -1.215 vL= 0.785 kl= 0.74 H=  6.84 r̄=-0.369 succ=19.0% >exp= 0.0% el=24m44s eta= 2m52s
  ep  4800/5000 batch  300 loss=   0.381 pol= -0.393 vL= 0.507 kl= 0.17 H= 13.91 r̄=-0.756 succ=18.8% >exp= 0.0% el=1h21m eta= 3m23s
------------------------------------------------------------------------
  total time:               1h22m
  success rate:             940/5000 = 18.8%
  final success_cost_ema:   None
  final loss avg:           0.0441
  checkpoint saved to checkpoints/il_mp_vne_v22_100nodes.pt
