Loading substrate from datasets/scenario_50nodes_train/substrate.json
Loading VNRs from datasets/scenario_50nodes_train/virtual_requests.json
  Using 5000 VNRs
  Trainable policy (il_mp_vne_v19) loaded from checkpoints/il_mp_vne_v19_50nodes_best.pt
  rollout=direct → train: cand_head + encoder + value (ordering frozen) (19394 frozen, 36293 trainable)
  Frozen reference policy loaded (KL enabled, β_KL=0.1)
PPO fine-tune: 5000 VNRs, batch=16, lr=0.0003
  baseline=critic V(s), normalize_adv=True, β_H=0.01, value_coef=0.5, reward=cost_rel α=1.0 λ=0.3, fail_r=-1.0
  checkpoint: checkpoints/il_mp_vne_v19_50nodes_pporeal.pt
------------------------------------------------------------------------
  PPO mode: clipped surrogate ε=0.2, K=2 grad epochs/batch, substrate snapshot+restore per VNR.
  ep   320/5000 batch   20 loss=   0.212 pol=  0.089 vL= 0.790 kl= 0.16 H=  4.96 adv=+0.000 r=0.770 clip=50.0% r̄=-0.493 succ=30.9% >exp= 0.0% el=  58s eta=14m03s
  ep   640/5000 batch   40 loss=   0.341 pol=  0.219 vL= 0.341 kl= 0.10 H=  5.95 adv=+0.000 r=1.224 clip=43.8% r̄=-0.105 succ=33.6% >exp= 0.0% el= 1m54s eta=12m59s
  ep   960/5000 batch   60 loss=   0.291 pol=  0.102 vL= 0.798 kl= 0.07 H=  8.25 adv=+0.000 r=0.927 clip=50.0% r̄=-0.245 succ=33.0% >exp= 0.0% el= 2m50s eta=11m56s
  ep  1280/5000 batch   80 loss=   0.406 pol=  0.500 vL= 0.785 kl= 0.11 H=  6.66 adv=-0.000 r=2.203 clip=68.8% r̄=-0.389 succ=33.9% >exp= 0.0% el= 3m47s eta=11m01s
  ep  1600/5000 batch  100 loss=   0.261 pol=  0.032 vL= 0.629 kl= 0.29 H=  6.73 adv=+0.000 r=0.993 clip=56.2% r̄=-0.620 succ=33.6% >exp= 0.0% el= 4m43s eta=10m02s
  ep  1920/5000 batch  120 loss=   0.304 pol= -0.031 vL= 0.603 kl= 0.19 H=  6.53 adv=+0.000 r=0.930 clip=50.0% r̄= 0.175 succ=33.2% >exp= 0.0% el= 5m38s eta= 9m03s
  ep  2240/5000 batch  140 loss=   0.316 pol=  0.185 vL= 0.539 kl= 0.33 H=  8.28 adv=+0.000 r=1.008 clip=50.0% r̄=-0.392 succ=33.2% >exp= 0.0% el= 6m32s eta= 8m03s
  ep  2560/5000 batch  160 loss=   0.250 pol=  0.114 vL= 0.830 kl= 0.14 H=  6.75 adv=-0.000 r=0.952 clip=50.0% r̄=-0.510 succ=33.3% >exp= 0.0% el= 7m29s eta= 7m08s
  ep  2880/5000 batch  180 loss=   0.352 pol= -0.049 vL= 0.597 kl= 0.13 H=  8.09 adv=-0.000 r=0.923 clip=56.2% r̄=-0.393 succ=33.4% >exp= 0.0% el= 8m26s eta= 6m12s
  ep  3200/5000 batch  200 loss=   0.274 pol=  0.014 vL= 0.574 kl= 0.63 H=  8.96 adv=-0.000 r=1.201 clip=37.5% r̄=-0.383 succ=33.9% >exp= 0.0% el= 9m24s eta= 5m17s
  ep  3520/5000 batch  220 loss=   0.266 pol=  0.109 vL= 0.603 kl= 0.34 H=  7.61 adv=-0.000 r=0.640 clip=56.2% r̄=-0.340 succ=33.6% >exp= 0.0% el=10m22s eta= 4m21s
  ep  3840/5000 batch  240 loss=   0.277 pol=  0.125 vL= 0.630 kl= 0.19 H=  7.11 adv=+0.000 r=0.867 clip=75.0% r̄=-0.385 succ=33.4% >exp= 0.0% el=11m19s eta= 3m25s
  ep  4160/5000 batch  260 loss=   0.283 pol=  0.014 vL= 0.376 kl= 0.16 H=  8.61 adv=+0.000 r=1.003 clip=56.2% r̄=-0.340 succ=33.4% >exp= 0.0% el=12m17s eta= 2m28s
  ep  4480/5000 batch  280 loss=   0.372 pol=  0.220 vL= 0.727 kl= 0.18 H=  5.60 adv=+0.000 r=1.326 clip=68.8% r̄=-0.165 succ=33.9% >exp= 0.0% el=13m16s eta= 1m32s
  ep  4800/5000 batch  300 loss=   0.285 pol=  0.014 vL= 0.482 kl= 0.30 H=  7.34 adv=+0.000 r=0.858 clip=50.0% r̄=-0.513 succ=34.0% >exp= 0.0% el=14m12s eta=  36s
  >>> Epoch 1/100 DONE: succ=34.4% (1721/5000) mean_loss= 0.3014 mean_reward=-0.309 mean_KL=0.223 mean_H=7.65 mean_ratio=0.985 mean_clip=49.8% epoch_time=14m46s

=== Epoch 2/100 — resetting substrate ===
  ep   128/5000 batch  320 loss=   0.310 pol=  0.149 vL= 0.460 kl= 0.40 H=  9.97 adv=-0.000 r=0.966 clip=62.5% r̄=-0.412 succ=34.5% >exp= 0.0% el=15m09s eta=9h37m
  ep   448/5000 batch  340 loss=   0.272 pol=  0.029 vL= 0.690 kl= 0.72 H=  8.99 adv=-0.000 r=0.864 clip=56.2% r̄=-0.135 succ=34.4% >exp= 0.0% el=16m07s eta=2h43m
  ep   768/5000 batch  360 loss=   0.282 pol= -0.049 vL= 0.581 kl= 0.41 H=  7.45 adv=-0.000 r=1.092 clip=31.2% r̄=-0.364 succ=34.1% >exp= 0.0% el=17m06s eta=1h34m
  ep  1088/5000 batch  380 loss=   0.270 pol= -0.050 vL= 0.414 kl= 0.42 H=  8.37 adv=-0.000 r=0.986 clip=50.0% r̄=-0.231 succ=34.0% >exp= 0.0% el=18m02s eta=1h04m
  ep  1408/5000 batch  400 loss=   0.307 pol=  0.507 vL= 0.864 kl= 0.31 H= 10.37 adv=+0.000 r=1.304 clip=43.8% r̄=-0.487 succ=33.9% >exp= 0.0% el=19m01s eta=48m31s
  ep  1728/5000 batch  420 loss=   0.286 pol=  0.078 vL= 0.601 kl= 0.30 H=  8.09 adv=+0.000 r=0.862 clip=50.0% r̄=-0.115 succ=33.7% >exp= 0.0% el=19m58s eta=37m49s
  ep  2048/5000 batch  440 loss=   0.295 pol= -0.077 vL= 0.528 kl= 0.39 H=  8.35 adv=+0.000 r=0.728 clip=62.5% r̄=-0.374 succ=33.8% >exp= 0.0% el=20m55s eta=30m09s
  ep  2368/5000 batch  460 loss=   0.284 pol=  0.118 vL= 0.386 kl= 0.20 H=  7.11 adv=+0.000 r=1.120 clip=62.5% r̄=-0.336 succ=33.8% >exp= 0.0% el=1h37m eta=1h48m
  ep  2688/5000 batch  480 loss=   0.263 pol=  0.113 vL= 0.713 kl= 0.62 H=  8.86 adv=+0.000 r=1.061 clip=43.8% r̄=-0.130 succ=33.7% >exp= 0.0% el=1h39m eta=1h25m
  ep  3008/5000 batch  500 loss=   0.306 pol=  0.021 vL= 0.671 kl= 0.68 H=  8.59 adv=-0.000 r=1.013 clip=37.5% r̄=-0.379 succ=33.4% >exp= 0.0% el=2h07m eta=1h24m
  ep  3328/5000 batch  520 loss=   0.329 pol= -0.012 vL= 0.777 kl= 0.69 H=  7.01 adv=-0.000 r=0.914 clip=25.0% r̄=-0.365 succ=33.5% >exp= 0.0% el=2h14m eta=1h07m
  ep  3648/5000 batch  540 loss=   0.285 pol=  0.255 vL= 0.506 kl= 0.46 H=  6.62 adv=-0.000 r=1.491 clip=56.2% r̄= 0.081 succ=33.6% >exp= 0.0% el=2h15m eta=50m12s
  ep  3968/5000 batch  560 loss=   0.331 pol= -0.002 vL= 0.513 kl= 0.39 H=  9.40 adv=-0.000 r=1.020 clip=50.0% r̄=-0.368 succ=33.6% >exp= 0.0% el=2h16m eta=35m25s
  ep  4288/5000 batch  580 loss=   0.264 pol=  0.011 vL= 0.704 kl= 0.18 H=  7.87 adv=+0.000 r=0.938 clip=56.2% r̄=-0.222 succ=33.5% >exp= 0.0% el=2h16m eta=22m44s
  ep  4608/5000 batch  600 loss=   0.436 pol=  0.093 vL= 0.521 kl= 0.26 H=  7.26 adv=+0.000 r=0.785 clip=62.5% r̄= 0.014 succ=33.7% >exp= 0.0% el=2h17m eta=11m43s
  ep  4928/5000 batch  620 loss=   0.290 pol=  0.021 vL= 0.417 kl= 0.16 H=  7.03 adv=-0.000 r=1.045 clip=37.5% r̄=-0.334 succ=33.9% >exp= 0.0% el=2h18m eta= 2m01s
  >>> Epoch 2/100 DONE: succ=33.5% (1673/5000) mean_loss= 0.2981 mean_reward=-0.331 mean_KL=0.420 mean_H=8.37 mean_ratio=0.985 mean_clip=46.6% epoch_time=2h04m

=== Epoch 3/100 — resetting substrate ===
  ep   256/5000 batch  640 loss=   0.287 pol= -0.009 vL= 0.384 kl= 0.25 H=  9.02 adv=-0.000 r=1.054 clip=18.8% r̄= 0.002 succ=34.0% >exp= 0.0% el=2h19m eta=43h06m
  ep   576/5000 batch  660 loss=   0.310 pol=  0.006 vL= 0.171 kl= 0.32 H=  7.82 adv=+0.000 r=0.780 clip=25.0% r̄=-0.120 succ=33.9% >exp= 0.0% el=2h20m eta=17h58m
  ep   896/5000 batch  680 loss=   0.214 pol=  0.063 vL= 0.303 kl= 0.54 H=  9.72 adv=-0.000 r=1.095 clip=31.2% r̄=-0.099 succ=33.7% >exp= 0.0% el=2h21m eta=10h47m
  ep  1216/5000 batch  700 loss=   0.293 pol=  0.086 vL= 0.388 kl= 0.24 H=  8.30 adv=-0.000 r=0.879 clip=62.5% r̄=-0.348 succ=33.7% >exp= 0.0% el=2h22m eta=7h22m
  ep  1536/5000 batch  720 loss=   0.286 pol=  0.145 vL= 0.902 kl= 0.45 H=  9.03 adv=-0.000 r=0.933 clip=43.8% r̄=-0.259 succ=33.8% >exp= 0.0% el=2h23m eta=5h22m
  ep  1856/5000 batch  740 loss=   0.343 pol=  0.087 vL= 0.704 kl= 0.41 H=  8.69 adv=+0.000 r=0.798 clip=43.8% r̄=-0.520 succ=33.7% >exp= 0.0% el=2h24m eta=4h04m
  ep  2176/5000 batch  760 loss=   0.404 pol=  0.266 vL= 0.710 kl= 0.21 H=  6.58 adv=+0.000 r=1.180 clip=37.5% r̄=-0.198 succ=33.7% >exp= 0.0% el=2h24m eta=3h08m
  ep  2496/5000 batch  780 loss=   0.319 pol= -0.031 vL= 0.452 kl= 0.52 H=  8.89 adv=+0.000 r=1.118 clip=43.8% r̄= 0.197 succ=33.7% >exp= 0.0% el=2h25m eta=2h26m
  ep  2816/5000 batch  800 loss=   0.341 pol= -0.010 vL= 0.347 kl= 0.44 H=  6.65 adv=-0.000 r=1.077 clip=18.8% r̄=-0.734 succ=33.6% >exp= 0.0% el=2h26m eta=1h53m
  ep  3136/5000 batch  820 loss=   0.293 pol=  0.004 vL= 0.587 kl= 0.31 H=  9.01 adv=-0.000 r=0.883 clip=43.8% r̄=-0.368 succ=33.6% >exp= 0.0% el=2h27m eta=1h27m
  ep  3456/5000 batch  840 loss=   0.278 pol=  0.009 vL= 0.503 kl= 0.17 H=  8.45 adv=-0.000 r=1.033 clip=37.5% r̄=-0.211 succ=33.6% >exp= 0.0% el=2h28m eta=1h06m
  ep  3776/5000 batch  860 loss=   0.300 pol=  0.141 vL= 0.365 kl= 0.42 H=  7.89 adv=+0.000 r=1.075 clip=50.0% r̄=-0.773 succ=33.6% >exp= 0.0% el=2h29m eta=48m29s
  ep  4096/5000 batch  880 loss=   0.317 pol=  0.035 vL= 0.894 kl= 0.24 H=  6.89 adv=+0.000 r=0.781 clip=50.0% r̄=-0.140 succ=33.5% >exp= 0.0% el=2h30m eta=33m12s
  ep  4416/5000 batch  900 loss=   0.353 pol=  0.005 vL= 0.714 kl= 0.43 H=  8.31 adv=-0.000 r=0.847 clip=37.5% r̄=-0.371 succ=33.6% >exp= 0.0% el=2h31m eta=20m01s
  ep  4736/5000 batch  920 loss=   0.304 pol=  0.075 vL= 0.312 kl= 0.22 H=  6.38 adv=-0.000 r=0.969 clip=50.0% r̄=-0.370 succ=33.7% >exp= 0.0% el=2h32m eta= 8m29s
  >>> Epoch 3/100 DONE: succ=33.4% (1669/5000) mean_loss= 0.3129 mean_reward=-0.330 mean_KL=0.332 mean_H=7.75 mean_ratio=0.963 mean_clip=46.7% epoch_time=14m14s

=== Epoch 4/100 — resetting substrate ===
  ep    64/5000 batch  940 loss=   0.345 pol=  0.202 vL= 0.399 kl= 0.42 H=  9.64 adv=-0.000 r=1.044 clip=75.0% r̄=-0.593 succ=33.7% >exp= 0.0% el=2h33m eta=197h00m
  ep   384/5000 batch  960 loss=   0.245 pol=  0.022 vL= 0.303 kl= 0.24 H=  6.12 adv=+0.000 r=0.861 clip=25.0% r̄=-0.747 succ=33.7% >exp= 0.0% el=2h34m eta=30h53m
  ep   704/5000 batch  980 loss=   0.297 pol=  0.066 vL= 0.583 kl= 0.14 H=  6.51 adv=-0.000 r=0.818 clip=68.8% r̄=-0.500 succ=33.7% >exp= 0.0% el=2h35m eta=15h46m
  ep  1024/5000 batch 1000 loss=   0.274 pol=  0.007 vL= 0.685 kl= 0.22 H=  7.10 adv=+0.000 r=0.854 clip=43.8% r̄=-0.130 succ=33.7% >exp= 0.0% el=2h36m eta=10h05m
  ep  1344/5000 batch 1020 loss=   0.250 pol=  0.009 vL= 0.500 kl= 0.17 H=  5.54 adv=+0.000 r=0.888 clip=18.8% r̄=-0.613 succ=33.7% >exp= 0.0% el=2h36m eta=7h06m
  ep  1664/5000 batch 1040 loss=   0.419 pol= -0.042 vL= 0.740 kl= 0.45 H=  5.45 adv=-0.000 r=0.879 clip=62.5% r̄=-0.384 succ=33.7% >exp= 0.0% el=2h37m eta=5h16m
  ep  1984/5000 batch 1060 loss=   0.316 pol=  0.048 vL= 0.293 kl= 0.27 H=  6.57 adv=-0.000 r=0.836 clip=56.2% r̄=-0.248 succ=33.7% >exp= 0.0% el=2h38m eta=4h00m
  ep  2304/5000 batch 1080 loss=   0.245 pol= -0.047 vL= 0.371 kl= 0.49 H= 11.43 adv=+0.000 r=0.923 clip=25.0% r̄=-0.264 succ=33.6% >exp= 0.0% el=2h39m eta=3h06m
  ep  2624/5000 batch 1100 loss=   0.252 pol=  0.060 vL= 0.322 kl= 0.45 H=  9.43 adv=+0.000 r=0.926 clip=43.8% r̄=-0.373 succ=33.6% >exp= 0.0% el=2h39m eta=2h24m
  ep  2944/5000 batch 1120 loss=   0.241 pol= -0.061 vL= 0.293 kl= 0.60 H= 11.90 adv=+0.000 r=0.934 clip=31.2% r̄=-0.469 succ=33.6% >exp= 0.0% el=2h40m eta=1h52m
  ep  3264/5000 batch 1140 loss=   0.249 pol=  0.119 vL= 0.630 kl= 0.47 H=  9.27 adv=-0.000 r=1.077 clip=43.8% r̄=-0.517 succ=33.6% >exp= 0.0% el=2h41m eta=1h25m
  ep  3584/5000 batch 1160 loss=   0.262 pol=  0.016 vL= 0.553 kl= 0.22 H=  7.79 adv=+0.000 r=0.956 clip=25.0% r̄=-0.269 succ=33.6% >exp= 0.0% el=2h41m eta=1h03m
  ep  3904/5000 batch 1180 loss=   0.235 pol=  0.327 vL= 0.649 kl= 0.16 H=  6.73 adv=+0.000 r=1.138 clip=43.8% r̄= 0.122 succ=33.7% >exp= 0.0% el=2h42m eta=45m37s
  ep  4224/5000 batch 1200 loss=   0.424 pol=  0.110 vL= 0.538 kl= 0.16 H=  9.32 adv=-0.000 r=0.865 clip=56.2% r̄=-0.520 succ=33.6% >exp= 0.0% el=2h43m eta=29m59s
  ep  4544/5000 batch 1220 loss=   0.304 pol=  0.220 vL= 0.443 kl= 0.18 H=  6.80 adv=-0.000 r=0.884 clip=56.2% r̄= 0.164 succ=33.7% >exp= 0.0% el=2h43m eta=16m26s
  ep  4864/5000 batch 1240 loss=   0.384 pol=  0.096 vL= 0.521 kl= 0.14 H=  7.92 adv=-0.000 r=0.880 clip=56.2% r̄=-0.374 succ=33.7% >exp= 0.0% el=2h44m eta= 4m36s
  >>> Epoch 4/100 DONE: succ=33.8% (1688/5000) mean_loss= 0.2944 mean_reward=-0.322 mean_KL=0.323 mean_H=8.17 mean_ratio=1.005 mean_clip=46.0% epoch_time=11m46s

=== Epoch 5/100 — resetting substrate ===
  ep   192/5000 batch 1260 loss=   0.400 pol= -0.010 vL= 0.728 kl= 0.17 H=  6.15 adv=-0.000 r=0.682 clip=50.0% r̄=-0.654 succ=33.7% >exp= 0.0% el=2h45m eta=68h59m
  ep   512/5000 batch 1280 loss=   0.326 pol=  0.018 vL= 0.490 kl= 0.33 H= 10.08 adv=-0.000 r=1.071 clip=25.0% r̄=-0.527 succ=33.8% >exp= 0.0% el=2h46m eta=24h15m
  ep   832/5000 batch 1300 loss=   0.264 pol=  0.085 vL= 0.474 kl= 0.25 H=  8.68 adv=+0.000 r=0.937 clip=56.2% r̄=-0.086 succ=33.7% >exp= 0.0% el=2h46m eta=13h55m
  ep  1152/5000 batch 1320 loss=   0.265 pol=  0.108 vL= 0.713 kl= 0.30 H=  6.25 adv=+0.000 r=0.744 clip=56.2% r̄=-0.229 succ=33.6% >exp= 0.0% el=2h47m eta=9h19m
  ep  1472/5000 batch 1340 loss=   0.258 pol=  0.046 vL= 0.546 kl= 0.75 H=  9.14 adv=+0.000 r=0.956 clip=31.2% r̄=-0.490 succ=33.6% >exp= 0.0% el=2h48m eta=6h43m
  ep  1792/5000 batch 1360 loss=   0.264 pol= -0.062 vL= 0.203 kl= 0.35 H=  9.14 adv=-0.000 r=0.898 clip=62.5% r̄=-0.603 succ=33.5% >exp= 0.0% el=2h48m eta=5h02m
  ep  2112/5000 batch 1380 loss=   0.372 pol=  0.025 vL= 0.319 kl= 0.43 H= 10.61 adv=-0.000 r=0.860 clip=37.5% r̄=-0.367 succ=33.5% >exp= 0.0% el=2h49m eta=3h51m
  ep  2432/5000 batch 1400 loss=   0.220 pol=  0.063 vL= 0.231 kl= 0.25 H= 10.24 adv=-0.000 r=0.951 clip=56.2% r̄=-0.613 succ=33.5% >exp= 0.0% el=2h50m eta=2h59m
  ep  2752/5000 batch 1420 loss=   0.295 pol=  0.089 vL= 0.520 kl= 0.31 H=  8.48 adv=+0.000 r=1.047 clip=43.8% r̄=-0.243 succ=33.5% >exp= 0.0% el=2h50m eta=2h19m
  ep  3072/5000 batch 1440 loss=   0.239 pol=  0.024 vL= 0.226 kl= 0.28 H= 10.66 adv=+0.000 r=0.924 clip=43.8% r̄=-0.324 succ=33.5% >exp= 0.0% el=2h51m eta=1h47m
  ep  3392/5000 batch 1460 loss=   0.255 pol=  0.025 vL= 0.460 kl= 0.42 H=  8.67 adv=-0.000 r=1.068 clip=43.8% r̄=-0.348 succ=33.5% >exp= 0.0% el=2h52m eta=1h21m
  ep  3712/5000 batch 1480 loss=   0.269 pol=  0.243 vL= 0.343 kl= 0.26 H=  7.82 adv=-0.000 r=1.157 clip=50.0% r̄=-0.244 succ=33.5% >exp= 0.0% el=2h52m eta=59m59s
  ep  4032/5000 batch 1500 loss=   0.262 pol= -0.028 vL= 0.319 kl= 0.31 H=  7.03 adv=+0.000 r=0.842 clip=50.0% r̄=-0.634 succ=33.5% >exp= 0.0% el=2h53m eta=41m40s
  ep  4352/5000 batch 1520 loss=   0.325 pol=  0.141 vL= 0.417 kl= 0.21 H=  5.08 adv=+0.000 r=0.992 clip=31.2% r̄= 0.132 succ=33.5% >exp= 0.0% el=2h54m eta=25m56s
  ep  4672/5000 batch 1540 loss=   0.293 pol=  0.063 vL= 0.572 kl= 0.13 H=  8.29 adv=+0.000 r=1.095 clip=50.0% r̄=-0.272 succ=33.6% >exp= 0.0% el=2h55m eta=12m17s
  ep  4992/5000 batch 1560 loss=   0.280 pol=  0.028 vL= 0.797 kl= 0.25 H=  6.12 adv=-0.000 r=1.056 clip=31.2% r̄=-0.126 succ=33.6% >exp= 0.0% el=2h55m eta=  17s
  >>> Epoch 5/100 DONE: succ=32.8% (1639/5000) mean_loss= 0.2847 mean_reward=-0.342 mean_KL=0.308 mean_H=8.18 mean_ratio=0.987 mean_clip=47.5% epoch_time=10m51s

=== Epoch 6/100 — resetting substrate ===
  ep   320/5000 batch 1580 loss=   0.240 pol= -0.017 vL= 0.534 kl= 0.23 H=  6.15 adv=-0.000 r=0.896 clip=31.2% r̄= 0.017 succ=33.6% >exp= 0.0% el=2h56m eta=43h00m
  ep   640/5000 batch 1600 loss=   0.259 pol= -0.027 vL= 1.063 kl= 0.29 H=  7.41 adv=+0.000 r=0.881 clip=31.2% r̄=-0.188 succ=33.6% >exp= 0.0% el=2h57m eta=20h06m
  ep   960/5000 batch 1620 loss=   0.256 pol=  0.116 vL= 0.392 kl= 0.20 H=  8.90 adv=+0.000 r=0.910 clip=50.0% r̄=-0.041 succ=33.5% >exp= 0.0% el=2h57m eta=12h28m
  ep  1280/5000 batch 1640 loss=   0.278 pol=  0.087 vL= 0.679 kl= 0.16 H=  7.29 adv=-0.000 r=1.225 clip=62.5% r̄=-0.372 succ=33.4% >exp= 0.0% el=2h58m eta=8h38m
  ep  1600/5000 batch 1660 loss=   0.263 pol=  0.098 vL= 0.359 kl= 0.22 H=  5.74 adv=+0.000 r=0.807 clip=31.2% r̄=-0.375 succ=33.4% >exp= 0.0% el=2h59m eta=6h20m
  ep  1920/5000 batch 1680 loss=   0.347 pol=  0.072 vL= 0.773 kl= 0.17 H=  5.96 adv=+0.000 r=0.854 clip=50.0% r̄=-0.228 succ=33.4% >exp= 0.0% el=2h59m eta=4h48m
  ep  2240/5000 batch 1700 loss=   0.342 pol=  0.009 vL= 0.755 kl= 0.13 H=  7.45 adv=-0.000 r=0.812 clip=31.2% r̄=-0.259 succ=33.4% >exp= 0.0% el=3h00m eta=3h42m
  ep  2560/5000 batch 1720 loss=   0.327 pol=  0.112 vL= 0.703 kl= 0.19 H=  7.95 adv=+0.000 r=1.076 clip=62.5% r̄=-0.354 succ=33.4% >exp= 0.0% el=3h01m eta=2h52m
  ep  2880/5000 batch 1740 loss=   0.262 pol= -0.017 vL= 0.283 kl= 0.28 H= 10.22 adv=-0.000 r=0.962 clip=18.8% r̄=-1.000 succ=33.3% >exp= 0.0% el=3h01m eta=2h13m
  ep  3200/5000 batch 1760 loss=   0.297 pol=  0.060 vL= 0.548 kl= 0.39 H=  8.47 adv=+0.000 r=1.019 clip=37.5% r̄=-0.237 succ=33.3% >exp= 0.0% el=3h02m eta=1h42m
  ep  3520/5000 batch 1780 loss=   0.203 pol= -0.073 vL= 0.421 kl= 0.33 H=  9.40 adv=+0.000 r=0.837 clip=43.8% r̄=-0.105 succ=33.3% >exp= 0.0% el=3h03m eta=1h16m
  ep  3840/5000 batch 1800 loss=   0.290 pol= -0.081 vL= 0.594 kl= 0.39 H=  8.33 adv=+0.000 r=0.958 clip=50.0% r̄=-0.242 succ=33.3% >exp= 0.0% el=3h03m eta=55m31s
  ep  4160/5000 batch 1820 loss=   0.378 pol=  0.018 vL= 0.615 kl= 0.13 H=  7.77 adv=+0.000 r=0.943 clip=56.2% r̄=-0.110 succ=33.3% >exp= 0.0% el=3h04m eta=37m15s
  ep  4480/5000 batch 1840 loss=   0.353 pol=  0.049 vL= 0.483 kl= 0.12 H=  5.77 adv=+0.000 r=0.903 clip=43.8% r̄= 0.145 succ=33.4% >exp= 0.0% el=3h05m eta=21m30s
  ep  4800/5000 batch 1860 loss=   0.375 pol=  0.000 vL= 0.538 kl= 0.09 H=  5.61 adv=-0.000 r=1.063 clip=56.2% r̄=-0.511 succ=33.4% >exp= 0.0% el=3h06m eta= 7m45s
  >>> Epoch 6/100 DONE: succ=32.7% (1637/5000) mean_loss= 0.3049 mean_reward=-0.343 mean_KL=0.231 mean_H=7.81 mean_ratio=1.009 mean_clip=48.5% epoch_time=10m45s

=== Epoch 7/100 — resetting substrate ===
  ep   128/5000 batch 1880 loss=   0.396 pol= -0.052 vL= 0.649 kl= 0.16 H=  9.03 adv=+0.000 r=0.935 clip=56.2% r̄=-0.263 succ=33.5% >exp= 0.0% el=3h06m eta=118h29m
  ep   448/5000 batch 1900 loss=   0.342 pol= -0.043 vL= 0.410 kl= 0.22 H=  7.84 adv=+0.000 r=0.887 clip=43.8% r̄=-0.353 succ=33.4% >exp= 0.0% el=3h07m eta=31h45m
  ep   768/5000 batch 1920 loss=   0.298 pol=  0.080 vL= 0.715 kl= 0.13 H=  5.89 adv=-0.000 r=0.821 clip=31.2% r̄=-0.362 succ=33.4% >exp= 0.0% el=3h08m eta=17h17m
  ep  1088/5000 batch 1940 loss=   0.240 pol= -0.035 vL= 0.555 kl= 0.27 H=  7.14 adv=-0.000 r=1.053 clip=37.5% r̄=-0.364 succ=33.4% >exp= 0.0% el=3h09m eta=11h19m
  ep  1408/5000 batch 1960 loss=   0.242 pol=  0.126 vL= 0.392 kl= 0.15 H=  8.34 adv=-0.000 r=1.105 clip=56.2% r̄=-0.228 succ=33.3% >exp= 0.0% el=3h09m eta=8h04m
  ep  1728/5000 batch 1980 loss=   0.226 pol=  0.154 vL= 0.679 kl= 0.17 H=  8.15 adv=+0.000 r=0.907 clip=68.8% r̄=-0.260 succ=33.3% >exp= 0.0% el=3h10m eta=6h00m
  ep  2048/5000 batch 2000 loss=   0.280 pol=  0.010 vL= 0.448 kl= 0.54 H=  9.11 adv=-0.000 r=1.102 clip=18.8% r̄=-0.128 succ=33.3% >exp= 0.0% el=3h11m eta=4h35m
  ep  2368/5000 batch 2020 loss=   0.257 pol=  0.036 vL= 0.574 kl= 0.42 H=  8.04 adv=+0.000 r=1.321 clip=50.0% r̄=-0.375 succ=33.3% >exp= 0.0% el=3h11m eta=3h33m
  ep  2688/5000 batch 2040 loss=   0.301 pol=  0.002 vL= 0.797 kl= 0.24 H=  8.23 adv=-0.000 r=0.927 clip=50.0% r̄= 0.048 succ=33.3% >exp= 0.0% el=3h12m eta=2h45m
  ep  3008/5000 batch 2060 loss=   0.301 pol= -0.002 vL= 0.782 kl= 0.18 H=  6.91 adv=-0.000 r=0.941 clip=56.2% r̄=-0.232 succ=33.3% >exp= 0.0% el=3h13m eta=2h08m
  ep  3328/5000 batch 2080 loss=   0.348 pol= -0.019 vL= 0.339 kl= 0.51 H=  7.18 adv=+0.000 r=1.010 clip=50.0% r̄=-0.596 succ=33.3% >exp= 0.0% el=3h14m eta=1h37m
  ep  3648/5000 batch 2100 loss=   0.303 pol=  0.107 vL= 0.710 kl= 0.43 H=  7.34 adv=-0.000 r=1.190 clip=56.2% r̄=-0.546 succ=33.3% >exp= 0.0% el=3h15m eta=1h12m
  ep  3968/5000 batch 2120 loss=   0.286 pol=  0.017 vL= 0.486 kl= 0.26 H=  8.00 adv=+0.000 r=0.740 clip=62.5% r̄=-0.731 succ=33.3% >exp= 0.0% el=3h15m eta=50m56s
  ep  4288/5000 batch 2140 loss=   0.289 pol=  0.068 vL= 0.253 kl= 0.18 H=  7.81 adv=+0.000 r=0.926 clip=31.2% r̄=-0.318 succ=33.3% >exp= 0.0% el=3h16m eta=32m39s
  ep  4608/5000 batch 2160 loss=   0.328 pol=  0.104 vL= 0.526 kl= 0.10 H=  6.18 adv=+0.000 r=0.793 clip=43.8% r̄= 0.148 succ=33.3% >exp= 0.0% el=3h17m eta=16m47s
  ep  4928/5000 batch 2180 loss=   0.290 pol= -0.022 vL= 0.456 kl= 0.16 H=  7.30 adv=-0.000 r=0.983 clip=31.2% r̄=-0.471 succ=33.3% >exp= 0.0% el=3h18m eta= 2m53s
  >>> Epoch 7/100 DONE: succ=32.5% (1627/5000) mean_loss= 0.2890 mean_reward=-0.347 mean_KL=0.246 mean_H=7.98 mean_ratio=0.997 mean_clip=47.4% epoch_time=11m49s

=== Epoch 8/100 — resetting substrate ===
  ep   256/5000 batch 2200 loss=   0.252 pol=  0.094 vL= 0.282 kl= 0.20 H=  9.12 adv=-0.000 r=1.445 clip=31.2% r̄=-0.098 succ=33.3% >exp= 0.0% el=3h18m eta=61h25m
  ep   576/5000 batch 2220 loss=   0.233 pol=  0.073 vL= 0.526 kl= 0.11 H=  7.04 adv=-0.000 r=0.897 clip=31.2% r̄=-0.483 succ=33.3% >exp= 0.0% el=3h19m eta=25h33m
  ep   896/5000 batch 2240 loss=   0.281 pol=  0.054 vL= 0.332 kl= 0.14 H=  7.26 adv=+0.000 r=1.166 clip=37.5% r̄=-0.110 succ=33.3% >exp= 0.0% el=3h20m eta=15h17m
  ep  1216/5000 batch 2260 loss=   0.297 pol= -0.056 vL= 0.195 kl= 0.18 H=  7.56 adv=+0.000 r=0.845 clip=68.8% r̄=-0.742 succ=33.2% >exp= 0.0% el=3h21m eta=10h25m
  ep  1536/5000 batch 2280 loss=   0.327 pol=  0.204 vL= 0.514 kl= 0.20 H=  6.65 adv=-0.000 r=1.462 clip=50.0% r̄=-0.343 succ=33.2% >exp= 0.0% el=3h21m eta=7h35m
  ep  1856/5000 batch 2300 loss=   0.306 pol=  0.008 vL= 0.747 kl= 0.16 H=  7.69 adv=-0.000 r=0.678 clip=43.8% r̄=-0.384 succ=33.2% >exp= 0.0% el=3h22m eta=5h43m
  ep  2176/5000 batch 2320 loss=   0.280 pol= -0.004 vL= 0.693 kl= 0.24 H=  7.02 adv=+0.000 r=0.983 clip=18.8% r̄=-0.216 succ=33.2% >exp= 0.0% el=3h23m eta=4h23m
  ep  2496/5000 batch 2340 loss=   0.311 pol=  0.045 vL= 0.427 kl= 0.48 H=  9.77 adv=+0.000 r=0.965 clip=50.0% r̄=-0.082 succ=33.2% >exp= 0.0% el=3h24m eta=3h24m
  ep  2816/5000 batch 2360 loss=   0.212 pol= -0.028 vL= 0.334 kl= 0.45 H=  7.83 adv=-0.000 r=1.022 clip=31.2% r̄=-0.741 succ=33.2% >exp= 0.0% el=3h24m eta=2h38m
  ep  3136/5000 batch 2380 loss=   0.281 pol=  0.120 vL= 0.526 kl= 0.86 H= 11.27 adv=-0.000 r=1.011 clip=62.5% r̄=-0.483 succ=33.2% >exp= 0.0% el=3h25m eta=2h02m
  ep  3456/5000 batch 2400 loss=   0.210 pol= -0.005 vL= 0.462 kl= 0.47 H=  9.78 adv=+0.000 r=0.953 clip=50.0% r̄= 0.236 succ=33.2% >exp= 0.0% el=3h26m eta=1h32m
  ep  3776/5000 batch 2420 loss=   0.235 pol= -0.075 vL= 0.420 kl= 0.25 H=  8.39 adv=-0.000 r=0.851 clip=50.0% r̄=-0.507 succ=33.2% >exp= 0.0% el=3h26m eta=1h07m
  ep  4096/5000 batch 2440 loss=   0.283 pol=  0.033 vL= 0.399 kl= 0.30 H=  7.72 adv=+0.000 r=0.767 clip=43.8% r̄=-0.240 succ=33.2% >exp= 0.0% el=3h27m eta=45m49s
  ep  4416/5000 batch 2460 loss=   0.297 pol=  0.299 vL= 0.476 kl= 0.32 H=  6.98 adv=-0.000 r=0.935 clip=37.5% r̄=-0.381 succ=33.2% >exp= 0.0% el=3h28m eta=27m33s
  ep  4736/5000 batch 2480 loss=   0.278 pol= -0.006 vL= 0.299 kl= 0.54 H=  8.40 adv=+0.000 r=0.973 clip=31.2% r̄=-0.209 succ=33.2% >exp= 0.0% el=3h29m eta=11m39s
  >>> Epoch 8/100 DONE: succ=32.1% (1604/5000) mean_loss= 0.2740 mean_reward=-0.358 mean_KL=0.325 mean_H=8.19 mean_ratio=0.999 mean_clip=46.0% epoch_time=11m17s

=== Epoch 9/100 — resetting substrate ===
  ep    64/5000 batch 2500 loss=   0.302 pol=  0.025 vL= 0.360 kl= 0.46 H= 11.18 adv=-0.000 r=1.017 clip=43.8% r̄=-0.221 succ=33.2% >exp= 0.0% el=3h29m eta=269h36m
  ep   384/5000 batch 2520 loss=   0.236 pol=  0.059 vL= 0.360 kl= 0.38 H=  7.95 adv=+0.000 r=0.840 clip=31.2% r̄=-0.496 succ=33.2% >exp= 0.0% el=3h30m eta=42h09m
  ep   704/5000 batch 2540 loss=   0.246 pol= -0.009 vL= 0.735 kl= 0.31 H=  8.42 adv=+0.000 r=1.244 clip=43.8% r̄=-0.471 succ=33.2% >exp= 0.0% el=3h31m eta=21h28m
  ep  1024/5000 batch 2560 loss=   0.336 pol=  0.151 vL= 0.809 kl= 0.28 H=  8.25 adv=-0.000 r=0.933 clip=56.2% r̄=-0.099 succ=33.1% >exp= 0.0% el=3h31m eta=13h42m
  ep  1344/5000 batch 2580 loss=   0.240 pol= -0.053 vL= 0.434 kl= 0.18 H=  5.61 adv=-0.000 r=0.859 clip=25.0% r̄=-0.356 succ=33.1% >exp= 0.0% el=3h32m eta=9h38m
  ep  1664/5000 batch 2600 loss=   0.268 pol=  0.017 vL= 0.388 kl= 0.30 H=  6.99 adv=+0.000 r=0.929 clip=37.5% r̄=-0.614 succ=33.1% >exp= 0.0% el=3h33m eta=7h07m
  ep  1984/5000 batch 2620 loss=   0.339 pol=  0.230 vL= 0.721 kl= 0.33 H=  6.19 adv=+0.000 r=1.806 clip=31.2% r̄=-0.271 succ=33.1% >exp= 0.0% el=3h33m eta=5h25m
  ep  2304/5000 batch 2640 loss=   0.302 pol= -0.032 vL= 0.639 kl= 0.21 H=  9.55 adv=-0.000 r=1.015 clip=43.8% r̄=-0.503 succ=33.1% >exp= 0.0% el=3h34m eta=4h11m
  ep  2624/5000 batch 2660 loss=   0.333 pol= -0.079 vL= 0.501 kl= 0.31 H=  8.90 adv=+0.000 r=0.780 clip=50.0% r̄=-0.187 succ=33.1% >exp= 0.0% el=3h35m eta=3h14m
  ep  2944/5000 batch 2680 loss=   0.268 pol=  0.089 vL= 0.554 kl= 0.30 H= 10.70 adv=-0.000 r=1.061 clip=37.5% r̄=-0.229 succ=33.1% >exp= 0.0% el=3h35m eta=2h30m
  ep  3264/5000 batch 2700 loss=   0.259 pol=  0.057 vL= 0.502 kl= 0.44 H=  9.70 adv=+0.000 r=1.010 clip=37.5% r̄=-0.541 succ=33.1% >exp= 0.0% el=3h36m eta=1h55m
  ep  3584/5000 batch 2720 loss=   0.232 pol=  0.194 vL= 0.183 kl= 0.22 H=  7.60 adv=-0.000 r=1.210 clip=43.8% r̄=-0.280 succ=33.1% >exp= 0.0% el=3h37m eta=1h25m
  ep  3904/5000 batch 2740 loss=   0.277 pol=  0.210 vL= 0.683 kl= 0.24 H=  7.47 adv=+0.000 r=1.000 clip=56.2% r̄=-0.379 succ=33.1% >exp= 0.0% el=3h38m eta=1h01m
  ep  4224/5000 batch 2760 loss=   0.306 pol=  0.006 vL= 0.388 kl= 0.16 H=  8.31 adv=+0.000 r=1.011 clip=62.5% r̄=-0.754 succ=33.0% >exp= 0.0% el=3h38m eta=40m10s
  ep  4544/5000 batch 2780 loss=   0.283 pol=  0.084 vL= 0.737 kl= 0.20 H=  7.19 adv=+0.000 r=0.896 clip=43.8% r̄= 0.017 succ=33.1% >exp= 0.0% el=3h39m eta=22m00s
  ep  4864/5000 batch 2800 loss=   0.221 pol=  0.094 vL= 0.564 kl= 0.45 H=  8.88 adv=+0.000 r=1.079 clip=25.0% r̄=-0.251 succ=33.1% >exp= 0.0% el=3h40m eta= 6m09s
  >>> Epoch 9/100 DONE: succ=32.7% (1636/5000) mean_loss= 0.2770 mean_reward=-0.343 mean_KL=0.314 mean_H=8.14 mean_ratio=1.021 mean_clip=45.0% epoch_time=10m42s

=== Epoch 10/100 — resetting substrate ===
  ep   192/5000 batch 2820 loss=   0.292 pol=  0.050 vL= 0.547 kl= 0.27 H=  8.14 adv=-0.000 r=1.169 clip=43.8% r̄= 0.036 succ=33.1% >exp= 0.0% el=3h40m eta=92h06m
  ep   512/5000 batch 2840 loss=   0.241 pol=  0.055 vL= 0.668 kl= 0.41 H= 11.09 adv=-0.000 r=1.013 clip=31.2% r̄=-0.439 succ=33.1% >exp= 0.0% el=3h41m eta=32h20m
  ep   832/5000 batch 2860 loss=   0.214 pol= -0.021 vL= 0.480 kl= 0.31 H=  9.21 adv=-0.000 r=0.835 clip=50.0% r̄=-0.003 succ=33.1% >exp= 0.0% el=3h42m eta=18h32m
  ep  1152/5000 batch 2880 loss=   0.242 pol=  0.044 vL= 0.525 kl= 0.33 H=  6.87 adv=-0.000 r=0.874 clip=50.0% r̄= 0.060 succ=33.1% >exp= 0.0% el=3h42m eta=12h24m
  ep  1472/5000 batch 2900 loss=   0.161 pol=  0.031 vL= 0.511 kl= 0.45 H=  9.21 adv=-0.000 r=0.928 clip=25.0% r̄=-0.404 succ=33.1% >exp= 0.0% el=3h43m eta=8h55m
  ep  1792/5000 batch 2920 loss=   0.241 pol=  0.072 vL= 0.424 kl= 0.70 H= 10.72 adv=-0.000 r=0.917 clip=43.8% r̄=-0.754 succ=33.1% >exp= 0.0% el=3h44m eta=6h41m
  ep  2112/5000 batch 2940 loss=   0.249 pol=  0.127 vL= 0.608 kl= 0.47 H=  8.16 adv=+0.000 r=0.838 clip=56.2% r̄=-0.230 succ=33.0% >exp= 0.0% el=3h44m eta=5h07m
  ep  2432/5000 batch 2960 loss=   0.313 pol= -0.005 vL= 0.224 kl= 0.46 H= 10.01 adv=+0.000 r=0.960 clip=31.2% r̄=-0.868 succ=33.0% >exp= 0.0% el=3h45m eta=3h57m
  ep  2752/5000 batch 2980 loss=   0.329 pol=  0.082 vL= 0.908 kl= 0.23 H=  7.59 adv=+0.000 r=0.662 clip=56.2% r̄=-0.358 succ=33.1% >exp= 0.0% el=3h46m eta=3h04m
  ep  3072/5000 batch 3000 loss=   0.208 pol=  0.114 vL= 0.327 kl= 0.35 H=  9.01 adv=-0.000 r=0.970 clip=56.2% r̄=-0.326 succ=33.1% >exp= 0.0% el=3h46m eta=2h22m
  ep  3392/5000 batch 3020 loss=   0.202 pol= -0.025 vL= 0.268 kl= 0.33 H=  7.90 adv=+0.000 r=1.041 clip=18.8% r̄=-0.265 succ=33.1% >exp= 0.0% el=3h47m eta=1h47m
  ep  3712/5000 batch 3040 loss=   0.269 pol= -0.039 vL= 0.370 kl= 0.34 H=  8.86 adv=-0.000 r=1.238 clip=68.8% r̄=-0.277 succ=33.1% >exp= 0.0% el=3h48m eta=1h19m
  ep  4032/5000 batch 3060 loss=   0.292 pol= -0.014 vL= 0.422 kl= 0.21 H=  7.16 adv=+0.000 r=1.138 clip=50.0% r̄=-0.488 succ=33.1% >exp= 0.0% el=3h48m eta=54m55s
  ep  4352/5000 batch 3080 loss=   0.290 pol=  0.026 vL= 0.858 kl= 0.12 H=  5.06 adv=+0.000 r=0.895 clip=43.8% r̄=-0.216 succ=33.1% >exp= 0.0% el=3h49m eta=34m09s
  ep  4672/5000 batch 3100 loss=   0.285 pol=  0.080 vL= 0.622 kl= 0.34 H=  8.31 adv=+0.000 r=0.907 clip=37.5% r̄=-0.120 succ=33.1% >exp= 0.0% el=3h50m eta=16m09s
  ep  4992/5000 batch 3120 loss=   0.316 pol=  0.156 vL= 0.920 kl= 0.15 H=  5.00 adv=-0.000 r=0.829 clip=62.5% r̄= 0.147 succ=33.1% >exp= 0.0% el=3h50m eta=  22s
  >>> Epoch 10/100 DONE: succ=33.4% (1670/5000) mean_loss= 0.2573 mean_reward=-0.329 mean_KL=0.353 mean_H=8.43 mean_ratio=0.971 mean_clip=43.4% epoch_time=10m28s

=== Epoch 11/100 — resetting substrate ===
  ep   320/5000 batch 3140 loss=   0.307 pol=  0.040 vL= 0.482 kl= 0.27 H=  5.92 adv=-0.000 r=0.983 clip=50.0% r̄=-0.745 succ=33.1% >exp= 0.0% el=3h51m eta=56h25m
  ep   640/5000 batch 3160 loss=   0.243 pol=  0.079 vL= 0.345 kl= 0.21 H=  7.54 adv=-0.000 r=0.782 clip=56.2% r̄=-0.217 succ=33.1% >exp= 0.0% el=3h52m eta=26h21m
  ep   960/5000 batch 3180 loss=   0.221 pol= -0.060 vL= 0.480 kl= 0.16 H=  9.15 adv=-0.000 r=0.995 clip=50.0% r̄=-0.253 succ=33.1% >exp= 0.0% el=3h52m eta=16h19m
  ep  1280/5000 batch 3200 loss=   0.351 pol= -0.047 vL= 0.382 kl= 0.34 H=  7.91 adv=+0.000 r=0.891 clip=31.2% r̄=-0.517 succ=33.1% >exp= 0.0% el=3h53m eta=11h18m
  ep  1600/5000 batch 3220 loss=   0.252 pol=  0.051 vL= 0.445 kl= 0.36 H=  7.31 adv=+0.000 r=0.854 clip=43.8% r̄=-0.475 succ=33.1% >exp= 0.0% el=3h54m eta=8h17m
  ep  1920/5000 batch 3240 loss=   0.295 pol=  0.075 vL= 0.911 kl= 0.78 H=  7.42 adv=+0.000 r=0.818 clip=31.2% r̄=-0.366 succ=33.1% >exp= 0.0% el=3h54m eta=6h16m
  ep  2240/5000 batch 3260 loss=   0.254 pol=  0.105 vL= 0.477 kl= 0.57 H=  8.23 adv=+0.000 r=1.079 clip=43.8% r̄=-0.255 succ=33.1% >exp= 0.0% el=3h55m eta=4h50m
  ep  2560/5000 batch 3280 loss=   0.244 pol=  0.070 vL= 0.460 kl= 0.53 H=  8.29 adv=-0.000 r=0.784 clip=43.8% r̄=-0.370 succ=33.1% >exp= 0.0% el=3h56m eta=3h45m
  ep  2880/5000 batch 3300 loss=   0.300 pol=  0.081 vL= 0.530 kl= 0.36 H= 10.31 adv=-0.000 r=0.963 clip=62.5% r̄=-0.518 succ=33.1% >exp= 0.0% el=3h56m eta=2h54m
  ep  3200/5000 batch 3320 loss=   0.303 pol=  0.134 vL= 0.790 kl= 0.23 H=  7.58 adv=+0.000 r=1.104 clip=62.5% r̄=-0.258 succ=33.1% >exp= 0.0% el=3h57m eta=2h13m
  ep  3520/5000 batch 3340 loss=   0.235 pol=  0.078 vL= 0.564 kl= 0.23 H=  7.38 adv=-0.000 r=0.910 clip=50.0% r̄=-0.350 succ=33.1% >exp= 0.0% el=3h58m eta=1h40m
  ep  3840/5000 batch 3360 loss=   0.238 pol= -0.041 vL= 0.556 kl= 0.39 H=  9.75 adv=-0.000 r=0.990 clip=50.0% r̄=-0.616 succ=33.1% >exp= 0.0% el=3h58m eta=1h12m
  ep  4160/5000 batch 3380 loss=   0.263 pol=  0.100 vL= 0.489 kl= 0.21 H=  9.16 adv=-0.000 r=1.173 clip=56.2% r̄=-0.371 succ=33.1% >exp= 0.0% el=3h59m eta=48m21s
  ep  4480/5000 batch 3400 loss=   0.286 pol=  0.219 vL= 0.670 kl= 0.14 H=  6.54 adv=-0.000 r=1.159 clip=37.5% r̄=-0.007 succ=33.1% >exp= 0.0% el=4h00m eta=27m52s
  ep  4800/5000 batch 3420 loss=   0.249 pol=  0.112 vL= 0.916 kl= 0.18 H=  7.10 adv=+0.000 r=0.750 clip=68.8% r̄=-0.262 succ=33.1% >exp= 0.0% el=4h00m eta=10m02s
  >>> Epoch 11/100 DONE: succ=33.1% (1655/5000) mean_loss= 0.2720 mean_reward=-0.336 mean_KL=0.319 mean_H=8.25 mean_ratio=1.006 mean_clip=48.0% epoch_time=10m27s

=== Epoch 12/100 — resetting substrate ===
  ep   128/5000 batch 3440 loss=   0.285 pol= -0.072 vL= 0.458 kl= 0.38 H=  8.93 adv=+0.000 r=0.915 clip=43.8% r̄=-0.740 succ=33.1% >exp= 0.0% el=4h01m eta=153h11m
  ep   448/5000 batch 3460 loss=   0.267 pol=  0.284 vL= 0.305 kl= 0.13 H=  6.67 adv=-0.000 r=2.424 clip=56.2% r̄=-0.020 succ=33.1% >exp= 0.0% el=4h02m eta=41h00m
  ep   768/5000 batch 3480 loss=   0.291 pol=  0.442 vL= 0.620 kl= 0.27 H=  5.99 adv=+0.000 r=1.279 clip=50.0% r̄=-0.354 succ=33.1% >exp= 0.0% el=4h02m eta=22h17m
  ep  1088/5000 batch 3500 loss=   0.304 pol=  0.027 vL= 0.354 kl= 0.39 H=  7.28 adv=-0.000 r=1.107 clip=56.2% r̄=-0.606 succ=33.1% >exp= 0.0% el=4h03m eta=14h35m
  ep  1408/5000 batch 3520 loss=   0.284 pol=  0.077 vL= 0.630 kl= 0.11 H=  7.09 adv=-0.000 r=1.223 clip=56.2% r̄=-0.395 succ=33.1% >exp= 0.0% el=4h04m eta=10h22m
  ep  1728/5000 batch 3540 loss=   0.247 pol=  0.026 vL= 0.393 kl= 0.25 H=  8.03 adv=+0.000 r=0.892 clip=50.0% r̄=-0.119 succ=33.1% >exp= 0.0% el=4h04m eta=7h43m
  ep  2048/5000 batch 3560 loss=   0.283 pol=  0.061 vL= 0.326 kl= 0.22 H=  8.34 adv=+0.000 r=0.983 clip=81.2% r̄=-0.869 succ=33.1% >exp= 0.0% el=4h05m eta=5h53m
  ep  2368/5000 batch 3580 loss=   0.375 pol=  0.096 vL= 0.418 kl= 0.13 H=  7.73 adv=-0.000 r=0.821 clip=50.0% r̄=-0.484 succ=33.1% >exp= 0.0% el=4h06m eta=4h33m
  ep  2688/5000 batch 3600 loss=   0.368 pol=  0.120 vL= 0.412 kl= 0.08 H=  6.95 adv=+0.000 r=0.914 clip=50.0% r̄=-0.097 succ=33.1% >exp= 0.0% el=4h06m eta=3h32m
  ep  3008/5000 batch 3620 loss=   0.280 pol=  0.160 vL= 0.523 kl= 0.15 H=  5.66 adv=-0.000 r=0.896 clip=43.8% r̄=-0.134 succ=33.1% >exp= 0.0% el=4h07m eta=2h43m
  ep  3328/5000 batch 3640 loss=   0.393 pol=  0.000 vL= 0.535 kl= 0.08 H=  4.16 adv=+0.000 r=0.970 clip=50.0% r̄=-0.488 succ=33.1% >exp= 0.0% el=4h08m eta=2h04m
  ep  3648/5000 batch 3660 loss=   0.278 pol=  0.050 vL= 0.857 kl= 0.22 H=  5.56 adv=+0.000 r=0.839 clip=43.8% r̄=-0.499 succ=33.2% >exp= 0.0% el=4h08m eta=1h32m
  ep  3968/5000 batch 3680 loss=   0.291 pol=  0.052 vL= 0.595 kl= 0.42 H=  7.27 adv=+0.000 r=0.896 clip=56.2% r̄=-0.388 succ=33.1% >exp= 0.0% el=4h09m eta=1h04m
  ep  4288/5000 batch 3700 loss=   0.282 pol=  0.023 vL= 0.441 kl= 0.21 H=  7.47 adv=-0.000 r=1.222 clip=50.0% r̄=-0.337 succ=33.1% >exp= 0.0% el=4h10m eta=41m31s
  ep  4608/5000 batch 3720 loss=   0.268 pol=  0.138 vL= 0.610 kl= 0.17 H=  7.68 adv=-0.000 r=0.981 clip=43.8% r̄= 0.027 succ=33.1% >exp= 0.0% el=4h10m eta=21m19s
  ep  4928/5000 batch 3740 loss=   0.302 pol=  0.076 vL= 0.523 kl= 0.24 H=  8.52 adv=-0.000 r=0.910 clip=50.0% r̄=-0.480 succ=33.1% >exp= 0.0% el=4h11m eta= 3m40s
  >>> Epoch 12/100 DONE: succ=33.4% (1671/5000) mean_loss= 0.2979 mean_reward=-0.330 mean_KL=0.196 mean_H=7.39 mean_ratio=0.984 mean_clip=51.1% epoch_time=10m18s

=== Epoch 13/100 — resetting substrate ===
  ep   256/5000 batch 3760 loss=   0.321 pol=  0.087 vL= 0.344 kl= 0.25 H=  8.27 adv=-0.000 r=1.082 clip=56.2% r̄=-0.340 succ=33.1% >exp= 0.0% el=4h12m eta=77h51m
  ep   576/5000 batch 3780 loss=   0.284 pol=  0.087 vL= 0.482 kl= 0.14 H=  7.64 adv=-0.000 r=0.915 clip=43.8% r̄=-0.240 succ=33.1% >exp= 0.0% el=4h12m eta=32h21m
  ep   896/5000 batch 3800 loss=   0.266 pol=  0.067 vL= 0.494 kl= 0.30 H=  8.83 adv=-0.000 r=0.947 clip=62.5% r̄=-0.375 succ=33.1% >exp= 0.0% el=4h13m eta=19h20m
  ep  1216/5000 batch 3820 loss=   0.295 pol=  0.061 vL= 0.473 kl= 0.22 H=  9.42 adv=+0.000 r=0.944 clip=37.5% r̄=-0.477 succ=33.1% >exp= 0.0% el=4h14m eta=13h10m
  ep  1536/5000 batch 3840 loss=   0.260 pol= -0.028 vL= 0.704 kl= 0.19 H=  8.13 adv=+0.000 r=0.891 clip=50.0% r̄=-0.606 succ=33.1% >exp= 0.0% el=4h14m eta=9h34m
  ep  1856/5000 batch 3860 loss=   0.312 pol= -0.042 vL= 0.556 kl= 0.22 H=  8.53 adv=-0.000 r=1.160 clip=62.5% r̄=-0.230 succ=33.1% >exp= 0.0% el=4h15m eta=7h12m
  ep  2176/5000 batch 3880 loss=   0.292 pol=  0.027 vL= 0.510 kl= 0.22 H=  6.24 adv=+0.000 r=1.214 clip=37.5% r̄=-0.501 succ=33.0% >exp= 0.0% el=4h16m eta=5h32m
  ep  2496/5000 batch 3900 loss=   0.222 pol=  0.007 vL= 0.423 kl= 0.26 H=  8.41 adv=+0.000 r=1.071 clip=31.2% r̄= 0.171 succ=33.1% >exp= 0.0% el=4h16m eta=4h17m
  ep  2816/5000 batch 3920 loss=   0.359 pol=  0.030 vL= 0.523 kl= 0.29 H=  5.26 adv=-0.000 r=0.944 clip=37.5% r̄=-0.614 succ=33.1% >exp= 0.0% el=4h17m eta=3h19m
  ep  3136/5000 batch 3940 loss=   0.349 pol=  0.005 vL= 0.394 kl= 0.24 H=  8.83 adv=-0.000 r=0.938 clip=56.2% r̄=-0.361 succ=33.1% >exp= 0.0% el=4h18m eta=2h33m
  ep  3456/5000 batch 3960 loss=   0.320 pol=  0.054 vL= 0.432 kl= 0.35 H=  8.36 adv=+0.000 r=1.016 clip=43.8% r̄=-0.016 succ=33.1% >exp= 0.0% el=4h18m eta=1h55m
  ep  3776/5000 batch 3980 loss=   0.354 pol=  0.003 vL= 0.478 kl= 0.16 H=  9.19 adv=+0.000 r=0.845 clip=56.2% r̄=-0.648 succ=33.1% >exp= 0.0% el=4h19m eta=1h24m
  ep  4096/5000 batch 4000 loss=   0.285 pol=  0.161 vL= 0.529 kl= 0.51 H=  6.67 adv=+0.000 r=1.408 clip=43.8% r̄=-0.378 succ=33.1% >exp= 0.0% el=4h20m eta=57m25s
  ep  4416/5000 batch 4020 loss=   0.421 pol=  0.028 vL= 0.659 kl= 0.35 H=  8.39 adv=+0.000 r=0.875 clip=31.2% r̄=-0.300 succ=33.1% >exp= 0.0% el=4h20m eta=34m29s
  ep  4736/5000 batch 4040 loss=   0.287 pol=  0.072 vL= 0.619 kl= 0.61 H=  7.44 adv=-0.000 r=1.046 clip=43.8% r̄=-0.521 succ=33.1% >exp= 0.0% el=4h21m eta=14m34s
  >>> Epoch 13/100 DONE: succ=32.7% (1636/5000) mean_loss= 0.3068 mean_reward=-0.344 mean_KL=0.325 mean_H=7.98 mean_ratio=0.983 mean_clip=47.3% epoch_time=10m24s

=== Epoch 14/100 — resetting substrate ===
  ep    64/5000 batch 4060 loss=   0.259 pol=  0.007 vL= 0.341 kl= 0.36 H= 10.79 adv=-0.000 r=0.864 clip=56.2% r̄=-0.356 succ=33.1% >exp= 0.0% el=4h22m eta=336h53m
  ep   384/5000 batch 4080 loss=   0.243 pol=  0.084 vL= 0.775 kl= 0.28 H=  7.05 adv=+0.000 r=1.112 clip=68.8% r̄=-0.471 succ=33.1% >exp= 0.0% el=4h22m eta=52h38m
  ep   704/5000 batch 4100 loss=   0.207 pol=  0.144 vL= 0.289 kl= 0.27 H=  7.89 adv=-0.000 r=1.131 clip=56.2% r̄=-0.463 succ=33.1% >exp= 0.0% el=4h23m eta=26h47m
  ep  1024/5000 batch 4120 loss=   0.312 pol=  0.067 vL= 0.724 kl= 0.20 H=  8.36 adv=+0.000 r=0.862 clip=43.8% r̄=-0.223 succ=33.1% >exp= 0.0% el=4h24m eta=17h05m
  ep  1344/5000 batch 4140 loss=   0.211 pol= -0.026 vL= 0.321 kl= 0.14 H=  4.99 adv=-0.000 r=0.955 clip=43.8% r̄=-0.733 succ=33.1% >exp= 0.0% el=4h24m eta=11h59m
  ep  1664/5000 batch 4160 loss=   0.337 pol=  0.033 vL= 0.649 kl= 0.16 H=  6.02 adv=-0.000 r=0.881 clip=37.5% r̄=-0.639 succ=33.1% >exp= 0.0% el=4h25m eta=8h52m
  ep  1984/5000 batch 4180 loss=   0.299 pol=  0.078 vL= 0.735 kl= 0.34 H=  6.08 adv=+0.000 r=1.040 clip=43.8% r̄=-0.136 succ=33.1% >exp= 0.0% el=4h25m eta=6h44m
  ep  2304/5000 batch 4200 loss=   0.337 pol=  0.042 vL= 0.417 kl= 0.93 H=  9.77 adv=-0.000 r=0.887 clip=31.2% r̄=-0.354 succ=33.1% >exp= 0.0% el=4h26m eta=5h11m
  ep  2624/5000 batch 4220 loss=   0.324 pol=  0.161 vL= 0.452 kl= 0.48 H= 10.24 adv=+0.000 r=1.088 clip=62.5% r̄=-0.279 succ=33.0% >exp= 0.0% el=4h27m eta=4h01m
  ep  2944/5000 batch 4240 loss=   0.263 pol= -0.020 vL= 0.414 kl= 0.36 H= 10.65 adv=+0.000 r=0.979 clip=50.0% r̄=-0.482 succ=33.0% >exp= 0.0% el=4h27m eta=3h07m
  ep  3264/5000 batch 4260 loss=   0.232 pol=  0.133 vL= 0.561 kl= 0.21 H=  8.00 adv=+0.000 r=0.895 clip=43.8% r̄=-0.415 succ=33.1% >exp= 0.0% el=4h28m eta=2h22m
  ep  3584/5000 batch 4280 loss=   0.246 pol=  0.034 vL= 0.465 kl= 0.33 H=  7.20 adv=+0.000 r=1.074 clip=31.2% r̄=-0.482 succ=33.1% >exp= 0.0% el=4h29m eta=1h46m
  ep  3904/5000 batch 4300 loss=   0.275 pol= -0.022 vL= 0.793 kl= 0.21 H=  7.24 adv=-0.000 r=0.900 clip=43.8% r̄=-0.156 succ=33.1% >exp= 0.0% el=4h29m eta=1h15m
  ep  4224/5000 batch 4320 loss=   0.308 pol= -0.059 vL= 0.278 kl= 0.63 H= 11.78 adv=-0.000 r=1.261 clip=62.5% r̄=-0.283 succ=33.1% >exp= 0.0% el=4h30m eta=49m40s
  ep  4544/5000 batch 4340 loss=   0.271 pol= -0.011 vL= 0.254 kl= 0.23 H=  7.85 adv=-0.000 r=0.908 clip=31.2% r̄= 0.239 succ=33.1% >exp= 0.0% el=4h30m eta=27m11s
  ep  4864/5000 batch 4360 loss=   0.239 pol=  0.113 vL= 0.731 kl= 0.37 H=  9.54 adv=+0.000 r=0.836 clip=43.8% r̄=-0.626 succ=33.1% >exp= 0.0% el=4h31m eta= 7m35s
  >>> Epoch 14/100 DONE: succ=32.5% (1623/5000) mean_loss= 0.2730 mean_reward=-0.349 mean_KL=0.325 mean_H=8.28 mean_ratio=1.001 mean_clip=46.1% epoch_time= 9m55s

=== Epoch 15/100 — resetting substrate ===
  ep   192/5000 batch 4380 loss=   0.255 pol=  0.067 vL= 0.798 kl= 0.34 H=  8.99 adv=+0.000 r=1.061 clip=31.2% r̄= 0.125 succ=33.1% >exp= 0.0% el=4h32m eta=113h37m
  ep   512/5000 batch 4400 loss=   0.216 pol=  0.075 vL= 0.288 kl= 0.20 H= 10.38 adv=-0.000 r=0.833 clip=56.2% r̄=-0.758 succ=33.1% >exp= 0.0% el=4h32m eta=39h52m
  ep   832/5000 batch 4420 loss=   0.216 pol= -0.056 vL= 0.577 kl= 0.37 H=  9.78 adv=+0.000 r=1.059 clip=50.0% r̄=-0.019 succ=33.1% >exp= 0.0% el=4h33m eta=22h50m
  ep  1152/5000 batch 4440 loss=   0.314 pol=  0.195 vL= 0.646 kl= 0.34 H=  6.93 adv=-0.000 r=1.161 clip=50.0% r̄=-0.069 succ=33.1% >exp= 0.0% el=4h34m eta=15h15m
  ep  1472/5000 batch 4460 loss=   0.240 pol=  0.015 vL= 0.471 kl= 0.30 H=  7.32 adv=-0.000 r=0.860 clip=37.5% r̄=-1.000 succ=33.0% >exp= 0.0% el=4h34m eta=10h58m
  ep  1792/5000 batch 4480 loss=   0.294 pol=  0.047 vL= 0.269 kl= 0.35 H=  8.40 adv=-0.000 r=0.867 clip=50.0% r̄=-0.634 succ=33.0% >exp= 0.0% el=4h35m eta=8h13m
  ep  2112/5000 batch 4500 loss=   0.292 pol=  0.038 vL= 0.250 kl= 0.37 H=  8.24 adv=+0.000 r=1.066 clip=68.8% r̄=-0.518 succ=33.0% >exp= 0.0% el=4h36m eta=6h17m
  ep  2432/5000 batch 4520 loss=   0.357 pol= -0.107 vL= 0.460 kl= 0.32 H=  8.10 adv=-0.000 r=0.704 clip=68.8% r̄=-0.476 succ=33.0% >exp= 0.0% el=4h36m eta=4h52m
  ep  2752/5000 batch 4540 loss=   0.363 pol=  1.104 vL= 0.588 kl= 0.26 H=  6.21 adv=-0.000 r=1.525 clip=68.8% r̄=-0.503 succ=33.0% >exp= 0.0% el=4h37m eta=3h46m
  ep  3072/5000 batch 4560 loss=   0.296 pol= -0.033 vL= 0.475 kl= 0.37 H=  8.19 adv=-0.000 r=1.019 clip=62.5% r̄=-0.389 succ=33.0% >exp= 0.0% el=4h37m eta=2h54m
  ep  3392/5000 batch 4580 loss=   0.270 pol= -0.073 vL= 0.759 kl= 0.38 H=  7.01 adv=+0.000 r=0.933 clip=31.2% r̄=-0.250 succ=33.0% >exp= 0.0% el=4h38m eta=2h12m
  ep  3712/5000 batch 4600 loss=   0.331 pol=  0.105 vL= 0.486 kl= 0.35 H=  7.75 adv=+0.000 r=1.047 clip=50.0% r̄=-0.400 succ=33.0% >exp= 0.0% el=4h39m eta=1h36m
  ep  4032/5000 batch 4620 loss=   0.321 pol=  0.404 vL= 0.211 kl= 0.20 H=  5.63 adv=+0.000 r=1.609 clip=68.8% r̄=-0.500 succ=33.0% >exp= 0.0% el=4h39m eta=1h07m
  ep  4352/5000 batch 4640 loss=   0.318 pol=  0.017 vL= 0.673 kl= 0.28 H=  6.31 adv=+0.000 r=1.034 clip=31.2% r̄=-0.345 succ=33.0% >exp= 0.0% el=4h40m eta=41m44s
  ep  4672/5000 batch 4660 loss=   0.317 pol=  0.093 vL= 0.742 kl= 0.34 H=  7.43 adv=-0.000 r=1.133 clip=56.2% r̄=-0.141 succ=33.0% >exp= 0.0% el=4h40m eta=19m43s
  ep  4992/5000 batch 4680 loss=   0.323 pol=  0.060 vL= 0.614 kl= 0.31 H=  6.67 adv=+0.000 r=1.110 clip=25.0% r̄=-0.375 succ=33.0% >exp= 0.0% el=4h41m eta=  27s
  >>> Epoch 15/100 DONE: succ=32.6% (1628/5000) mean_loss= 0.2960 mean_reward=-0.346 mean_KL=0.379 mean_H=7.90 mean_ratio=0.966 mean_clip=49.3% epoch_time= 9m39s

=== Epoch 16/100 — resetting substrate ===
  ep   320/5000 batch 4700 loss=   0.253 pol=  0.077 vL= 0.625 kl= 0.69 H=  6.86 adv=+0.000 r=0.908 clip=37.5% r̄=-0.631 succ=33.0% >exp= 0.0% el=4h42m eta=68h46m
  ep   640/5000 batch 4720 loss=   0.289 pol=  0.143 vL= 0.592 kl= 0.36 H=  6.38 adv=+0.000 r=0.850 clip=68.8% r̄=-0.745 succ=33.0% >exp= 0.0% el=4h42m eta=32h06m
  ep   960/5000 batch 4740 loss=   0.316 pol=  0.170 vL= 0.496 kl= 0.26 H=  7.10 adv=-0.000 r=1.149 clip=50.0% r̄=-0.401 succ=33.0% >exp= 0.0% el=4h43m eta=19h52m
  ep  1280/5000 batch 4760 loss=   0.316 pol=  0.011 vL= 0.284 kl= 0.65 H=  6.61 adv=-0.000 r=1.012 clip=56.2% r̄=-0.508 succ=33.0% >exp= 0.0% el=4h43m eta=13h45m
  ep  1600/5000 batch 4780 loss=   0.298 pol=  0.145 vL= 0.623 kl= 0.24 H=  4.84 adv=+0.000 r=0.922 clip=37.5% r̄=-0.096 succ=33.0% >exp= 0.0% el=4h44m eta=10h04m
  ep  1920/5000 batch 4800 loss=   0.451 pol=  0.062 vL= 0.868 kl= 0.86 H=  4.74 adv=+0.000 r=0.810 clip=56.2% r̄=-0.351 succ=33.0% >exp= 0.0% el=4h45m eta=7h37m
  ep  2240/5000 batch 4820 loss=   0.273 pol=  0.096 vL= 0.276 kl= 0.23 H=  5.90 adv=-0.000 r=0.762 clip=75.0% r̄=-0.230 succ=33.0% >exp= 0.0% el=4h45m eta=5h52m
  ep  2560/5000 batch 4840 loss=   0.292 pol=  0.013 vL= 0.363 kl= 0.17 H=  5.93 adv=+0.000 r=1.120 clip=50.0% r̄=-0.359 succ=33.0% >exp= 0.0% el=4h46m eta=4h33m
  ep  2880/5000 batch 4860 loss=   0.276 pol=  0.087 vL= 0.508 kl= 0.29 H=  7.90 adv=+0.000 r=0.829 clip=56.2% r̄=-0.520 succ=33.0% >exp= 0.0% el=4h47m eta=3h31m
  ep  3200/5000 batch 4880 loss=   0.313 pol=  0.057 vL= 0.662 kl= 0.49 H=  6.55 adv=-0.000 r=0.842 clip=62.5% r̄=-0.085 succ=33.0% >exp= 0.0% el=4h47m eta=2h41m
  ep  3520/5000 batch 4900 loss=   0.323 pol=  0.463 vL= 0.572 kl= 0.25 H=  7.08 adv=-0.000 r=0.921 clip=62.5% r̄=-0.356 succ=33.0% >exp= 0.0% el=4h48m eta=2h01m
  ep  3840/5000 batch 4920 loss=   0.271 pol=  0.047 vL= 0.650 kl= 0.23 H=  7.25 adv=+0.000 r=0.829 clip=62.5% r̄=-0.627 succ=33.0% >exp= 0.0% el=4h49m eta=1h27m
  ep  4160/5000 batch 4940 loss=   0.321 pol= -0.035 vL= 0.355 kl= 0.28 H= 10.82 adv=+0.000 r=1.007 clip=56.2% r̄=-0.047 succ=33.0% >exp= 0.0% el=4h49m eta=58m30s
  ep  4480/5000 batch 4960 loss=   0.297 pol=  0.001 vL= 0.858 kl= 0.41 H=  7.10 adv=-0.000 r=1.005 clip=37.5% r̄=-0.120 succ=33.0% >exp= 0.0% el=4h50m eta=33m42s
  ep  4800/5000 batch 4980 loss=   0.281 pol=  0.026 vL= 0.668 kl= 0.25 H=  7.05 adv=+0.000 r=0.977 clip=68.8% r̄=-0.129 succ=33.0% >exp= 0.0% el=4h51m eta=12m07s
  >>> Epoch 16/100 DONE: succ=33.5% (1675/5000) mean_loss= 0.3061 mean_reward=-0.328 mean_KL=0.354 mean_H=7.15 mean_ratio=0.958 mean_clip=50.4% epoch_time= 9m52s

=== Epoch 17/100 — resetting substrate ===
  ep   128/5000 batch 5000 loss=   0.299 pol=  0.021 vL= 0.351 kl= 0.22 H=  9.97 adv=+0.000 r=0.946 clip=56.2% r̄=-0.163 succ=33.1% >exp= 0.0% el=4h51m eta=185h00m
  ep   448/5000 batch 5020 loss=   0.224 pol=  0.007 vL= 0.326 kl= 0.17 H=  8.77 adv=-0.000 r=0.846 clip=56.2% r̄=-0.151 succ=33.1% >exp= 0.0% el=4h52m eta=49h29m
  ep   768/5000 batch 5040 loss=   0.214 pol= -0.036 vL= 0.558 kl= 0.38 H=  7.22 adv=-0.000 r=0.855 clip=37.5% r̄=-0.387 succ=33.1% >exp= 0.0% el=4h52m eta=26h53m
  ep  1088/5000 batch 5060 loss=   0.271 pol=  0.247 vL= 0.787 kl= 0.11 H=  5.85 adv=+0.000 r=1.359 clip=43.8% r̄=-0.904 succ=33.1% >exp= 0.0% el=4h53m eta=17h35m
  ep  1408/5000 batch 5080 loss=   0.252 pol=  0.147 vL= 0.847 kl= 0.16 H=  8.54 adv=-0.000 r=0.923 clip=37.5% r̄=-0.267 succ=33.1% >exp= 0.0% el=4h54m eta=12h30m
  ep  1728/5000 batch 5100 loss=   0.382 pol=  0.020 vL= 0.416 kl= 0.24 H=  6.83 adv=+0.000 r=0.894 clip=68.8% r̄=-0.533 succ=33.1% >exp= 0.0% el=4h54m eta=9h17m
  ep  2048/5000 batch 5120 loss=   0.412 pol=  0.143 vL= 0.335 kl= 0.38 H=  8.69 adv=-0.000 r=1.008 clip=37.5% r̄=-0.255 succ=33.1% >exp= 0.0% el=4h55m eta=7h05m
  ep  2368/5000 batch 5140 loss=   0.291 pol=  0.501 vL= 0.380 kl= 0.62 H=  9.82 adv=-0.000 r=1.570 clip=37.5% r̄=-0.392 succ=33.1% >exp= 0.0% el=4h55m eta=5h28m
  ep  2688/5000 batch 5160 loss=   0.266 pol=  0.085 vL= 1.068 kl= 0.32 H=  8.83 adv=+0.000 r=0.902 clip=37.5% r̄=-0.127 succ=33.0% >exp= 0.0% el=4h56m eta=4h14m
  ep  3008/5000 batch 5180 loss=   0.202 pol= -0.037 vL= 0.507 kl= 0.32 H=  9.04 adv=-0.000 r=0.828 clip=43.8% r̄= 0.121 succ=33.0% >exp= 0.0% el=4h57m eta=3h16m
  ep  3328/5000 batch 5200 loss=   0.254 pol= -0.020 vL= 0.453 kl= 0.28 H=  6.53 adv=+0.000 r=0.944 clip=50.0% r̄=-0.484 succ=33.0% >exp= 0.0% el=4h57m eta=2h29m
  ep  3648/5000 batch 5220 loss=   0.323 pol=  0.047 vL= 0.473 kl= 0.29 H=  7.49 adv=-0.000 r=0.776 clip=62.5% r̄=-0.523 succ=33.0% >exp= 0.0% el=4h58m eta=1h50m
  ep  3968/5000 batch 5240 loss=   0.276 pol=  0.088 vL= 0.504 kl= 0.35 H=  8.26 adv=+0.000 r=0.958 clip=68.8% r̄=-0.725 succ=33.0% >exp= 0.0% el=4h58m eta=1h17m
  ep  4288/5000 batch 5260 loss=   0.297 pol=  0.004 vL= 0.342 kl= 0.30 H=  8.51 adv=-0.000 r=0.852 clip=37.5% r̄=-0.098 succ=33.0% >exp= 0.0% el=4h59m eta=49m43s
  ep  4608/5000 batch 5280 loss=   0.287 pol=  0.181 vL= 0.586 kl= 0.34 H=  7.66 adv=-0.000 r=0.863 clip=50.0% r̄= 0.123 succ=33.0% >exp= 0.0% el=5h00m eta=25m31s
  ep  4928/5000 batch 5300 loss=   0.383 pol=  0.032 vL= 0.488 kl= 0.58 H=  8.15 adv=+0.000 r=0.746 clip=43.8% r̄=-0.245 succ=33.0% >exp= 0.0% el=5h00m eta= 4m23s
  >>> Epoch 17/100 DONE: succ=32.6% (1630/5000) mean_loss= 0.2887 mean_reward=-0.347 mean_KL=0.310 mean_H=8.28 mean_ratio=0.980 mean_clip=47.8% epoch_time= 9m21s

=== Epoch 18/100 — resetting substrate ===
  ep   256/5000 batch 5320 loss=   0.238 pol= -0.016 vL= 0.269 kl= 0.16 H=  7.74 adv=+0.000 r=0.918 clip=50.0% r̄=-0.196 succ=33.0% >exp= 0.0% el=5h01m eta=93h02m
  ep   576/5000 batch 5340 loss=   0.325 pol=  0.006 vL= 0.337 kl= 0.28 H=  8.16 adv=+0.000 r=0.995 clip=25.0% r̄=-0.339 succ=33.0% >exp= 0.0% el=5h01m eta=38h38m
  ep   896/5000 batch 5360 loss=   0.264 pol= -0.018 vL= 0.640 kl= 0.41 H=  9.62 adv=-0.000 r=1.023 clip=56.2% r̄=-0.510 succ=33.0% >exp= 0.0% el=5h02m eta=23h05m
  ep  1216/5000 batch 5380 loss=   0.235 pol= -0.042 vL= 0.483 kl= 0.39 H=  9.83 adv=+0.000 r=1.084 clip=56.2% r̄=-0.248 succ=33.0% >exp= 0.0% el=5h03m eta=15h43m
  ep  1536/5000 batch 5400 loss=   0.228 pol= -0.009 vL= 0.286 kl= 0.44 H=  8.55 adv=+0.000 r=0.952 clip=43.8% r̄=-0.611 succ=33.0% >exp= 0.0% el=5h03m eta=11h24m
  ep  1856/5000 batch 5420 loss=   0.256 pol=  0.371 vL= 0.688 kl= 0.36 H=  8.09 adv=+0.000 r=1.037 clip=56.2% r̄=-0.386 succ=33.0% >exp= 0.0% el=5h04m eta=8h35m
  ep  2176/5000 batch 5440 loss=   0.311 pol=  0.049 vL= 0.622 kl= 0.46 H=  6.57 adv=+0.000 r=0.786 clip=56.2% r̄=-0.103 succ=33.0% >exp= 0.0% el=5h04m eta=6h35m
  ep  2496/5000 batch 5460 loss=   0.302 pol=  0.057 vL= 0.613 kl= 0.33 H=  8.69 adv=+0.000 r=0.797 clip=43.8% r̄= 0.406 succ=33.0% >exp= 0.0% el=5h05m eta=5h06m
  ep  2816/5000 batch 5480 loss=   0.251 pol= -0.019 vL= 0.309 kl= 0.44 H=  6.09 adv=+0.000 r=0.941 clip=18.8% r̄=-0.629 succ=33.0% >exp= 0.0% el=5h06m eta=3h57m
  ep  3136/5000 batch 5500 loss=   0.301 pol=  0.136 vL= 0.380 kl= 0.43 H=  8.95 adv=+0.000 r=1.100 clip=56.2% r̄=-0.338 succ=33.0% >exp= 0.0% el=5h06m eta=3h02m
  ep  3456/5000 batch 5520 loss=   0.268 pol= -0.054 vL= 0.595 kl= 0.20 H=  8.15 adv=+0.000 r=0.918 clip=18.8% r̄= 0.006 succ=33.0% >exp= 0.0% el=5h07m eta=2h17m
  ep  3776/5000 batch 5540 loss=   0.364 pol=  0.089 vL= 0.338 kl= 0.26 H=  7.89 adv=+0.000 r=1.002 clip=62.5% r̄=-0.682 succ=33.0% >exp= 0.0% el=5h07m eta=1h39m
  ep  4096/5000 batch 5560 loss=   0.265 pol= -0.071 vL= 0.554 kl= 0.25 H=  8.46 adv=-0.000 r=0.834 clip=50.0% r̄= 0.102 succ=33.0% >exp= 0.0% el=5h08m eta=1h08m
  ep  4416/5000 batch 5580 loss=   0.307 pol= -0.041 vL= 0.449 kl= 0.27 H=  8.42 adv=+0.000 r=0.873 clip=43.8% r̄=-0.235 succ=33.0% >exp= 0.0% el=5h09m eta=40m52s
  ep  4736/5000 batch 5600 loss=   0.276 pol=  0.142 vL= 0.280 kl= 0.32 H=  7.56 adv=-0.000 r=1.185 clip=43.8% r̄=-0.482 succ=33.0% >exp= 0.0% el=5h09m eta=17m15s
  >>> Epoch 18/100 DONE: succ=32.4% (1619/5000) mean_loss= 0.2810 mean_reward=-0.350 mean_KL=0.354 mean_H=8.10 mean_ratio=0.970 mean_clip=47.1% epoch_time= 9m18s

=== Epoch 19/100 — resetting substrate ===
  ep    64/5000 batch 5620 loss=   0.319 pol=  0.129 vL= 0.454 kl= 0.35 H= 10.06 adv=+0.000 r=0.866 clip=43.8% r̄=-0.589 succ=33.0% >exp= 0.0% el=5h10m eta=398h44m
  ep   384/5000 batch 5640 loss=   0.278 pol=  0.033 vL= 0.373 kl= 0.47 H=  6.63 adv=+0.000 r=0.787 clip=62.5% r̄=-0.219 succ=33.0% >exp= 0.0% el=5h10m eta=62h16m
  ep   704/5000 batch 5660 loss=   0.239 pol=  0.025 vL= 0.701 kl= 0.37 H=  9.25 adv=+0.000 r=0.981 clip=37.5% r̄=-0.211 succ=33.0% >exp= 0.0% el=5h11m eta=31h40m
  ep  1024/5000 batch 5680 loss=   0.249 pol= -0.006 vL= 0.958 kl= 0.28 H=  7.76 adv=+0.000 r=0.892 clip=50.0% r̄=-0.364 succ=33.0% >exp= 0.0% el=5h12m eta=20h11m
  ep  1344/5000 batch 5700 loss=   0.266 pol= -0.018 vL= 0.524 kl= 0.26 H=  6.33 adv=-0.000 r=0.986 clip=43.8% r̄=-0.226 succ=33.0% >exp= 0.0% el=5h12m eta=14h10m
  ep  1664/5000 batch 5720 loss=   0.205 pol= -0.033 vL= 0.483 kl= 0.28 H=  7.31 adv=+0.000 r=1.052 clip=37.5% r̄=-0.753 succ=33.0% >exp= 0.0% el=5h13m eta=10h28m
  ep  1984/5000 batch 5740 loss=   0.302 pol=  0.073 vL= 0.703 kl= 0.26 H=  6.70 adv=+0.000 r=0.794 clip=56.2% r̄=-0.375 succ=33.0% >exp= 0.0% el=5h13m eta=7h57m
  ep  2304/5000 batch 5760 loss=   0.249 pol=  0.052 vL= 0.759 kl= 0.15 H=  9.06 adv=-0.000 r=1.177 clip=43.8% r̄=-0.505 succ=33.0% >exp= 0.0% el=5h14m eta=6h08m
  ep  2624/5000 batch 5780 loss=   0.259 pol=  0.158 vL= 0.472 kl= 0.28 H=  9.85 adv=+0.000 r=0.972 clip=56.2% r̄=-0.431 succ=33.0% >exp= 0.0% el=5h15m eta=4h45m
  ep  2944/5000 batch 5800 loss=   0.284 pol=  0.070 vL= 0.217 kl= 0.26 H=  9.32 adv=+0.000 r=1.156 clip=56.2% r̄=-0.602 succ=33.0% >exp= 0.0% el=5h15m eta=3h40m
  ep  3264/5000 batch 5820 loss=   0.297 pol=  0.153 vL= 0.435 kl= 0.14 H=  6.90 adv=+0.000 r=1.370 clip=68.8% r̄=-0.795 succ=33.0% >exp= 0.0% el=5h16m eta=2h48m
  ep  3584/5000 batch 5840 loss=   0.275 pol= -0.086 vL= 0.652 kl= 0.21 H=  7.53 adv=-0.000 r=0.861 clip=43.8% r̄=-0.249 succ=33.0% >exp= 0.0% el=5h17m eta=2h05m
  ep  3904/5000 batch 5860 loss=   0.276 pol= -0.028 vL= 0.589 kl= 0.53 H=  7.23 adv=+0.000 r=1.142 clip=37.5% r̄= 0.133 succ=33.0% >exp= 0.0% el=5h17m eta=1h29m
  ep  4224/5000 batch 5880 loss=   0.276 pol=  0.138 vL= 0.685 kl= 0.37 H=  8.68 adv=+0.000 r=0.990 clip=56.2% r̄=-0.510 succ=33.0% >exp= 0.0% el=5h18m eta=58m29s
  ep  4544/5000 batch 5900 loss=   0.297 pol=  0.204 vL= 0.442 kl= 0.31 H=  7.02 adv=-0.000 r=1.285 clip=37.5% r̄= 0.018 succ=33.0% >exp= 0.0% el=5h19m eta=32m01s
  ep  4864/5000 batch 5920 loss=   0.276 pol=  0.032 vL= 0.534 kl= 0.62 H= 10.43 adv=+0.000 r=1.009 clip=25.0% r̄=-0.504 succ=33.0% >exp= 0.0% el=5h20m eta= 8m56s
  >>> Epoch 19/100 DONE: succ=33.4% (1668/5000) mean_loss= 0.2672 mean_reward=-0.330 mean_KL=0.294 mean_H=8.07 mean_ratio=0.994 mean_clip=47.8% epoch_time=10m16s

=== Epoch 20/100 — resetting substrate ===
  ep   192/5000 batch 5940 loss=   0.201 pol=  0.093 vL= 0.276 kl= 0.34 H=  8.78 adv=+0.000 r=0.965 clip=50.0% r̄= 0.022 succ=33.0% >exp= 0.0% el=5h20m eta=133h52m
  ep   512/5000 batch 5960 loss=   0.239 pol=  0.041 vL= 0.383 kl= 0.39 H= 10.20 adv=-0.000 r=1.251 clip=50.0% r̄=-0.490 succ=33.0% >exp= 0.0% el=5h21m eta=46h58m
  ep   832/5000 batch 5980 loss=   0.255 pol=  0.018 vL= 0.182 kl= 0.31 H=  8.52 adv=-0.000 r=1.258 clip=68.8% r̄=-0.113 succ=33.0% >exp= 0.0% el=5h22m eta=26h54m
  ep  1152/5000 batch 6000 loss=   0.322 pol=  0.631 vL= 0.812 kl= 0.20 H=  5.59 adv=+0.000 r=2.434 clip=68.8% r̄=-0.201 succ=33.0% >exp= 0.0% el=5h22m eta=17h58m
  ep  1472/5000 batch 6020 loss=   0.354 pol=  0.182 vL= 0.256 kl= 0.46 H=  7.27 adv=-0.000 r=0.847 clip=43.8% r̄=-0.236 succ=33.0% >exp= 0.0% el=5h23m eta=12h55m
  ep  1792/5000 batch 6040 loss=   0.368 pol=  0.059 vL= 0.448 kl= 0.28 H=  8.04 adv=-0.000 r=0.912 clip=56.2% r̄=-0.635 succ=33.0% >exp= 0.0% el=5h24m eta=9h40m
  ep  2112/5000 batch 6060 loss=   0.272 pol=  0.076 vL= 0.377 kl= 0.26 H=  9.34 adv=+0.000 r=1.033 clip=50.0% r̄=-0.366 succ=33.0% >exp= 0.0% el=5h25m eta=7h24m
  ep  2432/5000 batch 6080 loss=   0.265 pol= -0.041 vL= 0.726 kl= 0.45 H= 10.75 adv=+0.000 r=0.916 clip=31.2% r̄=-0.470 succ=33.0% >exp= 0.0% el=5h26m eta=5h44m
  ep  2752/5000 batch 6100 loss=   0.255 pol=  0.068 vL= 0.346 kl= 0.25 H=  8.45 adv=-0.000 r=0.866 clip=50.0% r̄=-0.504 succ=33.0% >exp= 0.0% el=5h26m eta=4h26m
  ep  3072/5000 batch 6120 loss=   0.313 pol=  0.147 vL= 0.526 kl= 0.17 H=  9.18 adv=+0.000 r=0.907 clip=56.2% r̄=-0.207 succ=33.0% >exp= 0.0% el=5h27m eta=3h25m
  ep  3392/5000 batch 6140 loss=   0.273 pol=  0.011 vL= 0.855 kl= 0.25 H=  8.17 adv=-0.000 r=0.841 clip=37.5% r̄=-0.381 succ=33.0% >exp= 0.0% el=5h28m eta=2h35m
  ep  3712/5000 batch 6160 loss=   0.429 pol=  0.181 vL= 0.575 kl= 0.23 H=  9.08 adv=-0.000 r=1.068 clip=43.8% r̄=-0.245 succ=33.0% >exp= 0.0% el=5h28m eta=1h54m
  ep  4032/5000 batch 6180 loss=   0.316 pol=  0.273 vL= 0.339 kl= 0.29 H=  6.65 adv=+0.000 r=1.169 clip=37.5% r̄=-0.608 succ=33.0% >exp= 0.0% el=5h29m eta=1h19m
  ep  4352/5000 batch 6200 loss=   0.321 pol=  0.048 vL= 0.488 kl= 0.32 H=  5.26 adv=-0.000 r=0.905 clip=43.8% r̄=-0.743 succ=33.0% >exp= 0.0% el=5h29m eta=49m07s
  ep  4672/5000 batch 6220 loss=   0.324 pol= -0.012 vL= 0.546 kl= 0.45 H=  9.96 adv=+0.000 r=0.691 clip=56.2% r̄=-0.264 succ=33.0% >exp= 0.0% el=5h30m eta=23m12s
  ep  4992/5000 batch 6240 loss=   0.301 pol=  0.179 vL= 0.580 kl= 0.29 H=  6.12 adv=-0.000 r=0.927 clip=25.0% r̄=-0.101 succ=33.0% >exp= 0.0% el=5h31m eta=  32s
  >>> Epoch 20/100 DONE: succ=32.4% (1622/5000) mean_loss= 0.3026 mean_reward=-0.351 mean_KL=0.332 mean_H=8.29 mean_ratio=0.993 mean_clip=46.2% epoch_time=10m42s

=== Epoch 21/100 — resetting substrate ===
  ep   320/5000 batch 6260 loss=   0.227 pol=  0.019 vL= 0.685 kl= 0.61 H=  8.02 adv=+0.000 r=0.951 clip=31.2% r̄=-0.514 succ=33.0% >exp= 0.0% el=5h31m eta=80h50m
  ep   640/5000 batch 6280 loss=   0.263 pol=  0.054 vL= 0.391 kl= 0.40 H=  8.09 adv=-0.000 r=1.230 clip=37.5% r̄= 0.121 succ=33.0% >exp= 0.0% el=5h32m eta=37h43m
  ep   960/5000 batch 6300 loss=   0.306 pol=  0.028 vL= 0.615 kl= 0.53 H= 10.21 adv=+0.000 r=0.867 clip=43.8% r̄=-0.376 succ=33.0% >exp= 0.0% el=5h32m eta=23h20m
  ep  1280/5000 batch 6320 loss=   0.307 pol=  0.277 vL= 0.841 kl= 0.39 H=  7.57 adv=+0.000 r=1.353 clip=75.0% r̄=-0.374 succ=33.0% >exp= 0.0% el=5h33m eta=16h09m
  ep  1600/5000 batch 6340 loss=   0.231 pol= -0.051 vL= 0.479 kl= 0.85 H=  7.17 adv=-0.000 r=1.159 clip=37.5% r̄=-0.593 succ=33.0% >exp= 0.0% el=5h34m eta=11h49m
  ep  1920/5000 batch 6360 loss=   0.291 pol= -0.041 vL= 1.164 kl= 0.29 H=  6.15 adv=-0.000 r=0.873 clip=31.2% r̄=-0.334 succ=33.0% >exp= 0.0% el=5h34m eta=8h56m
  ep  2240/5000 batch 6380 loss=   0.271 pol=  0.103 vL= 0.292 kl= 0.57 H=  7.53 adv=+0.000 r=1.060 clip=18.8% r̄=-0.253 succ=33.0% >exp= 0.0% el=5h35m eta=6h53m
  ep  2560/5000 batch 6400 loss=   0.225 pol=  0.126 vL= 0.592 kl= 0.50 H=  8.71 adv=+0.000 r=1.022 clip=31.2% r̄=-0.394 succ=33.0% >exp= 0.0% el=5h35m eta=5h20m
  ep  2880/5000 batch 6420 loss=   0.273 pol=  0.061 vL= 0.740 kl= 0.28 H=  9.72 adv=+0.000 r=1.107 clip=50.0% r̄=-0.493 succ=33.0% >exp= 0.0% el=5h36m eta=4h07m
  ep  3200/5000 batch 6440 loss=   0.249 pol= -0.010 vL= 0.313 kl= 0.41 H=  7.15 adv=+0.000 r=0.597 clip=68.8% r̄=-0.230 succ=33.0% >exp= 0.0% el=5h37m eta=3h09m
  ep  3520/5000 batch 6460 loss=   0.253 pol=  0.052 vL= 0.959 kl= 0.38 H=  7.19 adv=+0.000 r=1.102 clip=62.5% r̄=-0.220 succ=33.0% >exp= 0.0% el=5h37m eta=2h22m
  ep  3840/5000 batch 6480 loss=   0.278 pol=  0.179 vL= 0.838 kl= 0.40 H=  8.60 adv=+0.000 r=0.900 clip=50.0% r̄=-0.504 succ=33.0% >exp= 0.0% el=5h38m eta=1h42m
  ep  4160/5000 batch 6500 loss=   0.280 pol= -0.048 vL= 0.376 kl= 0.75 H= 10.07 adv=-0.000 r=0.912 clip=31.2% r̄=-0.150 succ=33.0% >exp= 0.0% el=5h38m eta=1h08m
  ep  4480/5000 batch 6520 loss=   0.274 pol= -0.002 vL= 0.667 kl= 0.43 H=  7.20 adv=+0.000 r=1.227 clip=43.8% r̄= 0.130 succ=33.0% >exp= 0.0% el=5h39m eta=39m25s
  ep  4800/5000 batch 6540 loss=   0.331 pol=  0.051 vL= 0.505 kl= 0.22 H=  6.87 adv=+0.000 r=0.931 clip=43.8% r̄=-0.200 succ=33.0% >exp= 0.0% el=5h40m eta=14m10s
  >>> Epoch 21/100 DONE: succ=33.7% (1683/5000) mean_loss= 0.2699 mean_reward=-0.324 mean_KL=0.410 mean_H=8.49 mean_ratio=0.998 mean_clip=45.6% epoch_time= 9m30s

=== Epoch 22/100 — resetting substrate ===
  ep   128/5000 batch 6560 loss=   0.261 pol=  0.140 vL= 0.283 kl= 0.17 H=  8.47 adv=+0.000 r=0.973 clip=37.5% r̄=-0.602 succ=33.0% >exp= 0.0% el=5h40m eta=216h12m
  ep   448/5000 batch 6580 loss=   0.235 pol= -0.025 vL= 0.355 kl= 0.32 H=  8.60 adv=-0.000 r=0.991 clip=43.8% r̄= 0.023 succ=33.0% >exp= 0.0% el=5h41m eta=57h48m
  ep   768/5000 batch 6600 loss=   0.293 pol=  0.208 vL= 0.764 kl= 0.25 H=  6.87 adv=-0.000 r=0.744 clip=56.2% r̄=-0.251 succ=33.0% >exp= 0.0% el=5h42m eta=31h24m
  ep  1088/5000 batch 6620 loss=   0.305 pol= -0.005 vL= 0.337 kl= 0.18 H=  6.39 adv=+0.000 r=0.902 clip=37.5% r̄=-0.756 succ=33.0% >exp= 0.0% el=5h42m eta=20h31m
  ep  1408/5000 batch 6640 loss=   0.301 pol=  0.185 vL= 0.404 kl= 0.27 H=  7.72 adv=-0.000 r=1.061 clip=56.2% r̄=-0.375 succ=33.0% >exp= 0.0% el=5h43m eta=14h35m
  ep  1728/5000 batch 6660 loss=   0.351 pol=  0.069 vL= 0.699 kl= 0.16 H=  7.97 adv=+0.000 r=0.894 clip=37.5% r̄=-0.260 succ=33.0% >exp= 0.0% el=5h43m eta=10h51m
  ep  2048/5000 batch 6680 loss=   0.415 pol=  0.009 vL= 0.456 kl= 0.37 H=  8.33 adv=+0.000 r=1.616 clip=50.0% r̄=-0.617 succ=33.0% >exp= 0.0% el=5h44m eta=8h16m
  ep  2368/5000 batch 6700 loss=   0.328 pol=  0.091 vL= 0.777 kl= 0.27 H=  7.77 adv=+0.000 r=1.108 clip=56.2% r̄=-0.377 succ=33.0% >exp= 0.0% el=5h45m eta=6h23m
  ep  2688/5000 batch 6720 loss=   0.339 pol=  0.043 vL= 0.572 kl= 0.34 H=  7.73 adv=+0.000 r=0.903 clip=37.5% r̄=-0.214 succ=33.0% >exp= 0.0% el=5h45m eta=4h57m
  ep  3008/5000 batch 6740 loss=   0.274 pol=  0.104 vL= 0.602 kl= 0.44 H=  9.06 adv=-0.000 r=0.952 clip=50.0% r̄=-0.031 succ=33.0% >exp= 0.0% el=5h46m eta=3h49m
  ep  3328/5000 batch 6760 loss=   0.304 pol=  0.004 vL= 0.301 kl= 0.29 H=  6.86 adv=-0.000 r=1.004 clip=43.8% r̄=-0.596 succ=33.0% >exp= 0.0% el=5h46m eta=2h54m
  ep  3648/5000 batch 6780 loss=   0.242 pol=  0.120 vL= 0.763 kl= 0.20 H=  6.40 adv=+0.000 r=1.075 clip=56.2% r̄=-0.529 succ=33.0% >exp= 0.0% el=5h47m eta=2h08m
  ep  3968/5000 batch 6800 loss=   0.292 pol=  0.196 vL= 0.471 kl= 0.37 H=  8.06 adv=-0.000 r=0.983 clip=68.8% r̄=-0.469 succ=33.0% >exp= 0.0% el=5h48m eta=1h30m
  ep  4288/5000 batch 6820 loss=   0.280 pol=  0.028 vL= 0.300 kl= 0.63 H=  6.29 adv=+0.000 r=1.159 clip=56.2% r̄=-0.319 succ=33.0% >exp= 0.0% el=5h48m eta=57m53s
  ep  4608/5000 batch 6840 loss=   0.363 pol=  0.192 vL= 0.611 kl= 0.54 H=  7.43 adv=+0.000 r=1.103 clip=56.2% r̄=-0.149 succ=33.0% >exp= 0.0% el=5h49m eta=29m42s
  ep  4928/5000 batch 6860 loss=   0.334 pol=  0.039 vL= 0.312 kl= 0.76 H=  7.72 adv=-0.000 r=1.069 clip=43.8% r̄=-0.638 succ=33.0% >exp= 0.0% el=5h49m eta= 5m06s
  >>> Epoch 22/100 DONE: succ=32.6% (1630/5000) mean_loss= 0.3093 mean_reward=-0.345 mean_KL=0.350 mean_H=7.66 mean_ratio=1.024 mean_clip=49.1% epoch_time= 9m23s

=== Epoch 23/100 — resetting substrate ===
  ep   256/5000 batch 6880 loss=   0.302 pol=  0.016 vL= 0.623 kl= 0.39 H=  9.06 adv=-0.000 r=1.096 clip=43.8% r̄=-0.168 succ=33.0% >exp= 0.0% el=5h50m eta=108h13m
  ep   576/5000 batch 6900 loss=   0.286 pol=  0.162 vL= 0.632 kl= 0.30 H=  8.68 adv=-0.000 r=1.225 clip=50.0% r̄=-0.170 succ=33.0% >exp= 0.0% el=5h51m eta=44h56m
  ep   896/5000 batch 6920 loss=   0.257 pol= -0.000 vL= 0.424 kl= 0.31 H=  8.85 adv=+0.000 r=1.132 clip=56.2% r̄=-0.244 succ=33.0% >exp= 0.0% el=5h51m eta=26h50m
  ep  1216/5000 batch 6940 loss=   0.232 pol=  0.056 vL= 0.230 kl= 0.22 H=  9.52 adv=+0.000 r=1.584 clip=37.5% r̄=-0.496 succ=33.0% >exp= 0.0% el=5h52m eta=18h16m
  ep  1536/5000 batch 6960 loss=   0.223 pol= -0.064 vL= 0.318 kl= 0.42 H=  8.38 adv=+0.000 r=0.986 clip=31.2% r̄=-0.228 succ=33.0% >exp= 0.0% el=5h52m eta=13h15m
  ep  1856/5000 batch 6980 loss=   0.224 pol=  0.045 vL= 0.570 kl= 0.60 H= 10.16 adv=-0.000 r=1.008 clip=50.0% r̄=-0.374 succ=33.0% >exp= 0.0% el=5h53m eta=9h58m
  ep  2176/5000 batch 7000 loss=   0.277 pol= -0.020 vL= 0.731 kl= 0.20 H=  6.72 adv=+0.000 r=1.089 clip=18.8% r̄=-0.246 succ=33.0% >exp= 0.0% el=5h53m eta=7h39m
  ep  2496/5000 batch 7020 loss=   0.274 pol= -0.067 vL= 0.136 kl= 0.26 H=  8.80 adv=+0.000 r=0.971 clip=43.8% r̄= 0.320 succ=33.0% >exp= 0.0% el=5h54m eta=5h55m
  ep  2816/5000 batch 7040 loss=   0.273 pol=  0.081 vL= 0.348 kl= 0.51 H=  7.96 adv=-0.000 r=1.086 clip=25.0% r̄=-0.517 succ=33.0% >exp= 0.0% el=5h55m eta=4h35m
  ep  3136/5000 batch 7060 loss=   0.293 pol=  0.028 vL= 0.643 kl= 0.50 H=  8.08 adv=-0.000 r=0.924 clip=56.2% r̄=-0.596 succ=33.0% >exp= 0.0% el=5h55m eta=3h31m
  ep  3456/5000 batch 7080 loss=   0.287 pol=  0.058 vL= 0.619 kl= 0.39 H=  9.21 adv=-0.000 r=0.840 clip=50.0% r̄= 0.369 succ=33.0% >exp= 0.0% el=5h56m eta=2h39m
  ep  3776/5000 batch 7100 loss=   0.259 pol=  0.184 vL= 0.245 kl= 0.25 H=  9.92 adv=+0.000 r=0.974 clip=50.0% r̄=-0.370 succ=33.0% >exp= 0.0% el=5h56m eta=1h55m
  ep  4096/5000 batch 7120 loss=   0.260 pol=  0.113 vL= 0.237 kl= 0.37 H=  8.28 adv=-0.000 r=1.111 clip=56.2% r̄=-0.001 succ=33.0% >exp= 0.0% el=5h57m eta=1h18m
  ep  4416/5000 batch 7140 loss=   0.288 pol= -0.014 vL= 1.090 kl= 0.53 H=  9.36 adv=-0.000 r=1.056 clip=43.8% r̄=-0.630 succ=33.0% >exp= 0.0% el=5h58m eta=47m22s
  ep  4736/5000 batch 7160 loss=   0.282 pol=  0.026 vL= 0.213 kl= 0.30 H=  7.96 adv=+0.000 r=0.865 clip=50.0% r̄=-0.361 succ=33.0% >exp= 0.0% el=5h58m eta=19m59s
  >>> Epoch 23/100 DONE: succ=33.3% (1664/5000) mean_loss= 0.2674 mean_reward=-0.332 mean_KL=0.372 mean_H=8.68 mean_ratio=1.005 mean_clip=44.9% epoch_time= 9m18s

=== Epoch 24/100 — resetting substrate ===
  ep    64/5000 batch 7180 loss=   0.268 pol=  0.116 vL= 0.626 kl= 0.17 H=  8.36 adv=+0.000 r=1.101 clip=62.5% r̄=-0.094 succ=33.0% >exp= 0.0% el=5h59m eta=461h57m
  ep   384/5000 batch 7200 loss=   0.248 pol=  0.051 vL= 0.555 kl= 0.25 H=  7.47 adv=+0.000 r=0.784 clip=56.2% r̄=-0.117 succ=33.0% >exp= 0.0% el=5h59m eta=72h07m
  ep   704/5000 batch 7220 loss=   0.273 pol=  0.131 vL= 0.245 kl= 0.24 H=  8.19 adv=+0.000 r=1.000 clip=62.5% r̄=-0.746 succ=33.0% >exp= 0.0% el=6h00m eta=36h40m
  ep  1024/5000 batch 7240 loss=   0.285 pol=  0.086 vL= 0.718 kl= 0.45 H=  9.38 adv=+0.000 r=0.801 clip=50.0% r̄=-0.360 succ=33.0% >exp= 0.0% el=6h01m eta=23h22m
  ep  1344/5000 batch 7260 loss=   0.247 pol=  0.024 vL= 0.399 kl= 0.35 H=  7.01 adv=+0.000 r=0.967 clip=25.0% r̄= 0.033 succ=33.0% >exp= 0.0% el=6h01m eta=16h24m
  ep  1664/5000 batch 7280 loss=   0.232 pol=  0.031 vL= 0.696 kl= 0.36 H=  8.22 adv=+0.000 r=0.969 clip=18.8% r̄=-0.386 succ=33.0% >exp= 0.0% el=6h02m eta=12h06m
  ep  1984/5000 batch 7300 loss=   0.237 pol=  0.029 vL= 0.705 kl= 0.29 H=  6.90 adv=-0.000 r=0.884 clip=31.2% r̄=-0.104 succ=33.0% >exp= 0.0% el=6h02m eta=9h11m
  ep  2304/5000 batch 7320 loss=   0.278 pol=  0.006 vL= 0.773 kl= 0.52 H= 10.05 adv=-0.000 r=1.191 clip=50.0% r̄=-0.492 succ=33.0% >exp= 0.0% el=6h03m eta=7h05m
  ep  2624/5000 batch 7340 loss=   0.273 pol=  0.148 vL= 0.483 kl= 0.47 H=  9.60 adv=-0.000 r=0.880 clip=37.5% r̄=-0.608 succ=33.0% >exp= 0.0% el=6h04m eta=5h29m
  ep  2944/5000 batch 7360 loss=   0.233 pol=  0.034 vL= 0.270 kl= 0.53 H= 11.35 adv=+0.000 r=0.849 clip=37.5% r̄=-0.728 succ=33.0% >exp= 0.0% el=6h04m eta=4h14m
  ep  3264/5000 batch 7380 loss=   0.254 pol= -0.007 vL= 0.549 kl= 0.37 H=  9.06 adv=+0.000 r=0.964 clip=50.0% r̄=-0.519 succ=33.0% >exp= 0.0% el=6h05m eta=3h14m
  ep  3584/5000 batch 7400 loss=   0.239 pol= -0.038 vL= 0.680 kl= 0.50 H=  8.67 adv=-0.000 r=0.950 clip=43.8% r̄=-0.514 succ=33.0% >exp= 0.0% el=6h06m eta=2h24m
  ep  3904/5000 batch 7420 loss=   0.261 pol=  0.078 vL= 0.632 kl= 0.27 H=  7.30 adv=+0.000 r=1.008 clip=43.8% r̄= 0.025 succ=33.0% >exp= 0.0% el=6h06m eta=1h42m
  ep  4224/5000 batch 7440 loss=   0.262 pol= -0.037 vL= 0.541 kl= 0.19 H=  8.65 adv=-0.000 r=0.765 clip=37.5% r̄=-0.363 succ=33.0% >exp= 0.0% el=6h07m eta=1h07m
  ep  4544/5000 batch 7460 loss=   0.268 pol= -0.015 vL= 0.409 kl= 0.15 H=  6.58 adv=+0.000 r=1.012 clip=37.5% r̄= 0.155 succ=33.1% >exp= 0.0% el=6h07m eta=36m55s
  ep  4864/5000 batch 7480 loss=   0.286 pol=  0.061 vL= 0.484 kl= 0.20 H=  7.95 adv=+0.000 r=0.994 clip=31.2% r̄=-0.362 succ=33.1% >exp= 0.0% el=6h08m eta=10m18s
  >>> Epoch 24/100 DONE: succ=34.3% (1715/5000) mean_loss= 0.2614 mean_reward=-0.312 mean_KL=0.356 mean_H=8.61 mean_ratio=0.983 mean_clip=42.4% epoch_time= 9m29s

=== Epoch 25/100 — resetting substrate ===
  ep   192/5000 batch 7500 loss=   0.338 pol=  0.073 vL= 0.348 kl= 0.22 H=  7.03 adv=+0.000 r=0.989 clip=68.8% r̄= 0.278 succ=33.1% >exp= 0.0% el=6h09m eta=154h02m
  ep   512/5000 batch 7520 loss=   0.227 pol= -0.072 vL= 0.208 kl= 0.21 H=  9.12 adv=-0.000 r=0.742 clip=50.0% r̄=-0.480 succ=33.1% >exp= 0.0% el=6h09m eta=54h00m
  ep   832/5000 batch 7540 loss=   0.260 pol=  0.054 vL= 0.530 kl= 0.34 H=  8.88 adv=+0.000 r=1.040 clip=62.5% r̄= 0.001 succ=33.1% >exp= 0.0% el=6h10m eta=30h54m
  ep  1152/5000 batch 7560 loss=   0.304 pol=  0.027 vL= 0.838 kl= 0.41 H=  6.27 adv=+0.000 r=0.922 clip=37.5% r̄=-0.084 succ=33.1% >exp= 0.0% el=6h10m eta=20h38m
  ep  1472/5000 batch 7580 loss=   0.328 pol=  0.112 vL= 0.388 kl= 0.28 H=  6.75 adv=+0.000 r=0.761 clip=43.8% r̄=-0.149 succ=33.1% >exp= 0.0% el=6h11m eta=14h50m
  ep  1792/5000 batch 7600 loss=   0.268 pol= -0.001 vL= 0.421 kl= 0.21 H=  8.63 adv=+0.000 r=1.028 clip=50.0% r̄=-0.484 succ=33.1% >exp= 0.0% el=6h12m eta=11h06m
  ep  2112/5000 batch 7620 loss=   0.295 pol= -0.012 vL= 0.251 kl= 0.24 H=  8.46 adv=-0.000 r=0.999 clip=50.0% r̄= 0.007 succ=33.1% >exp= 0.0% el=6h12m eta=8h29m
  ep  2432/5000 batch 7640 loss=   0.274 pol=  0.107 vL= 0.391 kl= 0.18 H=  8.10 adv=+0.000 r=0.822 clip=43.8% r̄=-0.626 succ=33.1% >exp= 0.0% el=6h13m eta=6h34m
  ep  2752/5000 batch 7660 loss=   0.326 pol=  0.009 vL= 0.541 kl= 0.38 H=  8.92 adv=-0.000 r=1.068 clip=50.0% r̄=-0.238 succ=33.1% >exp= 0.0% el=6h14m eta=5h05m
  ep  3072/5000 batch 7680 loss=   0.264 pol=  0.262 vL= 0.577 kl= 0.30 H=  9.93 adv=-0.000 r=2.188 clip=43.8% r̄=-0.216 succ=33.1% >exp= 0.0% el=6h14m eta=3h55m
  ep  3392/5000 batch 7700 loss=   0.253 pol=  0.055 vL= 0.371 kl= 0.26 H=  7.61 adv=-0.000 r=0.752 clip=62.5% r̄=-0.483 succ=33.1% >exp= 0.0% el=6h15m eta=2h57m
  ep  3712/5000 batch 7720 loss=   0.320 pol=  0.156 vL= 0.257 kl= 0.48 H=  8.90 adv=+0.000 r=0.690 clip=68.8% r̄=-0.133 succ=33.1% >exp= 0.0% el=6h15m eta=2h10m
  ep  4032/5000 batch 7740 loss=   0.278 pol=  0.196 vL= 0.752 kl= 0.30 H=  7.70 adv=-0.000 r=0.690 clip=56.2% r̄=-0.479 succ=33.1% >exp= 0.0% el=6h16m eta=1h30m
  ep  4352/5000 batch 7760 loss=   0.302 pol=  0.013 vL= 0.629 kl= 0.24 H=  5.52 adv=+0.000 r=0.878 clip=31.2% r̄= 0.042 succ=33.1% >exp= 0.0% el=6h17m eta=56m08s
  ep  4672/5000 batch 7780 loss=   0.334 pol=  0.128 vL= 0.391 kl= 0.16 H=  7.55 adv=+0.000 r=0.791 clip=68.8% r̄=-0.237 succ=33.1% >exp= 0.0% el=6h17m eta=26m30s
  ep  4992/5000 batch 7800 loss=   0.352 pol= -0.033 vL= 0.732 kl= 0.17 H=  5.02 adv=+0.000 r=1.335 clip=43.8% r̄= 0.006 succ=33.1% >exp= 0.0% el=6h18m eta=  36s
  >>> Epoch 25/100 DONE: succ=34.1% (1703/5000) mean_loss= 0.2935 mean_reward=-0.316 mean_KL=0.301 mean_H=7.83 mean_ratio=0.997 mean_clip=47.7% epoch_time= 9m23s

=== Epoch 26/100 — resetting substrate ===
  ep   320/5000 batch 7820 loss=   0.239 pol=  0.002 vL= 0.882 kl= 0.18 H=  6.05 adv=-0.000 r=0.918 clip=56.2% r̄=-0.511 succ=33.1% >exp= 0.0% el=6h18m eta=92h18m
  ep   640/5000 batch 7840 loss=   0.299 pol=  0.381 vL= 0.552 kl= 0.17 H=  6.84 adv=-0.000 r=0.908 clip=43.8% r̄=-0.397 succ=33.1% >exp= 0.0% el=6h19m eta=43h03m
  ep   960/5000 batch 7860 loss=   0.315 pol=  0.145 vL= 0.554 kl= 0.29 H=  9.49 adv=-0.000 r=0.926 clip=56.2% r̄=-0.646 succ=33.1% >exp= 0.0% el=6h19m eta=26h38m
  ep  1280/5000 batch 7880 loss=   0.234 pol=  0.192 vL= 0.438 kl= 0.23 H=  6.61 adv=+0.000 r=1.009 clip=56.2% r̄=-0.401 succ=33.1% >exp= 0.0% el=6h20m eta=18h25m
  ep  1600/5000 batch 7900 loss=   0.278 pol= -0.035 vL= 0.806 kl= 0.36 H=  7.50 adv=-0.000 r=1.295 clip=43.8% r̄=-0.365 succ=33.1% >exp= 0.0% el=6h20m eta=13h29m
  ep  1920/5000 batch 7920 loss=   0.241 pol= -0.041 vL= 1.030 kl= 0.27 H=  5.93 adv=+0.000 r=0.883 clip=25.0% r̄=-0.524 succ=33.1% >exp= 0.0% el=6h21m eta=10h12m
  ep  2240/5000 batch 7940 loss=   0.278 pol=  0.071 vL= 0.682 kl= 0.49 H=  8.39 adv=-0.000 r=0.905 clip=68.8% r̄=-0.628 succ=33.1% >exp= 0.0% el=6h22m eta=7h50m
  ep  2560/5000 batch 7960 loss=   0.241 pol=  0.184 vL= 0.846 kl= 0.35 H=  7.32 adv=-0.000 r=0.916 clip=37.5% r̄=-0.402 succ=33.1% >exp= 0.0% el=6h22m eta=6h04m
  ep  2880/5000 batch 7980 loss=   0.296 pol= -0.006 vL= 0.410 kl= 0.25 H=  6.75 adv=+0.000 r=0.820 clip=50.0% r̄=-0.732 succ=33.1% >exp= 0.0% el=6h23m eta=4h42m
  ep  3200/5000 batch 8000 loss=   0.245 pol=  0.180 vL= 0.178 kl= 0.18 H=  7.27 adv=-0.000 r=0.873 clip=62.5% r̄=-0.220 succ=33.1% >exp= 0.0% el=6h23m eta=3h35m
  ep  3520/5000 batch 8020 loss=   0.253 pol=  0.260 vL= 0.313 kl= 0.19 H=  7.09 adv=-0.000 r=0.833 clip=75.0% r̄=-0.492 succ=33.1% >exp= 0.0% el=6h24m eta=2h41m
  ep  3840/5000 batch 8040 loss=   0.496 pol=  0.223 vL= 0.646 kl= 0.40 H=  8.92 adv=+0.000 r=0.988 clip=56.2% r̄=-0.481 succ=33.1% >exp= 0.0% el=6h25m eta=1h56m
  ep  4160/5000 batch 8060 loss=   0.305 pol=  0.057 vL= 0.496 kl= 0.36 H=  8.33 adv=-0.000 r=0.942 clip=62.5% r̄=-0.124 succ=33.1% >exp= 0.0% el=6h25m eta=1h17m
  ep  4480/5000 batch 8080 loss=   0.306 pol=  0.099 vL= 0.446 kl= 0.21 H=  6.21 adv=+0.000 r=1.244 clip=43.8% r̄= 0.019 succ=33.1% >exp= 0.0% el=6h26m eta=44m49s
  ep  4800/5000 batch 8100 loss=   0.294 pol=  0.283 vL= 0.693 kl= 0.41 H=  6.40 adv=+0.000 r=1.204 clip=68.8% r̄=-0.242 succ=33.1% >exp= 0.0% el=6h26m eta=16m06s
  >>> Epoch 26/100 DONE: succ=33.0% (1649/5000) mean_loss= 0.2894 mean_reward=-0.340 mean_KL=0.281 mean_H=7.82 mean_ratio=1.002 mean_clip=47.2% epoch_time= 9m00s

=== Epoch 27/100 — resetting substrate ===
  ep   128/5000 batch 8120 loss=   0.316 pol=  0.015 vL= 0.269 kl= 0.25 H=  9.49 adv=+0.000 r=1.482 clip=56.2% r̄=-0.133 succ=33.1% >exp= 0.0% el=6h27m eta=245h44m
  ep   448/5000 batch 8140 loss=   0.362 pol=  0.109 vL= 0.213 kl= 0.26 H=  7.13 adv=+0.000 r=0.824 clip=43.8% r̄= 0.002 succ=33.1% >exp= 0.0% el=6h27m eta=65h42m
  ep   768/5000 batch 8160 loss=   0.204 pol= -0.007 vL= 0.327 kl= 0.33 H=  6.43 adv=-0.000 r=0.900 clip=50.0% r̄=-0.236 succ=33.1% >exp= 0.0% el=6h28m eta=35h41m
  ep  1088/5000 batch 8180 loss=   0.265 pol=  0.239 vL= 0.422 kl= 0.42 H=  7.12 adv=+0.000 r=0.826 clip=62.5% r̄=-0.380 succ=33.1% >exp= 0.0% el=6h29m eta=23h19m
  ep  1408/5000 batch 8200 loss=   0.281 pol=  0.003 vL= 0.631 kl= 0.21 H=  9.86 adv=-0.000 r=1.128 clip=37.5% r̄=-0.380 succ=33.1% >exp= 0.0% el=6h29m eta=16h34m
  ep  1728/5000 batch 8220 loss=   0.265 pol= -0.016 vL= 0.316 kl= 0.25 H=  8.41 adv=+0.000 r=1.026 clip=56.2% r̄= 0.236 succ=33.1% >exp= 0.0% el=6h30m eta=12h19m
  ep  2048/5000 batch 8240 loss=   0.273 pol=  0.015 vL= 0.491 kl= 0.37 H=  8.87 adv=-0.000 r=0.898 clip=37.5% r̄=-0.119 succ=33.1% >exp= 0.0% el=6h30m eta=9h23m
  ep  2368/5000 batch 8260 loss=   0.331 pol=  1.340 vL= 0.480 kl= 0.19 H=  8.02 adv=-0.000 r=1.600 clip=68.8% r̄=-0.128 succ=33.1% >exp= 0.0% el=6h31m eta=7h15m
  ep  2688/5000 batch 8280 loss=   0.299 pol= -0.067 vL= 0.386 kl= 0.34 H=  8.00 adv=-0.000 r=0.858 clip=37.5% r̄=-0.230 succ=33.1% >exp= 0.0% el=6h32m eta=5h37m
  ep  3008/5000 batch 8300 loss=   0.266 pol=  0.105 vL= 0.446 kl= 0.34 H=  7.71 adv=+0.000 r=0.900 clip=62.5% r̄=-0.255 succ=33.1% >exp= 0.0% el=6h32m eta=4h19m
  ep  3328/5000 batch 8320 loss=   0.270 pol=  0.107 vL= 0.543 kl= 0.61 H=  5.19 adv=+0.000 r=0.826 clip=37.5% r̄=-0.597 succ=33.1% >exp= 0.0% el=6h33m eta=3h17m
  ep  3648/5000 batch 8340 loss=   0.331 pol=  0.125 vL= 0.330 kl= 0.36 H=  6.31 adv=+0.000 r=0.773 clip=43.8% r̄=-0.377 succ=33.1% >exp= 0.0% el=6h33m eta=2h25m
  ep  3968/5000 batch 8360 loss=   0.304 pol=  0.087 vL= 0.694 kl= 0.40 H=  8.41 adv=+0.000 r=1.053 clip=43.8% r̄=-0.648 succ=33.1% >exp= 0.0% el=6h34m eta=1h42m
  ep  4288/5000 batch 8380 loss=   0.438 pol=  0.058 vL= 0.231 kl= 0.24 H=  7.64 adv=-0.000 r=1.038 clip=50.0% r̄=-0.322 succ=33.1% >exp= 0.0% el=6h34m eta=1h05m
  ep  4608/5000 batch 8400 loss=   0.335 pol=  0.038 vL= 0.724 kl= 0.39 H=  6.94 adv=-0.000 r=0.980 clip=31.2% r̄=-0.218 succ=33.1% >exp= 0.0% el=6h35m eta=33m39s
  ep  4928/5000 batch 8420 loss=   0.366 pol= -0.053 vL= 0.421 kl= 0.32 H=  6.93 adv=+0.000 r=0.842 clip=37.5% r̄=-0.491 succ=33.1% >exp= 0.0% el=6h36m eta= 5m47s
  >>> Epoch 27/100 DONE: succ=33.8% (1690/5000) mean_loss= 0.3054 mean_reward=-0.322 mean_KL=0.321 mean_H=7.84 mean_ratio=0.984 mean_clip=47.0% epoch_time= 9m08s

=== Epoch 28/100 — resetting substrate ===
  ep   256/5000 batch 8440 loss=   0.256 pol=  0.101 vL= 0.646 kl= 0.38 H=  8.75 adv=-0.000 r=1.140 clip=43.8% r̄=-0.612 succ=33.1% >exp= 0.0% el=6h36m eta=122h32m
  ep   576/5000 batch 8460 loss=   0.249 pol=  0.068 vL= 0.454 kl= 0.17 H=  8.31 adv=+0.000 r=1.059 clip=43.8% r̄=-0.158 succ=33.1% >exp= 0.0% el=6h37m eta=50h51m
  ep   896/5000 batch 8480 loss=   0.273 pol= -0.043 vL= 0.231 kl= 0.26 H=  7.79 adv=+0.000 r=0.736 clip=56.2% r̄=-0.370 succ=33.1% >exp= 0.0% el=6h37m eta=30h22m
  ep  1216/5000 batch 8500 loss=   0.305 pol=  0.074 vL= 0.560 kl= 0.78 H= 11.15 adv=+0.000 r=0.964 clip=43.8% r̄=-0.377 succ=33.1% >exp= 0.0% el=6h38m eta=20h40m
  ep  1536/5000 batch 8520 loss=   0.253 pol= -0.054 vL= 0.584 kl= 0.35 H=  8.48 adv=+0.000 r=0.913 clip=50.0% r̄=-0.488 succ=33.1% >exp= 0.0% el=6h39m eta=15h00m
  ep  1856/5000 batch 8540 loss=   0.296 pol=  0.422 vL= 0.741 kl= 0.32 H=  8.10 adv=-0.000 r=1.216 clip=50.0% r̄=-0.276 succ=33.1% >exp= 0.0% el=6h39m eta=11h17m
  ep  2176/5000 batch 8560 loss=   0.249 pol= -0.059 vL= 0.466 kl= 0.25 H=  5.93 adv=-0.000 r=1.301 clip=25.0% r̄=-0.090 succ=33.1% >exp= 0.0% el=6h40m eta=8h39m
  ep  2496/5000 batch 8580 loss=   0.292 pol= -0.033 vL= 0.604 kl= 0.24 H=  7.55 adv=+0.000 r=1.189 clip=31.2% r̄=-0.066 succ=33.1% >exp= 0.0% el=6h40m eta=6h42m
  ep  2816/5000 batch 8600 loss=   0.280 pol=  0.170 vL= 0.825 kl= 0.18 H=  6.49 adv=+0.000 r=1.280 clip=31.2% r̄=-0.367 succ=33.1% >exp= 0.0% el=6h41m eta=5h11m
  ep  3136/5000 batch 8620 loss=   0.271 pol= -0.088 vL= 0.292 kl= 0.16 H=  8.98 adv=-0.000 r=0.905 clip=62.5% r̄=-0.728 succ=33.1% >exp= 0.0% el=6h41m eta=3h58m
  ep  3456/5000 batch 8640 loss=   0.323 pol=  0.054 vL= 0.922 kl= 0.36 H=  8.22 adv=+0.000 r=0.968 clip=31.2% r̄= 0.092 succ=33.1% >exp= 0.0% el=6h42m eta=2h59m
  ep  3776/5000 batch 8660 loss=   0.355 pol=  0.254 vL= 0.362 kl= 0.22 H=  7.64 adv=+0.000 r=0.890 clip=31.2% r̄=-0.638 succ=33.1% >exp= 0.0% el=6h43m eta=2h10m
  ep  4096/5000 batch 8680 loss=   0.252 pol=  0.064 vL= 0.757 kl= 0.24 H=  6.43 adv=+0.000 r=0.836 clip=37.5% r̄=-0.250 succ=33.1% >exp= 0.0% el=6h43m eta=1h29m
  ep  4416/5000 batch 8700 loss=   0.256 pol=  0.052 vL= 0.567 kl= 0.17 H=  6.58 adv=-0.000 r=0.923 clip=50.0% r̄=-0.383 succ=33.1% >exp= 0.0% el=6h44m eta=53m28s
  ep  4736/5000 batch 8720 loss=   0.360 pol=  0.045 vL= 0.374 kl= 0.16 H=  7.67 adv=-0.000 r=1.044 clip=37.5% r̄=-0.618 succ=33.1% >exp= 0.0% el=6h44m eta=22m34s
  >>> Epoch 28/100 DONE: succ=33.2% (1659/5000) mean_loss= 0.2830 mean_reward=-0.336 mean_KL=0.270 mean_H=7.77 mean_ratio=0.998 mean_clip=47.9% epoch_time= 9m06s

=== Epoch 29/100 — resetting substrate ===
  ep    64/5000 batch 8740 loss=   0.278 pol=  0.291 vL= 0.306 kl= 0.30 H= 10.25 adv=+0.000 r=0.996 clip=50.0% r̄=-0.465 succ=33.1% >exp= 0.0% el=6h45m eta=521h14m
  ep   384/5000 batch 8760 loss=   0.286 pol=  0.032 vL= 0.551 kl= 0.49 H=  8.51 adv=-0.000 r=0.879 clip=50.0% r̄=-0.265 succ=33.1% >exp= 0.0% el=6h46m eta=81h21m
  ep   704/5000 batch 8780 loss=   0.409 pol= -0.007 vL= 0.446 kl= 0.30 H=  8.45 adv=+0.000 r=0.959 clip=37.5% r̄=-0.471 succ=33.1% >exp= 0.0% el=6h46m eta=41h21m
  ep  1024/5000 batch 8800 loss=   0.355 pol=  0.079 vL= 0.641 kl= 0.37 H=  7.40 adv=-0.000 r=0.743 clip=62.5% r̄=-0.478 succ=33.1% >exp= 0.0% el=6h47m eta=26h21m
  ep  1344/5000 batch 8820 loss=   0.244 pol=  0.001 vL= 0.509 kl= 0.50 H=  6.55 adv=+0.000 r=1.015 clip=18.8% r̄=-0.359 succ=33.1% >exp= 0.0% el=6h47m eta=18h29m
  ep  1664/5000 batch 8840 loss=   0.222 pol=  0.044 vL= 0.518 kl= 0.49 H=  8.10 adv=+0.000 r=0.773 clip=43.8% r̄=-0.523 succ=33.1% >exp= 0.0% el=6h48m eta=13h38m
  ep  1984/5000 batch 8860 loss=   0.319 pol=  0.152 vL= 0.578 kl= 0.35 H=  7.06 adv=+0.000 r=1.363 clip=75.0% r̄=-0.244 succ=33.1% >exp= 0.0% el=6h48m eta=10h21m
  ep  2304/5000 batch 8880 loss=   0.300 pol=  0.029 vL= 0.420 kl= 0.20 H=  8.71 adv=+0.000 r=0.877 clip=37.5% r̄=-0.481 succ=33.1% >exp= 0.0% el=6h49m eta=7h59m
  ep  2624/5000 batch 8900 loss=   0.324 pol=  0.114 vL= 0.284 kl= 0.26 H=  6.70 adv=+0.000 r=1.015 clip=50.0% r̄=-0.273 succ=33.1% >exp= 0.0% el=6h50m eta=6h11m
  ep  2944/5000 batch 8920 loss=   0.251 pol= -0.013 vL= 0.342 kl= 0.19 H=  8.96 adv=-0.000 r=0.798 clip=43.8% r̄=-0.521 succ=33.1% >exp= 0.0% el=6h50m eta=4h46m
  ep  3264/5000 batch 8940 loss=   0.239 pol=  0.041 vL= 0.559 kl= 0.21 H=  8.54 adv=+0.000 r=1.021 clip=18.8% r̄=-0.409 succ=33.1% >exp= 0.0% el=6h51m eta=3h38m
  ep  3584/5000 batch 8960 loss=   0.204 pol=  0.004 vL= 0.313 kl= 0.36 H=  7.38 adv=-0.000 r=0.975 clip=12.5% r̄=-0.118 succ=33.1% >exp= 0.0% el=6h51m eta=2h42m
  ep  3904/5000 batch 8980 loss=   0.273 pol=  0.102 vL= 0.765 kl= 0.30 H=  6.91 adv=+0.000 r=1.086 clip=37.5% r̄=-0.018 succ=33.1% >exp= 0.0% el=6h52m eta=1h55m
  ep  4224/5000 batch 9000 loss=   0.284 pol=  0.074 vL= 0.648 kl= 0.36 H= 10.30 adv=-0.000 r=0.711 clip=62.5% r̄=-0.379 succ=33.1% >exp= 0.0% el=6h52m eta=1h15m
  ep  4544/5000 batch 9020 loss=   0.311 pol=  0.052 vL= 0.553 kl= 0.39 H=  6.82 adv=-0.000 r=0.971 clip=50.0% r̄= 0.040 succ=33.1% >exp= 0.0% el=6h53m eta=41m29s
  ep  4864/5000 batch 9040 loss=   0.223 pol=  0.016 vL= 0.431 kl= 0.24 H=  7.03 adv=+0.000 r=0.818 clip=25.0% r̄=-0.649 succ=33.1% >exp= 0.0% el=6h54m eta=11m34s
  >>> Epoch 29/100 DONE: succ=33.8% (1688/5000) mean_loss= 0.2848 mean_reward=-0.322 mean_KL=0.328 mean_H=8.08 mean_ratio=1.036 mean_clip=45.2% epoch_time= 8m55s

=== Epoch 30/100 — resetting substrate ===
  ep   192/5000 batch 9060 loss=   0.286 pol=  0.042 vL= 0.329 kl= 0.31 H=  7.16 adv=-0.000 r=0.896 clip=62.5% r̄= 0.011 succ=33.2% >exp= 0.0% el=6h54m eta=173h03m
  ep   512/5000 batch 9080 loss=   0.284 pol= -0.000 vL= 0.412 kl= 0.30 H=  8.53 adv=-0.000 r=0.959 clip=50.0% r̄=-0.768 succ=33.2% >exp= 0.0% el=6h55m eta=60h39m
  ep   832/5000 batch 9100 loss=   0.342 pol=  0.083 vL= 0.631 kl= 0.35 H=  7.91 adv=-0.000 r=0.905 clip=37.5% r̄=-0.354 succ=33.2% >exp= 0.0% el=6h55m eta=34h42m
  ep  1152/5000 batch 9120 loss=   0.302 pol=  0.025 vL= 0.535 kl= 0.41 H=  6.25 adv=-0.000 r=0.908 clip=43.8% r̄= 0.192 succ=33.2% >exp= 0.0% el=6h56m eta=23h10m
  ep  1472/5000 batch 9140 loss=   0.244 pol=  0.037 vL= 0.255 kl= 0.36 H=  7.31 adv=+0.000 r=1.552 clip=37.5% r̄=-0.382 succ=33.2% >exp= 0.0% el=6h56m eta=16h39m
  ep  1792/5000 batch 9160 loss=   0.298 pol=  0.280 vL= 0.214 kl= 0.19 H=  8.96 adv=-0.000 r=1.112 clip=68.8% r̄=-0.525 succ=33.2% >exp= 0.0% el=6h57m eta=12h27m
  ep  2112/5000 batch 9180 loss=   0.294 pol=  0.362 vL= 0.797 kl= 0.20 H=  7.85 adv=+0.000 r=1.320 clip=62.5% r̄=-0.284 succ=33.2% >exp= 0.0% el=6h58m eta=9h31m
  ep  2432/5000 batch 9200 loss=   0.275 pol=  0.115 vL= 0.386 kl= 0.20 H=  7.56 adv=+0.000 r=1.068 clip=50.0% r̄=-0.625 succ=33.2% >exp= 0.0% el=6h58m eta=7h22m
  ep  2752/5000 batch 9220 loss=   0.309 pol=  0.041 vL= 0.243 kl= 0.31 H=  8.15 adv=-0.000 r=1.009 clip=43.8% r̄=-0.258 succ=33.2% >exp= 0.0% el=6h59m eta=5h42m
  ep  3072/5000 batch 9240 loss=   0.219 pol=  0.154 vL= 0.394 kl= 0.32 H=  8.85 adv=-0.000 r=0.914 clip=62.5% r̄=-0.089 succ=33.1% >exp= 0.0% el=6h59m eta=4h23m
  ep  3392/5000 batch 9260 loss=   0.255 pol= -0.066 vL= 0.661 kl= 0.42 H=  7.35 adv=-0.000 r=0.818 clip=56.2% r̄=-0.357 succ=33.1% >exp= 0.0% el=7h00m eta=3h19m
  ep  3712/5000 batch 9280 loss=   0.331 pol=  0.059 vL= 0.302 kl= 0.30 H=  8.34 adv=-0.000 r=1.005 clip=43.8% r̄=-0.740 succ=33.1% >exp= 0.0% el=7h00m eta=2h26m
  ep  4032/5000 batch 9300 loss=   0.304 pol= -0.005 vL= 0.361 kl= 0.35 H=  8.24 adv=-0.000 r=0.899 clip=25.0% r̄=-0.480 succ=33.1% >exp= 0.0% el=7h01m eta=1h41m
  ep  4352/5000 batch 9320 loss=   0.337 pol= -0.053 vL= 0.412 kl= 0.39 H=  7.03 adv=+0.000 r=0.893 clip=43.8% r̄=-0.219 succ=33.1% >exp= 0.0% el=7h02m eta=1h02m
  ep  4672/5000 batch 9340 loss=   0.309 pol=  0.145 vL= 0.640 kl= 0.29 H=  9.11 adv=+0.000 r=0.861 clip=25.0% r̄=-0.242 succ=33.2% >exp= 0.0% el=7h02m eta=29m40s
  ep  4992/5000 batch 9360 loss=   0.307 pol=  0.000 vL= 0.607 kl= 0.17 H=  4.38 adv=+0.000 r=1.027 clip=37.5% r̄=-0.255 succ=33.2% >exp= 0.0% el=7h03m eta=  41s
  >>> Epoch 30/100 DONE: succ=33.5% (1673/5000) mean_loss= 0.2934 mean_reward=-0.328 mean_KL=0.316 mean_H=7.64 mean_ratio=0.988 mean_clip=47.8% epoch_time= 8m52s

=== Epoch 31/100 — resetting substrate ===
  ep   320/5000 batch 9380 loss=   0.320 pol=  0.088 vL= 1.153 kl= 0.16 H=  5.57 adv=-0.000 r=0.855 clip=43.8% r̄=-0.000 succ=33.2% >exp= 0.0% el=7h03m eta=103h17m
  ep   640/5000 batch 9400 loss=   0.313 pol= -0.008 vL= 0.655 kl= 0.17 H=  6.77 adv=+0.000 r=0.995 clip=50.0% r̄=-0.350 succ=33.2% >exp= 0.0% el=7h04m eta=48h10m
  ep   960/5000 batch 9420 loss=   0.277 pol=  0.264 vL= 0.411 kl= 0.29 H=  8.31 adv=+0.000 r=1.021 clip=56.2% r̄=-0.513 succ=33.2% >exp= 0.0% el=7h04m eta=29h48m
  ep  1280/5000 batch 9440 loss=   0.289 pol=  0.053 vL= 0.790 kl= 0.25 H=  7.13 adv=-0.000 r=0.978 clip=43.8% r̄=-0.231 succ=33.2% >exp= 0.0% el=7h05m eta=20h36m
  ep  1600/5000 batch 9460 loss=   0.302 pol=  0.126 vL= 0.454 kl= 0.15 H=  4.92 adv=+0.000 r=1.170 clip=43.8% r̄=-0.469 succ=33.2% >exp= 0.0% el=7h06m eta=15h05m
  ep  1920/5000 batch 9480 loss=   0.345 pol=  0.115 vL= 0.731 kl= 0.42 H=  5.63 adv=-0.000 r=0.926 clip=12.5% r̄=-0.505 succ=33.2% >exp= 0.0% el=7h06m eta=11h24m
  ep  2240/5000 batch 9500 loss=   0.269 pol=  0.088 vL= 0.657 kl= 0.28 H=  7.59 adv=-0.000 r=0.945 clip=37.5% r̄=-0.385 succ=33.2% >exp= 0.0% el=7h07m eta=8h46m
  ep  2560/5000 batch 9520 loss=   0.309 pol=  0.213 vL= 0.759 kl= 0.33 H=  6.70 adv=-0.000 r=1.025 clip=37.5% r̄=-0.491 succ=33.1% >exp= 0.0% el=7h07m eta=6h47m
  ep  2880/5000 batch 9540 loss=   0.246 pol= -0.027 vL= 0.290 kl= 0.18 H=  7.89 adv=+0.000 r=0.822 clip=50.0% r̄=-0.755 succ=33.2% >exp= 0.0% el=7h08m eta=5h15m
  ep  3200/5000 batch 9560 loss=   0.289 pol=  0.267 vL= 0.533 kl= 0.17 H=  6.76 adv=+0.000 r=1.093 clip=56.2% r̄=-0.481 succ=33.2% >exp= 0.0% el=7h09m eta=4h01m
  ep  3520/5000 batch 9580 loss=   0.265 pol= -0.018 vL= 1.012 kl= 0.21 H=  5.94 adv=-0.000 r=0.941 clip=37.5% r̄=-0.288 succ=33.2% >exp= 0.0% el=7h09m eta=3h00m
  ep  3840/5000 batch 9600 loss=   0.310 pol=  0.079 vL= 0.688 kl= 0.34 H=  6.28 adv=-0.000 r=0.747 clip=75.0% r̄=-0.258 succ=33.2% >exp= 0.0% el=7h10m eta=2h09m
  ep  4160/5000 batch 9620 loss=   0.447 pol= -0.031 vL= 0.446 kl= 0.21 H=  8.18 adv=+0.000 r=0.711 clip=68.8% r̄=-0.249 succ=33.2% >exp= 0.0% el=7h10m eta=1h26m
  ep  4480/5000 batch 9640 loss=   0.318 pol=  0.065 vL= 0.574 kl= 0.21 H=  5.56 adv=-0.000 r=0.818 clip=31.2% r̄=-0.474 succ=33.2% >exp= 0.0% el=7h11m eta=50m03s
  ep  4800/5000 batch 9660 loss=   0.273 pol=  0.364 vL= 0.766 kl= 0.19 H=  5.86 adv=-0.000 r=1.347 clip=68.8% r̄= 0.266 succ=33.2% >exp= 0.0% el=7h11m eta=17m59s
  >>> Epoch 31/100 DONE: succ=33.5% (1677/5000) mean_loss= 0.3040 mean_reward=-0.329 mean_KL=0.226 mean_H=7.27 mean_ratio=0.973 mean_clip=49.2% epoch_time= 9m01s

=== Epoch 32/100 — resetting substrate ===
  ep   128/5000 batch 9680 loss=   0.292 pol=  0.055 vL= 0.484 kl= 0.26 H=  9.50 adv=-0.000 r=0.931 clip=56.2% r̄=-0.107 succ=33.2% >exp= 0.0% el=7h12m eta=274h19m
  ep   448/5000 batch 9700 loss=   0.322 pol=  0.083 vL= 0.466 kl= 0.50 H=  9.74 adv=+0.000 r=0.976 clip=50.0% r̄=-0.273 succ=33.2% >exp= 0.0% el=7h12m eta=73h19m
  ep   768/5000 batch 9720 loss=   0.245 pol=  0.090 vL= 1.128 kl= 0.26 H=  7.71 adv=-0.000 r=0.930 clip=50.0% r̄=-0.219 succ=33.2% >exp= 0.0% el=7h13m eta=39h48m
  ep  1088/5000 batch 9740 loss=   0.242 pol= -0.070 vL= 0.526 kl= 0.29 H=  8.49 adv=+0.000 r=1.060 clip=68.8% r̄=-0.487 succ=33.2% >exp= 0.0% el=7h14m eta=26h01m
  ep  1408/5000 batch 9760 loss=   0.240 pol=  0.030 vL= 0.591 kl= 0.25 H=  9.55 adv=+0.000 r=1.032 clip=43.8% r̄=-0.119 succ=33.2% >exp= 0.0% el=7h14m eta=18h29m
