Loading substrate from datasets/scenario_100nodes_train/substrate.json
Loading VNRs from datasets/scenario_100nodes_train/virtual_requests.json
  Using 5000 VNRs
  Loaded 3594 expert costs for logging
  Trainable policy loaded from checkpoints/il_mp_vne_v6_100nodes.pt
  Frozen reference policy loaded from checkpoints/il_mp_vne_v6_100nodes.pt
PPO/REINFORCE fine-tune: 5000 VNRs, batch=16, lr=0.0003
  β_KL=0.1, β_H=0.01, fail_r=-1.0
  checkpoint: checkpoints/il_mp_vne_v15_100nodes.pt
------------------------------------------------------------------------
  ep   320/5000 batch   20 loss=-18.6485 pol= -2.622 kl= 0.056 H=57.52 r̄=-0.703 succ=29.1% >expert=63.1% el= 3m30s eta=51m21s
  ep   640/5000 batch   40 loss= -6.3785 pol= -7.469 kl= 0.011 H=62.02 r̄=-0.719 succ=29.5% >expert=60.0% el= 8m27s eta=57m38s
  ep   960/5000 batch   60 loss= -7.5724 pol=-20.755 kl= 0.029 H=68.24 r̄=-0.756 succ=29.0% >expert=59.8% el=17m04s eta=1h11m
  ep  1280/5000 batch   80 loss= -4.9866 pol=-14.244 kl= 0.047 H=66.64 r̄=-0.710 succ=28.6% >expert=60.1% el=22m52s eta=1h06m
  ep  1600/5000 batch  100 loss= -6.9571 pol= -9.654 kl= 0.062 H=65.05 r̄=-0.740 succ=28.1% >expert=61.6% el=26m50s eta=57m01s
  ep  1920/5000 batch  120 loss= -6.8468 pol=  3.280 kl= 0.107 H=62.51 r̄=-0.644 succ=29.1% >expert=64.0% el=31m11s eta=50m01s
  ep  2240/5000 batch  140 loss= -7.2522 pol=  1.549 kl= 0.058 H=62.86 r̄=-0.663 succ=29.1% >expert=62.1% el=35m15s eta=43m26s
  ep  2560/5000 batch  160 loss= -7.9830 pol= -5.864 kl= 0.041 H=74.86 r̄=-0.740 succ=28.7% >expert=61.4% el=39m47s eta=37m55s
  ep  2880/5000 batch  180 loss= -6.7384 pol=-15.770 kl= 0.066 H=66.75 r̄=-0.682 succ=29.1% >expert=61.0% el=43m05s eta=31m43s
  ep  3200/5000 batch  200 loss= -7.8145 pol= -3.570 kl= 0.125 H=70.69 r̄=-0.702 succ=29.2% >expert=61.5% el=46m26s eta=26m07s
  ep  3520/5000 batch  220 loss= -7.4307 pol=  9.922 kl= 0.127 H=58.02 r̄=-0.745 succ=29.0% >expert=61.1% el=49m37s eta=20m52s
  ep  3840/5000 batch  240 loss= -7.4183 pol=-11.029 kl= 0.106 H=69.47 r̄=-0.723 succ=29.3% >expert=61.9% el=52m52s eta=15m58s
  ep  4160/5000 batch  260 loss= -5.8038 pol= 11.251 kl= 0.120 H=68.59 r̄=-0.696 succ=29.5% >expert=61.8% el=55m52s eta=11m17s
  ep  4480/5000 batch  280 loss= -7.1699 pol= -3.434 kl= 0.221 H=62.08 r̄=-0.718 succ=29.4% >expert=61.2% el=58m47s eta= 6m49s
  ep  4800/5000 batch  300 loss= -7.9978 pol=-10.834 kl= 0.193 H=77.19 r̄=-0.770 succ=29.1% >expert=60.6% el=1h01m eta= 2m34s
------------------------------------------------------------------------
  total time:               1h04m
  success rate:             1461/5000 = 29.2%
  beat expert cost rate:    602/993 = 60.6%
  final reward EMA:         -0.6646
  final success_cost_ema:   239.50590186038224
  final loss avg:           -6.0935
  checkpoint saved to checkpoints/il_mp_vne_v15_100nodes.pt
