Loading substrate from datasets/scenario_100nodes_train/substrate.json
Loading VNRs from datasets/scenario_100nodes_train/virtual_requests.json
  Using 5000 VNRs
  Trainable policy (il_mp_vne_v19) loaded from checkpoints/il_mp_vne_v19_100nodes_costfocused_cont3.pt
  rollout=direct → train: cand_head + encoder + value (ordering frozen) (19394 frozen, 36293 trainable)
  Frozen reference policy loaded (KL enabled, β_KL=0.1)
PPO fine-tune: 5000 VNRs, batch=16, lr=0.0003
  baseline=critic V(s), normalize_adv=True, β_H=0.01, value_coef=0.5, reward=cost_rel α=0.5 λ=1.0, fail_r=-0.5
  checkpoint: checkpoints/il_mp_vne_v19_100nodes_costfocused_cont4.pt
------------------------------------------------------------------------
  ep   320/5000 batch   20 loss=  -0.465 pol=  0.141 vL= 0.280 kl= 0.21 H=  8.11 adv=-0.000 r̄=-0.039 succ=28.1% >exp= 0.0% el= 1m56s eta=28m30s
  ep   640/5000 batch   40 loss=   0.378 pol= -1.155 vL= 0.243 kl= 0.07 H=  8.76 adv=+0.000 r̄=-0.216 succ=23.8% >exp= 0.0% el= 3m47s eta=25m52s
  ep   960/5000 batch   60 loss=  -0.700 pol= -2.746 vL= 0.130 kl= 0.08 H= 11.44 adv=+0.000 r̄=-0.207 succ=23.1% >exp= 0.0% el= 6m24s eta=26m56s
  ep  1280/5000 batch   80 loss=   0.386 pol= -0.570 vL= 0.085 kl= 0.07 H= 11.42 adv=+0.000 r̄=-0.331 succ=22.8% >exp= 0.0% el= 8m46s eta=25m29s
  ep  1600/5000 batch  100 loss=  -0.888 pol=  0.288 vL= 0.322 kl= 0.18 H=  8.55 adv=+0.000 r̄=-0.167 succ=23.4% >exp= 0.0% el=10m38s eta=22m36s
  ep  1920/5000 batch  120 loss=   0.633 pol= -0.175 vL= 0.333 kl= 0.11 H=  7.72 adv=-0.000 r̄=-0.193 succ=23.6% >exp= 0.0% el=12m48s eta=20m33s
  ep  2240/5000 batch  140 loss=  -0.926 pol= -2.613 vL= 0.161 kl= 0.09 H=  9.87 adv=+0.000 r̄=-0.172 succ=23.3% >exp= 0.0% el=14m40s eta=18m05s
  ep  2560/5000 batch  160 loss=  -0.311 pol= -2.513 vL= 0.068 kl= 0.06 H= 14.74 adv=+0.000 r̄=-0.298 succ=23.1% >exp= 0.0% el=16m52s eta=16m04s
  ep  2880/5000 batch  180 loss=  -0.131 pol= -3.781 vL= 0.146 kl= 0.31 H= 11.24 adv=+0.000 r̄=-0.141 succ=23.3% >exp= 0.0% el=19m13s eta=14m09s
  ep  3200/5000 batch  200 loss=  -0.648 pol=  4.906 vL= 0.033 kl= 0.41 H= 12.87 adv=-0.000 r̄=-0.423 succ=23.4% >exp= 0.0% el=21m00s eta=11m49s
  ep  3520/5000 batch  220 loss=   0.423 pol= -1.003 vL= 0.156 kl= 0.42 H=  7.21 adv=+0.000 r̄=-0.142 succ=23.8% >exp= 0.0% el=23m02s eta= 9m41s
  ep  3840/5000 batch  240 loss=  -0.009 pol= -1.453 vL= 0.076 kl= 0.54 H= 11.93 adv=+0.000 r̄=-0.259 succ=23.7% >exp= 0.0% el=24m59s eta= 7m32s
  ep  4160/5000 batch  260 loss=   0.292 pol=  1.155 vL= 0.185 kl= 0.40 H=  9.51 adv=-0.000 r̄=-0.278 succ=23.5% >exp= 0.0% el=26m50s eta= 5m25s
  ep  4480/5000 batch  280 loss=   0.343 pol=  0.665 vL= 0.264 kl= 0.20 H=  7.27 adv=+0.000 r̄=-0.164 succ=23.7% >exp= 0.0% el=28m46s eta= 3m20s
  ep  4800/5000 batch  300 loss=   1.461 pol=  0.549 vL= 0.119 kl= 0.20 H= 11.43 adv=+0.000 r̄=-0.364 succ=23.5% >exp= 0.0% el=30m45s eta= 1m16s
  >>> Epoch 1/20 DONE: succ=23.4% (1172/5000) mean_loss=-0.0349 mean_reward=-0.256 mean_KL=0.218 mean_H=10.67 epoch_time=32m01s

=== Epoch 2/20 — resetting substrate ===
  ep   128/5000 batch  320 loss=  -1.590 pol= -1.647 vL= 0.209 kl= 0.11 H= 10.97 adv=-0.000 r̄=-0.191 succ=23.7% >exp= 0.0% el=32m57s eta=20h54m
  ep   448/5000 batch  340 loss=  -0.038 pol=  2.172 vL= 0.263 kl= 0.20 H=  8.91 adv=-0.000 r̄=-0.305 succ=23.7% >exp= 0.0% el=35m04s eta=5h56m
  ep   768/5000 batch  360 loss=   0.510 pol= -0.406 vL= 0.074 kl= 0.12 H= 12.18 adv=+0.000 r̄=-0.268 succ=23.7% >exp= 0.0% el=37m01s eta=3h24m
  ep  1088/5000 batch  380 loss=   0.504 pol=  1.908 vL= 0.239 kl= 0.11 H=  8.53 adv=+0.000 r̄=-0.309 succ=23.5% >exp= 0.0% el=38m50s eta=2h19m
  ep  1408/5000 batch  400 loss=   0.093 pol=  1.848 vL= 0.138 kl= 0.05 H= 13.54 adv=+0.000 r̄=-0.585 succ=23.3% >exp= 0.0% el=40m55s eta=1h44m
  ep  1728/5000 batch  420 loss=   0.138 pol=  1.100 vL= 0.143 kl= 0.04 H= 11.78 adv=-0.000 r̄=-0.225 succ=23.2% >exp= 0.0% el=42m46s eta=1h20m
  ep  2048/5000 batch  440 loss=  -1.065 pol= -2.329 vL= 0.077 kl= 0.03 H=  9.74 adv=+0.000 r̄=-0.128 succ=23.4% >exp= 0.0% el=1h28m eta=2h07m
  ep  2368/5000 batch  460 loss=   1.026 pol=  2.252 vL= 0.273 kl= 0.10 H= 11.87 adv=-0.000 r̄=-0.315 succ=23.3% >exp= 0.0% el=4h54m eta=5h27m
  ep  2688/5000 batch  480 loss=  -0.660 pol= -4.820 vL= 0.138 kl= 0.09 H= 10.50 adv=+0.000 r̄=-0.159 succ=23.3% >exp= 0.0% el=4h55m eta=4h14m
  ep  3008/5000 batch  500 loss=  -0.256 pol= -1.168 vL= 0.173 kl= 0.35 H=  8.29 adv=-0.000 r̄=-0.118 succ=23.3% >exp= 0.0% el=4h57m eta=3h16m
  ep  3328/5000 batch  520 loss=   0.769 pol=  1.297 vL= 0.125 kl= 0.18 H= 11.37 adv=+0.000 r̄=-0.453 succ=23.2% >exp= 0.0% el=4h58m eta=2h30m
  ep  3648/5000 batch  540 loss=  -0.274 pol=  0.695 vL= 0.242 kl= 0.17 H= 11.18 adv=-0.000 r̄=-0.276 succ=23.2% >exp= 0.0% el=5h00m eta=1h51m
  ep  3968/5000 batch  560 loss=  -0.217 pol= -2.211 vL= 0.304 kl= 0.12 H=  8.75 adv=+0.000 r̄= 0.047 succ=23.3% >exp= 0.0% el=5h02m eta=1h18m
  ep  4288/5000 batch  580 loss=   0.069 pol=  0.047 vL= 0.076 kl= 0.06 H= 12.90 adv=+0.000 r̄=-0.481 succ=23.2% >exp= 0.0% el=5h04m eta=50m30s
  ep  4608/5000 batch  600 loss=   0.152 pol= -3.418 vL= 0.117 kl= 0.14 H= 14.28 adv=-0.000 r̄=-0.313 succ=23.2% >exp= 0.0% el=5h05m eta=26m01s
  ep  4928/5000 batch  620 loss=  -0.468 pol= -3.048 vL= 0.062 kl= 0.39 H= 13.33 adv=+0.000 r̄=-0.253 succ=23.1% >exp= 0.0% el=5h07m eta= 4m29s
  >>> Epoch 2/20 DONE: succ=22.8% (1142/5000) mean_loss=-0.1087 mean_reward=-0.262 mean_KL=0.157 mean_H=10.97 epoch_time=4h36m

=== Epoch 3/20 — resetting substrate ===
  ep   256/5000 batch  640 loss=  -1.235 pol=  2.362 vL= 0.027 kl= 0.27 H= 14.14 adv=+0.000 r̄=-0.404 succ=23.1% >exp= 0.0% el=5h09m eta=95h40m
  ep   576/5000 batch  660 loss=   0.183 pol= -2.153 vL= 0.145 kl= 0.30 H= 11.14 adv=-0.000 r̄=-0.226 succ=23.1% >exp= 0.0% el=5h11m eta=39h54m
  ep   896/5000 batch  680 loss=   0.486 pol=  1.568 vL= 0.123 kl= 0.15 H= 12.72 adv=-0.000 r̄=-0.310 succ=23.1% >exp= 0.0% el=5h13m eta=23h56m
  ep  1216/5000 batch  700 loss=   0.876 pol=  3.771 vL= 0.135 kl= 0.37 H= 11.13 adv=+0.000 r̄=-0.424 succ=23.0% >exp= 0.0% el=5h15m eta=16h22m
  ep  1536/5000 batch  720 loss=  -1.038 pol= -0.708 vL= 0.089 kl= 0.25 H= 11.56 adv=-0.000 r̄=-0.279 succ=23.1% >exp= 0.0% el=5h17m eta=11h56m
  ep  1856/5000 batch  740 loss=   0.508 pol=  0.083 vL= 0.204 kl= 0.18 H= 12.13 adv=+0.000 r̄=-0.144 succ=23.2% >exp= 0.0% el=5h20m eta=9h02m
  ep  2176/5000 batch  760 loss=  -0.809 pol= -0.084 vL= 0.213 kl= 0.15 H= 13.54 adv=+0.000 r̄=-0.441 succ=23.2% >exp= 0.0% el=5h22m eta=6h58m
  ep  2496/5000 batch  780 loss=   0.265 pol=  6.246 vL= 0.084 kl= 0.23 H= 11.64 adv=+0.000 r̄=-0.528 succ=23.2% >exp= 0.0% el=5h24m eta=5h25m
  ep  2816/5000 batch  800 loss=  -0.072 pol= -0.926 vL= 0.038 kl= 0.23 H= 12.31 adv=+0.000 r̄=-0.320 succ=23.1% >exp= 0.0% el=5h26m eta=4h13m
  ep  3136/5000 batch  820 loss=  -0.725 pol= -0.833 vL= 0.120 kl= 0.28 H= 10.49 adv=-0.000 r̄=-0.200 succ=23.3% >exp= 0.0% el=5h28m eta=3h15m
  ep  3456/5000 batch  840 loss=   0.249 pol= -1.937 vL= 0.082 kl= 0.16 H= 15.20 adv=-0.000 r̄=-0.341 succ=23.3% >exp= 0.0% el=5h31m eta=2h27m
  ep  3776/5000 batch  860 loss=   0.101 pol=  0.154 vL= 0.173 kl= 0.22 H= 10.36 adv=-0.000 r̄=-0.315 succ=23.4% >exp= 0.0% el=5h33m eta=1h47m
  ep  4096/5000 batch  880 loss=   0.393 pol= -0.097 vL= 0.079 kl= 0.16 H= 10.38 adv=+0.000 r̄=-0.249 succ=23.3% >exp= 0.0% el=5h35m eta=1h13m
  ep  4416/5000 batch  900 loss=   0.726 pol= -0.159 vL= 0.176 kl= 0.29 H=  6.45 adv=+0.000 r̄=-0.252 succ=23.3% >exp= 0.0% el=5h36m eta=44m33s
  ep  4736/5000 batch  920 loss=  -0.321 pol= -1.433 vL= 0.138 kl= 0.26 H= 11.87 adv=+0.000 r̄=-0.346 succ=23.3% >exp= 0.0% el=5h38m eta=18m53s
  >>> Epoch 3/20 DONE: succ=23.7% (1184/5000) mean_loss=-0.1150 mean_reward=-0.260 mean_KL=0.252 mean_H=10.94 epoch_time=32m43s

=== Epoch 4/20 — resetting substrate ===
  ep    64/5000 batch  940 loss=  -2.467 pol= -0.617 vL= 0.212 kl= 0.21 H= 10.07 adv=+0.000 r̄=-0.187 succ=23.4% >exp= 0.0% el=5h41m eta=438h55m
  ep   384/5000 batch  960 loss=   1.463 pol=  1.733 vL= 0.257 kl= 0.11 H= 10.17 adv=-0.000 r̄=-0.342 succ=23.4% >exp= 0.0% el=5h43m eta=68h50m
  ep   704/5000 batch  980 loss=   1.012 pol= -0.815 vL= 0.147 kl= 0.16 H= 11.08 adv=-0.000 r̄=-0.272 succ=23.4% >exp= 0.0% el=5h45m eta=35h10m
  ep  1024/5000 batch 1000 loss=  -0.051 pol=  0.693 vL= 0.113 kl= 0.17 H= 10.46 adv=-0.000 r̄=-0.304 succ=23.4% >exp= 0.0% el=5h48m eta=22h31m
  ep  1344/5000 batch 1020 loss=   0.553 pol=  0.807 vL= 0.277 kl= 0.16 H=  7.29 adv=+0.000 r̄=-0.204 succ=23.4% >exp= 0.0% el=5h50m eta=15h52m
  ep  1664/5000 batch 1040 loss=  -0.716 pol=  0.631 vL= 0.109 kl= 0.21 H=  9.25 adv=-0.000 r̄=-0.118 succ=23.4% >exp= 0.0% el=5h52m eta=11h46m
  ep  1984/5000 batch 1060 loss=   0.973 pol=  1.861 vL= 0.073 kl= 0.23 H= 10.05 adv=-0.000 r̄=-0.325 succ=23.4% >exp= 0.0% el=5h54m eta=8h58m
  ep  2304/5000 batch 1080 loss=  -0.752 pol= -6.175 vL= 0.195 kl= 0.19 H= 12.12 adv=-0.000 r̄=-0.031 succ=23.4% >exp= 0.0% el=5h56m eta=6h57m
  ep  2624/5000 batch 1100 loss=  -0.859 pol= -0.956 vL= 0.120 kl= 0.14 H= 11.31 adv=-0.000 r̄=-0.131 succ=23.3% >exp= 0.0% el=5h58m eta=5h24m
  ep  2944/5000 batch 1120 loss=   0.810 pol=  2.649 vL= 0.173 kl= 0.14 H= 12.23 adv=-0.000 r̄=-0.471 succ=23.4% >exp= 0.0% el=6h01m eta=4h12m
  ep  3264/5000 batch 1140 loss=   1.089 pol= -0.784 vL= 0.063 kl= 0.23 H= 10.26 adv=-0.000 r̄=-0.292 succ=23.4% >exp= 0.0% el=6h03m eta=3h13m
  ep  3584/5000 batch 1160 loss=  -0.807 pol= -3.648 vL= 0.136 kl= 0.10 H= 10.46 adv=-0.000 r̄=-0.177 succ=23.4% >exp= 0.0% el=6h05m eta=2h24m
  ep  3904/5000 batch 1180 loss=  -0.717 pol=  1.734 vL= 0.281 kl= 0.25 H=  8.19 adv=+0.000 r̄=-0.291 succ=23.4% >exp= 0.0% el=6h07m eta=1h43m
  ep  4224/5000 batch 1200 loss=  -0.855 pol= -2.570 vL= 0.414 kl= 0.11 H=  9.64 adv=-0.000 r̄=-0.149 succ=23.4% >exp= 0.0% el=6h09m eta=1h07m
  ep  4544/5000 batch 1220 loss=  -0.033 pol= -1.533 vL= 0.241 kl= 0.17 H= 12.02 adv=+0.000 r̄=-0.353 succ=23.3% >exp= 0.0% el=6h11m eta=37m16s
  ep  4864/5000 batch 1240 loss=  -0.082 pol= -0.891 vL= 0.074 kl= 0.18 H= 11.14 adv=-0.000 r̄=-0.371 succ=23.3% >exp= 0.0% el=6h13m eta=10m26s
  >>> Epoch 4/20 DONE: succ=23.3% (1164/5000) mean_loss= 0.0160 mean_reward=-0.264 mean_KL=0.183 mean_H=10.42 epoch_time=33m44s

=== Epoch 5/20 — resetting substrate ===
  ep   192/5000 batch 1260 loss=   0.240 pol=  5.563 vL= 0.243 kl= 0.20 H=  8.69 adv=+0.000 r̄=-0.443 succ=23.3% >exp= 0.0% el=6h16m eta=156h57m
  ep   512/5000 batch 1280 loss=  -0.572 pol= -2.982 vL= 0.103 kl= 0.32 H= 11.59 adv=+0.000 r̄=-0.336 succ=23.3% >exp= 0.0% el=6h18m eta=55h17m
  ep   832/5000 batch 1300 loss=   0.526 pol= -0.337 vL= 0.131 kl= 0.21 H= 11.89 adv=-0.000 r̄=-0.139 succ=23.3% >exp= 0.0% el=6h20m eta=31h47m
  ep  1152/5000 batch 1320 loss=   0.865 pol= -0.928 vL= 0.096 kl= 0.21 H= 11.16 adv=+0.000 r̄=-0.288 succ=23.3% >exp= 0.0% el=6h23m eta=21h19m
  ep  1472/5000 batch 1340 loss=  -1.353 pol=  0.537 vL= 0.171 kl= 0.07 H= 11.36 adv=+0.000 r̄=-0.249 succ=23.2% >exp= 0.0% el=6h25m eta=15h23m
  ep  1792/5000 batch 1360 loss=  -0.587 pol= -2.569 vL= 0.065 kl= 0.33 H= 11.53 adv=-0.000 r̄=-0.087 succ=23.3% >exp= 0.0% el=6h28m eta=11h35m
  ep  2112/5000 batch 1380 loss=   0.275 pol= -2.533 vL= 0.184 kl= 0.46 H= 11.10 adv=+0.000 r̄=-0.183 succ=23.3% >exp= 0.0% el=6h30m eta=8h54m
  ep  2432/5000 batch 1400 loss=  -0.059 pol= -1.129 vL= 0.075 kl= 0.15 H= 15.45 adv=+0.000 r̄=-0.402 succ=23.3% >exp= 0.0% el=6h33m eta=6h55m
  ep  2752/5000 batch 1420 loss=   1.029 pol=  1.632 vL= 0.279 kl= 0.28 H=  8.42 adv=+0.000 r̄=-0.245 succ=23.3% >exp= 0.0% el=6h35m eta=5h23m
  ep  3072/5000 batch 1440 loss=  -0.900 pol= -0.705 vL= 0.155 kl= 0.32 H= 10.61 adv=-0.000 r̄=-0.247 succ=23.3% >exp= 0.0% el=6h37m eta=4h09m
  ep  3392/5000 batch 1460 loss=  -0.107 pol=  0.408 vL= 0.136 kl= 0.26 H=  8.05 adv=-0.000 r̄=-0.197 succ=23.3% >exp= 0.0% el=6h40m eta=3h09m
  ep  3712/5000 batch 1480 loss=   0.484 pol=  3.102 vL= 0.209 kl= 0.31 H= 12.32 adv=+0.000 r̄=-0.305 succ=23.3% >exp= 0.0% el=6h42m eta=2h19m
  ep  4032/5000 batch 1500 loss=   0.550 pol=  3.305 vL= 0.117 kl= 0.35 H=  8.27 adv=+0.000 r̄=-0.324 succ=23.3% >exp= 0.0% el=6h46m eta=1h37m
  ep  4352/5000 batch 1520 loss=   0.461 pol=  1.764 vL= 0.037 kl= 0.24 H= 14.12 adv=-0.000 r̄=-0.324 succ=23.4% >exp= 0.0% el=6h49m eta=1h00m
  ep  4672/5000 batch 1540 loss=   0.120 pol=  1.004 vL= 0.221 kl= 0.68 H=  6.68 adv=+0.000 r̄=-0.093 succ=23.4% >exp= 0.0% el=6h51m eta=28m53s
  ep  4992/5000 batch 1560 loss=  -1.953 pol= -3.583 vL= 0.111 kl= 0.27 H= 11.27 adv=+0.000 r̄=-0.237 succ=23.4% >exp= 0.0% el=6h53m eta=  40s
  >>> Epoch 5/20 DONE: succ=23.7% (1186/5000) mean_loss=-0.0332 mean_reward=-0.261 mean_KL=0.275 mean_H=11.43 epoch_time=39m16s

=== Epoch 6/20 — resetting substrate ===
  ep   320/5000 batch 1580 loss=   0.432 pol=  0.010 vL= 0.284 kl= 0.86 H=  9.96 adv=+0.000 r̄=-0.042 succ=23.4% >exp= 0.0% el=6h56m eta=101h33m
  ep   640/5000 batch 1600 loss=   0.613 pol= -1.514 vL= 0.253 kl= 0.51 H=  8.86 adv=-0.000 r̄= 0.085 succ=23.5% >exp= 0.0% el=6h59m eta=47h39m
  ep   960/5000 batch 1620 loss=   0.272 pol= -3.296 vL= 0.170 kl= 0.23 H= 11.29 adv=-0.000 r̄=-0.193 succ=23.4% >exp= 0.0% el=7h03m eta=29h40m
  ep  1280/5000 batch 1640 loss=   0.421 pol=  1.910 vL= 0.082 kl= 0.10 H= 11.98 adv=+0.000 r̄=-0.382 succ=23.4% >exp= 0.0% el=7h06m eta=20h40m
  ep  1600/5000 batch 1660 loss=   0.394 pol=  2.425 vL= 0.121 kl= 0.30 H=  9.83 adv=+0.000 r̄=-0.406 succ=23.4% >exp= 0.0% el=7h10m eta=15h14m
  ep  1920/5000 batch 1680 loss=  -0.623 pol= -2.157 vL= 0.149 kl= 0.43 H=  9.21 adv=+0.000 r̄=-0.092 succ=23.4% >exp= 0.0% el=7h14m eta=11h37m
  ep  2240/5000 batch 1700 loss=  -0.946 pol=  3.411 vL= 0.212 kl= 0.42 H= 10.73 adv=-0.000 r̄=-0.402 succ=23.4% >exp= 0.0% el=7h18m eta=9h00m
  ep  2560/5000 batch 1720 loss=   0.037 pol= -2.828 vL= 0.118 kl= 0.14 H= 14.66 adv=+0.000 r̄=-0.285 succ=23.4% >exp= 0.0% el=7h22m eta=7h01m
  ep  2880/5000 batch 1740 loss=  -0.322 pol= -0.265 vL= 0.344 kl= 0.38 H= 10.94 adv=-0.000 r̄=-0.461 succ=23.4% >exp= 0.0% el=7h26m eta=5h28m
  ep  3200/5000 batch 1760 loss=  -0.099 pol=  0.083 vL= 0.082 kl= 0.10 H= 12.14 adv=-0.000 r̄=-0.351 succ=23.4% >exp= 0.0% el=7h30m eta=4h13m
  ep  3520/5000 batch 1780 loss=   0.897 pol=  0.232 vL= 0.244 kl= 0.38 H=  6.15 adv=+0.000 r̄=-0.269 succ=23.4% >exp= 0.0% el=7h35m eta=3h11m
  ep  3840/5000 batch 1800 loss=   0.182 pol=  2.417 vL= 0.074 kl= 0.43 H= 12.28 adv=+0.000 r̄=-0.459 succ=23.4% >exp= 0.0% el=7h44m eta=2h20m
  ep  4160/5000 batch 1820 loss=  -0.957 pol=  0.143 vL= 0.161 kl= 0.21 H= 10.35 adv=-0.000 r̄=-0.283 succ=23.4% >exp= 0.0% el=7h51m eta=1h35m
  ep  4480/5000 batch 1840 loss=   0.742 pol= -1.198 vL= 0.261 kl= 0.40 H=  7.13 adv=-0.000 r̄= 0.001 succ=23.4% >exp= 0.0% el=7h57m eta=55m22s
  ep  4800/5000 batch 1860 loss=   1.031 pol=  3.024 vL= 0.086 kl= 0.14 H= 12.32 adv=+0.000 r̄=-0.441 succ=23.3% >exp= 0.0% el=8h03m eta=20m08s
  >>> Epoch 6/20 DONE: succ=23.1% (1153/5000) mean_loss= 0.1524 mean_reward=-0.268 mean_KL=0.272 mean_H=11.21 epoch_time=1h12m

=== Epoch 7/20 — resetting substrate ===
  ep   128/5000 batch 1880 loss=  -0.255 pol= -1.552 vL= 0.169 kl= 0.14 H= 11.68 adv=-0.000 r̄=-0.235 succ=23.4% >exp= 0.0% el=8h10m eta=310h54m
  ep   448/5000 batch 1900 loss=  -0.425 pol=  0.687 vL= 0.191 kl= 0.12 H=  9.37 adv=-0.000 r̄=-0.244 succ=23.4% >exp= 0.0% el=8h19m eta=84h32m
  ep   768/5000 batch 1920 loss=   0.953 pol=  0.123 vL= 0.210 kl= 0.25 H= 12.62 adv=-0.000 r̄=-0.243 succ=23.4% >exp= 0.0% el=8h23m eta=46h16m
  ep  1088/5000 batch 1940 loss=  -0.399 pol=  2.210 vL= 0.232 kl= 0.46 H=  9.75 adv=+0.000 r̄=-0.323 succ=23.4% >exp= 0.0% el=8h30m eta=30h36m
  ep  1408/5000 batch 1960 loss=  -0.413 pol=  3.169 vL= 0.062 kl= 0.13 H= 13.59 adv=+0.000 r̄=-0.462 succ=23.4% >exp= 0.0% el=8h36m eta=21h57m
  ep  1728/5000 batch 1980 loss=   0.168 pol=  1.307 vL= 0.175 kl= 0.35 H= 12.52 adv=+0.000 r̄=-0.318 succ=23.4% >exp= 0.0% el=8h40m eta=16h25m
  ep  2048/5000 batch 2000 loss=  -1.174 pol= -1.571 vL= 0.181 kl= 0.52 H=  9.98 adv=-0.000 r̄=-0.135 succ=23.4% >exp= 0.0% el=8h44m eta=12h36m
  ep  2368/5000 batch 2020 loss=  -0.101 pol=  3.027 vL= 0.208 kl= 0.28 H= 12.10 adv=-0.000 r̄=-0.375 succ=23.4% >exp= 0.0% el=8h48m eta=9h47m
  ep  2688/5000 batch 2040 loss=  -0.093 pol= -1.105 vL= 0.142 kl= 0.17 H= 10.10 adv=-0.000 r̄=-0.238 succ=23.4% >exp= 0.0% el=8h52m eta=7h38m
  ep  3008/5000 batch 2060 loss=  -0.429 pol=  0.954 vL= 0.123 kl= 0.13 H= 10.52 adv=-0.000 r̄=-0.250 succ=23.4% >exp= 0.0% el=9h00m eta=5h57m
  ep  3328/5000 batch 2080 loss=   0.875 pol=  2.893 vL= 0.056 kl= 0.17 H= 13.30 adv=+0.000 r̄=-0.445 succ=23.5% >exp= 0.0% el=9h05m eta=4h34m
  ep  3648/5000 batch 2100 loss=  -1.422 pol= -4.259 vL= 0.157 kl= 0.35 H= 13.72 adv=+0.000 r̄=-0.244 succ=23.5% >exp= 0.0% el=9h09m eta=3h23m
  ep  3968/5000 batch 2120 loss=   0.643 pol=  0.340 vL= 0.288 kl= 0.21 H=  9.43 adv=+0.000 r̄=-0.266 succ=23.5% >exp= 0.0% el=9h12m eta=2h23m
  ep  4288/5000 batch 2140 loss=  -0.612 pol= -3.422 vL= 0.091 kl= 0.10 H= 13.34 adv=+0.000 r̄=-0.325 succ=23.5% >exp= 0.0% el=9h15m eta=1h32m
  ep  4608/5000 batch 2160 loss=  -0.622 pol= -1.670 vL= 0.335 kl= 0.13 H= 14.36 adv=-0.000 r̄=-0.541 succ=23.5% >exp= 0.0% el=9h18m eta=47m29s
  ep  4928/5000 batch 2180 loss=   0.339 pol= -1.075 vL= 0.107 kl= 0.36 H= 12.01 adv=-0.000 r̄=-0.129 succ=23.5% >exp= 0.0% el=9h20m eta= 8m11s
  >>> Epoch 7/20 DONE: succ=24.6% (1231/5000) mean_loss=-0.2325 mean_reward=-0.251 mean_KL=0.254 mean_H=11.59 epoch_time=1h14m

=== Epoch 8/20 — resetting substrate ===
  ep   256/5000 batch 2200 loss=  -0.238 pol=  4.847 vL= 0.033 kl= 0.18 H= 15.03 adv=-0.000 r̄=-0.424 succ=23.6% >exp= 0.0% el=9h22m eta=173h38m
  ep   576/5000 batch 2220 loss=   0.745 pol=  2.324 vL= 0.136 kl= 0.26 H= 10.92 adv=+0.000 r̄=-0.348 succ=23.6% >exp= 0.0% el=9h24m eta=72h13m
  ep   896/5000 batch 2240 loss=   0.030 pol= -4.536 vL= 0.104 kl= 0.13 H= 13.00 adv=+0.000 r̄=-0.172 succ=23.6% >exp= 0.0% el=9h26m eta=43h13m
  ep  1216/5000 batch 2260 loss=   1.022 pol=  1.954 vL= 0.135 kl= 0.23 H= 10.51 adv=+0.000 r̄=-0.267 succ=23.6% >exp= 0.0% el=9h28m eta=29h28m
  ep  1536/5000 batch 2280 loss=   0.973 pol=  1.526 vL= 0.115 kl= 0.15 H= 10.97 adv=+0.000 r̄=-0.177 succ=23.6% >exp= 0.0% el=9h30m eta=21h27m
  ep  1856/5000 batch 2300 loss=   0.732 pol= -2.554 vL= 0.219 kl= 0.21 H= 12.65 adv=+0.000 r̄=-0.150 succ=23.6% >exp= 0.0% el=9h33m eta=16h10m
  ep  2176/5000 batch 2320 loss=  -0.480 pol= -2.840 vL= 0.083 kl= 0.08 H= 12.95 adv=+0.000 r̄=-0.262 succ=23.6% >exp= 0.0% el=9h35m eta=12h26m
  ep  2496/5000 batch 2340 loss=   0.426 pol= -2.885 vL= 0.192 kl= 0.09 H= 10.89 adv=-0.000 r̄=-0.152 succ=23.6% >exp= 0.0% el=9h37m eta=9h38m
  ep  2816/5000 batch 2360 loss=  -0.705 pol=  1.041 vL= 0.094 kl= 0.14 H= 12.19 adv=+0.000 r̄=-0.254 succ=23.6% >exp= 0.0% el=9h38m eta=7h28m
  ep  3136/5000 batch 2380 loss=   0.039 pol= -3.298 vL= 0.305 kl= 0.18 H= 11.25 adv=-0.000 r̄=-0.217 succ=23.6% >exp= 0.0% el=9h40m eta=5h45m
  ep  3456/5000 batch 2400 loss=   0.257 pol=  0.033 vL= 0.053 kl= 0.18 H= 15.53 adv=-0.000 r̄=-0.396 succ=23.6% >exp= 0.0% el=9h42m eta=4h20m
  ep  3776/5000 batch 2420 loss=   0.098 pol= -0.082 vL= 0.216 kl= 0.43 H= 11.95 adv=+0.000 r̄=-0.314 succ=23.6% >exp= 0.0% el=9h44m eta=3h09m
  ep  4096/5000 batch 2440 loss=  -0.947 pol= -0.456 vL= 0.244 kl= 0.24 H= 11.63 adv=-0.000 r̄=-0.264 succ=23.6% >exp= 0.0% el=9h46m eta=2h09m
  ep  4416/5000 batch 2460 loss=   0.050 pol= -0.590 vL= 0.182 kl= 0.72 H=  9.00 adv=+0.000 r̄=-0.253 succ=23.6% >exp= 0.0% el=9h48m eta=1h17m
  ep  4736/5000 batch 2480 loss=   0.301 pol=  2.074 vL= 0.104 kl= 0.28 H= 12.27 adv=+0.000 r̄=-0.391 succ=23.6% >exp= 0.0% el=9h50m eta=32m56s
  >>> Epoch 8/20 DONE: succ=24.2% (1208/5000) mean_loss= 0.1797 mean_reward=-0.256 mean_KL=0.242 mean_H=11.22 epoch_time=32m00s

=== Epoch 9/20 — resetting substrate ===
  ep    64/5000 batch 2500 loss=  -0.122 pol=  0.640 vL= 0.242 kl= 0.09 H=  8.75 adv=+0.000 r̄=-0.233 succ=23.6% >exp= 0.0% el=9h53m eta=762h17m
  ep   384/5000 batch 2520 loss=  -0.422 pol= -0.008 vL= 0.121 kl= 0.19 H= 10.54 adv=-0.000 r̄=-0.219 succ=23.6% >exp= 0.0% el=9h55m eta=119h12m
  ep   704/5000 batch 2540 loss=   1.450 pol= -1.014 vL= 0.094 kl= 0.43 H= 11.38 adv=+0.000 r̄=-0.206 succ=23.6% >exp= 0.0% el=9h56m eta=60h42m
  ep  1024/5000 batch 2560 loss=  -1.037 pol=  1.386 vL= 0.094 kl= 0.34 H= 11.02 adv=+0.000 r̄=-0.257 succ=23.6% >exp= 0.0% el=9h58m eta=38h45m
  ep  1344/5000 batch 2580 loss=  -0.453 pol= -0.292 vL= 0.185 kl= 0.19 H=  8.71 adv=+0.000 r̄=-0.043 succ=23.6% >exp= 0.0% el=10h01m eta=27h14m
  ep  1664/5000 batch 2600 loss=  -0.907 pol= -0.821 vL= 0.189 kl= 0.30 H= 10.91 adv=+0.000 r̄=-0.163 succ=23.6% >exp= 0.0% el=10h03m eta=20h08m
  ep  1984/5000 batch 2620 loss=  -0.018 pol=  0.653 vL= 0.082 kl= 0.25 H= 12.92 adv=-0.000 r̄=-0.245 succ=23.6% >exp= 0.0% el=10h05m eta=15h19m
  ep  2304/5000 batch 2640 loss=   1.189 pol=  1.040 vL= 0.112 kl= 0.18 H= 12.32 adv=-0.000 r̄=-0.142 succ=23.6% >exp= 0.0% el=10h06m eta=11h50m
  ep  2624/5000 batch 2660 loss=   1.089 pol= -3.819 vL= 0.202 kl= 0.11 H= 11.54 adv=+0.000 r̄=-0.107 succ=23.5% >exp= 0.0% el=10h08m eta=9h11m
  ep  2944/5000 batch 2680 loss=  -0.657 pol=  1.228 vL= 0.100 kl= 0.13 H= 12.18 adv=+0.000 r̄=-0.412 succ=23.6% >exp= 0.0% el=10h11m eta=7h06m
  ep  3264/5000 batch 2700 loss=  -0.197 pol=  2.086 vL= 0.098 kl= 0.09 H= 11.62 adv=-0.000 r̄=-0.430 succ=23.6% >exp= 0.0% el=10h13m eta=5h26m
  ep  3584/5000 batch 2720 loss=   0.152 pol= -1.848 vL= 0.168 kl= 0.19 H= 10.70 adv=+0.000 r̄=-0.105 succ=23.6% >exp= 0.0% el=10h15m eta=4h03m
  ep  3904/5000 batch 2740 loss=  -0.421 pol= -2.570 vL= 0.193 kl= 0.24 H=  8.91 adv=-0.000 r̄= 0.082 succ=23.6% >exp= 0.0% el=10h17m eta=2h53m
  ep  4224/5000 batch 2760 loss=   0.133 pol= -2.399 vL= 0.145 kl= 0.29 H=  9.94 adv=-0.000 r̄=-0.022 succ=23.6% >exp= 0.0% el=10h19m eta=1h53m
  ep  4544/5000 batch 2780 loss=  -0.831 pol= -1.703 vL= 0.394 kl= 0.19 H= 12.45 adv=-0.000 r̄=-0.380 succ=23.6% >exp= 0.0% el=10h20m eta=1h02m
  ep  4864/5000 batch 2800 loss=   0.400 pol= -4.997 vL= 0.188 kl= 0.19 H= 11.11 adv=+0.000 r̄=-0.118 succ=23.6% >exp= 0.0% el=10h22m eta=17m24s
  >>> Epoch 9/20 DONE: succ=23.7% (1183/5000) mean_loss=-0.0971 mean_reward=-0.261 mean_KL=0.208 mean_H=10.99 epoch_time=31m05s

=== Epoch 10/20 — resetting substrate ===
  ep   192/5000 batch 2820 loss=  -0.785 pol=  2.598 vL= 0.242 kl= 0.17 H=  9.87 adv=-0.000 r̄=-0.357 succ=23.6% >exp= 0.0% el=10h25m eta=260h51m
  ep   512/5000 batch 2840 loss=   0.236 pol=  0.474 vL= 0.148 kl= 0.16 H= 10.03 adv=-0.000 r̄=-0.457 succ=23.7% >exp= 0.0% el=10h27m eta=91h36m
  ep   832/5000 batch 2860 loss=   0.973 pol=  2.071 vL= 0.159 kl= 0.29 H= 11.98 adv=-0.000 r̄=-0.301 succ=23.6% >exp= 0.0% el=10h29m eta=52h31m
  ep  1152/5000 batch 2880 loss=   0.493 pol=  3.790 vL= 0.115 kl= 0.16 H= 11.70 adv=-0.000 r̄=-0.545 succ=23.6% >exp= 0.0% el=10h30m eta=35h07m
  ep  1472/5000 batch 2900 loss=   0.042 pol=  3.079 vL= 0.168 kl= 0.17 H= 10.40 adv=-0.000 r̄=-0.306 succ=23.6% >exp= 0.0% el=10h32m eta=25h16m
  ep  1792/5000 batch 2920 loss=  -0.581 pol= -2.116 vL= 0.204 kl= 0.17 H= 10.64 adv=+0.000 r̄=-0.122 succ=23.6% >exp= 0.0% el=10h34m eta=18h56m
  ep  2112/5000 batch 2940 loss=  -0.441 pol= -2.926 vL= 0.277 kl= 0.25 H= 11.02 adv=+0.000 r̄=-0.275 succ=23.6% >exp= 0.0% el=10h36m eta=14h30m
  ep  2432/5000 batch 2960 loss=   0.462 pol=  6.263 vL= 0.028 kl= 0.16 H= 15.85 adv=+0.000 r̄=-0.513 succ=23.6% >exp= 0.0% el=10h38m eta=11h14m
  ep  2752/5000 batch 2980 loss=  -0.681 pol= -0.716 vL= 0.218 kl= 0.40 H=  9.01 adv=+0.000 r̄=-0.032 succ=23.6% >exp= 0.0% el=10h40m eta=8h43m
  ep  3072/5000 batch 3000 loss=  -0.648 pol=  2.512 vL= 0.159 kl= 0.19 H= 10.47 adv=-0.000 r̄=-0.305 succ=23.6% >exp= 0.0% el=10h42m eta=6h43m
  ep  3392/5000 batch 3020 loss=   0.489 pol=  0.080 vL= 0.166 kl= 0.50 H=  9.07 adv=+0.000 r̄=-0.292 succ=23.6% >exp= 0.0% el=10h44m eta=5h05m
  ep  3712/5000 batch 3040 loss=  -0.498 pol= -1.112 vL= 0.153 kl= 0.44 H= 12.90 adv=+0.000 r̄=-0.211 succ=23.6% >exp= 0.0% el=10h47m eta=3h44m
  ep  4032/5000 batch 3060 loss=   0.617 pol= -1.738 vL= 0.140 kl= 0.51 H= 10.44 adv=-0.000 r̄=-0.170 succ=23.6% >exp= 0.0% el=10h49m eta=2h35m
  ep  4352/5000 batch 3080 loss=   0.749 pol=  7.530 vL= 0.169 kl= 0.35 H= 14.79 adv=+0.000 r̄=-0.525 succ=23.6% >exp= 0.0% el=11h00m eta=1h38m
  ep  4672/5000 batch 3100 loss=   1.327 pol=  1.446 vL= 0.337 kl= 0.26 H=  6.75 adv=+0.000 r̄=-0.261 succ=23.6% >exp= 0.0% el=11h23m eta=48m00s
  ep  4992/5000 batch 3120 loss=  -1.025 pol= -3.828 vL= 0.136 kl= 0.21 H= 12.22 adv=+0.000 r̄=-0.254 succ=23.6% >exp= 0.0% el=11h26m eta= 1m05s
  >>> Epoch 10/20 DONE: succ=23.2% (1158/5000) mean_loss= 0.0928 mean_reward=-0.266 mean_KL=0.242 mean_H=11.77 epoch_time=1h02m

=== Epoch 11/20 — resetting substrate ===
  ep   320/5000 batch 3140 loss=  -0.302 pol= -0.704 vL= 0.181 kl= 0.21 H=  9.41 adv=-0.000 r̄=-0.051 succ=23.6% >exp= 0.0% el=11h28m eta=167h51m
  ep   640/5000 batch 3160 loss=   0.744 pol=  1.027 vL= 0.228 kl= 0.27 H=  8.39 adv=+0.000 r̄=-0.307 succ=23.6% >exp= 0.0% el=11h31m eta=78h28m
  ep   960/5000 batch 3180 loss=  -0.504 pol= -0.420 vL= 0.141 kl= 0.15 H= 10.83 adv=-0.000 r̄=-0.316 succ=23.6% >exp= 0.0% el=11h33m eta=48h37m
  ep  1280/5000 batch 3200 loss=   0.441 pol=  2.798 vL= 0.106 kl= 0.23 H= 12.28 adv=+0.000 r̄=-0.386 succ=23.6% >exp= 0.0% el=11h35m eta=33h42m
  ep  1600/5000 batch 3220 loss=   0.624 pol= -1.422 vL= 0.140 kl= 0.53 H= 10.59 adv=+0.000 r̄=-0.293 succ=23.6% >exp= 0.0% el=11h38m eta=24h43m
  ep  1920/5000 batch 3240 loss=  -0.791 pol= -0.050 vL= 0.216 kl= 0.21 H=  9.33 adv=+0.000 r̄=-0.089 succ=23.6% >exp= 0.0% el=11h40m eta=18h43m
  ep  2240/5000 batch 3260 loss=   0.440 pol=  5.393 vL= 0.325 kl= 0.29 H=  9.07 adv=-0.000 r̄=-0.500 succ=23.6% >exp= 0.0% el=11h43m eta=14h26m
  ep  2560/5000 batch 3280 loss=  -0.156 pol= -3.588 vL= 0.125 kl= 0.13 H= 14.77 adv=+0.000 r̄=-0.299 succ=23.6% >exp= 0.0% el=11h45m eta=11h12m
  ep  2880/5000 batch 3300 loss=  -0.615 pol= -1.417 vL= 0.121 kl= 0.33 H= 11.22 adv=+0.000 r̄=-0.239 succ=23.6% >exp= 0.0% el=11h48m eta=8h41m
  ep  3200/5000 batch 3320 loss=   0.322 pol= -0.099 vL= 0.117 kl= 0.32 H= 13.04 adv=+0.000 r̄=-0.344 succ=23.6% >exp= 0.0% el=11h50m eta=6h39m
  ep  3520/5000 batch 3340 loss=   0.499 pol=  0.176 vL= 0.261 kl= 1.05 H=  6.46 adv=+0.000 r̄=-0.303 succ=23.6% >exp= 0.0% el=11h53m eta=4h59m
  ep  3840/5000 batch 3360 loss=  -0.144 pol= -1.739 vL= 0.198 kl= 0.32 H= 10.27 adv=-0.000 r̄=-0.243 succ=23.6% >exp= 0.0% el=11h55m eta=3h36m
  ep  4160/5000 batch 3380 loss=   1.217 pol=  0.500 vL= 0.234 kl= 0.59 H=  9.06 adv=+0.000 r̄=-0.210 succ=23.6% >exp= 0.0% el=11h58m eta=2h25m
  ep  4480/5000 batch 3400 loss=  -0.171 pol= -0.504 vL= 0.236 kl= 0.30 H=  6.84 adv=-0.000 r̄=-0.165 succ=23.6% >exp= 0.0% el=12h00m eta=1h23m
  ep  4800/5000 batch 3420 loss=   0.911 pol= -1.605 vL= 0.061 kl= 0.32 H= 11.29 adv=+0.000 r̄=-0.354 succ=23.6% >exp= 0.0% el=12h03m eta=30m08s
  >>> Epoch 11/20 DONE: succ=23.7% (1185/5000) mean_loss= 0.1580 mean_reward=-0.261 mean_KL=0.303 mean_H=10.98 epoch_time=38m51s

=== Epoch 12/20 — resetting substrate ===
  ep   128/5000 batch 3440 loss=  -0.928 pol= -3.970 vL= 0.270 kl= 0.28 H= 11.67 adv=-0.000 r̄=-0.141 succ=23.6% >exp= 0.0% el=12h06m eta=460h35m
  ep   448/5000 batch 3460 loss=   0.386 pol= -1.776 vL= 0.072 kl= 0.17 H=  9.68 adv=-0.000 r̄=-0.136 succ=23.6% >exp= 0.0% el=12h08m eta=123h24m
  ep   768/5000 batch 3480 loss=  -0.385 pol=  2.169 vL= 0.089 kl= 0.22 H= 13.42 adv=-0.000 r̄=-0.406 succ=23.6% >exp= 0.0% el=12h11m eta=67h09m
  ep  1088/5000 batch 3500 loss=  -0.054 pol= -1.099 vL= 0.263 kl= 0.32 H=  9.18 adv=+0.000 r̄=-0.181 succ=23.6% >exp= 0.0% el=12h13m eta=43h58m
  ep  1408/5000 batch 3520 loss=  -0.511 pol=  0.010 vL= 0.041 kl= 0.20 H= 14.06 adv=+0.000 r̄=-0.378 succ=23.6% >exp= 0.0% el=12h16m eta=31h18m
  ep  1728/5000 batch 3540 loss=   1.176 pol=  3.898 vL= 0.159 kl= 0.17 H= 12.30 adv=-0.000 r̄=-0.348 succ=23.5% >exp= 0.0% el=12h18m eta=23h19m
  ep  2048/5000 batch 3560 loss=  -1.066 pol= -2.113 vL= 0.207 kl= 0.23 H=  9.67 adv=+0.000 r̄=-0.102 succ=23.6% >exp= 0.0% el=12h21m eta=17h49m
  ep  2368/5000 batch 3580 loss=  -1.367 pol= -0.590 vL= 0.165 kl= 0.27 H= 12.32 adv=+0.000 r̄=-0.245 succ=23.6% >exp= 0.0% el=12h24m eta=13h47m
  ep  2688/5000 batch 3600 loss=   0.378 pol= -2.606 vL= 0.048 kl= 0.17 H= 10.34 adv=-0.000 r̄=-0.166 succ=23.6% >exp= 0.0% el=12h26m eta=10h42m
  ep  3008/5000 batch 3620 loss=   1.142 pol=  4.503 vL= 0.173 kl= 0.61 H=  8.27 adv=+0.000 r̄=-0.422 succ=23.6% >exp= 0.0% el=12h29m eta=8h16m
  ep  3328/5000 batch 3640 loss=   0.137 pol= -0.647 vL= 0.041 kl= 0.15 H= 11.35 adv=+0.000 r̄=-0.333 succ=23.6% >exp= 0.0% el=12h31m eta=6h17m
  ep  3648/5000 batch 3660 loss=   0.204 pol= -2.193 vL= 0.169 kl= 0.15 H= 11.54 adv=-0.000 r̄=-0.227 succ=23.6% >exp= 0.0% el=12h34m eta=4h39m
  ep  3968/5000 batch 3680 loss=   0.070 pol=  2.806 vL= 0.329 kl= 0.18 H=  8.77 adv=+0.000 r̄=-0.288 succ=23.6% >exp= 0.0% el=12h37m eta=3h16m
  ep  4288/5000 batch 3700 loss=   0.305 pol=  0.309 vL= 0.024 kl= 0.11 H= 13.68 adv=-0.000 r̄=-0.465 succ=23.6% >exp= 0.0% el=12h39m eta=2h06m
  ep  4608/5000 batch 3720 loss=  -0.585 pol= -2.498 vL= 0.120 kl= 0.25 H= 14.78 adv=+0.000 r̄=-0.384 succ=23.6% >exp= 0.0% el=12h51m eta=1h05m
  ep  4928/5000 batch 3740 loss=  -0.375 pol= -1.320 vL= 0.243 kl= 0.14 H= 12.61 adv=+0.000 r̄=-0.144 succ=23.6% >exp= 0.0% el=12h53m eta=11m18s
  >>> Epoch 12/20 DONE: succ=23.4% (1170/5000) mean_loss=-0.0984 mean_reward=-0.256 mean_KL=0.226 mean_H=11.30 epoch_time=49m11s

=== Epoch 13/20 — resetting substrate ===
  ep   256/5000 batch 3760 loss=  -0.161 pol= -0.484 vL= 0.062 kl= 0.13 H= 14.52 adv=+0.000 r̄=-0.341 succ=23.6% >exp= 0.0% el=12h56m eta=239h42m
  ep   576/5000 batch 3780 loss=   0.497 pol= -0.889 vL= 0.128 kl= 0.17 H= 10.08 adv=+0.000 r̄=-0.218 succ=23.6% >exp= 0.0% el=12h58m eta=99h40m
  ep   896/5000 batch 3800 loss=   0.118 pol= -1.352 vL= 0.099 kl= 0.10 H= 13.14 adv=+0.000 r̄=-0.271 succ=23.6% >exp= 0.0% el=13h00m eta=59h36m
  ep  1216/5000 batch 3820 loss=  -0.441 pol=  1.596 vL= 0.139 kl= 0.32 H= 10.95 adv=+0.000 r̄=-0.425 succ=23.6% >exp= 0.0% el=13h03m eta=40h37m
  ep  1536/5000 batch 3840 loss=   0.290 pol= -0.644 vL= 0.172 kl= 0.50 H= 10.50 adv=-0.000 r̄=-0.311 succ=23.6% >exp= 0.0% el=13h05m eta=29h32m
  ep  1856/5000 batch 3860 loss=   0.035 pol=  2.180 vL= 0.194 kl= 0.20 H= 12.32 adv=-0.000 r̄=-0.291 succ=23.6% >exp= 0.0% el=13h08m eta=22h15m
  ep  2176/5000 batch 3880 loss=  -1.081 pol= -4.160 vL= 0.083 kl= 0.26 H= 11.83 adv=+0.000 r̄=-0.258 succ=23.6% >exp= 0.0% el=13h10m eta=17h06m
  ep  2496/5000 batch 3900 loss=   0.376 pol= -2.376 vL= 0.219 kl= 0.33 H= 10.32 adv=+0.000 r̄=-0.294 succ=23.6% >exp= 0.0% el=13h13m eta=13h15m
  ep  2816/5000 batch 3920 loss=   0.565 pol= -0.501 vL= 0.241 kl= 0.16 H= 10.42 adv=-0.000 r̄=-0.279 succ=23.6% >exp= 0.0% el=13h15m eta=10h17m
  ep  3136/5000 batch 3940 loss=  -0.331 pol= -0.315 vL= 0.121 kl= 0.17 H=  9.33 adv=+0.000 r̄=-0.273 succ=23.6% >exp= 0.0% el=13h18m eta=7h54m
  ep  3456/5000 batch 3960 loss=   1.080 pol=  2.425 vL= 0.367 kl= 0.20 H= 14.41 adv=+0.000 r̄=-0.538 succ=23.6% >exp= 0.0% el=13h20m eta=5h57m
  ep  3776/5000 batch 3980 loss=  -0.370 pol= -0.712 vL= 0.240 kl= 0.14 H=  9.63 adv=+0.000 r̄=-0.294 succ=23.6% >exp= 0.0% el=13h23m eta=4h20m
  ep  4096/5000 batch 4000 loss=   0.288 pol=  3.340 vL= 0.090 kl= 0.13 H= 10.70 adv=+0.000 r̄=-0.279 succ=23.6% >exp= 0.0% el=13h26m eta=2h57m
  ep  4416/5000 batch 4020 loss=  -0.513 pol= -0.327 vL= 0.189 kl= 0.08 H=  7.95 adv=+0.000 r̄=-0.349 succ=23.6% >exp= 0.0% el=13h28m eta=1h46m
  ep  4736/5000 batch 4040 loss=   0.038 pol=  2.576 vL= 0.055 kl= 0.14 H= 11.54 adv=+0.000 r̄=-0.473 succ=23.6% >exp= 0.0% el=13h31m eta=45m12s
  >>> Epoch 13/20 DONE: succ=23.8% (1189/5000) mean_loss=-0.0069 mean_reward=-0.260 mean_KL=0.194 mean_H=10.43 epoch_time=39m16s

=== Epoch 14/20 — resetting substrate ===
  ep    64/5000 batch 4060 loss=  -0.898 pol= -0.877 vL= 0.165 kl= 0.28 H=  7.94 adv=+0.000 r̄=-0.206 succ=23.6% >exp= 0.0% el=13h34m eta=1046h24m
  ep   384/5000 batch 4080 loss=   1.130 pol=  2.008 vL= 0.108 kl= 0.20 H=  9.38 adv=+0.000 r̄=-0.312 succ=23.6% >exp= 0.0% el=13h36m eta=163h37m
  ep   704/5000 batch 4100 loss=   0.596 pol= -3.004 vL= 0.157 kl= 0.23 H= 10.47 adv=+0.000 r̄=-0.114 succ=23.6% >exp= 0.0% el=13h39m eta=83h18m
  ep  1024/5000 batch 4120 loss=  -1.065 pol=  1.942 vL= 0.103 kl= 0.19 H= 10.43 adv=-0.000 r̄=-0.406 succ=23.5% >exp= 0.0% el=13h41m eta=53h10m
  ep  1344/5000 batch 4140 loss=  -0.638 pol= -1.049 vL= 0.259 kl= 0.31 H=  7.53 adv=-0.000 r̄=-0.090 succ=23.6% >exp= 0.0% el=13h44m eta=37h22m
  ep  1664/5000 batch 4160 loss=  -0.275 pol= -1.548 vL= 0.122 kl= 0.53 H=  9.39 adv=+0.000 r̄=-0.078 succ=23.5% >exp= 0.0% el=13h47m eta=27h38m
  ep  1984/5000 batch 4180 loss=   0.688 pol= -0.876 vL= 0.063 kl= 0.37 H= 10.18 adv=+0.000 r̄=-0.227 succ=23.6% >exp= 0.0% el=13h50m eta=21h01m
  ep  2304/5000 batch 4200 loss=   0.749 pol= -1.130 vL= 0.077 kl= 0.12 H= 11.74 adv=-0.000 r̄=-0.165 succ=23.5% >exp= 0.0% el=14h08m eta=16h32m
  ep  2624/5000 batch 4220 loss=  -0.765 pol= -1.388 vL= 0.228 kl= 0.14 H= 11.57 adv=-0.000 r̄=-0.165 succ=23.5% >exp= 0.0% el=14h10m eta=12h49m
  ep  2944/5000 batch 4240 loss=  -0.467 pol= -1.223 vL= 0.028 kl= 0.13 H= 12.20 adv=+0.000 r̄=-0.317 succ=23.5% >exp= 0.0% el=14h12m eta=9h55m
  ep  3264/5000 batch 4260 loss=   0.579 pol= -2.297 vL= 0.063 kl= 0.10 H= 12.03 adv=+0.000 r̄=-0.279 succ=23.5% >exp= 0.0% el=14h15m eta=7h34m
  ep  3584/5000 batch 4280 loss=   0.467 pol= -1.964 vL= 0.204 kl= 0.13 H= 11.14 adv=+0.000 r̄=-0.223 succ=23.5% >exp= 0.0% el=14h17m eta=5h38m
  ep  3904/5000 batch 4300 loss=  -0.558 pol= -0.223 vL= 0.326 kl= 0.35 H=  8.92 adv=-0.000 r̄=-0.001 succ=23.5% >exp= 0.0% el=14h20m eta=4h01m
  ep  4224/5000 batch 4320 loss=  -0.197 pol= -2.106 vL= 0.139 kl= 0.18 H= 10.52 adv=+0.000 r̄=-0.063 succ=23.5% >exp= 0.0% el=14h22m eta=2h38m
  ep  4544/5000 batch 4340 loss=  -0.060 pol=  2.330 vL= 0.187 kl= 0.19 H= 12.05 adv=+0.000 r̄=-0.258 succ=23.6% >exp= 0.0% el=14h24m eta=1h26m
  ep  4864/5000 batch 4360 loss=   0.701 pol=  4.832 vL= 0.089 kl= 0.29 H= 12.45 adv=+0.000 r̄=-0.512 succ=23.6% >exp= 0.0% el=14h27m eta=24m15s
  >>> Epoch 14/20 DONE: succ=23.3% (1165/5000) mean_loss= 0.0408 mean_reward=-0.265 mean_KL=0.219 mean_H=10.53 epoch_time=55m09s

=== Epoch 15/20 — resetting substrate ===
  ep   192/5000 batch 4380 loss=   0.252 pol=  4.416 vL= 0.121 kl= 0.38 H= 10.20 adv=-0.000 r̄=-0.412 succ=23.6% >exp= 0.0% el=14h30m eta=363h09m
  ep   512/5000 batch 4400 loss=   0.332 pol=  0.067 vL= 0.120 kl= 0.21 H= 10.03 adv=+0.000 r̄=-0.328 succ=23.6% >exp= 0.0% el=14h32m eta=127h29m
  ep   832/5000 batch 4420 loss=  -0.250 pol= -0.620 vL= 0.278 kl= 0.19 H= 12.64 adv=+0.000 r̄=-0.241 succ=23.5% >exp= 0.0% el=14h35m eta=73h03m
  ep  1152/5000 batch 4440 loss=  -0.464 pol=  0.204 vL= 0.111 kl= 0.09 H= 11.33 adv=+0.000 r̄=-0.316 succ=23.5% >exp= 0.0% el=14h37m eta=48h51m
  ep  1472/5000 batch 4460 loss=  -0.796 pol=  1.494 vL= 0.171 kl= 0.15 H= 11.67 adv=+0.000 r̄=-0.238 succ=23.5% >exp= 0.0% el=14h40m eta=35h10m
  ep  1792/5000 batch 4480 loss=   0.618 pol=  3.660 vL= 0.139 kl= 0.13 H= 10.96 adv=-0.000 r̄=-0.312 succ=23.5% >exp= 0.0% el=14h43m eta=26h21m
  ep  2112/5000 batch 4500 loss=  -0.891 pol= -2.467 vL= 0.183 kl= 0.16 H= 10.75 adv=-0.000 r̄=-0.168 succ=23.5% >exp= 0.0% el=14h46m eta=20h12m
  ep  2432/5000 batch 4520 loss=   2.181 pol=  5.762 vL= 0.054 kl= 0.16 H= 14.59 adv=+0.000 r̄=-0.477 succ=23.5% >exp= 0.0% el=14h48m eta=15h38m
  ep  2752/5000 batch 4540 loss=   0.772 pol=  1.899 vL= 0.304 kl= 0.27 H=  7.83 adv=+0.000 r̄=-0.276 succ=23.5% >exp= 0.0% el=14h51m eta=12h08m
  ep  3072/5000 batch 4560 loss=  -0.789 pol= -0.371 vL= 0.287 kl= 0.27 H=  8.75 adv=-0.000 r̄=-0.170 succ=23.6% >exp= 0.0% el=14h54m eta=9h21m
  ep  3392/5000 batch 4580 loss=   0.726 pol= -0.069 vL= 0.207 kl= 0.27 H=  7.41 adv=+0.000 r̄=-0.306 succ=23.6% >exp= 0.0% el=14h57m eta=7h05m
  ep  3712/5000 batch 4600 loss=   0.007 pol= -2.141 vL= 0.147 kl= 0.37 H= 10.65 adv=+0.000 r̄=-0.136 succ=23.6% >exp= 0.0% el=15h00m eta=5h12m
  ep  4032/5000 batch 4620 loss=   0.205 pol=  3.347 vL= 0.126 kl= 0.44 H=  8.46 adv=-0.000 r̄=-0.449 succ=23.6% >exp= 0.0% el=15h02m eta=3h36m
  ep  4352/5000 batch 4640 loss=  -0.286 pol=  6.479 vL= 0.107 kl= 0.49 H= 13.86 adv=-0.000 r̄=-0.489 succ=23.6% >exp= 0.0% el=15h05m eta=2h14m
  ep  4672/5000 batch 4660 loss=   0.223 pol=  0.611 vL= 0.212 kl= 0.63 H=  5.34 adv=-0.000 r̄=-0.182 succ=23.5% >exp= 0.0% el=15h25m eta=1h05m
  ep  4992/5000 batch 4680 loss=  -0.913 pol= -1.334 vL= 0.373 kl= 0.43 H= 10.97 adv=+0.000 r̄=-0.333 succ=23.5% >exp= 0.0% el=15h28m eta= 1m29s
  >>> Epoch 15/20 DONE: succ=23.4% (1168/5000) mean_loss= 0.0568 mean_reward=-0.264 mean_KL=0.308 mean_H=10.94 epoch_time=59m48s

=== Epoch 16/20 — resetting substrate ===
  ep   320/5000 batch 4700 loss=  -0.437 pol=  2.020 vL= 0.112 kl= 0.74 H= 10.50 adv=-0.000 r̄=-0.163 succ=23.6% >exp= 0.0% el=15h30m eta=226h52m
  ep   640/5000 batch 4720 loss=   0.719 pol= -2.328 vL= 0.257 kl= 0.16 H=  9.21 adv=+0.000 r̄= 0.003 succ=23.5% >exp= 0.0% el=15h33m eta=105h57m
  ep   960/5000 batch 4740 loss=  -0.735 pol= -3.048 vL= 0.168 kl= 0.33 H= 11.22 adv=-0.000 r̄=-0.108 succ=23.5% >exp= 0.0% el=15h35m eta=65h37m
  ep  1280/5000 batch 4760 loss=  -0.552 pol=  0.560 vL= 0.074 kl= 0.16 H= 12.40 adv=+0.000 r̄=-0.367 succ=23.6% >exp= 0.0% el=15h38m eta=45h26m
  ep  1600/5000 batch 4780 loss=   1.333 pol=  2.487 vL= 0.147 kl= 0.58 H=  9.71 adv=+0.000 r̄=-0.417 succ=23.5% >exp= 0.0% el=15h40m eta=33h18m
  ep  1920/5000 batch 4800 loss=  -1.021 pol=  2.618 vL= 0.381 kl= 0.30 H=  8.80 adv=+0.000 r̄=-0.332 succ=23.6% >exp= 0.0% el=15h42m eta=25h12m
  ep  2240/5000 batch 4820 loss=  -0.937 pol= -3.928 vL= 0.076 kl= 0.72 H= 10.39 adv=-0.000 r̄= 0.007 succ=23.6% >exp= 0.0% el=15h45m eta=19h24m
  ep  2560/5000 batch 4840 loss=  -1.335 pol= -1.899 vL= 0.095 kl= 0.36 H= 15.79 adv=+0.000 r̄=-0.319 succ=23.6% >exp= 0.0% el=15h48m eta=15h03m
  ep  2880/5000 batch 4860 loss=   0.374 pol= -0.371 vL= 0.126 kl= 0.37 H= 11.64 adv=+0.000 r̄=-0.262 succ=23.6% >exp= 0.0% el=15h50m eta=11h39m
  ep  3200/5000 batch 4880 loss=   0.054 pol=  2.063 vL= 0.142 kl= 0.22 H= 13.06 adv=+0.000 r̄=-0.336 succ=23.6% >exp= 0.0% el=15h53m eta=8h56m
  ep  3520/5000 batch 4900 loss=   0.717 pol= -0.458 vL= 0.327 kl= 0.48 H=  7.24 adv=+0.000 r̄=-0.181 succ=23.6% >exp= 0.0% el=16h22m eta=6h52m
  ep  3840/5000 batch 4920 loss=  -0.905 pol= -1.407 vL= 0.136 kl= 0.24 H= 11.24 adv=+0.000 r̄=-0.228 succ=23.6% >exp= 0.0% el=16h23m eta=4h57m
  ep  4160/5000 batch 4940 loss=  -0.214 pol=  1.489 vL= 0.199 kl= 0.13 H= 10.32 adv=-0.000 r̄=-0.339 succ=23.6% >exp= 0.0% el=16h25m eta=3h18m
  ep  4480/5000 batch 4960 loss=   1.398 pol= -1.524 vL= 0.159 kl= 0.20 H=  8.13 adv=-0.000 r̄=-0.113 succ=23.6% >exp= 0.0% el=16h26m eta=1h54m
  ep  4800/5000 batch 4980 loss=  -0.044 pol= -0.889 vL= 0.090 kl= 0.25 H= 13.08 adv=+0.000 r̄=-0.325 succ=23.6% >exp= 0.0% el=16h27m eta=41m09s
  >>> Epoch 16/20 DONE: succ=24.3% (1214/5000) mean_loss=-0.1227 mean_reward=-0.246 mean_KL=0.324 mean_H=11.53 epoch_time=1h00m

=== Epoch 17/20 — resetting substrate ===
  ep   128/5000 batch 5000 loss=  -0.682 pol= -0.486 vL= 0.087 kl= 0.28 H= 11.14 adv=-0.000 r̄=-0.269 succ=23.6% >exp= 0.0% el=16h29m eta=627h42m
  ep   448/5000 batch 5020 loss=   0.179 pol=  1.147 vL= 0.151 kl= 0.65 H=  8.70 adv=+0.000 r̄=-0.350 succ=23.6% >exp= 0.0% el=16h31m eta=167h50m
  ep   768/5000 batch 5040 loss=   0.908 pol= -1.044 vL= 0.143 kl= 0.31 H= 10.77 adv=+0.000 r̄=-0.268 succ=23.6% >exp= 0.0% el=16h32m eta=91h09m
  ep  1088/5000 batch 5060 loss=   0.589 pol= -1.011 vL= 0.142 kl= 0.45 H=  6.91 adv=-0.000 r̄=-0.193 succ=23.6% >exp= 0.0% el=16h34m eta=59h34m
  ep  1408/5000 batch 5080 loss=  -0.244 pol=  4.266 vL= 0.119 kl= 0.22 H= 12.12 adv=+0.000 r̄=-0.522 succ=23.6% >exp= 0.0% el=16h35m eta=42h20m
  ep  1728/5000 batch 5100 loss=  -0.112 pol= -2.340 vL= 0.162 kl= 0.14 H= 12.10 adv=+0.000 r̄=-0.023 succ=23.6% >exp= 0.0% el=16h37m eta=31h28m
  ep  2048/5000 batch 5120 loss=   0.364 pol=  0.033 vL= 0.120 kl= 0.31 H=  8.78 adv=+0.000 r̄=-0.189 succ=23.6% >exp= 0.0% el=16h39m eta=24h00m
  ep  2368/5000 batch 5140 loss=  -1.117 pol=  2.683 vL= 0.227 kl= 0.18 H= 12.41 adv=+0.000 r̄=-0.386 succ=23.6% >exp= 0.0% el=16h40m eta=18h32m
  ep  2688/5000 batch 5160 loss=  -0.607 pol= -3.411 vL= 0.094 kl= 0.18 H= 10.32 adv=+0.000 r̄=-0.130 succ=23.6% >exp= 0.0% el=16h42m eta=14h22m
  ep  3008/5000 batch 5180 loss=   0.650 pol= -0.537 vL= 0.201 kl= 0.32 H=  9.13 adv=-0.000 r̄=-0.184 succ=23.6% >exp= 0.0% el=16h44m eta=11h05m
  ep  3328/5000 batch 5200 loss=  -0.732 pol= -0.524 vL= 0.092 kl= 0.25 H= 11.50 adv=-0.000 r̄=-0.361 succ=23.6% >exp= 0.0% el=16h46m eta=8h25m
  ep  3648/5000 batch 5220 loss=  -0.260 pol= -2.976 vL= 0.072 kl= 0.24 H= 12.61 adv=-0.000 r̄=-0.271 succ=23.6% >exp= 0.0% el=16h48m eta=6h13m
  ep  3968/5000 batch 5240 loss=   0.492 pol= -0.916 vL= 0.232 kl= 0.38 H=  7.60 adv=+0.000 r̄= 0.103 succ=23.6% >exp= 0.0% el=16h50m eta=4h22m
  ep  4288/5000 batch 5260 loss=  -0.432 pol= -3.480 vL= 0.123 kl= 0.28 H= 11.70 adv=-0.000 r̄=-0.304 succ=23.6% >exp= 0.0% el=16h52m eta=2h48m
  ep  4608/5000 batch 5280 loss=   1.016 pol=  0.973 vL= 0.041 kl= 0.18 H= 13.80 adv=+0.000 r̄=-0.351 succ=23.6% >exp= 0.0% el=16h53m eta=1h26m
  ep  4928/5000 batch 5300 loss=  -0.791 pol= -4.088 vL= 0.293 kl= 0.26 H= 12.84 adv=+0.000 r̄=-0.087 succ=23.6% >exp= 0.0% el=16h55m eta=14m50s
  >>> Epoch 17/20 DONE: succ=24.6% (1228/5000) mean_loss=-0.0880 mean_reward=-0.252 mean_KL=0.293 mean_H=10.67 epoch_time=27m37s

=== Epoch 18/20 — resetting substrate ===
  ep   256/5000 batch 5320 loss=  -0.480 pol=  0.108 vL= 0.030 kl= 0.28 H= 14.59 adv=-0.000 r̄=-0.399 succ=23.6% >exp= 0.0% el=16h58m eta=314h29m
  ep   576/5000 batch 5340 loss=   1.148 pol= -2.638 vL= 0.112 kl= 0.12 H= 10.85 adv=+0.000 r̄=-0.204 succ=23.6% >exp= 0.0% el=17h00m eta=130h37m
  ep   896/5000 batch 5360 loss=  -0.394 pol= -3.492 vL= 0.050 kl= 0.10 H= 13.32 adv=+0.000 r̄=-0.207 succ=23.6% >exp= 0.0% el=17h02m eta=78h03m
  ep  1216/5000 batch 5380 loss=   0.336 pol=  0.671 vL= 0.169 kl= 0.16 H= 12.63 adv=+0.000 r̄=-0.250 succ=23.6% >exp= 0.0% el=17h04m eta=53h08m
  ep  1536/5000 batch 5400 loss=   0.233 pol= -0.752 vL= 0.103 kl= 0.31 H= 11.95 adv=-0.000 r̄=-0.279 succ=23.6% >exp= 0.0% el=17h07m eta=38h36m
  ep  1856/5000 batch 5420 loss=  -0.028 pol=  2.360 vL= 0.183 kl= 0.14 H= 12.35 adv=+0.000 r̄=-0.217 succ=23.6% >exp= 0.0% el=17h09m eta=29h04m
  ep  2176/5000 batch 5440 loss=   0.771 pol=  2.188 vL= 0.164 kl= 0.14 H= 13.06 adv=-0.000 r̄=-0.397 succ=23.6% >exp= 0.0% el=17h12m eta=22h19m
  ep  2496/5000 batch 5460 loss=  -0.368 pol=  1.259 vL= 0.197 kl= 0.07 H= 10.78 adv=+0.000 r̄=-0.330 succ=23.6% >exp= 0.0% el=17h14m eta=17h17m
  ep  2816/5000 batch 5480 loss=  -0.300 pol=  0.418 vL= 0.087 kl= 0.14 H= 11.37 adv=-0.000 r̄=-0.354 succ=23.6% >exp= 0.0% el=17h15m eta=13h23m
  ep  3136/5000 batch 5500 loss=  -0.542 pol= -1.933 vL= 0.213 kl= 0.18 H=  9.34 adv=+0.000 r̄=-0.131 succ=23.6% >exp= 0.0% el=17h18m eta=10h17m
  ep  3456/5000 batch 5520 loss=   0.851 pol=  1.181 vL= 0.151 kl= 0.12 H= 14.11 adv=+0.000 r̄=-0.372 succ=23.6% >exp= 0.0% el=17h20m eta=7h44m
  ep  3776/5000 batch 5540 loss=   0.324 pol= -1.368 vL= 0.153 kl= 0.48 H=  9.50 adv=+0.000 r̄=-0.310 succ=23.6% >exp= 0.0% el=17h23m eta=5h38m
  ep  4096/5000 batch 5560 loss=  -0.346 pol=  2.046 vL= 0.435 kl= 0.31 H=  9.35 adv=-0.000 r̄=-0.525 succ=23.6% >exp= 0.0% el=17h25m eta=3h50m
  ep  4416/5000 batch 5580 loss=   0.143 pol=  1.763 vL= 0.132 kl= 0.41 H=  7.57 adv=-0.000 r̄=-0.389 succ=23.6% >exp= 0.0% el=17h28m eta=2h18m
  ep  4736/5000 batch 5600 loss=  -0.106 pol=  4.540 vL= 0.029 kl= 0.16 H= 12.02 adv=+0.000 r̄=-0.500 succ=23.6% >exp= 0.0% el=17h31m eta=58m36s
  >>> Epoch 18/20 DONE: succ=23.1% (1156/5000) mean_loss= 0.0930 mean_reward=-0.267 mean_KL=0.256 mean_H=10.75 epoch_time=37m05s

=== Epoch 19/20 — resetting substrate ===
  ep    64/5000 batch 5620 loss=  -1.001 pol= -1.523 vL= 0.261 kl= 0.32 H=  9.82 adv=-0.000 r̄=-0.252 succ=23.6% >exp= 0.0% el=17h34m eta=1354h57m
  ep   384/5000 batch 5640 loss=   0.050 pol=  0.574 vL= 0.138 kl= 0.21 H= 11.26 adv=-0.000 r̄=-0.226 succ=23.6% >exp= 0.0% el=17h36m eta=211h36m
  ep   704/5000 batch 5660 loss=   0.169 pol= -0.702 vL= 0.141 kl= 0.28 H= 13.38 adv=+0.000 r̄=-0.248 succ=23.6% >exp= 0.0% el=17h38m eta=107h37m
  ep  1024/5000 batch 5680 loss=  -1.595 pol=  4.628 vL= 0.189 kl= 0.15 H= 11.61 adv=+0.000 r̄=-0.510 succ=23.6% >exp= 0.0% el=17h40m eta=68h37m
  ep  1344/5000 batch 5700 loss=   0.023 pol= -2.281 vL= 0.245 kl= 0.21 H= 10.21 adv=+0.000 r̄=-0.066 succ=23.6% >exp= 0.0% el=17h42m eta=48h09m
  ep  1664/5000 batch 5720 loss=   0.143 pol=  0.405 vL= 0.202 kl= 0.32 H= 10.82 adv=-0.000 r̄=-0.101 succ=23.6% >exp= 0.0% el=17h44m eta=35h33m
  ep  1984/5000 batch 5740 loss=  -0.804 pol=  2.129 vL= 0.053 kl= 0.51 H= 14.63 adv=-0.000 r̄=-0.362 succ=23.6% >exp= 0.0% el=17h46m eta=27h00m
  ep  2304/5000 batch 5760 loss=  -0.135 pol= -2.299 vL= 0.245 kl= 0.17 H= 13.55 adv=-0.000 r̄=-0.085 succ=23.6% >exp= 0.0% el=17h48m eta=20h49m
  ep  2624/5000 batch 5780 loss=   0.643 pol= -0.936 vL= 0.162 kl= 0.13 H= 12.14 adv=-0.000 r̄=-0.057 succ=23.6% >exp= 0.0% el=17h50m eta=16h09m
  ep  2944/5000 batch 5800 loss=   0.687 pol= -1.049 vL= 0.050 kl= 0.11 H= 13.02 adv=-0.000 r̄=-0.306 succ=23.6% >exp= 0.0% el=17h52m eta=12h28m
  ep  3264/5000 batch 5820 loss=  -0.333 pol=  4.185 vL= 0.075 kl= 0.16 H= 11.73 adv=+0.000 r̄=-0.388 succ=23.6% >exp= 0.0% el=17h54m eta=9h31m
  ep  3584/5000 batch 5840 loss=   0.186 pol= -0.172 vL= 0.088 kl= 0.11 H= 10.35 adv=-0.000 r̄=-0.126 succ=23.6% >exp= 0.0% el=17h56m eta=7h05m
  ep  3904/5000 batch 5860 loss=   1.196 pol= -1.206 vL= 0.315 kl= 0.14 H=  7.70 adv=-0.000 r̄= 0.046 succ=23.6% >exp= 0.0% el=17h58m eta=5h02m
  ep  4224/5000 batch 5880 loss=  -1.197 pol= -3.920 vL= 0.280 kl= 0.16 H= 10.01 adv=-0.000 r̄= 0.030 succ=23.6% >exp= 0.0% el=18h01m eta=3h18m
  ep  4544/5000 batch 5900 loss=  -0.781 pol= -2.044 vL= 0.145 kl= 0.19 H= 11.98 adv=+0.000 r̄=-0.269 succ=23.6% >exp= 0.0% el=18h03m eta=1h48m
  ep  4864/5000 batch 5920 loss=  -0.763 pol= -2.491 vL= 0.069 kl= 0.40 H= 13.40 adv=-0.000 r̄=-0.309 succ=23.6% >exp= 0.0% el=18h06m eta=30m22s
  >>> Epoch 19/20 DONE: succ=23.7% (1187/5000) mean_loss=-0.1930 mean_reward=-0.260 mean_KL=0.262 mean_H=11.68 epoch_time=33m25s

=== Epoch 20/20 — resetting substrate ===
  ep   192/5000 batch 5940 loss=   0.002 pol=  6.205 vL= 0.208 kl= 0.17 H= 10.41 adv=+0.000 r̄=-0.486 succ=23.6% >exp= 0.0% el=18h08m eta=454h12m
  ep   512/5000 batch 5960 loss=  -0.219 pol= -1.216 vL= 0.162 kl= 0.14 H= 11.02 adv=+0.000 r̄=-0.313 succ=23.6% >exp= 0.0% el=18h10m eta=159h19m
  ep   832/5000 batch 5980 loss=   1.072 pol=  0.467 vL= 0.240 kl= 0.15 H= 12.10 adv=+0.000 r̄=-0.273 succ=23.6% >exp= 0.0% el=18h12m eta=91h14m
  ep  1152/5000 batch 6000 loss=  -1.646 pol= -0.466 vL= 0.078 kl= 0.14 H= 11.77 adv=+0.000 r̄=-0.303 succ=23.6% >exp= 0.0% el=18h15m eta=61h00m
  ep  1472/5000 batch 6020 loss=   0.300 pol=  2.080 vL= 0.239 kl= 0.10 H= 11.11 adv=-0.000 r̄=-0.347 succ=23.6% >exp= 0.0% el=18h18m eta=43h52m
  ep  1792/5000 batch 6040 loss=  -0.118 pol=  0.134 vL= 0.165 kl= 0.12 H= 11.26 adv=+0.000 r̄=-0.206 succ=23.6% >exp= 0.0% el=18h20m eta=32h50m
  ep  2112/5000 batch 6060 loss=  -0.225 pol=  1.630 vL= 0.182 kl= 0.30 H= 11.88 adv=-0.000 r̄=-0.404 succ=23.6% >exp= 0.0% el=18h22m eta=25h08m
  ep  2432/5000 batch 6080 loss=  -0.487 pol=  4.263 vL= 0.042 kl= 0.22 H= 15.89 adv=+0.000 r̄=-0.466 succ=23.6% >exp= 0.0% el=18h25m eta=19h27m
  ep  2752/5000 batch 6100 loss=   0.113 pol=  1.401 vL= 0.139 kl= 0.18 H=  9.18 adv=-0.000 r̄=-0.081 succ=23.6% >exp= 0.0% el=18h27m eta=15h04m
  ep  3072/5000 batch 6120 loss=  -0.936 pol= -1.920 vL= 0.129 kl= 0.13 H= 10.42 adv=+0.000 r̄=-0.059 succ=23.6% >exp= 0.0% el=18h29m eta=11h36m
  ep  3392/5000 batch 6140 loss=   0.314 pol=  3.291 vL= 0.186 kl= 0.15 H=  7.53 adv=-0.000 r̄=-0.318 succ=23.6% >exp= 0.0% el=18h31m eta=8h47m
  ep  3712/5000 batch 6160 loss=   0.988 pol= -3.073 vL= 0.130 kl= 0.14 H= 11.55 adv=+0.000 r̄=-0.100 succ=23.6% >exp= 0.0% el=18h33m eta=6h26m
  ep  4032/5000 batch 6180 loss=  -0.607 pol= -1.755 vL= 0.270 kl= 0.20 H=  8.63 adv=-0.000 r̄=-0.189 succ=23.6% >exp= 0.0% el=18h36m eta=4h27m
  ep  4352/5000 batch 6200 loss=   0.537 pol=  6.245 vL= 0.066 kl= 0.13 H= 13.39 adv=+0.000 r̄=-0.401 succ=23.6% >exp= 0.0% el=18h38m eta=2h46m
  ep  4672/5000 batch 6220 loss=   1.147 pol= -1.703 vL= 0.351 kl= 0.44 H=  6.14 adv=+0.000 r̄= 0.112 succ=23.6% >exp= 0.0% el=18h40m eta=1h18m
  ep  4992/5000 batch 6240 loss=  -0.689 pol=  4.383 vL= 0.065 kl= 0.14 H= 11.90 adv=+0.000 r̄=-0.461 succ=23.6% >exp= 0.0% el=18h43m eta= 1m47s
  >>> Epoch 20/20 DONE: succ=23.8% (1192/5000) mean_loss=-0.0153 mean_reward=-0.259 mean_KL=0.175 mean_H=11.56 epoch_time=36m10s
------------------------------------------------------------------------
  total time:               18h43m
  success rate:             23635/100000 = 23.6%
  final success_cost_ema:   253.92220861145944
  final loss avg:           -0.6886
  checkpoint saved to checkpoints/il_mp_vne_v19_100nodes_costfocused_cont4.pt
  epoch summary log: logs/ppo_v19_100nodes_costfocused_cont4_epoch_summary.csv
