Loading substrate from datasets/scenario_100nodes_train/substrate.json
Loading VNRs from datasets/scenario_100nodes_train/virtual_requests.json
  Using 5000 VNRs
  Trainable policy (il_mp_vne_v19) loaded from checkpoints/il_mp_vne_v19_100nodes_normal_cont.pt
  rollout=direct → train: cand_head + encoder + value (ordering frozen) (19394 frozen, 36293 trainable)
  Frozen reference policy loaded (KL enabled, β_KL=0.1)
PPO fine-tune: 5000 VNRs, batch=16, lr=0.0003
  baseline=critic V(s), normalize_adv=True, β_H=0.01, value_coef=0.5, reward=cost_rel α=1.0 λ=0.3, fail_r=-1.0
  checkpoint: checkpoints/il_mp_vne_v19_100nodes_normal_cont2.pt
------------------------------------------------------------------------
  ep   320/5000 batch   20 loss=   0.434 pol=  2.120 vL= 0.453 kl= 0.04 H=  9.94 adv=+0.000 r̄=-0.732 succ=23.1% >exp= 0.0% el= 2m44s eta=40m03s
  ep   640/5000 batch   40 loss=  -0.392 pol= -0.737 vL= 0.588 kl= 0.06 H= 10.00 adv=+0.000 r̄=-0.234 succ=21.6% >exp= 0.0% el= 5m40s eta=38m42s
  ep   960/5000 batch   60 loss=  -0.433 pol= -4.707 vL= 0.537 kl= 0.26 H= 13.71 adv=+0.000 r̄=-0.386 succ=21.4% >exp= 0.0% el= 8m33s eta=35m59s
  ep  1280/5000 batch   80 loss=  -0.376 pol= -0.388 vL= 0.157 kl= 0.24 H= 12.69 adv=+0.000 r̄=-0.876 succ=20.9% >exp= 0.0% el=11m24s eta=33m08s
  ep  1600/5000 batch  100 loss=   0.926 pol=  1.203 vL= 0.579 kl= 0.13 H= 10.10 adv=+0.000 r̄=-0.611 succ=20.8% >exp= 0.0% el=14m05s eta=29m55s
  ep  1920/5000 batch  120 loss=  -0.115 pol= -2.755 vL= 0.745 kl= 0.18 H=  9.07 adv=-0.000 r̄=-0.111 succ=21.5% >exp= 0.0% el=17m09s eta=27m31s
  ep  2240/5000 batch  140 loss=   0.195 pol=  1.796 vL= 0.378 kl= 0.22 H=  9.91 adv=-0.000 r̄=-0.734 succ=21.4% >exp= 0.0% el=20m28s eta=25m13s
  ep  2560/5000 batch  160 loss=  -0.295 pol= -2.573 vL= 0.298 kl= 0.18 H= 14.27 adv=-0.000 r̄=-0.518 succ=21.5% >exp= 0.0% el=24m45s eta=23m35s
  ep  2880/5000 batch  180 loss=  -0.388 pol= -0.865 vL= 0.301 kl= 0.17 H= 12.02 adv=+0.000 r̄=-0.411 succ=21.3% >exp= 0.0% el=27m42s eta=20m23s
  ep  3200/5000 batch  200 loss=  -0.088 pol=  0.038 vL= 0.336 kl= 0.14 H= 12.46 adv=-0.000 r̄=-0.778 succ=21.4% >exp= 0.0% el=30m15s eta=17m00s
  ep  3520/5000 batch  220 loss=   0.422 pol=  0.250 vL= 0.317 kl= 0.08 H=  7.65 adv=+0.000 r̄=-0.756 succ=21.3% >exp= 0.0% el=32m37s eta=13m43s
  ep  3840/5000 batch  240 loss=  -0.142 pol= -0.813 vL= 0.220 kl= 0.11 H=  9.99 adv=+0.000 r̄=-0.639 succ=21.2% >exp= 0.0% el=34m50s eta=10m31s
  ep  4160/5000 batch  260 loss=   0.245 pol= -0.885 vL= 0.681 kl= 0.05 H=  9.64 adv=+0.000 r̄=-0.384 succ=21.4% >exp= 0.0% el=37m11s eta= 7m30s
  ep  4480/5000 batch  280 loss=   0.306 pol=  0.307 vL= 0.538 kl= 0.09 H=  5.47 adv=+0.000 r̄=-0.380 succ=21.7% >exp= 0.0% el=39m50s eta= 4m37s
  ep  4800/5000 batch  300 loss=   0.511 pol= -1.053 vL= 0.284 kl= 0.07 H= 12.48 adv=+0.000 r̄=-0.779 succ=21.5% >exp= 0.0% el=42m12s eta= 1m45s
  >>> Epoch 1/10 DONE: succ=21.4% (1070/5000) mean_loss= 0.0281 mean_reward=-0.572 mean_KL=0.127 mean_H=11.09 epoch_time=43m45s

=== Epoch 2/10 — resetting substrate ===
  ep   128/5000 batch  320 loss=  -0.850 pol= -1.289 vL= 0.561 kl= 0.10 H= 11.00 adv=+0.000 r̄=-0.518 succ=21.5% >exp= 0.0% el=44m43s eta=28h22m
  ep   448/5000 batch  340 loss=   0.153 pol=  0.360 vL= 0.360 kl= 0.09 H=  9.06 adv=+0.000 r̄=-0.644 succ=21.2% >exp= 0.0% el=46m50s eta=7h55m
  ep   768/5000 batch  360 loss=   0.539 pol=  0.114 vL= 0.355 kl= 0.12 H= 11.14 adv=-0.000 r̄=-0.738 succ=21.1% >exp= 0.0% el=49m19s eta=4h31m
  ep  1088/5000 batch  380 loss=  -0.078 pol=  0.811 vL= 0.404 kl= 0.22 H=  7.86 adv=+0.000 r̄=-0.601 succ=21.2% >exp= 0.0% el=51m29s eta=3h05m
  ep  1408/5000 batch  400 loss=  -1.076 pol=  1.481 vL= 0.144 kl= 0.10 H= 12.54 adv=-0.000 r̄=-0.886 succ=21.2% >exp= 0.0% el=54m07s eta=2h18m
  ep  1728/5000 batch  420 loss=   0.150 pol= -1.450 vL= 0.289 kl= 0.31 H= 11.77 adv=+0.000 r̄=-0.627 succ=21.1% >exp= 0.0% el=56m27s eta=1h46m
  ep  2048/5000 batch  440 loss=  -0.057 pol= -0.947 vL= 0.296 kl= 0.25 H=  7.69 adv=+0.000 r̄=-0.371 succ=21.2% >exp= 0.0% el=58m56s eta=1h24m
  ep  2368/5000 batch  460 loss=   0.601 pol=  2.035 vL= 0.497 kl= 0.36 H=  9.32 adv=-0.000 r̄=-0.761 succ=21.1% >exp= 0.0% el=1h01m eta=1h08m
  ep  2688/5000 batch  480 loss=  -0.249 pol= -3.100 vL= 0.469 kl= 0.33 H=  9.64 adv=+0.000 r̄=-0.364 succ=21.2% >exp= 0.0% el=1h03m eta=54m43s
  ep  3008/5000 batch  500 loss=  -0.193 pol= -0.061 vL= 0.345 kl= 0.23 H=  8.78 adv=+0.000 r̄=-0.596 succ=21.2% >exp= 0.0% el=1h06m eta=43m44s
  ep  3328/5000 batch  520 loss=   0.384 pol= -2.097 vL= 0.438 kl= 0.19 H= 10.06 adv=-0.000 r̄=-0.514 succ=21.2% >exp= 0.0% el=1h08m eta=34m18s
  ep  3648/5000 batch  540 loss=   0.589 pol= -0.995 vL= 0.613 kl= 0.15 H= 10.04 adv=+0.000 r̄=-0.435 succ=21.3% >exp= 0.0% el=1h11m eta=26m19s
  ep  3968/5000 batch  560 loss=   0.074 pol=  0.723 vL= 0.927 kl= 0.13 H=  7.62 adv=-0.000 r̄=-0.240 succ=21.4% >exp= 0.0% el=1h13m eta=19m06s
  ep  4288/5000 batch  580 loss=  -0.053 pol=  1.844 vL= 0.240 kl= 0.16 H= 10.42 adv=+0.000 r̄=-0.889 succ=21.4% >exp= 0.0% el=1h15m eta=12m36s
  ep  4608/5000 batch  600 loss=   0.209 pol=  0.746 vL= 0.320 kl= 0.17 H= 11.27 adv=+0.000 r̄=-0.660 succ=21.5% >exp= 0.0% el=1h18m eta= 6m41s
  ep  4928/5000 batch  620 loss=  -0.282 pol=  0.219 vL= 0.560 kl= 0.14 H= 11.35 adv=-0.000 r̄=-0.483 succ=21.6% >exp= 0.0% el=1h21m eta= 1m11s
  >>> Epoch 2/10 DONE: succ=21.9% (1095/5000) mean_loss= 0.0207 mean_reward=-0.561 mean_KL=0.187 mean_H=10.08 epoch_time=38m02s

=== Epoch 3/10 — resetting substrate ===
  ep   256/5000 batch  640 loss=  -0.356 pol=  0.027 vL= 0.184 kl= 0.07 H= 13.76 adv=+0.000 r̄=-0.767 succ=21.9% >exp= 0.0% el=1h23m eta=25h53m
  ep   576/5000 batch  660 loss=   0.300 pol= -0.550 vL= 0.221 kl= 0.08 H= 10.70 adv=+0.000 r̄=-0.742 succ=21.8% >exp= 0.0% el=1h26m eta=11h00m
  ep   896/5000 batch  680 loss=  -0.395 pol= -1.087 vL= 0.421 kl= 0.14 H= 11.64 adv=+0.000 r̄=-0.425 succ=21.8% >exp= 0.0% el=1h28m eta=6h44m
  ep  1216/5000 batch  700 loss=  -0.117 pol=  1.195 vL= 0.262 kl= 0.15 H= 10.45 adv=-0.000 r̄=-0.866 succ=21.8% >exp= 0.0% el=1h30m eta=4h41m
  ep  1536/5000 batch  720 loss=  -0.150 pol=  0.432 vL= 0.423 kl= 0.14 H= 10.04 adv=+0.000 r̄=-0.659 succ=21.8% >exp= 0.0% el=1h33m eta=3h29m
  ep  1856/5000 batch  740 loss=  -0.964 pol= -3.564 vL= 0.286 kl= 0.12 H= 11.73 adv=+0.000 r̄=-0.226 succ=21.9% >exp= 0.0% el=1h35m eta=2h41m
  ep  2176/5000 batch  760 loss=   0.356 pol=  1.753 vL= 0.381 kl= 0.18 H= 10.43 adv=+0.000 r̄=-0.639 succ=21.9% >exp= 0.0% el=1h37m eta=2h06m
  ep  2496/5000 batch  780 loss=   0.232 pol= -0.596 vL= 0.314 kl= 0.09 H= 10.30 adv=+0.000 r̄=-0.603 succ=21.8% >exp= 0.0% el=1h39m eta=1h40m
  ep  2816/5000 batch  800 loss=   0.220 pol=  3.375 vL= 0.171 kl= 0.12 H= 11.39 adv=-0.000 r̄=-0.885 succ=21.8% >exp= 0.0% el=1h42m eta=1h19m
  ep  3136/5000 batch  820 loss=  -0.650 pol= -0.963 vL= 0.338 kl= 0.27 H=  9.79 adv=+0.000 r̄=-0.606 succ=21.8% >exp= 0.0% el=1h44m eta=1h02m
  ep  3456/5000 batch  840 loss=  -0.332 pol= -1.055 vL= 0.367 kl= 0.12 H= 12.57 adv=+0.000 r̄=-0.669 succ=21.9% >exp= 0.0% el=1h47m eta=47m54s
  ep  3776/5000 batch  860 loss=   0.002 pol= -0.699 vL= 0.685 kl= 0.31 H= 10.53 adv=-0.000 r̄=-0.280 succ=22.0% >exp= 0.0% el=1h50m eta=35m39s
  ep  4096/5000 batch  880 loss=  -0.134 pol= -0.103 vL= 0.585 kl= 0.30 H= 10.46 adv=+0.000 r̄=-0.627 succ=21.9% >exp= 0.0% el=1h52m eta=24m50s
  ep  4416/5000 batch  900 loss=   0.042 pol=  0.237 vL= 0.443 kl= 0.72 H=  8.63 adv=+0.000 r̄=-0.540 succ=21.9% >exp= 0.0% el=1h54m eta=15m09s
  ep  4736/5000 batch  920 loss=  -0.912 pol=  1.842 vL= 0.410 kl= 0.30 H= 13.03 adv=-0.000 r̄=-0.756 succ=21.9% >exp= 0.0% el=1h56m eta= 6m31s
  >>> Epoch 3/10 DONE: succ=22.3% (1113/5000) mean_loss=-0.1427 mean_reward=-0.552 mean_KL=0.217 mean_H=10.50 epoch_time=36m58s

=== Epoch 4/10 — resetting substrate ===
  ep    64/5000 batch  940 loss=   0.350 pol= -2.482 vL= 0.840 kl= 0.18 H=  8.94 adv=+0.000 r̄= 0.125 succ=22.0% >exp= 0.0% el=1h59m eta=153h29m
  ep   384/5000 batch  960 loss=   0.586 pol=  1.223 vL= 0.504 kl= 0.28 H=  9.94 adv=-0.000 r̄=-0.616 succ=22.0% >exp= 0.0% el=2h01m eta=24h21m
  ep   704/5000 batch  980 loss=   0.508 pol= -0.945 vL= 0.267 kl= 0.17 H= 12.34 adv=-0.000 r̄=-0.722 succ=22.0% >exp= 0.0% el=2h03m eta=12h36m
  ep  1024/5000 batch 1000 loss=  -0.559 pol=  0.528 vL= 0.459 kl= 0.42 H= 10.63 adv=-0.000 r̄=-0.516 succ=22.0% >exp= 0.0% el=2h06m eta=8h10m
  ep  1344/5000 batch 1020 loss=   0.053 pol= -0.735 vL= 0.674 kl= 0.34 H=  7.92 adv=+0.000 r̄=-0.246 succ=22.0% >exp= 0.0% el=2h08m eta=5h50m
  ep  1664/5000 batch 1040 loss=  -0.054 pol=  2.227 vL= 0.486 kl= 0.41 H= 10.27 adv=-0.000 r̄=-0.650 succ=22.0% >exp= 0.0% el=2h11m eta=4h22m
  ep  1984/5000 batch 1060 loss=   0.187 pol=  0.151 vL= 0.486 kl= 0.31 H= 12.07 adv=+0.000 r̄=-0.487 succ=22.0% >exp= 0.0% el=2h13m eta=3h23m
  ep  2304/5000 batch 1080 loss=  -0.536 pol= -2.537 vL= 0.555 kl= 0.22 H= 12.54 adv=-0.000 r̄=-0.333 succ=22.1% >exp= 0.0% el=2h15m eta=2h38m
  ep  2624/5000 batch 1100 loss=   0.137 pol= -1.643 vL= 0.556 kl= 0.32 H= 12.96 adv=+0.000 r̄=-0.374 succ=22.0% >exp= 0.0% el=2h18m eta=2h05m
  ep  2944/5000 batch 1120 loss=  -0.306 pol=  3.080 vL= 0.276 kl= 0.11 H= 12.92 adv=-0.000 r̄=-0.877 succ=22.1% >exp= 0.0% el=2h21m eta=1h38m
  ep  3264/5000 batch 1140 loss=  -0.248 pol= -0.142 vL= 0.553 kl= 0.12 H= 12.22 adv=-0.000 r̄=-0.507 succ=22.0% >exp= 0.0% el=2h23m eta=1h16m
  ep  3584/5000 batch 1160 loss=  -0.159 pol=  0.724 vL= 0.440 kl= 0.24 H=  9.86 adv=+0.000 r̄=-0.489 succ=22.0% >exp= 0.0% el=2h25m eta=57m30s
  ep  3904/5000 batch 1180 loss=  -0.278 pol= -1.604 vL= 0.627 kl= 0.29 H=  9.25 adv=+0.000 r̄=-0.232 succ=22.0% >exp= 0.0% el=2h27m eta=41m30s
  ep  4224/5000 batch 1200 loss=   0.281 pol= -2.885 vL= 0.334 kl= 0.20 H= 10.17 adv=+0.000 r̄=-0.228 succ=22.1% >exp= 0.0% el=2h30m eta=27m33s
  ep  4544/5000 batch 1220 loss=   0.313 pol= -0.123 vL= 0.500 kl= 0.13 H= 12.17 adv=-0.000 r̄=-0.063 succ=22.1% >exp= 0.0% el=2h32m eta=15m16s
  ep  4864/5000 batch 1240 loss=  -0.316 pol= -3.138 vL= 0.548 kl= 0.06 H= 11.36 adv=-0.000 r̄=-0.490 succ=22.1% >exp= 0.0% el=2h34m eta= 4m19s
  >>> Epoch 4/10 DONE: succ=22.9% (1144/5000) mean_loss=-0.0529 mean_reward=-0.542 mean_KL=0.253 mean_H=11.00 epoch_time=36m37s

=== Epoch 5/10 — resetting substrate ===
  ep   192/5000 batch 1260 loss=  -0.423 pol=  2.521 vL= 0.745 kl= 0.08 H=  9.33 adv=-0.000 r̄=-0.646 succ=22.2% >exp= 0.0% el=2h36m eta=65h24m
  ep   512/5000 batch 1280 loss=   0.604 pol=  1.574 vL= 0.200 kl= 0.25 H= 11.14 adv=+0.000 r̄=-0.889 succ=22.2% >exp= 0.0% el=2h38m eta=23h12m
  ep   832/5000 batch 1300 loss=   0.013 pol= -1.215 vL= 0.339 kl= 0.45 H= 13.61 adv=+0.000 r̄=-0.510 succ=22.1% >exp= 0.0% el=2h40m eta=13h25m
  ep  1152/5000 batch 1320 loss=  -0.520 pol= -0.629 vL= 0.534 kl= 0.24 H= 11.40 adv=+0.000 r̄=-0.655 succ=22.1% >exp= 0.0% el=2h43m eta=9h05m
  ep  1472/5000 batch 1340 loss=  -0.193 pol= -0.953 vL= 0.431 kl= 0.11 H= 10.53 adv=-0.000 r̄=-0.377 succ=22.1% >exp= 0.0% el=2h45m eta=6h37m
  ep  1792/5000 batch 1360 loss=   1.098 pol=  0.755 vL= 0.416 kl= 0.24 H= 11.00 adv=-0.000 r̄=-0.731 succ=22.1% >exp= 0.0% el=2h47m eta=5h00m
  ep  2112/5000 batch 1380 loss=  -0.598 pol= -0.918 vL= 0.443 kl= 0.21 H=  9.91 adv=+0.000 r̄=-0.495 succ=22.1% >exp= 0.0% el=2h50m eta=3h52m
  ep  2432/5000 batch 1400 loss=   0.251 pol=  2.643 vL= 0.215 kl= 0.25 H= 14.11 adv=-0.000 r̄=-0.901 succ=22.0% >exp= 0.0% el=2h52m eta=3h01m
  ep  2752/5000 batch 1420 loss=  -0.195 pol=  0.778 vL= 1.045 kl= 0.57 H=  7.92 adv=-0.000 r̄=-0.372 succ=22.0% >exp= 0.0% el=2h54m eta=2h22m
  ep  3072/5000 batch 1440 loss=   0.407 pol=  1.029 vL= 0.499 kl= 0.18 H=  9.68 adv=-0.000 r̄=-0.612 succ=22.0% >exp= 0.0% el=2h56m eta=1h50m
  ep  3392/5000 batch 1460 loss=  -0.104 pol=  0.332 vL= 0.519 kl= 0.28 H=  7.86 adv=+0.000 r̄=-0.624 succ=22.0% >exp= 0.0% el=2h58m eta=1h24m
  ep  3712/5000 batch 1480 loss=  -0.310 pol= -1.248 vL= 0.600 kl= 0.24 H= 11.33 adv=+0.000 r̄=-0.355 succ=22.1% >exp= 0.0% el=3h01m eta=1h02m
  ep  4032/5000 batch 1500 loss=  -0.467 pol= -0.677 vL= 0.452 kl= 0.57 H=  8.85 adv=-0.000 r̄=-0.619 succ=22.0% >exp= 0.0% el=3h03m eta=43m59s
  ep  4352/5000 batch 1520 loss=   0.017 pol=  3.744 vL= 0.302 kl= 0.28 H= 12.19 adv=+0.000 r̄=-0.892 succ=22.1% >exp= 0.0% el=3h05m eta=27m36s
  ep  4672/5000 batch 1540 loss=   0.194 pol= -0.434 vL= 0.855 kl= 0.29 H=  6.26 adv=+0.000 r̄= 0.155 succ=22.1% >exp= 0.0% el=3h07m eta=13m11s
  ep  4992/5000 batch 1560 loss=   0.520 pol=  2.606 vL= 0.582 kl= 0.32 H= 10.28 adv=-0.000 r̄=-0.772 succ=22.2% >exp= 0.0% el=3h10m eta=  18s
  >>> Epoch 5/10 DONE: succ=22.3% (1116/5000) mean_loss= 0.0228 mean_reward=-0.551 mean_KL=0.235 mean_H=10.85 epoch_time=35m05s

=== Epoch 6/10 — resetting substrate ===
  ep   320/5000 batch 1580 loss=   0.182 pol=  2.795 vL= 0.554 kl= 0.68 H= 10.48 adv=+0.000 r̄=-0.636 succ=22.2% >exp= 0.0% el=3h12m eta=47h02m
  ep   640/5000 batch 1600 loss=  -0.260 pol= -0.009 vL= 0.736 kl= 0.31 H= 11.24 adv=+0.000 r̄=-0.514 succ=22.2% >exp= 0.0% el=3h15m eta=22h08m
  ep   960/5000 batch 1620 loss=   0.102 pol= -0.257 vL= 0.230 kl= 0.25 H= 13.21 adv=-0.000 r̄=-0.866 succ=22.1% >exp= 0.0% el=3h16m eta=13h48m
  ep  1280/5000 batch 1640 loss=  -0.678 pol= -0.916 vL= 0.133 kl= 0.27 H= 11.69 adv=-0.000 r̄=-0.641 succ=22.1% >exp= 0.0% el=3h23m eta=9h50m
  ep  1600/5000 batch 1660 loss=   0.673 pol=  0.409 vL= 0.778 kl= 0.63 H= 10.11 adv=+0.000 r̄=-0.513 succ=22.1% >exp= 0.0% el=7h57m eta=16h54m
  ep  1920/5000 batch 1680 loss=  -0.080 pol= -1.438 vL= 0.856 kl= 0.63 H=  7.35 adv=+0.000 r̄= 0.116 succ=22.1% >exp= 0.0% el=7h59m eta=12h48m
  ep  2240/5000 batch 1700 loss=   0.572 pol=  1.663 vL= 0.499 kl= 0.64 H=  8.31 adv=-0.000 r̄=-0.736 succ=22.1% >exp= 0.0% el=8h01m eta=9h52m
  ep  2560/5000 batch 1720 loss=   0.233 pol=  1.527 vL= 0.406 kl= 0.23 H= 12.43 adv=+0.000 r̄=-0.783 succ=22.1% >exp= 0.0% el=8h03m eta=7h40m
  ep  2880/5000 batch 1740 loss=   0.448 pol=  1.826 vL= 0.273 kl= 0.32 H= 10.18 adv=-0.000 r̄=-0.671 succ=22.0% >exp= 0.0% el=8h05m eta=5h57m
  ep  3200/5000 batch 1760 loss=  -0.146 pol=  2.016 vL= 0.108 kl= 0.30 H= 10.84 adv=+0.000 r̄=-0.915 succ=22.1% >exp= 0.0% el=8h07m eta=4h34m
  ep  3520/5000 batch 1780 loss=   0.142 pol=  0.394 vL= 0.730 kl= 0.26 H=  6.87 adv=+0.000 r̄=-0.362 succ=22.1% >exp= 0.0% el=8h09m eta=3h25m
  ep  3840/5000 batch 1800 loss=   0.269 pol=  1.138 vL= 0.883 kl= 0.62 H=  9.98 adv=-0.000 r̄=-0.764 succ=22.1% >exp= 0.0% el=8h12m eta=2h28m
  ep  4160/5000 batch 1820 loss=   0.206 pol= -2.932 vL= 0.763 kl= 0.51 H= 10.06 adv=-0.000 r̄=-0.482 succ=22.1% >exp= 0.0% el=8h14m eta=1h39m
  ep  4480/5000 batch 1840 loss=   0.047 pol= -1.110 vL= 0.746 kl= 0.48 H=  7.28 adv=-0.000 r̄=-0.345 succ=22.1% >exp= 0.0% el=8h16m eta=57m39s
  ep  4800/5000 batch 1860 loss=  -0.152 pol= -3.187 vL= 0.482 kl= 0.22 H= 12.22 adv=+0.000 r̄=-0.368 succ=22.1% >exp= 0.0% el=8h19m eta=20m48s
  >>> Epoch 6/10 DONE: succ=21.8% (1092/5000) mean_loss= 0.0804 mean_reward=-0.560 mean_KL=0.360 mean_H=10.42 epoch_time=5h10m

=== Epoch 7/10 — resetting substrate ===
  ep   128/5000 batch 1880 loss=  -0.356 pol= -2.028 vL= 0.312 kl= 0.30 H= 11.38 adv=+0.000 r̄=-0.476 succ=22.1% >exp= 0.0% el=8h22m eta=318h35m
  ep   448/5000 batch 1900 loss=  -0.351 pol=  0.128 vL= 0.608 kl= 0.57 H=  9.20 adv=-0.000 r̄=-0.364 succ=22.2% >exp= 0.0% el=8h25m eta=85h32m
  ep   768/5000 batch 1920 loss=   0.456 pol=  1.706 vL= 0.231 kl= 0.39 H= 10.44 adv=+0.000 r̄=-0.861 succ=22.1% >exp= 0.0% el=8h27m eta=46h37m
  ep  1088/5000 batch 1940 loss=  -0.234 pol= -0.559 vL= 0.403 kl= 0.51 H=  7.90 adv=+0.000 r̄=-0.485 succ=22.1% >exp= 0.0% el=8h30m eta=30h35m
  ep  1408/5000 batch 1960 loss=  -0.384 pol= -0.257 vL= 0.386 kl= 0.30 H= 12.97 adv=-0.000 r̄=-0.760 succ=22.1% >exp= 0.0% el=8h33m eta=21h49m
  ep  1728/5000 batch 1980 loss=  -0.055 pol= -0.663 vL= 0.405 kl= 0.26 H= 13.20 adv=+0.000 r̄=-0.529 succ=22.1% >exp= 0.0% el=8h35m eta=16h16m
  ep  2048/5000 batch 2000 loss=   0.049 pol= -2.026 vL= 0.401 kl= 0.22 H=  9.35 adv=+0.000 r̄=-0.353 succ=22.1% >exp= 0.0% el=8h38m eta=12h27m
  ep  2368/5000 batch 2020 loss=  -0.176 pol=  2.533 vL= 0.615 kl= 0.37 H= 11.11 adv=+0.000 r̄=-0.635 succ=22.2% >exp= 0.0% el=8h40m eta=9h38m
  ep  2688/5000 batch 2040 loss=  -0.076 pol= -0.512 vL= 0.166 kl= 0.33 H= 11.70 adv=+0.000 r̄=-0.734 succ=22.2% >exp= 0.0% el=8h43m eta=7h30m
  ep  3008/5000 batch 2060 loss=  -0.044 pol=  1.737 vL= 0.605 kl= 0.54 H= 11.52 adv=-0.000 r̄=-0.745 succ=22.2% >exp= 0.0% el=8h46m eta=5h48m
  ep  3328/5000 batch 2080 loss=   0.427 pol= -1.479 vL= 0.612 kl= 0.16 H= 12.01 adv=-0.000 r̄=-0.531 succ=22.2% >exp= 0.0% el=8h48m eta=4h25m
  ep  3648/5000 batch 2100 loss=   0.365 pol= -0.674 vL= 0.233 kl= 0.14 H= 10.69 adv=-0.000 r̄=-0.630 succ=22.2% >exp= 0.0% el=8h51m eta=3h16m
  ep  3968/5000 batch 2120 loss=  -0.172 pol= -1.581 vL= 0.706 kl= 0.19 H=  7.67 adv=-0.000 r̄= 0.042 succ=22.2% >exp= 0.0% el=8h53m eta=2h18m
  ep  4288/5000 batch 2140 loss=  -0.445 pol=  0.197 vL= 0.310 kl= 0.17 H= 11.60 adv=-0.000 r̄=-0.652 succ=22.3% >exp= 0.0% el=8h56m eta=1h29m
  ep  4608/5000 batch 2160 loss=   0.505 pol= -3.865 vL= 0.472 kl= 0.21 H= 13.07 adv=+0.000 r̄=-0.504 succ=22.3% >exp= 0.0% el=8h58m eta=45m50s
  ep  4928/5000 batch 2180 loss=  -0.427 pol=  3.258 vL= 0.604 kl= 0.18 H= 10.72 adv=+0.000 r̄=-0.741 succ=22.2% >exp= 0.0% el=9h00m eta= 7m54s
  >>> Epoch 7/10 DONE: succ=23.1% (1157/5000) mean_loss=-0.0447 mean_reward=-0.536 mean_KL=0.317 mean_H=10.97 epoch_time=40m13s

=== Epoch 8/10 — resetting substrate ===
  ep   256/5000 batch 2200 loss=   0.248 pol= -1.404 vL= 0.150 kl= 0.22 H= 11.54 adv=+0.000 r̄=-0.760 succ=22.3% >exp= 0.0% el=9h03m eta=167h48m
  ep   576/5000 batch 2220 loss=   0.345 pol=  1.626 vL= 0.243 kl= 0.23 H=  9.47 adv=-0.000 r̄=-0.743 succ=22.3% >exp= 0.0% el=9h05m eta=69h50m
  ep   896/5000 batch 2240 loss=  -0.824 pol= -3.560 vL= 0.226 kl= 0.18 H= 11.34 adv=-0.000 r̄=-0.421 succ=22.3% >exp= 0.0% el=9h07m eta=41h49m
  ep  1216/5000 batch 2260 loss=  -0.051 pol=  3.695 vL= 0.457 kl= 0.26 H=  9.08 adv=+0.000 r̄=-0.899 succ=22.3% >exp= 0.0% el=9h10m eta=28h32m
  ep  1536/5000 batch 2280 loss=   0.251 pol=  2.638 vL= 0.492 kl= 0.25 H= 10.49 adv=+0.000 r̄=-0.637 succ=22.3% >exp= 0.0% el=9h12m eta=20h46m
  ep  1856/5000 batch 2300 loss=   0.277 pol= -0.155 vL= 0.498 kl= 0.21 H= 11.26 adv=+0.000 r̄=-0.385 succ=22.3% >exp= 0.0% el=9h15m eta=15h40m
  ep  2176/5000 batch 2320 loss=  -0.189 pol= -0.154 vL= 0.385 kl= 0.19 H= 10.67 adv=+0.000 r̄=-0.649 succ=22.3% >exp= 0.0% el=9h18m eta=12h04m
  ep  2496/5000 batch 2340 loss=  -0.467 pol= -1.346 vL= 0.268 kl= 0.15 H= 10.09 adv=+0.000 r̄=-0.599 succ=22.3% >exp= 0.0% el=9h20m eta=9h22m
  ep  2816/5000 batch 2360 loss=  -0.407 pol= -1.394 vL= 0.379 kl= 0.07 H= 10.97 adv=+0.000 r̄=-0.607 succ=22.3% >exp= 0.0% el=9h23m eta=7h16m
  ep  3136/5000 batch 2380 loss=   0.018 pol= -4.050 vL= 0.416 kl= 0.20 H=  9.01 adv=+0.000 r̄=-0.246 succ=22.3% >exp= 0.0% el=9h25m eta=5h36m
  ep  3456/5000 batch 2400 loss=   0.349 pol=  0.353 vL= 0.237 kl= 0.22 H= 12.19 adv=+0.000 r̄=-0.769 succ=22.3% >exp= 0.0% el=9h28m eta=4h13m
  ep  3776/5000 batch 2420 loss=   0.490 pol=  0.464 vL= 0.582 kl= 0.07 H= 10.85 adv=+0.000 r̄=-0.382 succ=22.3% >exp= 0.0% el=9h31m eta=3h05m
  ep  4096/5000 batch 2440 loss=  -1.027 pol=  1.902 vL= 0.920 kl= 0.67 H=  9.28 adv=-0.000 r̄=-0.511 succ=22.3% >exp= 0.0% el=9h34m eta=2h06m
  ep  4416/5000 batch 2460 loss=   0.169 pol= -1.750 vL= 0.576 kl= 0.17 H=  6.68 adv=-0.000 r̄=-0.357 succ=22.3% >exp= 0.0% el=9h36m eta=1h16m
  ep  4736/5000 batch 2480 loss=   1.102 pol=  1.734 vL= 0.139 kl= 0.13 H= 10.02 adv=+0.000 r̄=-0.870 succ=22.3% >exp= 0.0% el=9h39m eta=32m17s
  >>> Epoch 8/10 DONE: succ=22.6% (1129/5000) mean_loss=-0.0517 mean_reward=-0.548 mean_KL=0.219 mean_H=9.85 epoch_time=40m28s

=== Epoch 9/10 — resetting substrate ===
  ep    64/5000 batch 2500 loss=  -1.598 pol= -1.883 vL= 0.700 kl= 0.20 H=  9.21 adv=+0.000 r̄=-0.222 succ=22.3% >exp= 0.0% el=9h42m eta=748h41m
  ep   384/5000 batch 2520 loss=   0.780 pol= -2.358 vL= 0.440 kl= 0.17 H= 10.25 adv=-0.000 r̄=-0.358 succ=22.3% >exp= 0.0% el=9h45m eta=117h13m
  ep   704/5000 batch 2540 loss=   0.893 pol= -0.453 vL= 0.266 kl= 0.25 H= 11.77 adv=+0.000 r̄=-0.363 succ=22.3% >exp= 0.0% el=9h47m eta=59h47m
  ep  1024/5000 batch 2560 loss=   0.279 pol= -1.993 vL= 0.301 kl= 0.24 H= 11.24 adv=+0.000 r̄=-0.279 succ=22.3% >exp= 0.0% el=9h50m eta=38h12m
  ep  1344/5000 batch 2580 loss=   0.708 pol= -1.287 vL= 0.516 kl= 0.44 H=  9.02 adv=-0.000 r̄=-0.086 succ=22.3% >exp= 0.0% el=9h53m eta=26h53m
  ep  1664/5000 batch 2600 loss=  -0.287 pol= -4.713 vL= 0.444 kl= 0.26 H= 10.26 adv=+0.000 r̄=-0.087 succ=22.3% >exp= 0.0% el=9h55m eta=19h54m
  ep  1984/5000 batch 2620 loss=   0.307 pol= -0.007 vL= 0.382 kl= 0.43 H= 10.29 adv=-0.000 r̄=-0.732 succ=22.3% >exp= 0.0% el=9h58m eta=15h09m
  ep  2304/5000 batch 2640 loss=  -0.490 pol= -3.642 vL= 0.591 kl= 0.16 H= 10.41 adv=+0.000 r̄=-0.243 succ=22.3% >exp= 0.0% el=10h00m eta=11h43m
  ep  2624/5000 batch 2660 loss=   0.688 pol=  0.314 vL= 0.728 kl= 0.22 H=  8.57 adv=+0.000 r̄=-0.362 succ=22.3% >exp= 0.0% el=10h03m eta=9h06m
  ep  2944/5000 batch 2680 loss=  -0.097 pol=  0.451 vL= 0.234 kl= 0.20 H= 10.54 adv=-0.000 r̄=-0.769 succ=22.3% >exp= 0.0% el=10h05m eta=7h02m
  ep  3264/5000 batch 2700 loss=   0.180 pol=  1.590 vL= 0.195 kl= 0.13 H= 11.28 adv=+0.000 r̄=-0.730 succ=22.3% >exp= 0.0% el=10h07m eta=5h23m
  ep  3584/5000 batch 2720 loss=   0.433 pol=  0.100 vL= 0.281 kl= 0.11 H=  9.22 adv=+0.000 r̄=-0.613 succ=22.3% >exp= 0.0% el=10h10m eta=4h01m
  ep  3904/5000 batch 2740 loss=  -0.143 pol=  2.098 vL= 0.804 kl= 0.20 H=  9.23 adv=+0.000 r̄=-0.606 succ=22.3% >exp= 0.0% el=10h12m eta=2h51m
  ep  4224/5000 batch 2760 loss=  -0.540 pol= -1.784 vL= 0.277 kl= 0.14 H=  8.91 adv=+0.000 r̄=-0.247 succ=22.3% >exp= 0.0% el=10h14m eta=1h52m
  ep  4544/5000 batch 2780 loss=   0.596 pol=  1.826 vL= 0.369 kl= 0.16 H= 11.29 adv=-0.000 r̄=-0.352 succ=22.3% >exp= 0.0% el=10h17m eta=1h01m
  ep  4864/5000 batch 2800 loss=   0.508 pol= -0.222 vL= 0.445 kl= 0.23 H= 10.91 adv=+0.000 r̄=-0.740 succ=22.3% >exp= 0.0% el=10h19m eta=17m19s
  >>> Epoch 9/10 DONE: succ=22.7% (1133/5000) mean_loss= 0.1991 mean_reward=-0.546 mean_KL=0.238 mean_H=10.08 epoch_time=38m39s

=== Epoch 10/10 — resetting substrate ===
  ep   192/5000 batch 2820 loss=   0.620 pol=  3.525 vL= 0.410 kl= 0.25 H=  9.83 adv=-0.000 r̄=-0.875 succ=22.3% >exp= 0.0% el=10h21m eta=259h32m
  ep   512/5000 batch 2840 loss=  -0.029 pol=  0.455 vL= 0.498 kl= 0.28 H= 10.33 adv=-0.000 r̄=-0.667 succ=22.3% >exp= 0.0% el=10h24m eta=91h14m
  ep   832/5000 batch 2860 loss=  -0.124 pol= -0.082 vL= 0.452 kl= 0.13 H= 11.01 adv=+0.000 r̄=-0.481 succ=22.3% >exp= 0.0% el=10h27m eta=52h22m
  ep  1152/5000 batch 2880 loss=  -0.533 pol= -3.180 vL= 0.278 kl= 0.14 H= 10.66 adv=+0.000 r̄=-0.515 succ=22.3% >exp= 0.0% el=10h29m eta=35h03m
  ep  1472/5000 batch 2900 loss=  -0.016 pol=  1.244 vL= 0.586 kl= 0.11 H=  9.00 adv=+0.000 r̄=-0.768 succ=22.3% >exp= 0.0% el=10h32m eta=25h15m
  ep  1792/5000 batch 2920 loss=   0.685 pol= -0.813 vL= 0.853 kl= 0.24 H=  7.74 adv=-0.000 r̄=-0.142 succ=22.3% >exp= 0.0% el=10h34m eta=18h56m
  ep  2112/5000 batch 2940 loss=  -0.433 pol= -0.185 vL= 0.386 kl= 0.51 H=  6.45 adv=+0.000 r̄=-0.638 succ=22.3% >exp= 0.0% el=10h36m eta=14h30m
  ep  2432/5000 batch 2960 loss=  -0.145 pol= -0.667 vL= 0.292 kl= 0.37 H= 11.69 adv=-0.000 r̄=-0.642 succ=22.3% >exp= 0.0% el=10h39m eta=11h14m
  ep  2752/5000 batch 2980 loss=   0.153 pol=  1.338 vL= 0.596 kl= 0.17 H=  6.94 adv=-0.000 r̄=-0.480 succ=22.3% >exp= 0.0% el=10h41m eta=8h43m
  ep  3072/5000 batch 3000 loss=  -0.267 pol= -1.302 vL= 0.757 kl= 0.16 H=  8.73 adv=+0.000 r̄=-0.349 succ=22.3% >exp= 0.0% el=10h43m eta=6h43m
  ep  3392/5000 batch 3020 loss=   0.845 pol= -0.157 vL= 0.543 kl= 0.14 H=  7.23 adv=+0.000 r̄=-0.452 succ=22.3% >exp= 0.0% el=10h46m eta=5h06m
  ep  3712/5000 batch 3040 loss=  -0.553 pol= -2.159 vL= 0.397 kl= 0.34 H=  9.92 adv=-0.000 r̄=-0.345 succ=22.3% >exp= 0.0% el=10h48m eta=3h44m
  ep  4032/5000 batch 3060 loss=   0.172 pol=  1.762 vL= 0.607 kl= 0.53 H=  5.35 adv=+0.000 r̄=-0.260 succ=22.3% >exp= 0.0% el=10h50m eta=2h36m
  ep  4352/5000 batch 3080 loss=   0.945 pol=  2.941 vL= 0.115 kl= 0.41 H=  9.99 adv=+0.000 r̄=-1.000 succ=22.3% >exp= 0.0% el=10h52m eta=1h37m
  ep  4672/5000 batch 3100 loss=  -0.351 pol=  0.186 vL= 0.646 kl= 0.52 H=  3.68 adv=+0.000 r̄=-0.198 succ=22.3% >exp= 0.0% el=10h55m eta=46m02s
  ep  4992/5000 batch 3120 loss=   0.557 pol=  0.709 vL= 0.538 kl= 0.27 H=  8.72 adv=+0.000 r̄=-0.531 succ=22.3% >exp= 0.0% el=10h59m eta= 1m03s
  >>> Epoch 10/10 DONE: succ=22.0% (1101/5000) mean_loss= 0.1156 mean_reward=-0.559 mean_KL=0.304 mean_H=9.14 epoch_time=39m09s
------------------------------------------------------------------------
  total time:               10h59m
  success rate:             11150/50000 = 22.3%
  final success_cost_ema:   304.1129591151388
  final loss avg:           0.5569
  checkpoint saved to checkpoints/il_mp_vne_v19_100nodes_normal_cont2.pt
  epoch summary log: logs/ppo_v19_100nodes_normal_cont2_epoch_summary.csv
