Loading substrate from datasets/scenario_200nodes_train/substrate.json
Loading VNRs from datasets/scenario_200nodes_train/virtual_requests.json
  Using 10000 VNRs
  Trainable policy (il_mp_vne_v19) loaded from checkpoints/il_mp_vne_v6_100nodes_r2.pt
  rollout=direct → train: cand_head + encoder + value (ordering frozen) (19394 frozen, 36293 trainable)
  Frozen reference policy loaded (KL enabled, β_KL=0.1)
PPO fine-tune: 10000 VNRs, batch=16, lr=0.0003
  baseline=critic V(s), normalize_adv=True, β_H=0.01, value_coef=0.5, success_bonus=1.0, fail_r=-1.0
  checkpoint: checkpoints/il_mp_vne_r2_finetuned_200nodes.pt
------------------------------------------------------------------------
  ep   320/10000 batch   20 loss=  -1.182 pol= -2.494 vL= 0.511 kl= 0.01 H= 14.64 r̄=-0.744 succ= 9.7% >exp= 0.0% el= 6m51s eta=3h27m
  ep   640/10000 batch   40 loss=  -1.528 pol= -2.204 vL= 0.410 kl= 0.01 H= 15.00 r̄=-0.755 succ= 9.8% >exp= 0.0% el=14m14s eta=3h28m
  ep   960/10000 batch   60 loss=  -0.920 pol= -2.263 vL= 0.462 kl= 0.02 H= 16.15 r̄=-0.739 succ=10.1% >exp= 0.0% el=21m51s eta=3h25m
  ep  1280/10000 batch   80 loss=  -0.273 pol=  2.119 vL= 0.017 kl= 0.03 H= 15.82 r̄=-1.000 succ= 9.1% >exp= 0.0% el=30m49s eta=3h29m
  ep  1600/10000 batch  100 loss=  -0.407 pol= -0.664 vL= 0.249 kl= 0.03 H= 15.52 r̄=-0.869 succ= 8.8% >exp= 0.0% el=40m09s eta=3h30m
  ep  1920/10000 batch  120 loss=  -0.789 pol= -1.710 vL= 0.388 kl= 0.02 H= 14.10 r̄=-0.759 succ= 8.9% >exp= 0.0% el=49m26s eta=3h28m
  ep  2240/10000 batch  140 loss=  -0.625 pol=  0.173 vL= 0.197 kl= 0.03 H= 15.85 r̄=-0.885 succ= 8.8% >exp= 0.0% el=57m41s eta=3h19m
  ep  2560/10000 batch  160 loss=  -0.202 pol= -1.384 vL= 0.299 kl= 0.05 H= 18.18 r̄=-0.861 succ= 8.6% >exp= 0.0% el=1h05m eta=3h09m
  ep  2880/10000 batch  180 loss=   0.391 pol= -0.200 vL= 0.115 kl= 0.04 H= 16.56 r̄=-0.903 succ= 8.3% >exp= 0.0% el=1h13m eta=3h01m
  ep  3200/10000 batch  200 loss=   1.029 pol=  5.002 vL= 0.029 kl= 0.05 H= 17.18 r̄=-1.000 succ= 8.0% >exp= 0.0% el=1h26m eta=3h04m
  ep  3520/10000 batch  220 loss=  -0.205 pol= -1.131 vL= 0.434 kl= 0.10 H= 14.58 r̄=-0.752 succ= 8.3% >exp= 0.0% el=1h35m eta=2h56m
  ep  3840/10000 batch  240 loss=   0.561 pol=  2.354 vL= 0.025 kl= 0.14 H= 17.39 r̄=-1.000 succ= 8.2% >exp= 0.0% el=1h51m eta=2h58m
  ep  4160/10000 batch  260 loss=  -0.044 pol= -1.768 vL= 0.704 kl= 0.21 H= 16.87 r̄=-0.511 succ= 8.3% >exp= 0.0% el=2h02m eta=2h52m
  ep  4480/10000 batch  280 loss=  -0.130 pol= -0.808 vL= 0.686 kl= 0.14 H= 14.55 r̄=-0.603 succ= 8.4% >exp= 0.0% el=2h11m eta=2h41m
  ep  4800/10000 batch  300 loss=  -0.403 pol=  3.372 vL= 0.023 kl= 0.05 H= 17.86 r̄=-1.000 succ= 8.3% >exp= 0.0% el=2h23m eta=2h35m
  ep  5120/10000 batch  320 loss=   0.682 pol=  1.667 vL= 0.250 kl= 0.04 H= 13.19 r̄=-0.872 succ= 8.2% >exp= 0.0% el=2h34m eta=2h27m
  ep  5440/10000 batch  340 loss=  -0.054 pol= -1.233 vL= 0.240 kl= 0.04 H= 14.21 r̄=-0.877 succ= 8.4% >exp= 0.0% el=2h48m eta=2h20m
  ep  5760/10000 batch  360 loss=   0.885 pol=  3.900 vL= 0.039 kl= 0.05 H= 15.41 r̄=-1.000 succ= 8.2% >exp= 0.0% el=3h00m eta=2h13m
  ep  6080/10000 batch  380 loss=   0.990 pol=  4.532 vL= 0.051 kl= 0.05 H= 16.11 r̄=-1.000 succ= 8.1% >exp= 0.0% el=3h13m eta=2h05m
  ep  6400/10000 batch  400 loss=   0.288 pol=  6.158 vL= 0.097 kl= 0.07 H= 15.12 r̄=-1.000 succ= 8.2% >exp= 0.0% el=3h28m eta=1h57m
  ep  6720/10000 batch  420 loss=   0.230 pol= -2.029 vL= 0.350 kl= 0.08 H= 16.43 r̄=-0.747 succ= 8.2% >exp= 0.0% el=3h41m eta=1h48m
  ep  7040/10000 batch  440 loss=   0.788 pol= -0.997 vL= 0.427 kl= 0.10 H= 14.48 r̄=-0.751 succ= 8.2% >exp= 0.0% el=3h54m eta=1h38m
  ep  7360/10000 batch  460 loss=   0.921 pol=  3.041 vL= 0.023 kl= 0.08 H= 17.74 r̄=-1.000 succ= 8.1% >exp= 0.0% el=4h05m eta=1h27m
  ep  7680/10000 batch  480 loss=  -0.148 pol= -0.451 vL= 0.277 kl= 0.07 H= 14.35 r̄=-0.874 succ= 8.1% >exp= 0.0% el=4h16m eta=1h17m
  ep  8000/10000 batch  500 loss=  -0.101 pol=  0.160 vL= 0.289 kl= 0.06 H= 16.19 r̄=-0.864 succ= 8.1% >exp= 0.0% el=4h29m eta=1h07m
  ep  8320/10000 batch  520 loss=  -0.141 pol=  3.162 vL= 0.075 kl= 0.07 H= 15.92 r̄=-1.000 succ= 8.1% >exp= 0.0% el=4h41m eta=56m54s
  ep  8640/10000 batch  540 loss=  -0.489 pol= -0.498 vL= 0.253 kl= 0.12 H= 17.30 r̄=-0.884 succ= 8.3% >exp= 0.0% el=4h54m eta=46m26s
  ep  8960/10000 batch  560 loss=  -0.403 pol= -1.071 vL= 0.230 kl= 0.07 H= 15.00 r̄=-0.864 succ= 8.3% >exp= 0.0% el=5h06m eta=35m31s
  ep  9280/10000 batch  580 loss=   0.311 pol= -2.559 vL= 0.985 kl= 0.11 H= 14.57 r̄=-0.480 succ= 8.3% >exp= 0.0% el=5h17m eta=24m38s
  ep  9600/10000 batch  600 loss=   0.064 pol= -0.706 vL= 0.471 kl= 0.16 H= 14.11 r̄=-0.751 succ= 8.3% >exp= 0.0% el=5h29m eta=13m44s
  ep  9920/10000 batch  620 loss=   0.309 pol= -1.135 vL= 0.387 kl= 0.11 H= 14.40 r̄=-0.754 succ= 8.3% >exp= 0.0% el=5h41m eta= 2m45s
------------------------------------------------------------------------
  total time:               5h45m
  success rate:             836/10000 = 8.4%
  final success_cost_ema:   282.7657419468166
  final loss avg:           0.0991
  checkpoint saved to checkpoints/il_mp_vne_r2_finetuned_200nodes.pt
