Loading substrate from datasets/scenario_100nodes_train/substrate.json
Loading VNRs from datasets/scenario_100nodes_train/virtual_requests.json
  Using 5000 VNRs
  Trainable policy (il_mp_vne_v17) loaded from checkpoints/il_mp_vne_v6_100nodes_r2.pt
  Froze shared encoder + cand_head: 30020 frozen, 25667 trainable (node/link/value heads)
  KL disabled (freeze_shared=True) — no reference forward
PPO fine-tune: 5000 VNRs, batch=16, lr=0.0003
  baseline=critic V(s), normalize_adv=True, β_H=0.01, value_coef=0.5, success_bonus=1.0, fail_r=-1.0
  checkpoint: checkpoints/il_mp_vne_v17_ppo_100nodes.pt
------------------------------------------------------------------------
  ep   320/5000 batch   20 loss=  -6.577 pol= -8.893 vL= 1.094 kl= 0.00 H= 14.99 r̄=-0.101 succ=29.1% >exp= 0.0% el= 2m58s eta=43m24s
  ep   640/5000 batch   40 loss=  -6.338 pol=-11.236 vL= 0.862 kl= 0.00 H= 15.19 r̄=-0.234 succ=27.2% >exp= 0.0% el= 6m07s eta=41m46s
  ep   960/5000 batch   60 loss= -12.789 pol=-19.838 vL= 0.515 kl= 0.00 H= 16.90 r̄=-0.741 succ=25.8% >exp= 0.0% el= 9m54s eta=41m40s
  ep  1280/5000 batch   80 loss= -11.723 pol= -5.787 vL= 0.865 kl= 0.00 H= 18.14 r̄=-0.187 succ=26.4% >exp= 0.0% el=13m49s eta=40m11s
  ep  1600/5000 batch  100 loss=  -8.910 pol= -7.036 vL= 0.707 kl= 0.00 H= 16.56 r̄=-0.501 succ=26.2% >exp= 0.0% el=17m35s eta=37m23s
  ep  1920/5000 batch  120 loss=  -8.091 pol= -9.922 vL= 1.393 kl= 0.00 H= 13.49 r̄= 0.086 succ=26.2% >exp= 0.0% el=22m12s eta=35m37s
  ep  2240/5000 batch  140 loss=  -6.374 pol=  0.096 vL= 0.541 kl= 0.00 H= 14.77 r̄=-0.593 succ=26.0% >exp= 0.0% el=26m03s eta=32m06s
  ep  2560/5000 batch  160 loss=  -9.446 pol=-22.576 vL= 0.584 kl= 0.00 H= 21.96 r̄=-0.629 succ=25.4% >exp= 0.0% el=30m05s eta=28m40s
  ep  2880/5000 batch  180 loss=  -9.038 pol=  1.845 vL= 0.825 kl= 0.00 H= 17.88 r̄=-0.396 succ=25.9% >exp= 0.0% el=34m50s eta=25m38s
  ep  3200/5000 batch  200 loss=  -7.119 pol=-12.082 vL= 0.474 kl= 0.00 H= 17.31 r̄=-0.632 succ=25.7% >exp= 0.0% el=38m38s eta=21m44s
  ep  3520/5000 batch  220 loss=  -5.939 pol=-17.362 vL= 0.458 kl= 0.00 H= 12.40 r̄=-0.876 succ=25.6% >exp= 0.0% el=42m34s eta=17m53s
  ep  3840/5000 batch  240 loss=  -4.990 pol=  1.214 vL= 0.360 kl= 0.00 H= 17.50 r̄=-0.517 succ=25.5% >exp= 0.0% el=47m03s eta=14m12s
  ep  4160/5000 batch  260 loss=  -5.665 pol=-13.094 vL= 1.093 kl= 0.00 H= 16.14 r̄= 0.011 succ=25.4% >exp= 0.0% el=51m27s eta=10m23s
  ep  4480/5000 batch  280 loss=  -5.865 pol= -1.825 vL= 0.535 kl= 0.00 H= 12.08 r̄=-0.501 succ=25.5% >exp= 0.0% el=56m00s eta= 6m30s
  ep  4800/5000 batch  300 loss=  -7.685 pol= -2.770 vL= 0.498 kl= 0.00 H= 20.43 r̄=-0.661 succ=25.4% >exp= 0.0% el=1h00m eta= 2m31s
------------------------------------------------------------------------
  total time:               1h03m
  success rate:             1274/5000 = 25.5%
  final success_cost_ema:   266.64846786701855
  final loss avg:           -9.8897
  checkpoint saved to checkpoints/il_mp_vne_v17_ppo_100nodes.pt
