Loading substrate from datasets/scenario_100nodes_train/substrate.json
Loading VNRs from datasets/scenario_100nodes_train/virtual_requests.json
  Using 5000 VNRs
  Trainable policy (il_mp_vne_v19) loaded from checkpoints/il_mp_vne_v19_100nodes_normal_cont3.pt
  rollout=direct → train: cand_head + encoder + value (ordering frozen) (19394 frozen, 36293 trainable)
  Frozen reference policy loaded (KL enabled, β_KL=0.1)
PPO fine-tune: 5000 VNRs, batch=16, lr=0.0003
  baseline=critic V(s), normalize_adv=True, β_H=0.01, value_coef=0.5, reward=cost_rel α=1.0 λ=0.3, fail_r=-1.0
  checkpoint: checkpoints/il_mp_vne_v19_100nodes_normal_cont4.pt
------------------------------------------------------------------------
  ep   320/5000 batch   20 loss=  -0.066 pol= -0.266 vL= 0.323 kl= 0.06 H=  7.13 adv=+0.000 r̄=-0.205 succ=24.7% >exp= 0.0% el= 1m54s eta=27m51s
  ep   640/5000 batch   40 loss=   0.449 pol=  0.903 vL= 0.642 kl= 0.16 H=  7.92 adv=-0.000 r̄=-0.489 succ=22.5% >exp= 0.0% el= 3m50s eta=26m06s
  ep   960/5000 batch   60 loss=  -0.277 pol= -1.941 vL= 0.310 kl= 0.15 H=  8.86 adv=-0.000 r̄=-0.373 succ=23.4% >exp= 0.0% el= 6m35s eta=27m45s
  ep  1280/5000 batch   80 loss=   0.687 pol= -0.908 vL= 0.431 kl= 0.57 H= 11.80 adv=+0.000 r̄=-0.645 succ=22.4% >exp= 0.0% el= 8m58s eta=26m05s
  ep  1600/5000 batch  100 loss=   0.165 pol=  2.658 vL= 0.605 kl= 0.43 H=  9.12 adv=-0.000 r̄=-0.748 succ=22.8% >exp= 0.0% el=10m55s eta=23m13s
  ep  1920/5000 batch  120 loss=  -0.045 pol= -2.242 vL= 0.470 kl= 0.57 H=  9.31 adv=+0.000 r̄=-0.497 succ=23.4% >exp= 0.0% el=13m13s eta=21m12s
  ep  2240/5000 batch  140 loss=  -0.623 pol=  0.790 vL= 0.426 kl= 0.54 H=  8.85 adv=-0.000 r̄=-0.633 succ=23.1% >exp= 0.0% el=15m23s eta=18m57s
  ep  2560/5000 batch  160 loss=   0.306 pol= -3.068 vL= 0.281 kl= 0.35 H= 14.49 adv=+0.000 r̄=-0.627 succ=23.0% >exp= 0.0% el=17m49s eta=16m59s
  ep  2880/5000 batch  180 loss=  -0.230 pol=  1.729 vL= 0.421 kl= 0.40 H= 10.93 adv=-0.000 r̄=-0.529 succ=23.1% >exp= 0.0% el=19m57s eta=14m41s
  ep  3200/5000 batch  200 loss=   0.248 pol=  1.400 vL= 0.119 kl= 0.34 H= 10.97 adv=+0.000 r̄=-0.872 succ=22.9% >exp= 0.0% el=21m49s eta=12m16s
  ep  3520/5000 batch  220 loss=   1.035 pol=  0.899 vL= 0.692 kl= 0.25 H=  4.96 adv=-0.000 r̄=-0.730 succ=22.9% >exp= 0.0% el=23m46s eta= 9m59s
  ep  3840/5000 batch  240 loss=  -0.246 pol=  1.691 vL= 0.534 kl= 0.24 H=  8.12 adv=+0.000 r̄=-0.675 succ=23.0% >exp= 0.0% el=25m50s eta= 7m48s
  ep  4160/5000 batch  260 loss=   0.040 pol= -1.059 vL= 0.692 kl= 0.30 H=  8.34 adv=-0.000 r̄=-0.481 succ=23.2% >exp= 0.0% el=27m56s eta= 5m38s
  ep  4480/5000 batch  280 loss=   0.129 pol= -0.353 vL= 0.803 kl= 0.12 H=  4.90 adv=+0.000 r̄=-0.406 succ=23.1% >exp= 0.0% el=30m04s eta= 3m29s
  ep  4800/5000 batch  300 loss=   0.201 pol= -1.496 vL= 0.264 kl= 0.16 H=  8.32 adv=-0.000 r̄=-0.618 succ=22.9% >exp= 0.0% el=32m10s eta= 1m20s
  >>> Epoch 1/20 DONE: succ=22.9% (1146/5000) mean_loss= 0.1034 mean_reward=-0.539 mean_KL=0.305 mean_H=9.55 epoch_time=33m31s

=== Epoch 2/20 — resetting substrate ===
  ep   128/5000 batch  320 loss=  -0.436 pol=  0.027 vL= 0.221 kl= 0.11 H=  8.78 adv=+0.000 r̄=-0.731 succ=23.1% >exp= 0.0% el=34m31s eta=21h53m
  ep   448/5000 batch  340 loss=  -0.002 pol=  1.200 vL= 0.666 kl= 0.32 H=  8.31 adv=-0.000 r̄=-0.609 succ=23.1% >exp= 0.0% el=36m35s eta=6h11m
  ep   768/5000 batch  360 loss=  -0.133 pol= -1.328 vL= 0.388 kl= 0.13 H= 10.28 adv=-0.000 r̄=-0.361 succ=23.1% >exp= 0.0% el=38m36s eta=3h32m
  ep  1088/5000 batch  380 loss=   0.346 pol=  1.214 vL= 0.443 kl= 0.40 H=  6.95 adv=+0.000 r̄=-0.744 succ=23.1% >exp= 0.0% el=40m35s eta=2h25m
  ep  1408/5000 batch  400 loss=   0.369 pol=  0.411 vL= 0.257 kl= 0.31 H= 12.54 adv=-0.000 r̄=-0.890 succ=23.0% >exp= 0.0% el=42m37s eta=1h48m
  ep  1728/5000 batch  420 loss=  -1.152 pol= -1.442 vL= 0.516 kl= 0.67 H= 12.69 adv=+0.000 r̄=-0.261 succ=23.0% >exp= 0.0% el=1h07m eta=2h08m
  ep  2048/5000 batch  440 loss=   0.172 pol=  0.444 vL= 0.326 kl= 0.91 H=  9.19 adv=+0.000 r̄=-0.511 succ=23.0% >exp= 0.0% el=4h54m eta=7h04m
  ep  2368/5000 batch  460 loss=   0.842 pol=  1.251 vL= 0.637 kl= 0.18 H= 10.48 adv=-0.000 r̄=-0.524 succ=23.0% >exp= 0.0% el=4h55m eta=5h28m
  ep  2688/5000 batch  480 loss=  -0.138 pol= -3.514 vL= 0.563 kl= 0.24 H=  8.63 adv=-0.000 r̄=-0.478 succ=22.9% >exp= 0.0% el=4h57m eta=4h15m
  ep  3008/5000 batch  500 loss=  -0.157 pol= -1.206 vL= 0.204 kl= 0.17 H=  7.31 adv=-0.000 r̄=-0.486 succ=22.9% >exp= 0.0% el=4h59m eta=3h18m
  ep  3328/5000 batch  520 loss=   0.107 pol=  3.812 vL= 0.670 kl= 0.10 H=  7.83 adv=+0.000 r̄=-0.800 succ=23.0% >exp= 0.0% el=5h00m eta=2h31m
  ep  3648/5000 batch  540 loss=   0.398 pol= -2.957 vL= 0.590 kl= 0.17 H=  9.95 adv=-0.000 r̄=-0.536 succ=22.9% >exp= 0.0% el=5h02m eta=1h52m
  ep  3968/5000 batch  560 loss=  -0.308 pol=  0.015 vL= 0.722 kl= 0.08 H=  5.65 adv=-0.000 r̄=-0.100 succ=23.0% >exp= 0.0% el=5h04m eta=1h19m
  ep  4288/5000 batch  580 loss=  -0.655 pol= -1.203 vL= 0.159 kl= 0.14 H= 11.97 adv=+0.000 r̄=-0.779 succ=23.0% >exp= 0.0% el=5h06m eta=50m54s
  ep  4608/5000 batch  600 loss=   0.973 pol= -4.435 vL= 0.303 kl= 0.33 H= 12.50 adv=+0.000 r̄=-0.379 succ=23.0% >exp= 0.0% el=5h08m eta=26m14s
  ep  4928/5000 batch  620 loss=   0.619 pol= -2.132 vL= 0.407 kl= 0.58 H= 12.09 adv=+0.000 r̄=-0.352 succ=23.0% >exp= 0.0% el=5h10m eta= 4m32s
  >>> Epoch 2/20 DONE: succ=23.0% (1151/5000) mean_loss= 0.0590 mean_reward=-0.539 mean_KL=0.265 mean_H=9.77 epoch_time=4h37m

=== Epoch 3/20 — resetting substrate ===
  ep   256/5000 batch  640 loss=  -0.792 pol= -2.879 vL= 0.236 kl= 0.32 H= 13.65 adv=+0.000 r̄=-0.748 succ=23.1% >exp= 0.0% el=5h12m eta=96h36m
  ep   576/5000 batch  660 loss=   0.082 pol=  0.773 vL= 0.234 kl= 0.62 H= 10.15 adv=-0.000 r̄=-0.630 succ=23.1% >exp= 0.0% el=5h15m eta=40h20m
  ep   896/5000 batch  680 loss=   0.556 pol=  1.045 vL= 0.184 kl= 0.26 H= 12.33 adv=+0.000 r̄=-0.635 succ=23.1% >exp= 0.0% el=5h17m eta=24h13m
  ep  1216/5000 batch  700 loss=  -0.506 pol=  2.997 vL= 0.379 kl= 0.34 H=  9.10 adv=+0.000 r̄=-0.884 succ=23.1% >exp= 0.0% el=5h19m eta=16h33m
  ep  1536/5000 batch  720 loss=  -0.495 pol=  1.357 vL= 0.513 kl= 0.37 H=  9.49 adv=+0.000 r̄=-0.662 succ=23.1% >exp= 0.0% el=5h21m eta=12h05m
  ep  1856/5000 batch  740 loss=  -0.033 pol= -1.529 vL= 0.263 kl= 0.41 H=  8.17 adv=+0.000 r̄=-0.356 succ=23.1% >exp= 0.0% el=5h23m eta=9h08m
  ep  2176/5000 batch  760 loss=   0.119 pol=  1.615 vL= 0.501 kl= 0.26 H= 10.76 adv=-0.000 r̄=-0.785 succ=23.1% >exp= 0.0% el=5h26m eta=7h03m
  ep  2496/5000 batch  780 loss=   0.531 pol= -1.901 vL= 0.414 kl= 0.13 H=  8.98 adv=+0.000 r̄=-0.472 succ=23.1% >exp= 0.0% el=5h28m eta=5h29m
  ep  2816/5000 batch  800 loss=  -0.358 pol= -3.240 vL= 0.400 kl= 0.48 H= 11.01 adv=+0.000 r̄=-0.409 succ=23.1% >exp= 0.0% el=5h30m eta=4h16m
  ep  3136/5000 batch  820 loss=   0.209 pol= -2.280 vL= 0.277 kl= 0.22 H=  9.59 adv=+0.000 r̄=-0.364 succ=23.2% >exp= 0.0% el=5h33m eta=3h18m
  ep  3456/5000 batch  840 loss=   0.609 pol=  3.163 vL= 0.464 kl= 0.17 H= 12.96 adv=+0.000 r̄=-0.886 succ=23.1% >exp= 0.0% el=5h35m eta=2h29m
  ep  3776/5000 batch  860 loss=   0.062 pol= -1.263 vL= 0.416 kl= 0.28 H=  8.97 adv=+0.000 r̄=-0.386 succ=23.1% >exp= 0.0% el=5h37m eta=1h49m
  ep  4096/5000 batch  880 loss=  -0.122 pol=  0.888 vL= 0.627 kl= 0.52 H=  9.40 adv=-0.000 r̄=-0.508 succ=23.1% >exp= 0.0% el=5h39m eta=1h14m
  ep  4416/5000 batch  900 loss=  -0.367 pol=  1.241 vL= 0.512 kl= 0.18 H=  4.82 adv=+0.000 r̄=-0.600 succ=23.0% >exp= 0.0% el=5h41m eta=45m13s
  ep  4736/5000 batch  920 loss=   0.511 pol= -0.950 vL= 0.458 kl= 0.42 H=  8.71 adv=-0.000 r̄=-0.632 succ=23.0% >exp= 0.0% el=5h44m eta=19m10s
  >>> Epoch 3/20 DONE: succ=23.0% (1149/5000) mean_loss=-0.0179 mean_reward=-0.540 mean_KL=0.395 mean_H=9.11 epoch_time=35m01s

=== Epoch 4/20 — resetting substrate ===
  ep    64/5000 batch  940 loss=  -0.557 pol= -1.381 vL= 0.530 kl= 0.41 H=  7.62 adv=-0.000 r̄=-0.320 succ=23.1% >exp= 0.0% el=5h46m eta=445h28m
  ep   384/5000 batch  960 loss=   0.840 pol=  1.345 vL= 0.233 kl= 0.21 H=  8.68 adv=+0.000 r̄=-0.762 succ=23.0% >exp= 0.0% el=5h48m eta=69h53m
  ep   704/5000 batch  980 loss=  -0.426 pol= -1.649 vL= 0.194 kl= 0.43 H= 10.91 adv=-0.000 r̄=-0.488 succ=23.0% >exp= 0.0% el=5h51m eta=35h42m
  ep  1024/5000 batch 1000 loss=  -0.505 pol=  0.532 vL= 0.520 kl= 0.34 H= 10.22 adv=+0.000 r̄=-0.495 succ=23.0% >exp= 0.0% el=5h53m eta=22h52m
  ep  1344/5000 batch 1020 loss=   0.318 pol= -0.111 vL= 0.501 kl= 0.22 H=  8.04 adv=+0.000 r̄=-0.361 succ=23.0% >exp= 0.0% el=5h55m eta=16h07m
  ep  1664/5000 batch 1040 loss=  -0.072 pol=  0.927 vL= 0.471 kl= 0.23 H=  9.50 adv=-0.000 r̄=-0.415 succ=23.0% >exp= 0.0% el=5h58m eta=11h58m
  ep  1984/5000 batch 1060 loss=  -0.382 pol= -1.119 vL= 0.214 kl= 0.23 H=  9.98 adv=+0.000 r̄=-0.624 succ=23.0% >exp= 0.0% el=6h00m eta=9h08m
  ep  2304/5000 batch 1080 loss=   0.529 pol= -0.906 vL= 0.603 kl= 0.30 H= 11.48 adv=+0.000 r̄=-0.413 succ=23.0% >exp= 0.0% el=6h02m eta=7h04m
  ep  2624/5000 batch 1100 loss=   0.701 pol= -0.448 vL= 0.688 kl= 0.35 H=  8.40 adv=-0.000 r̄=-0.264 succ=23.0% >exp= 0.0% el=6h05m eta=5h30m
  ep  2944/5000 batch 1120 loss=  -0.615 pol=  0.692 vL= 0.220 kl= 0.31 H=  8.49 adv=-0.000 r̄=-0.731 succ=23.1% >exp= 0.0% el=6h07m eta=4h16m
  ep  3264/5000 batch 1140 loss=   0.450 pol=  1.204 vL= 0.379 kl= 0.23 H=  9.30 adv=-0.000 r̄=-0.649 succ=23.1% >exp= 0.0% el=6h09m eta=3h16m
  ep  3584/5000 batch 1160 loss=  -0.832 pol= -0.132 vL= 0.530 kl= 0.29 H=  8.02 adv=-0.000 r̄=-0.673 succ=23.1% >exp= 0.0% el=6h11m eta=2h26m
  ep  3904/5000 batch 1180 loss=  -0.367 pol=  1.138 vL= 0.533 kl= 0.59 H=  6.35 adv=+0.000 r̄=-0.608 succ=23.1% >exp= 0.0% el=6h14m eta=1h45m
  ep  4224/5000 batch 1200 loss=   0.236 pol=  0.224 vL= 0.365 kl= 0.19 H=  7.75 adv=-0.000 r̄=-0.344 succ=23.2% >exp= 0.0% el=6h16m eta=1h09m
  ep  4544/5000 batch 1220 loss=  -0.018 pol= -1.429 vL= 0.421 kl= 0.16 H= 10.06 adv=+0.000 r̄=-0.257 succ=23.2% >exp= 0.0% el=6h19m eta=38m03s
  ep  4864/5000 batch 1240 loss=   0.776 pol=  0.896 vL= 0.303 kl= 0.32 H=  9.98 adv=+0.000 r̄=-0.881 succ=23.1% >exp= 0.0% el=6h21m eta=10m40s
  >>> Epoch 4/20 DONE: succ=23.6% (1178/5000) mean_loss= 0.0059 mean_reward=-0.526 mean_KL=0.286 mean_H=8.95 epoch_time=36m49s

=== Epoch 5/20 — resetting substrate ===
  ep   192/5000 batch 1260 loss=  -0.964 pol=  4.486 vL= 0.739 kl= 0.09 H=  7.92 adv=-0.000 r̄=-0.871 succ=23.2% >exp= 0.0% el=6h24m eta=160h28m
  ep   512/5000 batch 1280 loss=   1.083 pol=  0.944 vL= 0.513 kl= 0.18 H=  7.06 adv=-0.000 r̄=-0.668 succ=23.1% >exp= 0.0% el=6h27m eta=56h32m
  ep   832/5000 batch 1300 loss=   1.183 pol= -2.672 vL= 0.459 kl= 0.17 H= 10.51 adv=+0.000 r̄=-0.234 succ=23.0% >exp= 0.0% el=6h29m eta=32h31m
  ep  1152/5000 batch 1320 loss=   0.054 pol=  0.769 vL= 0.338 kl= 0.21 H= 10.08 adv=+0.000 r̄=-0.744 succ=23.0% >exp= 0.0% el=6h32m eta=21h49m
  ep  1472/5000 batch 1340 loss=   0.026 pol= -0.662 vL= 0.571 kl= 0.06 H=  8.32 adv=+0.000 r̄=-0.612 succ=22.9% >exp= 0.0% el=6h34m eta=15h45m
  ep  1792/5000 batch 1360 loss=  -0.020 pol= -3.856 vL= 0.466 kl= 0.09 H=  7.16 adv=+0.000 r̄=-0.100 succ=23.0% >exp= 0.0% el=6h37m eta=11h50m
  ep  2112/5000 batch 1380 loss=  -0.123 pol=  1.733 vL= 0.517 kl= 0.12 H=  6.99 adv=-0.000 r̄=-0.293 succ=23.0% >exp= 0.0% el=6h39m eta=9h06m
  ep  2432/5000 batch 1400 loss=  -0.280 pol= -3.300 vL= 0.607 kl= 0.21 H= 13.38 adv=-0.000 r̄=-0.627 succ=23.0% >exp= 0.0% el=6h42m eta=7h04m
  ep  2752/5000 batch 1420 loss=   1.354 pol=  0.274 vL= 0.727 kl= 0.44 H=  7.66 adv=-0.000 r̄=-0.378 succ=23.0% >exp= 0.0% el=6h45m eta=5h31m
  ep  3072/5000 batch 1440 loss=  -0.708 pol=  0.229 vL= 0.603 kl= 0.37 H=  8.59 adv=+0.000 r̄=-0.613 succ=23.0% >exp= 0.0% el=6h48m eta=4h16m
  ep  3392/5000 batch 1460 loss=   1.103 pol=  0.680 vL= 0.688 kl= 0.70 H=  6.37 adv=+0.000 r̄=-0.232 succ=23.0% >exp= 0.0% el=6h51m eta=3h14m
  ep  3712/5000 batch 1480 loss=   0.357 pol= -1.044 vL= 0.532 kl= 0.51 H=  9.60 adv=+0.000 r̄=-0.226 succ=23.1% >exp= 0.0% el=6h54m eta=2h23m
  ep  4032/5000 batch 1500 loss=  -0.144 pol= -0.973 vL= 0.319 kl= 0.92 H=  6.16 adv=-0.000 r̄=-0.489 succ=23.1% >exp= 0.0% el=6h56m eta=1h40m
  ep  4352/5000 batch 1520 loss=   0.035 pol=  2.846 vL= 0.140 kl= 0.37 H= 12.54 adv=+0.000 r̄=-0.751 succ=23.1% >exp= 0.0% el=6h59m eta=1h02m
  ep  4672/5000 batch 1540 loss=   0.812 pol=  1.240 vL= 0.352 kl= 0.44 H=  3.98 adv=-0.000 r̄=-0.235 succ=23.0% >exp= 0.0% el=7h02m eta=29m41s
  ep  4992/5000 batch 1560 loss=   0.515 pol=  1.057 vL= 0.281 kl= 0.22 H=  8.57 adv=-0.000 r̄=-0.777 succ=23.0% >exp= 0.0% el=7h06m eta=  41s
  >>> Epoch 5/20 DONE: succ=22.6% (1131/5000) mean_loss= 0.2973 mean_reward=-0.547 mean_KL=0.316 mean_H=9.15 epoch_time=43m52s

=== Epoch 6/20 — resetting substrate ===
  ep   320/5000 batch 1580 loss=   0.350 pol= -0.540 vL= 0.627 kl= 0.33 H=  7.52 adv=-0.000 r̄=-0.336 succ=23.1% >exp= 0.0% el=7h10m eta=105h00m
  ep   640/5000 batch 1600 loss=   0.782 pol= -1.084 vL= 0.489 kl= 0.76 H=  8.32 adv=+0.000 r̄=-0.487 succ=23.0% >exp= 0.0% el=7h14m eta=49h19m
  ep   960/5000 batch 1620 loss=  -1.119 pol=  0.007 vL= 0.262 kl= 0.24 H=  9.70 adv=+0.000 r̄=-0.634 succ=23.0% >exp= 0.0% el=7h18m eta=30h43m
  ep  1280/5000 batch 1640 loss=   0.130 pol=  0.304 vL= 0.137 kl= 0.18 H= 10.13 adv=+0.000 r̄=-0.764 succ=23.0% >exp= 0.0% el=7h22m eta=21h24m
  ep  1600/5000 batch 1660 loss=  -0.322 pol=  1.156 vL= 0.304 kl= 0.18 H=  7.32 adv=-0.000 r̄=-0.769 succ=23.0% >exp= 0.0% el=7h26m eta=15h48m
  ep  1920/5000 batch 1680 loss=  -0.286 pol= -2.005 vL= 0.485 kl= 0.13 H=  7.44 adv=-0.000 r̄=-0.020 succ=23.1% >exp= 0.0% el=7h30m eta=12h03m
  ep  2240/5000 batch 1700 loss=   0.017 pol=  1.862 vL= 0.443 kl= 0.34 H=  9.14 adv=+0.000 r̄=-0.733 succ=23.0% >exp= 0.0% el=7h37m eta=9h23m
  ep  2560/5000 batch 1720 loss=  -0.620 pol= -2.189 vL= 0.254 kl= 0.37 H= 13.89 adv=-0.000 r̄=-0.641 succ=23.1% >exp= 0.0% el=7h45m eta=7h24m
  ep  2880/5000 batch 1740 loss=   0.590 pol=  1.819 vL= 0.379 kl= 0.60 H= 10.86 adv=-0.000 r̄=-0.649 succ=23.0% >exp= 0.0% el=7h52m eta=5h48m
  ep  3200/5000 batch 1760 loss=  -1.114 pol=  0.362 vL= 0.352 kl= 0.55 H= 10.67 adv=+0.000 r̄=-0.406 succ=23.1% >exp= 0.0% el=7h59m eta=4h29m
  ep  3520/5000 batch 1780 loss=   1.061 pol= -1.162 vL= 0.408 kl= 0.59 H=  5.99 adv=+0.000 r̄=-0.608 succ=23.1% >exp= 0.0% el=8h05m eta=3h24m
  ep  3840/5000 batch 1800 loss=  -0.553 pol=  1.938 vL= 0.679 kl= 0.69 H=  8.61 adv=+0.000 r̄=-0.727 succ=23.1% >exp= 0.0% el=8h15m eta=2h29m
  ep  4160/5000 batch 1820 loss=   0.624 pol= -1.798 vL= 0.437 kl= 0.53 H=  7.49 adv=-0.000 r̄=-0.488 succ=23.1% >exp= 0.0% el=8h21m eta=1h41m
  ep  4480/5000 batch 1840 loss=   0.558 pol=  0.026 vL= 0.704 kl= 0.44 H=  4.16 adv=-0.000 r̄=-0.479 succ=23.1% >exp= 0.0% el=8h26m eta=58m50s
  ep  4800/5000 batch 1860 loss=  -0.065 pol= -1.644 vL= 0.726 kl= 0.48 H= 10.01 adv=-0.000 r̄=-0.414 succ=23.1% >exp= 0.0% el=8h32m eta=21m21s
  >>> Epoch 6/20 DONE: succ=23.2% (1159/5000) mean_loss=-0.0285 mean_reward=-0.535 mean_KL=0.379 mean_H=9.19 epoch_time=1h30m

=== Epoch 7/20 — resetting substrate ===
  ep   128/5000 batch 1880 loss=  -0.950 pol=  0.885 vL= 0.398 kl= 0.43 H=  9.38 adv=+0.000 r̄=-0.630 succ=23.1% >exp= 0.0% el=8h39m eta=329h17m
  ep   448/5000 batch 1900 loss=   0.141 pol=  0.937 vL= 0.320 kl= 0.51 H=  6.18 adv=-0.000 r̄=-0.865 succ=23.1% >exp= 0.0% el=8h43m eta=88h41m
  ep   768/5000 batch 1920 loss=   0.953 pol=  0.588 vL= 0.370 kl= 0.35 H=  8.79 adv=+0.000 r̄=-0.740 succ=23.1% >exp= 0.0% el=8h47m eta=48h27m
  ep  1088/5000 batch 1940 loss=   0.161 pol=  0.563 vL= 0.318 kl= 0.92 H=  5.95 adv=-0.000 r̄=-0.604 succ=23.1% >exp= 0.0% el=8h51m eta=31h51m
  ep  1408/5000 batch 1960 loss=   0.300 pol= -1.512 vL= 0.877 kl= 0.35 H=  8.56 adv=-0.000 r̄=-0.514 succ=23.1% >exp= 0.0% el=8h59m eta=22h55m
  ep  1728/5000 batch 1980 loss=  -0.253 pol= -2.011 vL= 0.329 kl= 0.29 H=  9.16 adv=+0.000 r̄=-0.152 succ=23.1% >exp= 0.0% el=9h05m eta=17h12m
  ep  2048/5000 batch 2000 loss=  -0.332 pol= -0.522 vL= 0.377 kl= 0.25 H=  4.32 adv=+0.000 r̄=-0.592 succ=23.1% >exp= 0.0% el=9h09m eta=13h12m
  ep  2368/5000 batch 2020 loss=   0.268 pol= -0.205 vL= 0.645 kl= 0.27 H=  8.26 adv=-0.000 r̄=-0.621 succ=23.1% >exp= 0.0% el=9h13m eta=10h15m
  ep  2688/5000 batch 2040 loss=   0.456 pol= -3.704 vL= 0.906 kl= 0.15 H=  7.69 adv=-0.000 r̄= 0.014 succ=23.1% >exp= 0.0% el=9h16m eta=7h58m
  ep  3008/5000 batch 2060 loss=   0.646 pol=  1.875 vL= 0.468 kl= 0.28 H=  6.35 adv=-0.000 r̄=-0.639 succ=23.1% >exp= 0.0% el=9h19m eta=6h10m
  ep  3328/5000 batch 2080 loss=   0.093 pol= -0.268 vL= 0.256 kl= 0.13 H=  8.05 adv=-0.000 r̄=-0.764 succ=23.0% >exp= 0.0% el=9h21m eta=4h41m
  ep  3648/5000 batch 2100 loss=  -0.131 pol= -0.602 vL= 0.446 kl= 0.30 H= 11.04 adv=-0.000 r̄=-0.627 succ=23.0% >exp= 0.0% el=9h23m eta=3h28m
  ep  3968/5000 batch 2120 loss=   0.741 pol= -0.802 vL= 0.756 kl= 0.25 H=  6.96 adv=+0.000 r̄=-0.347 succ=23.0% >exp= 0.0% el=9h25m eta=2h26m
  ep  4288/5000 batch 2140 loss=   0.155 pol=  0.898 vL= 0.212 kl= 0.26 H= 10.59 adv=+0.000 r̄=-0.760 succ=23.0% >exp= 0.0% el=9h26m eta=1h34m
  ep  4608/5000 batch 2160 loss=   1.051 pol=  2.100 vL= 0.153 kl= 0.16 H=  9.75 adv=+0.000 r̄=-0.873 succ=23.0% >exp= 0.0% el=9h29m eta=48m27s
  ep  4928/5000 batch 2180 loss=  -0.177 pol= -0.653 vL= 0.342 kl= 0.33 H=  8.95 adv=+0.000 r̄=-0.495 succ=23.0% >exp= 0.0% el=9h32m eta= 8m21s
  >>> Epoch 7/20 DONE: succ=22.8% (1142/5000) mean_loss= 0.2425 mean_reward=-0.543 mean_KL=0.332 mean_H=8.50 epoch_time=55m28s

=== Epoch 8/20 — resetting substrate ===
  ep   256/5000 batch 2200 loss=   0.187 pol= -1.453 vL= 0.271 kl= 0.54 H=  9.76 adv=-0.000 r̄=-0.751 succ=23.0% >exp= 0.0% el=9h34m eta=177h22m
  ep   576/5000 batch 2220 loss=   0.203 pol=  0.186 vL= 0.324 kl= 0.25 H=  7.01 adv=+0.000 r̄=-0.740 succ=23.0% >exp= 0.0% el=9h36m eta=73h46m
  ep   896/5000 batch 2240 loss=   0.388 pol=  1.415 vL= 0.420 kl= 0.38 H= 10.40 adv=+0.000 r̄=-0.621 succ=23.0% >exp= 0.0% el=9h38m eta=44h08m
  ep  1216/5000 batch 2260 loss=  -0.167 pol=  2.138 vL= 0.367 kl= 0.37 H=  7.89 adv=+0.000 r̄=-0.884 succ=23.0% >exp= 0.0% el=9h40m eta=30h06m
  ep  1536/5000 batch 2280 loss=  -0.318 pol=  0.333 vL= 0.552 kl= 0.23 H=  8.64 adv=-0.000 r̄=-0.617 succ=23.0% >exp= 0.0% el=9h42m eta=21h53m
  ep  1856/5000 batch 2300 loss=   0.861 pol=  2.757 vL= 0.398 kl= 0.40 H=  9.34 adv=+0.000 r̄=-0.743 succ=23.0% >exp= 0.0% el=9h44m eta=16h30m
  ep  2176/5000 batch 2320 loss=  -0.339 pol= -0.369 vL= 0.379 kl= 0.36 H=  9.51 adv=+0.000 r̄=-0.790 succ=23.0% >exp= 0.0% el=9h46m eta=12h41m
  ep  2496/5000 batch 2340 loss=   0.018 pol= -2.023 vL= 0.382 kl= 0.18 H=  7.84 adv=+0.000 r̄=-0.470 succ=23.0% >exp= 0.0% el=9h49m eta=9h50m
  ep  2816/5000 batch 2360 loss=  -0.419 pol= -1.212 vL= 0.357 kl= 0.15 H= 10.27 adv=-0.000 r̄=-0.493 succ=23.0% >exp= 0.0% el=9h51m eta=7h38m
  ep  3136/5000 batch 2380 loss=   0.364 pol= -1.583 vL= 0.442 kl= 0.27 H=  8.31 adv=-0.000 r̄=-0.622 succ=23.0% >exp= 0.0% el=9h53m eta=5h52m
  ep  3456/5000 batch 2400 loss=   0.456 pol= -1.013 vL= 0.487 kl= 0.17 H= 11.24 adv=-0.000 r̄=-0.553 succ=23.0% >exp= 0.0% el=9h55m eta=4h25m
  ep  3776/5000 batch 2420 loss=   0.195 pol= -1.522 vL= 0.386 kl= 0.83 H=  9.67 adv=-0.000 r̄=-0.390 succ=23.0% >exp= 0.0% el=9h57m eta=3h13m
  ep  4096/5000 batch 2440 loss=  -0.305 pol= -0.773 vL= 0.564 kl= 0.43 H= 10.19 adv=-0.000 r̄=-0.383 succ=23.0% >exp= 0.0% el=9h59m eta=2h12m
  ep  4416/5000 batch 2460 loss=   0.350 pol= -0.763 vL= 0.373 kl= 0.18 H=  6.03 adv=+0.000 r̄=-0.734 succ=22.9% >exp= 0.0% el=10h01m eta=1h19m
  ep  4736/5000 batch 2480 loss=  -0.105 pol= -2.036 vL= 0.382 kl= 0.15 H=  9.53 adv=+0.000 r̄=-0.615 succ=23.0% >exp= 0.0% el=10h03m eta=33m37s
  >>> Epoch 8/20 DONE: succ=22.4% (1119/5000) mean_loss= 0.0903 mean_reward=-0.552 mean_KL=0.322 mean_H=8.36 epoch_time=32m38s

=== Epoch 9/20 — resetting substrate ===
  ep    64/5000 batch 2500 loss=   0.042 pol= -3.034 vL= 0.729 kl= 0.14 H=  7.85 adv=+0.000 r̄=-0.111 succ=23.0% >exp= 0.0% el=10h05m eta=778h30m
  ep   384/5000 batch 2520 loss=   0.144 pol=  2.772 vL= 0.412 kl= 0.37 H=  7.74 adv=-0.000 r̄=-0.629 succ=23.0% >exp= 0.0% el=10h07m eta=121h46m
  ep   704/5000 batch 2540 loss=   0.903 pol= -2.352 vL= 0.317 kl= 0.32 H= 10.85 adv=-0.000 r̄=-0.235 succ=23.0% >exp= 0.0% el=10h09m eta=62h02m
  ep  1024/5000 batch 2560 loss=  -0.453 pol=  2.815 vL= 0.774 kl= 0.11 H=  9.83 adv=-0.000 r̄=-0.750 succ=22.9% >exp= 0.0% el=10h11m eta=39h36m
  ep  1344/5000 batch 2580 loss=   0.054 pol=  2.471 vL= 0.679 kl= 0.49 H=  7.20 adv=+0.000 r̄=-0.499 succ=22.9% >exp= 0.0% el=10h14m eta=27h50m
  ep  1664/5000 batch 2600 loss=   0.421 pol= -1.919 vL= 0.491 kl= 0.45 H=  8.80 adv=+0.000 r̄=-0.351 succ=22.9% >exp= 0.0% el=10h16m eta=20h35m
  ep  1984/5000 batch 2620 loss=  -0.127 pol=  3.792 vL= 0.324 kl= 0.19 H= 10.03 adv=+0.000 r̄=-0.870 succ=22.9% >exp= 0.0% el=10h18m eta=15h39m
  ep  2304/5000 batch 2640 loss=  -0.505 pol= -2.989 vL= 0.347 kl= 0.27 H= 11.85 adv=-0.000 r̄=-0.476 succ=22.9% >exp= 0.0% el=10h20m eta=12h05m
  ep  2624/5000 batch 2660 loss=   0.052 pol=  0.862 vL= 0.781 kl= 0.15 H= 10.64 adv=+0.000 r̄=-0.258 succ=22.9% >exp= 0.0% el=10h22m eta=9h23m
  ep  2944/5000 batch 2680 loss=  -0.265 pol=  0.457 vL= 0.245 kl= 0.18 H= 10.88 adv=+0.000 r̄=-0.762 succ=22.9% >exp= 0.0% el=10h24m eta=7h15m
  ep  3264/5000 batch 2700 loss=  -0.298 pol= -2.745 vL= 0.293 kl= 0.21 H= 10.50 adv=-0.000 r̄=-0.626 succ=22.9% >exp= 0.0% el=10h26m eta=5h33m
  ep  3584/5000 batch 2720 loss=   0.705 pol=  0.456 vL= 0.431 kl= 0.33 H=  9.45 adv=+0.000 r̄=-0.503 succ=22.9% >exp= 0.0% el=10h28m eta=4h08m
  ep  3904/5000 batch 2740 loss=  -0.677 pol= -2.234 vL= 0.760 kl= 0.72 H=  7.31 adv=-0.000 r̄= 0.170 succ=23.0% >exp= 0.0% el=10h30m eta=2h56m
  ep  4224/5000 batch 2760 loss=   0.020 pol= -3.217 vL= 0.668 kl= 0.35 H=  8.91 adv=-0.000 r̄=-0.092 succ=22.9% >exp= 0.0% el=10h32m eta=1h56m
  ep  4544/5000 batch 2780 loss=   0.675 pol=  2.186 vL= 0.792 kl= 0.64 H= 10.80 adv=+0.000 r̄=-0.315 succ=22.9% >exp= 0.0% el=10h34m eta=1h03m
  ep  4864/5000 batch 2800 loss=   0.540 pol= -1.882 vL= 0.561 kl= 0.23 H=  8.50 adv=-0.000 r̄=-0.495 succ=22.9% >exp= 0.0% el=10h36m eta=17m47s
  >>> Epoch 9/20 DONE: succ=23.0% (1151/5000) mean_loss= 0.0691 mean_reward=-0.539 mean_KL=0.293 mean_H=9.22 epoch_time=32m02s

=== Epoch 10/20 — resetting substrate ===
  ep   192/5000 batch 2820 loss=   0.946 pol=  6.437 vL= 0.200 kl= 0.35 H=  8.65 adv=+0.000 r̄=-1.000 succ=22.9% >exp= 0.0% el=10h38m eta=266h27m
  ep   512/5000 batch 2840 loss=  -0.719 pol= -0.232 vL= 0.294 kl= 0.18 H=  8.31 adv=+0.000 r̄=-0.753 succ=22.9% >exp= 0.0% el=10h40m eta=93h35m
  ep   832/5000 batch 2860 loss=  -0.099 pol= -0.171 vL= 0.448 kl= 0.10 H= 10.74 adv=+0.000 r̄=-0.499 succ=22.9% >exp= 0.0% el=10h42m eta=53h39m
  ep  1152/5000 batch 2880 loss=   0.713 pol= -0.137 vL= 0.343 kl= 0.37 H= 10.57 adv=-0.000 r̄=-0.646 succ=22.9% >exp= 0.0% el=10h44m eta=35h53m
  ep  1472/5000 batch 2900 loss=   0.409 pol= -2.183 vL= 1.065 kl= 0.34 H=  9.11 adv=+0.000 r̄=-0.249 succ=22.9% >exp= 0.0% el=10h46m eta=25h50m
  ep  1792/5000 batch 2920 loss=  -0.294 pol=  0.934 vL= 0.332 kl= 0.25 H=  8.83 adv=-0.000 r̄=-0.591 succ=23.0% >exp= 0.0% el=10h49m eta=19h22m
  ep  2112/5000 batch 2940 loss=   1.061 pol=  1.664 vL= 0.556 kl= 0.14 H=  7.06 adv=-0.000 r̄=-0.517 succ=22.9% >exp= 0.0% el=11h06m eta=15h11m
  ep  2432/5000 batch 2960 loss=   0.489 pol=  4.186 vL= 0.215 kl= 0.14 H=  9.81 adv=+0.000 r̄=-1.000 succ=22.9% >exp= 0.0% el=11h24m eta=12h02m
  ep  2752/5000 batch 2980 loss=   0.112 pol= -0.917 vL= 0.646 kl= 0.40 H=  6.70 adv=+0.000 r̄=-0.154 succ=22.9% >exp= 0.0% el=11h26m eta=9h21m
  ep  3072/5000 batch 3000 loss=  -0.031 pol= -1.606 vL= 0.457 kl= 0.44 H=  7.87 adv=+0.000 r̄=-0.334 succ=22.9% >exp= 0.0% el=11h29m eta=7h12m
  ep  3392/5000 batch 3020 loss=  -0.125 pol=  1.333 vL= 0.286 kl= 0.27 H=  6.25 adv=-0.000 r̄=-0.735 succ=22.9% >exp= 0.0% el=11h31m eta=5h27m
  ep  3712/5000 batch 3040 loss=   0.502 pol=  3.138 vL= 0.354 kl= 0.26 H= 10.31 adv=+0.000 r̄=-0.860 succ=22.9% >exp= 0.0% el=11h34m eta=4h00m
  ep  4032/5000 batch 3060 loss=  -0.202 pol=  0.445 vL= 0.325 kl= 0.65 H=  6.86 adv=+0.000 r̄=-0.411 succ=22.9% >exp= 0.0% el=11h36m eta=2h47m
  ep  4352/5000 batch 3080 loss=   0.165 pol=  0.669 vL= 0.199 kl= 0.25 H= 11.46 adv=-0.000 r̄=-0.744 succ=23.0% >exp= 0.0% el=11h39m eta=1h44m
  ep  4672/5000 batch 3100 loss=   0.839 pol=  0.266 vL= 0.598 kl= 0.98 H=  5.35 adv=+0.000 r̄=-0.219 succ=23.0% >exp= 0.0% el=11h41m eta=49m15s
  ep  4992/5000 batch 3120 loss=  -0.751 pol=  0.717 vL= 0.380 kl= 0.76 H=  9.48 adv=-0.000 r̄=-0.651 succ=23.0% >exp= 0.0% el=11h44m eta= 1m07s
  >>> Epoch 10/20 DONE: succ=23.1% (1156/5000) mean_loss= 0.1886 mean_reward=-0.537 mean_KL=0.320 mean_H=9.24 epoch_time=1h06m

=== Epoch 11/20 — resetting substrate ===
  ep   320/5000 batch 3140 loss=  -0.141 pol= -0.126 vL= 0.166 kl= 0.42 H=  8.13 adv=+0.000 r̄=-0.333 succ=23.0% >exp= 0.0% el=11h46m eta=172h19m
  ep   640/5000 batch 3160 loss=   0.303 pol=  0.253 vL= 0.724 kl= 0.58 H=  8.98 adv=-0.000 r̄=-0.234 succ=23.0% >exp= 0.0% el=11h49m eta=80h34m
  ep   960/5000 batch 3180 loss=   0.807 pol= -3.412 vL= 0.513 kl= 0.33 H= 10.07 adv=-0.000 r̄=-0.375 succ=23.0% >exp= 0.0% el=11h52m eta=49h57m
  ep  1280/5000 batch 3200 loss=   0.237 pol= -1.426 vL= 0.081 kl= 0.56 H= 10.77 adv=-0.000 r̄=-0.764 succ=23.0% >exp= 0.0% el=11h55m eta=34h38m
  ep  1600/5000 batch 3220 loss=  -0.074 pol= -2.284 vL= 0.821 kl= 0.64 H=  8.37 adv=-0.000 r̄=-0.485 succ=23.0% >exp= 0.0% el=11h57m eta=25h24m
  ep  1920/5000 batch 3240 loss=   1.715 pol= -2.477 vL= 0.635 kl= 0.11 H=  8.20 adv=-0.000 r̄=-0.356 succ=23.0% >exp= 0.0% el=12h00m eta=19h15m
  ep  2240/5000 batch 3260 loss=  -0.919 pol=  0.997 vL= 0.542 kl= 0.26 H=  8.00 adv=+0.000 r̄=-0.512 succ=23.0% >exp= 0.0% el=12h03m eta=14h51m
  ep  2560/5000 batch 3280 loss=   0.653 pol= -1.883 vL= 0.372 kl= 0.21 H= 13.26 adv=-0.000 r̄=-0.477 succ=23.0% >exp= 0.0% el=12h06m eta=11h32m
  ep  2880/5000 batch 3300 loss=  -0.765 pol=  2.191 vL= 0.428 kl= 0.20 H= 10.61 adv=-0.000 r̄=-0.535 succ=23.0% >exp= 0.0% el=12h09m eta=8h56m
  ep  3200/5000 batch 3320 loss=   1.380 pol=  1.241 vL= 0.333 kl= 0.08 H=  9.71 adv=-0.000 r̄=-0.763 succ=23.0% >exp= 0.0% el=12h11m eta=6h51m
  ep  3520/5000 batch 3340 loss=   0.387 pol= -1.595 vL= 0.845 kl= 0.34 H=  6.24 adv=+0.000 r̄=-0.332 succ=23.0% >exp= 0.0% el=12h14m eta=5h08m
  ep  3840/5000 batch 3360 loss=  -0.807 pol=  2.092 vL= 0.290 kl= 0.57 H=  9.56 adv=-0.000 r̄=-0.743 succ=23.0% >exp= 0.0% el=12h17m eta=3h42m
  ep  4160/5000 batch 3380 loss=   0.781 pol= -0.312 vL= 0.516 kl= 0.60 H=  8.40 adv=+0.000 r̄=-0.364 succ=23.0% >exp= 0.0% el=12h20m eta=2h29m
  ep  4480/5000 batch 3400 loss=  -0.005 pol=  1.200 vL= 0.806 kl= 0.25 H=  4.99 adv=-0.000 r̄=-0.604 succ=23.0% >exp= 0.0% el=12h22m eta=1h26m
  ep  4800/5000 batch 3420 loss=  -0.461 pol= -3.128 vL= 0.553 kl= 0.10 H= 10.78 adv=-0.000 r̄=-0.640 succ=23.0% >exp= 0.0% el=12h25m eta=31m04s
  >>> Epoch 11/20 DONE: succ=23.2% (1158/5000) mean_loss= 0.2044 mean_reward=-0.536 mean_KL=0.307 mean_H=9.62 epoch_time=43m21s

=== Epoch 12/20 — resetting substrate ===
  ep   128/5000 batch 3440 loss=  -0.231 pol= -2.276 vL= 0.514 kl= 0.20 H=  7.97 adv=-0.000 r̄=-0.483 succ=23.0% >exp= 0.0% el=12h28m eta=474h59m
  ep   448/5000 batch 3460 loss=  -0.237 pol=  0.382 vL= 0.719 kl= 0.21 H=  5.72 adv=+0.000 r̄=-0.496 succ=23.0% >exp= 0.0% el=12h31m eta=127h16m
  ep   768/5000 batch 3480 loss=   1.117 pol= -1.198 vL= 0.815 kl= 0.26 H=  8.37 adv=-0.000 r̄=-0.252 succ=23.0% >exp= 0.0% el=12h34m eta=69h17m
  ep  1088/5000 batch 3500 loss=  -0.330 pol=  1.093 vL= 0.367 kl= 0.40 H=  6.25 adv=-0.000 r̄=-0.612 succ=23.0% >exp= 0.0% el=12h37m eta=45h22m
  ep  1408/5000 batch 3520 loss=   0.151 pol=  2.449 vL= 0.442 kl= 0.20 H= 11.59 adv=+0.000 r̄=-0.786 succ=23.0% >exp= 0.0% el=12h39m eta=32h18m
  ep  1728/5000 batch 3540 loss=   0.095 pol= -2.091 vL= 0.420 kl= 0.36 H= 11.97 adv=-0.000 r̄=-0.374 succ=23.0% >exp= 0.0% el=12h51m eta=24h21m
  ep  2048/5000 batch 3560 loss=  -0.748 pol= -0.053 vL= 0.400 kl= 0.41 H=  7.61 adv=+0.000 r̄=-0.590 succ=23.0% >exp= 0.0% el=12h54m eta=18h36m
  ep  2368/5000 batch 3580 loss=   0.494 pol=  1.284 vL= 0.496 kl= 0.38 H= 10.47 adv=-0.000 r̄=-0.619 succ=23.0% >exp= 0.0% el=12h56m eta=14h23m
  ep  2688/5000 batch 3600 loss=   0.284 pol=  1.046 vL= 0.437 kl= 0.19 H=  8.99 adv=-0.000 r̄=-0.737 succ=23.0% >exp= 0.0% el=12h59m eta=11h10m
  ep  3008/5000 batch 3620 loss=   0.161 pol= -0.444 vL= 0.329 kl= 0.40 H=  6.26 adv=+0.000 r̄=-0.477 succ=23.0% >exp= 0.0% el=13h02m eta=8h37m
  ep  3328/5000 batch 3640 loss=  -0.433 pol=  1.817 vL= 0.266 kl= 0.17 H=  7.83 adv=+0.000 r̄=-0.903 succ=23.0% >exp= 0.0% el=13h04m eta=6h34m
  ep  3648/5000 batch 3660 loss=   0.009 pol= -0.291 vL= 0.556 kl= 0.23 H=  9.20 adv=+0.000 r̄=-0.514 succ=23.0% >exp= 0.0% el=13h07m eta=4h51m
  ep  3968/5000 batch 3680 loss=  -0.130 pol=  0.686 vL= 0.902 kl= 0.69 H=  5.62 adv=-0.000 r̄=-0.498 succ=23.0% >exp= 0.0% el=13h10m eta=3h25m
  ep  4288/5000 batch 3700 loss=   0.312 pol=  0.055 vL= 0.391 kl= 0.21 H= 10.18 adv=-0.000 r̄=-0.621 succ=23.0% >exp= 0.0% el=13h12m eta=2h11m
  ep  4608/5000 batch 3720 loss=   0.466 pol= -3.170 vL= 0.253 kl= 0.27 H= 12.09 adv=+0.000 r̄=-0.640 succ=23.0% >exp= 0.0% el=13h15m eta=1h07m
  ep  4928/5000 batch 3740 loss=   0.142 pol=  0.521 vL= 0.471 kl= 0.77 H= 10.87 adv=+0.000 r̄=-0.500 succ=23.0% >exp= 0.0% el=13h17m eta=11m39s
  >>> Epoch 12/20 DONE: succ=23.1% (1154/5000) mean_loss= 0.0670 mean_reward=-0.537 mean_KL=0.298 mean_H=8.96 epoch_time=51m05s

=== Epoch 13/20 — resetting substrate ===
  ep   256/5000 batch 3760 loss=   1.255 pol=  4.356 vL= 0.170 kl= 0.47 H= 13.73 adv=-0.000 r̄=-0.904 succ=23.0% >exp= 0.0% el=13h20m eta=247h23m
  ep   576/5000 batch 3780 loss=   0.657 pol=  3.467 vL= 0.441 kl= 0.72 H= 10.38 adv=-0.000 r̄=-0.881 succ=23.0% >exp= 0.0% el=13h23m eta=102h50m
  ep   896/5000 batch 3800 loss=  -0.131 pol= -1.135 vL= 0.286 kl= 0.33 H= 12.18 adv=-0.000 r̄=-0.417 succ=23.0% >exp= 0.0% el=13h26m eta=61h32m
  ep  1216/5000 batch 3820 loss=   0.655 pol=  2.505 vL= 0.676 kl= 0.96 H=  9.26 adv=+0.000 r̄=-0.532 succ=23.0% >exp= 0.0% el=13h28m eta=41h56m
  ep  1536/5000 batch 3840 loss=  -0.623 pol= -3.393 vL= 0.597 kl= 0.73 H= 10.01 adv=-0.000 r̄=-0.248 succ=23.0% >exp= 0.0% el=13h31m eta=30h30m
  ep  1856/5000 batch 3860 loss=   0.245 pol=  0.463 vL= 0.529 kl= 0.22 H= 10.04 adv=-0.000 r̄=-0.495 succ=23.0% >exp= 0.0% el=13h34m eta=23h00m
  ep  2176/5000 batch 3880 loss=  -0.269 pol=  0.428 vL= 0.177 kl= 0.28 H= 11.78 adv=+0.000 r̄=-0.621 succ=23.0% >exp= 0.0% el=13h37m eta=17h40m
  ep  2496/5000 batch 3900 loss=   0.444 pol= -0.091 vL= 0.433 kl= 0.19 H=  9.98 adv=+0.000 r̄=-0.620 succ=23.0% >exp= 0.0% el=13h40m eta=13h42m
  ep  2816/5000 batch 3920 loss=  -0.060 pol= -2.413 vL= 0.509 kl= 0.25 H= 10.57 adv=-0.000 r̄=-0.252 succ=23.0% >exp= 0.0% el=13h42m eta=10h38m
  ep  3136/5000 batch 3940 loss=   0.687 pol=  3.894 vL= 0.462 kl= 0.24 H=  8.97 adv=+0.000 r̄=-0.660 succ=23.0% >exp= 0.0% el=13h45m eta=8h10m
  ep  3456/5000 batch 3960 loss=   0.391 pol=  1.114 vL= 0.429 kl= 0.38 H= 13.82 adv=-0.000 r̄=-0.753 succ=23.0% >exp= 0.0% el=13h48m eta=6h10m
  ep  3776/5000 batch 3980 loss=  -0.131 pol= -4.094 vL= 0.640 kl= 0.52 H= 10.20 adv=-0.000 r̄=-0.248 succ=23.0% >exp= 0.0% el=14h06m eta=4h34m
  ep  4096/5000 batch 4000 loss=   0.069 pol=  0.210 vL= 0.391 kl= 0.21 H=  9.97 adv=+0.000 r̄=-0.641 succ=23.0% >exp= 0.0% el=14h09m eta=3h07m
  ep  4416/5000 batch 4020 loss=   1.128 pol= -0.374 vL= 0.340 kl= 0.27 H=  4.96 adv=-0.000 r̄=-0.486 succ=23.0% >exp= 0.0% el=14h11m eta=1h52m
  ep  4736/5000 batch 4040 loss=   0.734 pol= -2.679 vL= 0.297 kl= 0.29 H= 10.74 adv=-0.000 r̄=-0.634 succ=23.0% >exp= 0.0% el=14h14m eta=47m36s
  >>> Epoch 13/20 DONE: succ=23.2% (1158/5000) mean_loss= 0.2781 mean_reward=-0.536 mean_KL=0.434 mean_H=9.61 epoch_time=57m37s

=== Epoch 14/20 — resetting substrate ===
  ep    64/5000 batch 4060 loss=  -0.745 pol= -0.528 vL= 0.644 kl= 0.42 H=  7.41 adv=+0.000 r̄=-0.212 succ=23.0% >exp= 0.0% el=14h16m eta=1101h20m
  ep   384/5000 batch 4080 loss=   0.176 pol=  1.673 vL= 0.233 kl= 0.34 H=  7.72 adv=+0.000 r̄=-0.531 succ=23.0% >exp= 0.0% el=14h19m eta=172h11m
  ep   704/5000 batch 4100 loss=   0.223 pol= -2.939 vL= 0.383 kl= 0.27 H= 11.25 adv=+0.000 r̄=-0.379 succ=23.0% >exp= 0.0% el=14h22m eta=87h40m
  ep  1024/5000 batch 4120 loss=  -0.267 pol= -2.391 vL= 0.225 kl= 0.15 H= 11.15 adv=+0.000 r̄=-0.361 succ=23.0% >exp= 0.0% el=14h24m eta=55h56m
  ep  1344/5000 batch 4140 loss=   0.463 pol=  1.746 vL= 0.673 kl= 0.25 H=  7.90 adv=+0.000 r̄=-0.376 succ=23.0% >exp= 0.0% el=14h27m eta=39h18m
  ep  1664/5000 batch 4160 loss=  -0.585 pol= -1.121 vL= 0.375 kl= 0.40 H=  9.44 adv=+0.000 r̄=-0.340 succ=23.0% >exp= 0.0% el=14h29m eta=29h03m
  ep  1984/5000 batch 4180 loss=   0.169 pol=  4.302 vL= 0.322 kl= 0.29 H= 10.67 adv=-0.000 r̄=-0.863 succ=23.0% >exp= 0.0% el=14h32m eta=22h06m
  ep  2304/5000 batch 4200 loss=   0.260 pol=  0.049 vL= 0.410 kl= 0.28 H= 12.20 adv=+0.000 r̄=-0.620 succ=23.0% >exp= 0.0% el=14h35m eta=17h03m
  ep  2624/5000 batch 4220 loss=  -0.529 pol= -0.188 vL= 0.602 kl= 0.27 H= 10.64 adv=-0.000 r̄=-0.499 succ=23.0% >exp= 0.0% el=14h38m eta=13h15m
  ep  2944/5000 batch 4240 loss=  -0.210 pol= -0.226 vL= 0.325 kl= 0.21 H= 11.13 adv=-0.000 r̄=-0.647 succ=23.0% >exp= 0.0% el=14h41m eta=10h15m
  ep  3264/5000 batch 4260 loss=  -0.219 pol= -0.509 vL= 0.174 kl= 0.25 H= 10.68 adv=-0.000 r̄=-0.727 succ=23.0% >exp= 0.0% el=14h44m eta=7h50m
  ep  3584/5000 batch 4280 loss=   0.281 pol=  0.147 vL= 0.298 kl= 0.35 H= 10.22 adv=+0.000 r̄=-0.490 succ=23.0% >exp= 0.0% el=14h47m eta=5h50m
  ep  3904/5000 batch 4300 loss=  -0.704 pol= -1.034 vL= 0.519 kl= 0.65 H=  7.90 adv=+0.000 r̄=-0.092 succ=23.0% >exp= 0.0% el=14h50m eta=4h09m
  ep  4224/5000 batch 4320 loss=   0.074 pol= -1.403 vL= 0.211 kl= 0.32 H=  7.78 adv=+0.000 r̄=-0.124 succ=23.0% >exp= 0.0% el=14h53m eta=2h44m
  ep  4544/5000 batch 4340 loss=   0.783 pol= -3.705 vL= 0.513 kl= 0.21 H=  9.45 adv=+0.000 r̄=-0.154 succ=23.0% >exp= 0.0% el=14h55m eta=1h29m
  ep  4864/5000 batch 4360 loss=  -0.286 pol=  0.492 vL= 0.371 kl= 0.16 H=  9.40 adv=-0.000 r̄=-0.496 succ=23.0% >exp= 0.0% el=14h58m eta=25m08s
  >>> Epoch 14/20 DONE: succ=23.3% (1164/5000) mean_loss=-0.0116 mean_reward=-0.533 mean_KL=0.340 mean_H=9.69 epoch_time=44m00s

=== Epoch 15/20 — resetting substrate ===
  ep   192/5000 batch 4380 loss=  -0.802 pol=  1.336 vL= 0.310 kl= 0.45 H=  7.86 adv=-0.000 r̄=-0.884 succ=23.0% >exp= 0.0% el=15h02m eta=376h32m
  ep   512/5000 batch 4400 loss=   0.436 pol= -1.280 vL= 0.464 kl= 0.16 H=  7.28 adv=+0.000 r̄=-0.641 succ=23.0% >exp= 0.0% el=15h05m eta=132h14m
  ep   832/5000 batch 4420 loss=  -0.046 pol=  2.727 vL= 0.357 kl= 0.37 H= 10.35 adv=-0.000 r̄=-0.864 succ=23.0% >exp= 0.0% el=15h26m eta=77h19m
  ep  1152/5000 batch 4440 loss=   0.489 pol= -0.252 vL= 0.193 kl= 0.41 H= 10.33 adv=-0.000 r̄=-0.863 succ=23.0% >exp= 0.0% el=15h28m eta=51h41m
  ep  1472/5000 batch 4460 loss=  -1.021 pol=  0.210 vL= 0.462 kl= 0.26 H=  9.29 adv=+0.000 r̄=-0.488 succ=23.0% >exp= 0.0% el=15h31m eta=37h11m
  ep  1792/5000 batch 4480 loss=   0.503 pol= -2.910 vL= 0.253 kl= 0.48 H= 10.26 adv=+0.000 r̄=-0.478 succ=23.0% >exp= 0.0% el=15h33m eta=27h51m
  ep  2112/5000 batch 4500 loss=   0.429 pol=  0.584 vL= 0.262 kl= 0.22 H=  8.33 adv=+0.000 r̄=-0.874 succ=23.0% >exp= 0.0% el=15h36m eta=21h19m
  ep  2432/5000 batch 4520 loss=  -0.977 pol=  2.360 vL= 0.219 kl= 0.13 H= 13.26 adv=+0.000 r̄=-0.905 succ=23.0% >exp= 0.0% el=15h38m eta=16h31m
  ep  2752/5000 batch 4540 loss=  -0.052 pol=  2.124 vL= 0.655 kl= 0.37 H=  7.59 adv=+0.000 r̄=-0.642 succ=23.0% >exp= 0.0% el=15h41m eta=12h48m
  ep  3072/5000 batch 4560 loss=   0.399 pol=  1.410 vL= 0.562 kl= 0.22 H=  8.21 adv=+0.000 r̄=-0.620 succ=23.0% >exp= 0.0% el=15h43m eta=9h52m
  ep  3392/5000 batch 4580 loss=  -0.135 pol= -0.739 vL= 0.399 kl= 0.22 H=  6.51 adv=+0.000 r̄=-0.511 succ=23.0% >exp= 0.0% el=15h46m eta=7h28m
  ep  3712/5000 batch 4600 loss=   0.335 pol= -3.106 vL= 0.756 kl= 0.11 H=  9.79 adv=-0.000 r̄=-0.365 succ=23.0% >exp= 0.0% el=15h49m eta=5h29m
  ep  4032/5000 batch 4620 loss=  -0.413 pol= -0.598 vL= 0.487 kl= 0.20 H=  5.98 adv=+0.000 r̄=-0.642 succ=23.0% >exp= 0.0% el=15h51m eta=3h48m
  ep  4352/5000 batch 4640 loss=  -0.162 pol=  4.757 vL= 0.345 kl= 0.20 H= 11.22 adv=-0.000 r̄=-0.881 succ=23.0% >exp= 0.0% el=15h54m eta=2h22m
  ep  4672/5000 batch 4660 loss=   0.080 pol= -0.362 vL= 0.655 kl= 0.19 H=  4.52 adv=-0.000 r̄= 0.105 succ=23.0% >exp= 0.0% el=16h23m eta=1h09m
  ep  4992/5000 batch 4680 loss=  -0.201 pol=  0.827 vL= 0.488 kl= 0.22 H=  8.97 adv=+0.000 r̄=-0.523 succ=23.0% >exp= 0.0% el=16h24m eta= 1m34s
  >>> Epoch 15/20 DONE: succ=22.5% (1124/5000) mean_loss=-0.0889 mean_reward=-0.550 mean_KL=0.259 mean_H=9.32 epoch_time=1h24m

=== Epoch 16/20 — resetting substrate ===
  ep   320/5000 batch 4700 loss=   0.253 pol=  0.170 vL= 0.550 kl= 0.44 H=  5.85 adv=+0.000 r̄=-0.622 succ=23.0% >exp= 0.0% el=16h26m eta=240h22m
  ep   640/5000 batch 4720 loss=   0.033 pol= -0.249 vL= 0.407 kl= 0.35 H=  7.13 adv=+0.000 r̄=-0.471 succ=23.0% >exp= 0.0% el=16h27m eta=112h09m
  ep   960/5000 batch 4740 loss=   0.108 pol= -0.725 vL= 0.368 kl= 0.37 H=  7.50 adv=-0.000 r̄=-0.488 succ=23.0% >exp= 0.0% el=16h29m eta=69h23m
  ep  1280/5000 batch 4760 loss=   0.180 pol=  2.507 vL= 0.602 kl= 0.28 H=  9.02 adv=-0.000 r̄=-0.772 succ=23.0% >exp= 0.0% el=16h31m eta=48h00m
  ep  1600/5000 batch 4780 loss=  -0.215 pol=  0.572 vL= 0.494 kl= 0.30 H=  7.29 adv=-0.000 r̄=-0.630 succ=23.0% >exp= 0.0% el=16h32m eta=35h09m
  ep  1920/5000 batch 4800 loss=   0.089 pol= -0.587 vL= 0.537 kl= 0.38 H=  6.35 adv=+0.000 r̄= 0.007 succ=23.0% >exp= 0.0% el=16h34m eta=26h35m
  ep  2240/5000 batch 4820 loss=   0.098 pol= -0.687 vL= 0.548 kl= 0.38 H=  7.90 adv=-0.000 r̄=-0.472 succ=23.0% >exp= 0.0% el=16h36m eta=20h27m
  ep  2560/5000 batch 4840 loss=   0.343 pol=  4.998 vL= 0.127 kl= 0.23 H= 13.64 adv=+0.000 r̄=-0.862 succ=23.0% >exp= 0.0% el=16h38m eta=15h51m
  ep  2880/5000 batch 4860 loss=   0.026 pol=  0.468 vL= 0.560 kl= 0.29 H=  9.69 adv=+0.000 r̄=-0.394 succ=23.0% >exp= 0.0% el=16h40m eta=12h16m
  ep  3200/5000 batch 4880 loss=  -0.651 pol= -0.023 vL= 0.360 kl= 0.22 H=  8.97 adv=-0.000 r̄=-0.661 succ=23.0% >exp= 0.0% el=16h41m eta=9h23m
  ep  3520/5000 batch 4900 loss=   0.888 pol=  1.084 vL= 0.584 kl= 0.39 H=  5.40 adv=+0.000 r̄=-0.756 succ=23.0% >exp= 0.0% el=16h43m eta=7h02m
  ep  3840/5000 batch 4920 loss=  -0.186 pol=  4.374 vL= 0.441 kl= 0.40 H=  9.46 adv=+0.000 r̄=-0.881 succ=23.0% >exp= 0.0% el=16h45m eta=5h03m
  ep  4160/5000 batch 4940 loss=  -0.035 pol= -0.894 vL= 0.412 kl= 0.95 H=  7.91 adv=-0.000 r̄=-0.476 succ=23.0% >exp= 0.0% el=16h47m eta=3h23m
  ep  4480/5000 batch 4960 loss=   1.440 pol= -0.513 vL= 0.738 kl= 0.66 H=  5.03 adv=+0.000 r̄=-0.219 succ=23.0% >exp= 0.0% el=16h49m eta=1h57m
  ep  4800/5000 batch 4980 loss=  -0.680 pol=  4.594 vL= 0.166 kl= 0.54 H=  9.81 adv=-0.000 r̄=-1.000 succ=23.0% >exp= 0.0% el=16h51m eta=42m09s
  >>> Epoch 16/20 DONE: succ=23.8% (1189/5000) mean_loss= 0.0861 mean_reward=-0.524 mean_KL=0.406 mean_H=8.72 epoch_time=28m23s

=== Epoch 17/20 — resetting substrate ===
  ep   128/5000 batch 5000 loss=  -0.761 pol= -0.172 vL= 0.380 kl= 0.40 H=  8.12 adv=+0.000 r̄=-0.589 succ=23.1% >exp= 0.0% el=16h53m eta=643h09m
  ep   448/5000 batch 5020 loss=   0.489 pol= -0.924 vL= 0.297 kl= 0.60 H=  6.64 adv=+0.000 r̄=-0.631 succ=23.1% >exp= 0.0% el=16h56m eta=172h03m
  ep   768/5000 batch 5040 loss=  -0.148 pol=  0.779 vL= 0.153 kl= 0.30 H=  8.89 adv=-0.000 r̄=-0.733 succ=23.1% >exp= 0.0% el=16h58m eta=93h31m
  ep  1088/5000 batch 5060 loss=   0.984 pol=  1.251 vL= 0.760 kl= 0.42 H=  5.85 adv=-0.000 r̄=-0.598 succ=23.1% >exp= 0.0% el=17h00m eta=61h10m
  ep  1408/5000 batch 5080 loss=   0.372 pol= -0.721 vL= 0.177 kl= 0.93 H= 10.68 adv=+0.000 r̄=-0.764 succ=23.0% >exp= 0.0% el=17h02m eta=43h29m
  ep  1728/5000 batch 5100 loss=  -0.815 pol=  1.204 vL= 0.286 kl= 0.53 H=  9.55 adv=+0.000 r̄=-0.617 succ=23.1% >exp= 0.0% el=17h05m eta=32h21m
  ep  2048/5000 batch 5120 loss=  -0.232 pol=  0.334 vL= 0.587 kl= 0.33 H=  5.46 adv=+0.000 r̄=-0.633 succ=23.0% >exp= 0.0% el=17h07m eta=24h41m
  ep  2368/5000 batch 5140 loss=  -0.195 pol=  1.008 vL= 0.625 kl= 0.46 H= 10.12 adv=-0.000 r̄=-0.621 succ=23.0% >exp= 0.0% el=17h10m eta=19h05m
  ep  2688/5000 batch 5160 loss=   0.430 pol=  0.889 vL= 0.634 kl= 0.72 H= 10.79 adv=+0.000 r̄=-0.396 succ=23.0% >exp= 0.0% el=17h12m eta=14h48m
  ep  3008/5000 batch 5180 loss=   0.063 pol=  0.054 vL= 0.433 kl= 0.34 H=  8.31 adv=+0.000 r̄=-0.609 succ=23.1% >exp= 0.0% el=17h14m eta=11h25m
  ep  3328/5000 batch 5200 loss=  -0.118 pol=  0.388 vL= 0.340 kl= 0.27 H=  8.57 adv=-0.000 r̄=-0.521 succ=23.1% >exp= 0.0% el=17h17m eta=8h41m
  ep  3648/5000 batch 5220 loss=   0.584 pol= -0.277 vL= 0.491 kl= 0.29 H= 10.33 adv=-0.000 r̄=-0.645 succ=23.1% >exp= 0.0% el=17h19m eta=6h25m
  ep  3968/5000 batch 5240 loss=   0.136 pol=  0.323 vL= 0.678 kl= 0.28 H=  5.78 adv=-0.000 r̄=-0.596 succ=23.1% >exp= 0.0% el=17h21m eta=4h30m
  ep  4288/5000 batch 5260 loss=   0.348 pol= -0.423 vL= 0.212 kl= 0.19 H= 10.17 adv=+0.000 r̄=-0.876 succ=23.1% >exp= 0.0% el=17h24m eta=2h53m
  ep  4608/5000 batch 5280 loss=  -0.357 pol= -1.897 vL= 0.254 kl= 0.13 H= 12.18 adv=+0.000 r̄=-0.634 succ=23.1% >exp= 0.0% el=17h27m eta=1h29m
  ep  4928/5000 batch 5300 loss=   0.643 pol= -5.169 vL= 0.380 kl= 0.23 H= 10.35 adv=-0.000 r̄=-0.290 succ=23.1% >exp= 0.0% el=17h30m eta=15m20s
  >>> Epoch 17/20 DONE: succ=23.8% (1188/5000) mean_loss= 0.1042 mean_reward=-0.522 mean_KL=0.412 mean_H=9.11 epoch_time=37m55s

=== Epoch 18/20 — resetting substrate ===
  ep   256/5000 batch 5320 loss=   0.230 pol= -0.046 vL= 0.260 kl= 0.24 H= 11.20 adv=+0.000 r̄=-0.742 succ=23.1% >exp= 0.0% el=17h33m eta=325h15m
  ep   576/5000 batch 5340 loss=   0.118 pol= -2.210 vL= 0.407 kl= 0.20 H=  8.60 adv=-0.000 r̄=-0.513 succ=23.1% >exp= 0.0% el=17h35m eta=135h06m
  ep   896/5000 batch 5360 loss=  -0.058 pol=  2.193 vL= 0.661 kl= 0.28 H= 10.50 adv=+0.000 r̄=-0.666 succ=23.1% >exp= 0.0% el=17h37m eta=80h44m
  ep  1216/5000 batch 5380 loss=   0.420 pol= -0.386 vL= 0.249 kl= 0.31 H=  8.56 adv=+0.000 r̄=-0.742 succ=23.1% >exp= 0.0% el=17h39m eta=54h58m
  ep  1536/5000 batch 5400 loss=  -0.507 pol= -2.602 vL= 0.333 kl= 0.20 H= 10.80 adv=+0.000 r̄=-0.351 succ=23.1% >exp= 0.0% el=17h41m eta=39h55m
  ep  1856/5000 batch 5420 loss=   0.341 pol=  2.735 vL= 0.453 kl= 0.32 H= 11.25 adv=+0.000 r̄=-0.466 succ=23.1% >exp= 0.0% el=17h44m eta=30h02m
  ep  2176/5000 batch 5440 loss=   0.211 pol= -1.313 vL= 0.344 kl= 0.28 H= 10.22 adv=-0.000 r̄=-0.734 succ=23.1% >exp= 0.0% el=17h46m eta=23h03m
  ep  2496/5000 batch 5460 loss=  -0.209 pol=  1.269 vL= 0.274 kl= 0.39 H=  7.14 adv=-0.000 r̄=-0.492 succ=23.1% >exp= 0.0% el=17h48m eta=17h51m
  ep  2816/5000 batch 5480 loss=   0.068 pol= -0.401 vL= 0.266 kl= 0.30 H=  8.91 adv=+0.000 r̄=-0.752 succ=23.1% >exp= 0.0% el=17h50m eta=13h50m
  ep  3136/5000 batch 5500 loss=  -0.114 pol= -2.100 vL= 0.550 kl= 0.20 H=  8.90 adv=+0.000 r̄=-0.498 succ=23.1% >exp= 0.0% el=17h52m eta=10h37m
  ep  3456/5000 batch 5520 loss=   0.818 pol=  2.459 vL= 0.146 kl= 0.16 H= 13.34 adv=+0.000 r̄=-0.865 succ=23.1% >exp= 0.0% el=17h54m eta=8h00m
  ep  3776/5000 batch 5540 loss=   0.059 pol=  2.401 vL= 0.383 kl= 0.33 H=  9.84 adv=-0.000 r̄=-0.650 succ=23.1% >exp= 0.0% el=17h57m eta=5h49m
  ep  4096/5000 batch 5560 loss=  -0.230 pol= -0.596 vL= 0.676 kl= 0.18 H=  9.24 adv=+0.000 r̄=-0.369 succ=23.1% >exp= 0.0% el=17h59m eta=3h58m
  ep  4416/5000 batch 5580 loss=   0.818 pol=  1.885 vL= 0.481 kl= 0.37 H=  5.98 adv=+0.000 r̄=-0.860 succ=23.1% >exp= 0.0% el=18h02m eta=2h23m
  ep  4736/5000 batch 5600 loss=  -0.286 pol=  0.357 vL= 0.267 kl= 0.20 H=  9.77 adv=+0.000 r̄=-0.889 succ=23.1% >exp= 0.0% el=18h04m eta=1h00m
  >>> Epoch 18/20 DONE: succ=24.0% (1201/5000) mean_loss= 0.1487 mean_reward=-0.517 mean_KL=0.295 mean_H=8.86 epoch_time=36m08s

=== Epoch 19/20 — resetting substrate ===
  ep    64/5000 batch 5620 loss=   0.475 pol= -1.533 vL= 0.477 kl= 0.23 H=  7.83 adv=+0.000 r̄=-0.236 succ=23.1% >exp= 0.0% el=18h07m eta=1398h00m
  ep   384/5000 batch 5640 loss=  -0.026 pol=  0.430 vL= 0.422 kl= 0.74 H=  7.69 adv=-0.000 r̄=-0.631 succ=23.1% >exp= 0.0% el=18h09m eta=218h18m
  ep   704/5000 batch 5660 loss=  -0.226 pol=  1.646 vL= 0.476 kl= 0.96 H= 10.73 adv=+0.000 r̄=-0.656 succ=23.1% >exp= 0.0% el=18h12m eta=111h05m
  ep  1024/5000 batch 5680 loss=  -0.358 pol= -0.121 vL= 0.571 kl= 0.41 H= 10.04 adv=+0.000 r̄=-0.378 succ=23.1% >exp= 0.0% el=18h15m eta=70h55m
  ep  1344/5000 batch 5700 loss=  -0.336 pol= -2.073 vL= 0.377 kl= 0.30 H=  6.91 adv=-0.000 r̄=-0.120 succ=23.2% >exp= 0.0% el=18h18m eta=49h47m
  ep  1664/5000 batch 5720 loss=  -0.757 pol=  0.862 vL= 0.343 kl= 0.19 H=  8.80 adv=+0.000 r̄=-0.723 succ=23.1% >exp= 0.0% el=18h20m eta=36h46m
  ep  1984/5000 batch 5740 loss=  -0.903 pol=  0.302 vL= 0.205 kl= 0.09 H= 10.09 adv=+0.000 r̄=-0.643 succ=23.1% >exp= 0.0% el=18h23m eta=27h57m
  ep  2304/5000 batch 5760 loss=  -0.044 pol=  0.871 vL= 0.385 kl= 0.08 H= 10.68 adv=+0.000 r̄=-0.619 succ=23.1% >exp= 0.0% el=18h26m eta=21h34m
  ep  2624/5000 batch 5780 loss=   0.507 pol= -1.094 vL= 0.331 kl= 0.41 H= 10.59 adv=-0.000 r̄=-0.230 succ=23.1% >exp= 0.0% el=18h28m eta=16h43m
  ep  2944/5000 batch 5800 loss=   0.503 pol= -1.096 vL= 0.302 kl= 0.13 H= 11.49 adv=+0.000 r̄=-0.733 succ=23.1% >exp= 0.0% el=18h30m eta=12h55m
  ep  3264/5000 batch 5820 loss=  -0.040 pol=  2.544 vL= 0.916 kl= 0.33 H=  9.51 adv=-0.000 r̄=-0.643 succ=23.2% >exp= 0.0% el=18h32m eta=9h51m
  ep  3584/5000 batch 5840 loss=   0.876 pol=  0.562 vL= 0.328 kl= 0.38 H=  7.76 adv=+0.000 r̄=-0.599 succ=23.2% >exp= 0.0% el=18h34m eta=7h20m
  ep  3904/5000 batch 5860 loss=  -0.283 pol=  0.915 vL= 0.907 kl= 0.85 H=  6.51 adv=-0.000 r̄=-0.480 succ=23.2% >exp= 0.0% el=18h36m eta=5h13m
  ep  4224/5000 batch 5880 loss=  -0.534 pol= -2.252 vL= 0.848 kl= 0.33 H=  7.08 adv=-0.000 r̄= 0.117 succ=23.2% >exp= 0.0% el=18h39m eta=3h25m
  ep  4544/5000 batch 5900 loss=   0.371 pol= -1.525 vL= 0.715 kl= 0.44 H=  6.87 adv=+0.000 r̄=-0.163 succ=23.2% >exp= 0.0% el=18h41m eta=1h52m
  ep  4864/5000 batch 5920 loss=  -0.136 pol= -0.247 vL= 0.601 kl= 0.35 H=  7.39 adv=-0.000 r̄=-0.506 succ=23.2% >exp= 0.0% el=18h44m eta=31m26s
  >>> Epoch 19/20 DONE: succ=23.9% (1195/5000) mean_loss=-0.0688 mean_reward=-0.521 mean_KL=0.334 mean_H=8.66 epoch_time=39m49s

=== Epoch 20/20 — resetting substrate ===
  ep   192/5000 batch 5940 loss=  -0.106 pol= -0.886 vL= 0.420 kl= 0.16 H=  7.91 adv=-0.000 r̄=-0.531 succ=23.2% >exp= 0.0% el=18h48m eta=471h05m
  ep   512/5000 batch 5960 loss=   0.107 pol= -0.383 vL= 0.577 kl= 0.06 H=  6.43 adv=-0.000 r̄=-0.516 succ=23.2% >exp= 0.0% el=18h51m eta=165h16m
  ep   832/5000 batch 5980 loss=   0.206 pol= -1.817 vL= 0.615 kl= 0.10 H= 10.47 adv=+0.000 r̄=-0.485 succ=23.2% >exp= 0.0% el=18h53m eta=94h39m
  ep  1152/5000 batch 6000 loss=  -0.903 pol= -2.671 vL= 0.485 kl= 0.27 H= 10.33 adv=+0.000 r̄=-0.509 succ=23.2% >exp= 0.0% el=18h56m eta=63h15m
  ep  1472/5000 batch 6020 loss=  -0.279 pol= -3.248 vL= 0.784 kl= 0.16 H=  9.39 adv=-0.000 r̄=-0.230 succ=23.2% >exp= 0.0% el=18h58m eta=45h29m
  ep  1792/5000 batch 6040 loss=   0.459 pol=  0.749 vL= 0.409 kl= 0.28 H=  7.37 adv=+0.000 r̄=-0.610 succ=23.2% >exp= 0.0% el=19h01m eta=34h02m
  ep  2112/5000 batch 6060 loss=   1.319 pol=  0.118 vL= 0.747 kl= 0.15 H=  6.57 adv=+0.000 r̄=-0.392 succ=23.2% >exp= 0.0% el=19h07m eta=26h08m
  ep  2432/5000 batch 6080 loss=  -0.704 pol= -0.924 vL= 0.405 kl= 0.11 H= 13.08 adv=-0.000 r̄=-0.754 succ=23.2% >exp= 0.0% el=19h11m eta=20h15m
  ep  2752/5000 batch 6100 loss=  -0.142 pol=  0.844 vL= 0.709 kl= 0.20 H=  6.84 adv=+0.000 r̄=-0.495 succ=23.2% >exp= 0.0% el=19h14m eta=15h43m
  ep  3072/5000 batch 6120 loss=   0.271 pol=  4.293 vL= 0.395 kl= 0.27 H=  8.86 adv=-0.000 r̄=-0.865 succ=23.2% >exp= 0.0% el=19h18m eta=12h06m
  ep  3392/5000 batch 6140 loss=   1.070 pol=  0.261 vL= 0.478 kl= 0.14 H=  7.01 adv=-0.000 r̄=-0.485 succ=23.2% >exp= 0.0% el=19h24m eta=9h11m
  ep  3712/5000 batch 6160 loss=   0.011 pol=  3.511 vL= 0.607 kl= 0.48 H=  9.59 adv=-0.000 r̄=-0.873 succ=23.2% >exp= 0.0% el=19h30m eta=6h46m
  ep  4032/5000 batch 6180 loss=   0.224 pol=  0.316 vL= 0.410 kl= 0.35 H=  7.60 adv=+0.000 r̄=-0.749 succ=23.2% >exp= 0.0% el=19h35m eta=4h42m
  ep  4352/5000 batch 6200 loss=  -0.603 pol=  4.427 vL= 0.228 kl= 0.46 H= 11.86 adv=+0.000 r̄=-0.872 succ=23.2% >exp= 0.0% el=19h38m eta=2h55m
  ep  4672/5000 batch 6220 loss=   0.743 pol= -0.474 vL= 0.673 kl= 0.88 H=  6.56 adv=-0.000 r̄=-0.215 succ=23.2% >exp= 0.0% el=19h40m eta=1h22m
  ep  4992/5000 batch 6240 loss=  -0.200 pol=  0.371 vL= 0.350 kl= 0.52 H= 10.62 adv=+0.000 r̄=-0.433 succ=23.2% >exp= 0.0% el=19h42m eta= 1m53s
  >>> Epoch 20/20 DONE: succ=23.2% (1158/5000) mean_loss= 0.0732 mean_reward=-0.536 mean_KL=0.254 mean_H=9.18 epoch_time=56m06s
------------------------------------------------------------------------
  total time:               19h42m
  success rate:             23171/100000 = 23.2%
  final success_cost_ema:   282.60745191192694
  final loss avg:           -0.2000
  checkpoint saved to checkpoints/il_mp_vne_v19_100nodes_normal_cont4.pt
  epoch summary log: logs/ppo_v19_100nodes_normal_cont4_epoch_summary.csv
