Loading substrate from datasets/scenario_stress/substrate.json
Pretrain rl_oa_mp_vne_v2: 5000 episodes, batch_size=64
  load drop range: CPU U[0,0.7]  BW U[0,0.7]
  checkpoint: checkpoints/rl_oa_mp_vne_v2_pretrain.pt
  log: logs/rl_oa_mp_vne_v2_pretrain_redesign.csv
------------------------------------------------------------------------
  ep   640/5000  r=+0.290 V=+0.163 crit=0.020 ent=2.22 adv_std=0.061  loss=-1.941  (n:-0.323 l:-0.594 c:-0.941)  elapsed= 4m31s eta=30m46s
  ep  1280/5000  r=+0.261 V=+0.320 crit=0.006 ent=2.23 adv_std=0.045  loss=-0.014  (n:+0.017 l:-0.021 c:+0.060)  elapsed= 9m12s eta=26m44s
  ep  1920/5000  r=+0.278 V=+0.297 crit=0.004 ent=2.21 adv_std=0.061  loss=-0.431  (n:-0.063 l:-0.140 c:-0.178)  elapsed=13m52s eta=22m15s
  ep  2560/5000  r=+0.265 V=+0.268 crit=0.003 ent=2.27 adv_std=0.058  loss=-0.537  (n:-0.085 l:-0.166 c:-0.254)  elapsed=18m32s eta=17m40s
  ep  3200/5000  r=+0.275 V=+0.271 crit=0.002 ent=2.24 adv_std=0.050  loss=-1.161  (n:-0.183 l:-0.489 c:-0.477)  elapsed=23m04s eta=12m58s
  ep  3840/5000  r=+0.271 V=+0.277 crit=0.004 ent=2.25 adv_std=0.060  loss=-0.469  (n:-0.061 l:-0.263 c:-0.136)  elapsed=27m41s eta= 8m21s
  ep  4480/5000  r=+0.282 V=+0.282 crit=0.004 ent=2.25 adv_std=0.063  loss=-1.337  (n:-0.209 l:-0.568 c:-0.550)  elapsed=32m13s eta= 3m44s
------------------------------------------------------------------------
Pretrain done in 36m07s.
  head-100 avg reward: +0.2749
  tail-100 avg reward: +0.2845
  delta:                  +0.0096
  checkpoint saved to checkpoints/rl_oa_mp_vne_v2_pretrain.pt
  loss log saved to    logs/rl_oa_mp_vne_v2_pretrain_redesign.csv
