Loading substrate from datasets/scenario_stress/substrate.json
Pretrain rl_oa_mp_vne_v2: 5000 episodes, batch_size=64
  load drop range: CPU U[0,0.7]  BW U[0,0.7]
  checkpoint: checkpoints/rl_oa_mp_vne_v2_pretrain.pt
  log: logs/rl_oa_mp_vne_v2_pretrain_costmin.csv
------------------------------------------------------------------------
  ep   640/5000  r=-1.437 V=-0.124 crit=2.886 ent=2.22 adv_std=1.086  loss=-2.657  (n:-0.652 l:-1.431 c:-1.779)  elapsed= 4m48s eta=32m47s
  ep  1280/5000  r=-1.507 V=-0.343 crit=2.390 ent=2.23 adv_std=1.025  loss=-2.184  (n:-0.562 l:-1.272 c:-1.472)  elapsed=10m33s eta=30m39s
  ep  1920/5000  r=-1.440 V=-0.583 crit=1.703 ent=2.21 adv_std=0.992  loss=-2.770  (n:-0.591 l:-1.379 c:-1.599)  elapsed=16m15s eta=26m04s
  ep  2560/5000  r=-1.641 V=-0.844 crit=1.922 ent=2.27 adv_std=1.143  loss=-2.888  (n:-0.661 l:-1.364 c:-1.790)  elapsed=22m04s eta=21m02s
  ep  3200/5000  r=-1.515 V=-1.071 crit=1.360 ent=2.24 adv_std=1.087  loss=-3.021  (n:-0.595 l:-1.474 c:-1.619)  elapsed=27m03s eta=15m13s
  ep  3840/5000  r=-1.497 V=-1.223 crit=1.150 ent=2.25 adv_std=1.045  loss=-3.201  (n:-0.622 l:-1.455 c:-1.688)  elapsed=32m27s eta= 9m48s
  ep  4480/5000  r=-1.570 V=-1.299 crit=1.197 ent=2.25 adv_std=1.068  loss=-3.009  (n:-0.596 l:-1.402 c:-1.598)  elapsed=37m35s eta= 4m21s
------------------------------------------------------------------------
Pretrain done in 42m25s.
  head-100 avg reward: -1.4293
  tail-100 avg reward: -1.5305
  delta:                  -0.1012
  checkpoint saved to checkpoints/rl_oa_mp_vne_v2_pretrain.pt
  loss log saved to    logs/rl_oa_mp_vne_v2_pretrain_costmin.csv
