Loading substrate from datasets/scenario_stress/substrate.json
Pretrain rl_oa_mp_vne: 2000 episodes, batch_size=16
  load drop range: CPU U[0,0.7]  BW U[0,0.7]
  checkpoint: checkpoints/rl_oa_mp_vne_pretrain_k1_selfcrit_2k.pt
  log: logs/rl_oa_mp_vne_pretrain_k1_selfcrit_2k.csv
------------------------------------------------------------------------
  ep    80/2000  r_smp=+0.220 r_grd=-1.000 adv=+1.220  loss=-11.087  (n:-1.65 l:-5.05 c:-4.39)  elapsed=  37s eta=14m45s
  ep   160/2000  r_smp=+0.041 r_grd=-0.906 adv=+0.946  loss=-7.669  (n:-1.04 l:-3.92 c:-2.71)  elapsed= 1m12s eta=13m58s
  ep   240/2000  r_smp=+0.216 r_grd=-0.922 adv=+1.138  loss=-6.841  (n:-0.69 l:-4.71 c:-1.44)  elapsed= 1m43s eta=12m41s
  ep   320/2000  r_smp=-0.109 r_grd=-1.000 adv=+0.891  loss=-15.525  (n:-1.92 l:-8.39 c:-5.22)  elapsed= 2m16s eta=11m54s
  ep   400/2000  r_smp=+0.256 r_grd=-1.000 adv=+1.256  loss=+2.439  (n:+0.25 l:+1.71 c:+0.47)  elapsed= 2m53s eta=11m32s
  ep   480/2000  r_smp=+0.044 r_grd=-1.000 adv=+1.044  loss=-4.274  (n:-0.77 l:-1.32 c:-2.19)  elapsed= 3m28s eta=10m59s
  ep   560/2000  r_smp=+0.110 r_grd=-1.000 adv=+1.110  loss=-10.232  (n:-1.33 l:-5.18 c:-3.72)  elapsed= 3m58s eta=10m14s
  ep   640/2000  r_smp=+0.288 r_grd=-1.000 adv=+1.288  loss=-3.166  (n:-0.36 l:-1.90 c:-0.90)  elapsed= 4m36s eta= 9m47s
  ep   720/2000  r_smp=-0.057 r_grd=-1.000 adv=+0.943  loss=-7.856  (n:-0.97 l:-4.33 c:-2.55)  elapsed= 5m09s eta= 9m10s
  ep   800/2000  r_smp=+0.067 r_grd=-1.000 adv=+1.067  loss=+2.000  (n:+0.10 l:+1.96 c:-0.06)  elapsed= 5m42s eta= 8m33s
  ep   880/2000  r_smp=+0.113 r_grd=-1.000 adv=+1.113  loss=-6.046  (n:-1.10 l:-2.03 c:-2.91)  elapsed= 6m20s eta= 8m04s
  ep   960/2000  r_smp=+0.029 r_grd=-1.000 adv=+1.029  loss=+0.004  (n:+0.05 l:-0.16 c:+0.11)  elapsed= 6m53s eta= 7m27s
  ep  1040/2000  r_smp=+0.278 r_grd=-1.000 adv=+1.278  loss=-8.114  (n:-0.97 l:-4.77 c:-2.37)  elapsed= 7m34s eta= 6m59s
  ep  1120/2000  r_smp=+0.293 r_grd=-1.000 adv=+1.293  loss=-4.711  (n:-0.61 l:-2.51 c:-1.59)  elapsed= 8m12s eta= 6m26s
  ep  1200/2000  r_smp=+0.289 r_grd=-1.000 adv=+1.289  loss=-12.776  (n:-1.64 l:-6.57 c:-4.56)  elapsed= 8m56s eta= 5m57s
  ep  1280/2000  r_smp=+0.032 r_grd=-1.000 adv=+1.032  loss=-4.755  (n:-0.65 l:-2.45 c:-1.66)  elapsed= 9m31s eta= 5m21s
  ep  1360/2000  r_smp=+0.237 r_grd=-1.000 adv=+1.237  loss=-10.411  (n:-1.59 l:-4.66 c:-4.16)  elapsed=10m08s eta= 4m46s
  ep  1440/2000  r_smp=+0.192 r_grd=-1.000 adv=+1.192  loss=-6.081  (n:-1.18 l:-1.97 c:-2.93)  elapsed=10m47s eta= 4m11s
  ep  1520/2000  r_smp=+0.187 r_grd=-1.000 adv=+1.187  loss=-0.085  (n:-0.37 l:+1.25 c:-0.96)  elapsed=11m27s eta= 3m37s
  ep  1600/2000  r_smp=+0.194 r_grd=-1.000 adv=+1.194  loss=+1.867  (n:+0.21 l:+1.39 c:+0.27)  elapsed=12m06s eta= 3m01s
  ep  1680/2000  r_smp=+0.218 r_grd=-1.000 adv=+1.218  loss=-0.746  (n:-0.21 l:+0.34 c:-0.88)  elapsed=12m44s eta= 2m25s
  ep  1760/2000  r_smp=+0.025 r_grd=-1.000 adv=+1.025  loss=-11.426  (n:-1.21 l:-7.06 c:-3.16)  elapsed=13m20s eta= 1m49s
  ep  1840/2000  r_smp=+0.288 r_grd=-1.000 adv=+1.288  loss=-4.579  (n:-0.72 l:-1.40 c:-2.46)  elapsed=13m58s eta= 1m12s
  ep  1920/2000  r_smp=+0.269 r_grd=-1.000 adv=+1.269  loss=+1.792  (n:+0.33 l:+0.20 c:+1.27)  elapsed=14m26s eta=  36s
  ep  2000/2000  r_smp=+0.281 r_grd=-1.000 adv=+1.281  loss=+0.396  (n:+0.01 l:+0.84 c:-0.45)  elapsed=15m01s eta=   0s
------------------------------------------------------------------------
Pretrain done in 15m01s.
  head-100 avg reward: +0.1261
  tail-100 avg reward: +0.1595
  delta:                  +0.0334
  checkpoint saved to checkpoints/rl_oa_mp_vne_pretrain_k1_selfcrit_2k.pt
  loss log saved to    logs/rl_oa_mp_vne_pretrain_k1_selfcrit_2k.csv
