Loading substrate from datasets/scenario_stress/substrate.json
Pretrain rl_oa_mp_vne: 10000 episodes, batch_size=64
  load drop range: CPU U[0,0.7]  BW U[0,0.7]
  checkpoint: checkpoints/rl_oa_mp_vne_pretrain_ac_k5_10k.pt
  log: logs/rl_oa_mp_vne_pretrain_ac_k5_10k.csv
------------------------------------------------------------------------
  ep   640/10000  r=+0.491 V=+0.204 crit=0.096 ent=3.46 adv_std=0.117  loss=+1.765  (n:+0.237 l:+0.337 c:+1.178)  elapsed= 3m54s eta=57m06s
  ep  1280/10000  r=+0.475 V=+0.420 crit=0.009 ent=3.46 adv_std=0.081  loss=+0.111  (n:+0.014 l:-0.005 c:+0.132)  elapsed= 8m39s eta=58m57s
  ep  1920/10000  r=+0.484 V=+0.567 crit=0.017 ent=3.46 adv_std=0.102  loss=-0.873  (n:-0.127 l:-0.234 c:-0.485)  elapsed=13m25s eta=56m31s
  ep  2560/10000  r=+0.465 V=+0.516 crit=0.010 ent=3.46 adv_std=0.086  loss=-0.553  (n:-0.078 l:-0.146 c:-0.299)  elapsed=18m15s eta=53m03s
  ep  3200/10000  r=+0.472 V=+0.465 crit=0.010 ent=3.47 adv_std=0.101  loss=-0.244  (n:-0.039 l:-0.081 c:-0.095)  elapsed=23m20s eta=49m35s
  ep  3840/10000  r=+0.501 V=+0.468 crit=0.012 ent=3.47 adv_std=0.107  loss=-0.037  (n:-0.007 l:-0.046 c:+0.044)  elapsed=28m18s eta=45m24s
  ep  4480/10000  r=+0.484 V=+0.497 crit=0.010 ent=3.47 adv_std=0.101  loss=-0.347  (n:-0.050 l:-0.114 c:-0.154)  elapsed=32m59s eta=40m38s
  ep  5120/10000  r=+0.506 V=+0.499 crit=0.014 ent=3.47 adv_std=0.121  loss=-0.322  (n:-0.052 l:-0.111 c:-0.132)  elapsed=39m26s eta=37m35s
  ep  5760/10000  r=+0.493 V=+0.483 crit=0.011 ent=3.46 adv_std=0.106  loss=-0.228  (n:-0.033 l:-0.090 c:-0.076)  elapsed=44m44s eta=32m56s
  ep  6400/10000  r=+0.493 V=+0.480 crit=0.008 ent=3.47 adv_std=0.089  loss=-0.110  (n:-0.015 l:-0.048 c:-0.017)  elapsed=1h17m eta=43m49s
  ep  7040/10000  r=+0.486 V=+0.492 crit=0.012 ent=3.48 adv_std=0.111  loss=-0.317  (n:-0.049 l:-0.101 c:-0.138)  elapsed=1h21m eta=34m27s
  ep  7680/10000  r=+0.469 V=+0.487 crit=0.009 ent=3.47 adv_std=0.096  loss=-0.349  (n:-0.052 l:-0.095 c:-0.172)  elapsed=1h26m eta=25m59s
  ep  8320/10000  r=+0.494 V=+0.488 crit=0.007 ent=3.46 adv_std=0.082  loss=-0.121  (n:-0.016 l:-0.044 c:-0.030)  elapsed=1h30m eta=18m13s
  ep  8960/10000  r=+0.496 V=+0.510 crit=0.011 ent=3.46 adv_std=0.103  loss=-0.337  (n:-0.049 l:-0.102 c:-0.156)  elapsed=1h34m eta=10m58s
  ep  9600/10000  r=+0.481 V=+0.488 crit=0.007 ent=3.46 adv_std=0.085  loss=-0.230  (n:-0.031 l:-0.075 c:-0.093)  elapsed=1h38m eta= 4m06s
------------------------------------------------------------------------
Pretrain done in 1h41m.
  head-100 avg reward: +0.4915
  tail-100 avg reward: +0.4830
  delta:                  -0.0085
  checkpoint saved to checkpoints/rl_oa_mp_vne_pretrain_ac_k5_10k.pt
  loss log saved to    logs/rl_oa_mp_vne_pretrain_ac_k5_10k.csv
