Loading substrate from datasets/scenario_stress/substrate.json
Pretrain rl_oa_mp_vne_v2: 5000 episodes, batch_size=64
  load drop range: CPU U[0,0.7]  BW U[0,0.7]
  checkpoint: checkpoints/rl_oa_mp_vne_v2_pretrain.pt
  log: logs/rl_oa_mp_vne_v2_pretrain_patched.csv
------------------------------------------------------------------------
  ep   640/5000  r=+0.273 V=+0.199 crit=0.008 ent=2.22 adv_std=0.050  loss=-1.443  (n:-0.224 l:-0.506 c:-0.623)  elapsed= 4m40s eta=31m50s
  ep  1280/5000  r=+0.280 V=+0.333 crit=0.006 ent=2.23 adv_std=0.059  loss=-1.679  (n:-0.277 l:-0.603 c:-0.729)  elapsed= 9m48s eta=28m30s
  ep  1920/5000  r=+0.283 V=+0.251 crit=0.009 ent=2.21 adv_std=0.092  loss=-1.491  (n:-0.237 l:-0.514 c:-0.691)  elapsed=15m04s eta=24m11s
  ep  2560/5000  r=+0.286 V=+0.265 crit=0.007 ent=2.27 adv_std=0.079  loss=-1.970  (n:-0.338 l:-0.647 c:-0.955)  elapsed=20m54s eta=19m55s
  ep  3200/5000  r=+0.280 V=+0.288 crit=0.008 ent=2.24 adv_std=0.092  loss=-1.527  (n:-0.249 l:-0.554 c:-0.714)  elapsed=26m24s eta=14m51s
  ep  3840/5000  r=+0.278 V=+0.283 crit=0.006 ent=2.25 adv_std=0.077  loss=-1.745  (n:-0.291 l:-0.593 c:-0.853)  elapsed=31m57s eta= 9m39s
  ep  4480/5000  r=+0.282 V=+0.277 crit=0.007 ent=2.25 adv_std=0.085  loss=-1.884  (n:-0.321 l:-0.656 c:-0.899)  elapsed=37m48s eta= 4m23s
------------------------------------------------------------------------
Pretrain done in 42m39s.
  head-100 avg reward: +0.2711
  tail-100 avg reward: +0.2790
  delta:                  +0.0079
  checkpoint saved to checkpoints/rl_oa_mp_vne_v2_pretrain.pt
  loss log saved to    logs/rl_oa_mp_vne_v2_pretrain_patched.csv
