Loading substrate from datasets/scenario_stress/substrate.json
Pretrain rl_oa_mp_vne_v2: 5000 episodes, batch_size=64
  load drop range: CPU U[0,0.7]  BW U[0,0.7]
  checkpoint: checkpoints/rl_oa_mp_vne_v2_pretrain.pt
  log: logs/rl_oa_mp_vne_v2_pretrain.csv
------------------------------------------------------------------------
  ep   640/5000  r=+0.288 V=+0.199 crit=0.012 ent=2.22 adv_std=0.061  loss=+0.501  (n:+0.070 l:+0.099 c:+0.349)  elapsed= 6m13s eta=42m25s
  ep  1280/5000  r=+0.261 V=+0.329 crit=0.007 ent=2.23 adv_std=0.045  loss=-0.494  (n:-0.068 l:-0.102 c:-0.305)  elapsed=15m09s eta=44m04s
  ep  1920/5000  r=+0.278 V=+0.292 crit=0.004 ent=2.21 adv_std=0.061  loss=-0.136  (n:-0.017 l:-0.028 c:-0.071)  elapsed=27m29s eta=44m05s
  ep  2560/5000  r=+0.265 V=+0.264 crit=0.003 ent=2.27 adv_std=0.056  loss=-0.037  (n:-0.003 l:-0.007 c:-0.006)  elapsed=38m19s eta=36m31s
  ep  3200/5000  r=+0.274 V=+0.277 crit=0.002 ent=2.24 adv_std=0.050  loss=-0.102  (n:-0.012 l:-0.031 c:-0.037)  elapsed=48m10s eta=27m05s
  ep  3840/5000  r=+0.269 V=+0.285 crit=0.004 ent=2.25 adv_std=0.059  loss=-0.152  (n:-0.018 l:-0.037 c:-0.076)  elapsed=57m23s eta=17m20s
  ep  4480/5000  r=+0.282 V=+0.277 crit=0.004 ent=2.25 adv_std=0.060  loss=-0.061  (n:-0.007 l:-0.025 c:-0.008)  elapsed=1h06m eta= 7m40s
------------------------------------------------------------------------
Pretrain done in 1h13m.
  head-100 avg reward: +0.2749
  tail-100 avg reward: +0.2853
  delta:                  +0.0104
  checkpoint saved to checkpoints/rl_oa_mp_vne_v2_pretrain.pt
  loss log saved to    logs/rl_oa_mp_vne_v2_pretrain.csv
