Loading substrate from datasets/scenario_stress/substrate.json
Pretrain rl_oa_mp_vne: 2000 episodes, batch_size=16
  load drop range: CPU U[0,0.7]  BW U[0,0.7]
  checkpoint: checkpoints/rl_oa_mp_vne_pretrain_k5_selfcrit_2k.pt
  log: logs/rl_oa_mp_vne_pretrain_k5_selfcrit_2k.csv
------------------------------------------------------------------------
  ep    80/2000  r_smp=+0.531 r_grd=+0.148 adv=+0.384  loss=+22.276  (n:+1.28 l:+4.83 c:+16.17)  elapsed=  58s eta=23m17s
  ep   160/2000  r_smp=+0.484 r_grd=-0.178 adv=+0.662  loss=+49.204  (n:+2.82 l:+9.36 c:+37.02)  elapsed= 1m43s eta=19m55s
  ep   240/2000  r_smp=+0.512 r_grd=+0.059 adv=+0.452  loss=+21.300  (n:+1.23 l:+4.13 c:+15.94)  elapsed= 2m28s eta=18m11s
  ep   320/2000  r_smp=+0.448 r_grd=-0.164 adv=+0.612  loss=+49.028  (n:+2.80 l:+9.71 c:+36.52)  elapsed= 3m13s eta=16m58s
  ep   400/2000  r_smp=+0.476 r_grd=-0.051 adv=+0.527  loss=+59.449  (n:+3.35 l:+11.96 c:+44.14)  elapsed= 3m57s eta=15m50s
  ep   480/2000  r_smp=+0.554 r_grd=+0.301 adv=+0.253  loss=+37.490  (n:+2.09 l:+8.11 c:+27.29)  elapsed= 4m41s eta=14m52s
  ep   560/2000  r_smp=+0.470 r_grd=+0.024 adv=+0.446  loss=+52.175  (n:+2.82 l:+10.15 c:+39.20)  elapsed= 5m28s eta=14m03s
  ep   640/2000  r_smp=+0.436 r_grd=-0.213 adv=+0.649  loss=+43.388  (n:+2.47 l:+8.45 c:+32.46)  elapsed= 6m23s eta=13m35s
  ep   720/2000  r_smp=+0.508 r_grd=-0.025 adv=+0.533  loss=+46.483  (n:+2.64 l:+9.58 c:+34.26)  elapsed= 7m12s eta=12m48s
  ep   800/2000  r_smp=+0.481 r_grd=+0.233 adv=+0.248  loss=+39.991  (n:+2.33 l:+4.73 c:+32.93)  elapsed= 7m58s eta=11m57s
  ep   880/2000  r_smp=+0.488 r_grd=-0.188 adv=+0.677  loss=+44.106  (n:+2.44 l:+9.66 c:+32.01)  elapsed= 8m49s eta=11m13s
  ep   960/2000  r_smp=+0.472 r_grd=-0.095 adv=+0.567  loss=+56.508  (n:+3.12 l:+11.50 c:+41.89)  elapsed= 9m41s eta=10m29s
  ep  1040/2000  r_smp=+0.458 r_grd=-0.094 adv=+0.551  loss=+46.922  (n:+2.56 l:+9.55 c:+34.81)  elapsed=10m38s eta= 9m49s
  ep  1120/2000  r_smp=+0.503 r_grd=+0.048 adv=+0.455  loss=+46.647  (n:+2.59 l:+8.55 c:+35.51)  elapsed=11m36s eta= 9m07s
  ep  1200/2000  r_smp=+0.460 r_grd=-0.217 adv=+0.677  loss=+40.274  (n:+2.17 l:+10.30 c:+27.81)  elapsed=12m29s eta= 8m19s
  ep  1280/2000  r_smp=+0.478 r_grd=+0.004 adv=+0.474  loss=+41.810  (n:+2.38 l:+8.27 c:+31.16)  elapsed=13m30s eta= 7m36s
  ep  1360/2000  r_smp=+0.524 r_grd=-0.066 adv=+0.591  loss=+63.593  (n:+3.56 l:+12.63 c:+47.40)  elapsed=14m16s eta= 6m43s
  ep  1440/2000  r_smp=+0.467 r_grd=+0.066 adv=+0.402  loss=+36.065  (n:+1.99 l:+8.72 c:+25.35)  elapsed=15m17s eta= 5m56s
  ep  1520/2000  r_smp=+0.500 r_grd=-0.156 adv=+0.656  loss=+58.980  (n:+3.22 l:+12.29 c:+43.46)  elapsed=16m18s eta= 5m08s
  ep  1600/2000  r_smp=+0.470 r_grd=+0.013 adv=+0.457  loss=+40.819  (n:+2.31 l:+9.35 c:+29.16)  elapsed=17m20s eta= 4m20s
  ep  1680/2000  r_smp=+0.494 r_grd=+0.001 adv=+0.493  loss=+47.036  (n:+2.69 l:+9.89 c:+34.45)  elapsed=18m08s eta= 3m27s
  ep  1760/2000  r_smp=+0.522 r_grd=+0.075 adv=+0.447  loss=+33.213  (n:+1.97 l:+6.46 c:+24.79)  elapsed=19m05s eta= 2m36s
  ep  1840/2000  r_smp=+0.439 r_grd=-0.434 adv=+0.873  loss=+59.536  (n:+3.23 l:+12.64 c:+43.67)  elapsed=19m59s eta= 1m44s
  ep  1920/2000  r_smp=+0.494 r_grd=+0.151 adv=+0.343  loss=+32.632  (n:+1.81 l:+5.54 c:+25.29)  elapsed=20m52s eta=  52s
  ep  2000/2000  r_smp=+0.503 r_grd=+0.000 adv=+0.502  loss=+47.768  (n:+2.63 l:+8.90 c:+36.25)  elapsed=21m42s eta=   0s
------------------------------------------------------------------------
Pretrain done in 21m42s.
  head-100 avg reward: +0.4774
  tail-100 avg reward: +0.4900
  delta:                  +0.0127
  checkpoint saved to checkpoints/rl_oa_mp_vne_pretrain_k5_selfcrit_2k.pt
  loss log saved to    logs/rl_oa_mp_vne_pretrain_k5_selfcrit_2k.csv
