Loading substrate from datasets/scenario_stress/substrate.json
Pretrain rl_oa_mp_vne: 1000 episodes, batch_size=16
  load drop range: CPU U[0,0.7]  BW U[0,0.7]
  checkpoint: checkpoints/rl_oa_mp_vne_pretrain_v2.pt
  log: logs/rl_oa_mp_vne_pretrain_v2.csv
------------------------------------------------------------------------
  ep    80/1000  reward=+0.4430  loss=-15.8658  (n:-1.237 l:-3.817 c:-10.812)  elapsed=  32s eta= 6m09s
  ep   160/1000  reward=+0.4622  loss=-13.5036  (n:-1.079 l:-2.722 c:-9.703)  elapsed=  59s eta= 5m08s
  ep   240/1000  reward=+0.3812  loss=+9.4093  (n:+0.783 l:+2.065 c:+6.562)  elapsed= 1m35s eta= 5m03s
  ep   320/1000  reward=+0.4249  loss=-17.2954  (n:-1.319 l:-3.845 c:-12.131)  elapsed= 2m05s eta= 4m26s
  ep   400/1000  reward=+0.4323  loss=-19.7800  (n:-1.531 l:-4.986 c:-13.263)  elapsed= 2m43s eta= 4m05s
  ep   480/1000  reward=+0.4494  loss=-9.6440  (n:-0.755 l:-2.414 c:-6.475)  elapsed= 3m19s eta= 3m35s
  ep   560/1000  reward=+0.3993  loss=-6.9076  (n:-0.548 l:-2.165 c:-4.195)  elapsed= 3m54s eta= 3m04s
  ep   640/1000  reward=+0.4276  loss=-27.6704  (n:-2.158 l:-7.522 c:-17.990)  elapsed= 4m31s eta= 2m32s
  ep   720/1000  reward=+0.4079  loss=+5.0196  (n:+0.576 l:-0.272 c:+4.716)  elapsed= 5m05s eta= 1m58s
  ep   800/1000  reward=+0.4149  loss=-7.2731  (n:-0.601 l:-2.437 c:-4.235)  elapsed= 5m42s eta= 1m25s
  ep   880/1000  reward=+0.4090  loss=-2.4867  (n:-0.251 l:+0.149 c:-2.385)  elapsed= 6m19s eta=  52s
  ep   960/1000  reward=+0.4216  loss=-18.3152  (n:-1.509 l:-5.297 c:-11.510)  elapsed= 6m53s eta=  17s
------------------------------------------------------------------------
Pretrain done in  7m09s.
  head-100 avg reward: +0.4204
  tail-100 avg reward: +0.4406
  delta:                  +0.0202
  checkpoint saved to checkpoints/rl_oa_mp_vne_pretrain_v2.pt
  loss log saved to    logs/rl_oa_mp_vne_pretrain_v2.csv
