Loading substrate from datasets/scenario_100nodes_train/substrate.json
Loading VNRs from datasets/scenario_100nodes_train/virtual_requests.json
  Using 5000 VNRs
RL-PSO pretrain: 5000 VNRs, batch=16, N=4, lr=0.001
  checkpoint: checkpoints/il_mp_vne_v3_rl_pure.pt
  log: logs/rl_pso_pure.csv
------------------------------------------------------------------------
  ep   160/5000  batch   10  r=+0.000 cost= 280.8 succ=22%  loss=-0.1433  held= 20  elapsed=29m43s eta=14h59m
  ep   320/5000  batch   20  r=+0.000 cost= 182.0 succ=39%  loss=-0.0290  held= 18  elapsed=32m00s eta=7h48m
  ep   480/5000  batch   30  r=+0.000 cost= 116.6 succ=9%  loss=-0.3139  held= 22  elapsed=34m11s eta=5h21m
  ep   640/5000  batch   40  r=+0.000 cost= 197.0 succ=16%  loss=+0.4046  held= 18  elapsed=36m19s eta=4h07m
  ep   800/5000  batch   50  r=+0.000 cost= 157.4 succ=8%  loss=-0.1603  held= 18  elapsed=38m37s eta=3h22m
  ep   960/5000  batch   60  r=+0.000 cost= 189.2 succ=27%  loss=-0.0315  held= 18  elapsed=40m58s eta=2h52m
  ep  1120/5000  batch   70  r=-0.000 cost= 171.8 succ=25%  loss=+0.0072  held= 24  elapsed=43m10s eta=2h29m
  ep  1280/5000  batch   80  r=-0.000 cost= 282.4 succ=12%  loss=+0.3948  held= 13  elapsed=45m35s eta=2h12m
  ep  1440/5000  batch   90  r=-0.000 cost= 236.9 succ=19%  loss=+0.8764  held= 16  elapsed=47m41s eta=1h57m
  ep  1600/5000  batch  100  r=-0.000 cost= 264.5 succ=12%  loss=-0.1655  held= 18  elapsed=49m42s eta=1h45m
  ep  1760/5000  batch  110  r=-0.000 cost= 358.3 succ=25%  loss=+0.2538  held= 15  elapsed=52m13s eta=1h36m
  ep  1920/5000  batch  120  r=+0.000 cost= 207.0 succ=30%  loss=-0.3206  held= 16  elapsed=54m17s eta=1h27m
  ep  2080/5000  batch  130  r=+0.000 cost= 554.5 succ=2%  loss=-0.3022  held= 16  elapsed=56m23s eta=1h19m
  ep  2240/5000  batch  140  r=-0.000 cost= 138.0 succ=14%  loss=-1.0612  held= 26  elapsed=58m29s eta=1h12m
  ep  2400/5000  batch  150  r=-0.000 cost= 271.5 succ=34%  loss=+0.0246  held= 20  elapsed=1h00m eta=1h05m
  ep  2560/5000  batch  160  r=-0.000 cost= 118.0 succ=8%  loss=-0.1461  held= 12  elapsed=1h03m eta=1h00m
  ep  2720/5000  batch  170  r=-0.000 cost= 324.1 succ=28%  loss=-0.8091  held= 15  elapsed=1h05m eta=54m44s
  ep  2880/5000  batch  180  r=-0.000 cost= 285.2 succ=22%  loss=-0.7305  held= 17  elapsed=1h07m eta=49m47s
  ep  3040/5000  batch  190  r=+0.000 cost= 129.2 succ=9%  loss=-0.0725  held= 15  elapsed=1h09m eta=45m00s
  ep  3200/5000  batch  200  r=+0.000 cost= 230.9 succ=9%  loss=-2.2719  held= 22  elapsed=1h11m eta=40m29s
  ep  3360/5000  batch  210  r=-0.000 cost= 285.9 succ=20%  loss=-1.3292  held= 19  elapsed=1h14m eta=36m12s
  ep  3520/5000  batch  220  r=+0.000 cost= 133.5 succ=9%  loss=+0.6304  held= 19  elapsed=1h16m eta=32m00s
  ep  3680/5000  batch  230  r=+0.000 cost= 147.5 succ=27%  loss=+0.4177  held= 20  elapsed=1h18m eta=28m07s
  ep  3840/5000  batch  240  r=-0.000 cost= 305.0 succ=6%  loss=+0.5442  held= 17  elapsed=1h20m eta=24m22s
  ep  4000/5000  batch  250  r=+0.000 cost= 130.9 succ=8%  loss=-1.2449  held= 18  elapsed=1h22m eta=20m41s
  ep  4160/5000  batch  260  r=+0.000 cost= 241.5 succ=9%  loss=-0.2434  held= 17  elapsed=1h24m eta=17m08s
  ep  4320/5000  batch  270  r=+0.000 cost= 192.8 succ=31%  loss=-1.1548  held= 18  elapsed=1h27m eta=13m43s
  ep  4480/5000  batch  280  r=+0.000 cost= 131.4 succ=23%  loss=+0.1450  held= 21  elapsed=1h29m eta=10m20s
  ep  4640/5000  batch  290  r=+0.000 cost= 190.9 succ=36%  loss=-0.3308  held= 22  elapsed=1h31m eta= 7m05s
  ep  4800/5000  batch  300  r=-0.000 cost= 268.1 succ=19%  loss=+1.0988  held= 15  elapsed=1h33m eta= 3m53s
  ep  4960/5000  batch  310  r=+0.000 cost= 206.5 succ=39%  loss=-0.5315  held= 16  elapsed=1h35m eta=  46s
------------------------------------------------------------------------
RL-PSO pretrain done in 1h36m.
  head-400 avg reward: -0.0000
  tail-400 avg reward: -0.0000
  checkpoint → checkpoints/il_mp_vne_v3_rl_pure.pt
  log → logs/rl_pso_pure.csv
