Loading substrate from datasets/scenario_100nodes_train/substrate.json
Loading VNRs from datasets/scenario_100nodes_train/virtual_requests.json
  Using 2000 VNRs
  Warm-started from checkpoints/il_mp_vne_v6_100nodes.pt
RL-PSO pretrain: 2000 VNRs, batch=16, N=4, lr=5e-05
  checkpoint: checkpoints/il_mp_vne_v8_100nodes.pt
  log: logs/rl_v8_100nodes.csv
------------------------------------------------------------------------
  ep   160/2000  batch   10  ratio=0.480 r_std=0.763 cost= 181.3 succ=17%  loss=+0.2015  held= 20  elapsed= 2m26s eta=28m03s
  ep   320/2000  batch   20  ratio=0.478 r_std=0.534 cost= 143.5 succ=41%  loss=-2.4032  held= 20  elapsed= 4m36s eta=24m10s
  ep   480/2000  batch   30  ratio=0.569 r_std=0.302 cost=  90.6 succ=20%  loss=-0.1446  held= 22  elapsed= 6m58s eta=22m04s
  ep   640/2000  batch   40  ratio=0.428 r_std=0.703 cost= 188.8 succ=23%  loss=+2.5458  held= 21  elapsed= 9m12s eta=19m34s
  ep   800/2000  batch   50  ratio=0.617 r_std=0.561 cost= 110.6 succ=14%  loss=+0.4249  held= 23  elapsed=11m35s eta=17m23s
  ep   960/2000  batch   60  ratio=0.413 r_std=0.449 cost= 171.3 succ=33%  loss=+0.8196  held= 19  elapsed=14m33s eta=15m46s
  ep  1120/2000  batch   70  ratio=0.437 r_std=0.434 cost= 111.6 succ=20%  loss=-0.2558  held= 21  elapsed=17m29s eta=13m44s
  ep  1280/2000  batch   80  ratio=0.622 r_std=0.291 cost=  98.2 succ=8%  loss=-1.7098  held= 14  elapsed=19m48s eta=11m08s
  ep  1440/2000  batch   90  ratio=0.356 r_std=0.490 cost= 211.8 succ=36%  loss=-1.4806  held= 20  elapsed=21m58s eta= 8m32s
  ep  1600/2000  batch  100  ratio=0.553 r_std=0.492 cost= 140.6 succ=17%  loss=+0.6920  held= 22  elapsed=24m08s eta= 6m02s
  ep  1760/2000  batch  110  ratio=0.572 r_std=0.613 cost= 102.9 succ=16%  loss=+0.7751  held= 13  elapsed=26m31s eta= 3m36s
  ep  1920/2000  batch  120  ratio=0.424 r_std=0.561 cost= 161.9 succ=39%  loss=+2.0132  held= 18  elapsed=28m48s eta= 1m12s
------------------------------------------------------------------------
RL-PSO pretrain done in 30m02s.
  head-400 avg reward: -0.0000
  tail-400 avg reward: -0.0000
  checkpoint → checkpoints/il_mp_vne_v8_100nodes.pt
  log → logs/rl_v8_100nodes.csv
