Loading substrate from datasets/scenario_100nodes_train/substrate.json
Loading VNRs from datasets/scenario_100nodes_train/virtual_requests.json
  Using 5000 VNRs
  Trainable policy (il_mp_vne_v19) loaded from checkpoints/il_mp_vne_v19_100nodes.pt
  rollout=direct → train: cand_head + encoder + value (ordering frozen) (19394 frozen, 36293 trainable)
  Frozen reference policy loaded (KL enabled, β_KL=0.1)
PPO fine-tune: 5000 VNRs, batch=16, lr=0.0003
  baseline=critic V(s), normalize_adv=True, β_H=0.01, value_coef=0.5, reward=cost_rel α=0.5 λ=1.0, fail_r=-0.5
  checkpoint: checkpoints/il_mp_vne_v19_100nodes_costfocused.pt
------------------------------------------------------------------------
  ep   320/5000 batch   20 loss=  -0.205 pol= -1.631 vL= 0.345 kl= 0.02 H=  8.79 adv=+0.000 r̄=-0.206 succ=23.1% >exp= 0.0% el= 2m40s eta=39m12s
  ep   640/5000 batch   40 loss=  -0.094 pol=  0.471 vL= 0.240 kl= 0.08 H=  9.05 adv=+0.000 r̄=-0.321 succ=20.3% >exp= 0.0% el= 5m30s eta=37m31s
  ep   960/5000 batch   60 loss=  -0.715 pol= -0.164 vL= 0.131 kl= 0.17 H=  8.42 adv=+0.000 r̄=-0.342 succ=19.9% >exp= 0.0% el= 7m42s eta=32m27s
  ep  1280/5000 batch   80 loss=   0.007 pol=  0.610 vL= 0.134 kl= 0.18 H=  8.56 adv=+0.000 r̄=-0.510 succ=19.1% >exp= 0.0% el=10m27s eta=30m22s
  ep  1600/5000 batch  100 loss=   0.072 pol= -0.415 vL= 0.161 kl= 0.19 H= 11.51 adv=+0.000 r̄=-0.402 succ=18.4% >exp= 0.0% el=12m48s eta=27m13s
  ep  1920/5000 batch  120 loss=  -0.530 pol= -0.701 vL= 0.304 kl= 0.14 H=  9.77 adv=+0.000 r̄=-0.203 succ=18.5% >exp= 0.0% el=18m39s eta=29m56s
  ep  2240/5000 batch  140 loss=   0.089 pol= -2.759 vL= 0.375 kl= 0.25 H=  9.56 adv=+0.000 r̄=-0.115 succ=18.0% >exp= 0.0% el=20m51s eta=25m41s
  ep  2560/5000 batch  160 loss=  -0.706 pol= -1.840 vL= 0.193 kl= 0.15 H= 10.36 adv=+0.000 r̄=-0.316 succ=18.4% >exp= 0.0% el=23m24s eta=22m18s
  ep  2880/5000 batch  180 loss=  -0.454 pol=  0.286 vL= 0.192 kl= 0.22 H=  9.95 adv=+0.000 r̄=-0.408 succ=18.5% >exp= 0.0% el=28m34s eta=21m02s
  ep  3200/5000 batch  200 loss=  -0.468 pol=  1.689 vL= 0.130 kl= 0.21 H= 10.72 adv=+0.000 r̄=-0.421 succ=18.8% >exp= 0.0% el=31m46s eta=17m52s
  ep  3520/5000 batch  220 loss=  -0.036 pol= -0.549 vL= 0.196 kl= 0.15 H=  8.53 adv=+0.000 r̄=-0.348 succ=18.8% >exp= 0.0% el=35m00s eta=14m43s
  ep  3840/5000 batch  240 loss=  -0.323 pol=  1.861 vL= 0.072 kl= 0.13 H= 11.35 adv=+0.000 r̄=-0.461 succ=18.9% >exp= 0.0% el=37m24s eta=11m18s
  ep  4160/5000 batch  260 loss=  -0.082 pol=  2.010 vL= 0.042 kl= 0.18 H= 11.73 adv=-0.000 r̄=-0.439 succ=18.9% >exp= 0.0% el=39m43s eta= 8m01s
  ep  4480/5000 batch  280 loss=  -0.232 pol= -0.636 vL= 0.325 kl= 0.14 H=  9.43 adv=+0.000 r̄=-0.068 succ=19.0% >exp= 0.0% el=42m47s eta= 4m58s
  ep  4800/5000 batch  300 loss=   0.378 pol=  0.589 vL= 0.190 kl= 0.22 H= 13.19 adv=-0.000 r̄=-0.309 succ=18.7% >exp= 0.0% el=45m18s eta= 1m53s
  >>> Epoch 1/10 DONE: succ=18.8% (941/5000) mean_loss=-0.2501 mean_reward=-0.308 mean_KL=0.161 mean_H=10.26 epoch_time=47m11s

=== Epoch 2/10 — resetting substrate ===
  ep   128/5000 batch  320 loss=  -0.858 pol=  0.272 vL= 0.281 kl= 0.21 H= 11.88 adv=-0.000 r̄=-0.327 succ=18.9% >exp= 0.0% el=48m14s eta=30h36m
  ep   448/5000 batch  340 loss=  -0.053 pol=  0.346 vL= 0.198 kl= 0.13 H= 10.11 adv=+0.000 r̄=-0.314 succ=18.8% >exp= 0.0% el=51m00s eta=8h38m
  ep   768/5000 batch  360 loss=  -0.393 pol= -0.657 vL= 0.220 kl= 0.17 H= 11.16 adv=+0.000 r̄=-0.303 succ=18.6% >exp= 0.0% el=53m22s eta=4h54m
  ep  1088/5000 batch  380 loss=  -0.776 pol= -2.063 vL= 0.361 kl= 0.21 H=  8.81 adv=-0.000 r̄=-0.078 succ=18.6% >exp= 0.0% el=55m47s eta=3h20m
  ep  1408/5000 batch  400 loss=  -0.520 pol= -0.503 vL= 0.138 kl= 0.22 H= 10.36 adv=-0.000 r̄=-0.452 succ=18.8% >exp= 0.0% el=58m23s eta=2h28m
  ep  1728/5000 batch  420 loss=   0.079 pol= -1.143 vL= 0.260 kl= 0.44 H= 10.30 adv=+0.000 r̄=-0.170 succ=18.9% >exp= 0.0% el=1h00m eta=1h55m
  ep  2048/5000 batch  440 loss=  -0.089 pol= -0.472 vL= 0.202 kl= 0.47 H=  8.02 adv=+0.000 r̄=-0.279 succ=19.0% >exp= 0.0% el=1h03m eta=1h30m
  ep  2368/5000 batch  460 loss=  -0.030 pol= -0.494 vL= 0.218 kl= 0.34 H= 10.55 adv=+0.000 r̄=-0.228 succ=19.1% >exp= 0.0% el=1h05m eta=1h12m
  ep  2688/5000 batch  480 loss=  -0.292 pol= -0.293 vL= 0.146 kl= 0.46 H=  9.76 adv=-0.000 r̄=-0.254 succ=19.1% >exp= 0.0% el=1h08m eta=58m40s
  ep  3008/5000 batch  500 loss=   0.032 pol= -0.591 vL= 0.164 kl= 0.36 H=  8.14 adv=+0.000 r̄=-0.391 succ=19.1% >exp= 0.0% el=1h10m eta=46m42s
  ep  3328/5000 batch  520 loss=   0.183 pol=  0.757 vL= 0.101 kl= 0.30 H=  8.38 adv=+0.000 r̄=-0.422 succ=19.1% >exp= 0.0% el=1h12m eta=36m34s
  ep  3648/5000 batch  540 loss=   0.052 pol=  2.730 vL= 0.113 kl= 0.21 H=  9.07 adv=-0.000 r̄=-0.500 succ=19.1% >exp= 0.0% el=1h15m eta=28m05s
  ep  3968/5000 batch  560 loss=  -0.213 pol=  0.324 vL= 0.225 kl= 0.29 H=  8.48 adv=+0.000 r̄=-0.284 succ=19.2% >exp= 0.0% el=1h17m eta=20m16s
  ep  4288/5000 batch  580 loss=  -0.093 pol= -0.076 vL= 0.074 kl= 0.22 H=  9.10 adv=+0.000 r̄=-0.354 succ=19.2% >exp= 0.0% el=1h20m eta=13m18s
  ep  4608/5000 batch  600 loss=  -0.151 pol=  1.556 vL= 0.060 kl= 0.21 H=  9.06 adv=-0.000 r̄=-0.445 succ=19.3% >exp= 0.0% el=1h22m eta= 7m00s
  ep  4928/5000 batch  620 loss=   0.089 pol=  1.585 vL= 0.146 kl= 0.26 H=  9.94 adv=+0.000 r̄=-0.409 succ=19.3% >exp= 0.0% el=1h24m eta= 1m14s
  >>> Epoch 2/10 DONE: succ=20.0% (998/5000) mean_loss=-0.1672 mean_reward=-0.293 mean_KL=0.277 mean_H=9.35 epoch_time=37m54s

=== Epoch 3/10 — resetting substrate ===
  ep   256/5000 batch  640 loss=  -0.126 pol= -0.114 vL= 0.047 kl= 0.24 H=  8.90 adv=+0.000 r̄=-0.463 succ=19.4% >exp= 0.0% el=1h27m eta=26h54m
  ep   576/5000 batch  660 loss=   0.145 pol= -2.270 vL= 0.204 kl= 0.26 H=  8.14 adv=+0.000 r̄=-0.167 succ=19.3% >exp= 0.0% el=1h29m eta=11h28m
  ep   896/5000 batch  680 loss=  -0.598 pol= -1.396 vL= 0.081 kl= 0.18 H=  8.26 adv=+0.000 r̄=-0.330 succ=19.3% >exp= 0.0% el=1h31m eta=7h01m
  ep  1216/5000 batch  700 loss=  -0.178 pol=  0.192 vL= 0.038 kl= 0.31 H=  6.88 adv=-0.000 r̄=-0.450 succ=19.2% >exp= 0.0% el=1h34m eta=4h53m
  ep  1536/5000 batch  720 loss=  -0.053 pol= -0.327 vL= 0.123 kl= 0.25 H=  7.95 adv=+0.000 r̄=-0.357 succ=19.2% >exp= 0.0% el=1h36m eta=3h38m
  ep  1856/5000 batch  740 loss=   0.337 pol= -0.345 vL= 0.181 kl= 0.22 H=  8.82 adv=-0.000 r̄=-0.219 succ=19.2% >exp= 0.0% el=1h39m eta=2h47m
  ep  2176/5000 batch  760 loss=  -0.315 pol= -0.903 vL= 0.334 kl= 0.10 H= 10.72 adv=-0.000 r̄=-0.430 succ=19.1% >exp= 0.0% el=1h41m eta=2h12m
  ep  2496/5000 batch  780 loss=  -0.515 pol= -1.179 vL= 0.189 kl= 0.16 H= 10.97 adv=+0.000 r̄=-0.292 succ=19.2% >exp= 0.0% el=1h45m eta=1h45m
  ep  2816/5000 batch  800 loss=   0.353 pol= -0.039 vL= 0.168 kl= 0.18 H= 11.73 adv=+0.000 r̄=-0.315 succ=19.1% >exp= 0.0% el=1h47m eta=1h23m
  ep  3136/5000 batch  820 loss=   0.014 pol= -0.823 vL= 0.226 kl= 0.10 H=  9.11 adv=+0.000 r̄=-0.233 succ=19.1% >exp= 0.0% el=1h50m eta=1h05m
  ep  3456/5000 batch  840 loss=   0.005 pol=  3.571 vL= 0.037 kl= 0.07 H= 11.91 adv=+0.000 r̄=-0.500 succ=19.1% >exp= 0.0% el=1h52m eta=50m09s
  ep  3776/5000 batch  860 loss=  -0.199 pol= -2.122 vL= 0.217 kl= 0.14 H=  9.41 adv=+0.000 r̄=-0.160 succ=19.1% >exp= 0.0% el=1h54m eta=37m04s
  ep  4096/5000 batch  880 loss=   0.458 pol= -0.626 vL= 0.216 kl= 0.12 H=  9.18 adv=+0.000 r̄=-0.227 succ=19.1% >exp= 0.0% el=1h56m eta=25m44s
  ep  4416/5000 batch  900 loss=   0.197 pol= -1.491 vL= 0.320 kl= 0.13 H=  8.13 adv=+0.000 r̄=-0.173 succ=19.2% >exp= 0.0% el=1h58m eta=15m43s
  ep  4736/5000 batch  920 loss=  -0.488 pol=  1.907 vL= 0.095 kl= 0.12 H= 11.16 adv=+0.000 r̄=-0.351 succ=19.2% >exp= 0.0% el=2h01m eta= 6m45s
  >>> Epoch 3/10 DONE: succ=19.0% (948/5000) mean_loss=-0.0564 mean_reward=-0.308 mean_KL=0.186 mean_H=9.28 epoch_time=38m11s

=== Epoch 4/10 — resetting substrate ===
  ep    64/5000 batch  940 loss=  -0.374 pol= -0.224 vL= 0.229 kl= 0.17 H=  8.89 adv=-0.000 r̄=-0.108 succ=19.3% >exp= 0.0% el=2h03m eta=159h22m
  ep   384/5000 batch  960 loss=   0.548 pol=  0.146 vL= 0.112 kl= 0.20 H=  9.33 adv=+0.000 r̄=-0.352 succ=19.3% >exp= 0.0% el=2h06m eta=25h18m
  ep   704/5000 batch  980 loss=  -0.172 pol= -0.541 vL= 0.115 kl= 0.16 H= 10.39 adv=+0.000 r̄=-0.446 succ=19.3% >exp= 0.0% el=2h08m eta=13h07m
  ep  1024/5000 batch 1000 loss=  -0.071 pol= -2.450 vL= 0.177 kl= 0.22 H=  9.44 adv=+0.000 r̄=-0.171 succ=19.3% >exp= 0.0% el=2h11m eta=8h29m
  ep  1344/5000 batch 1020 loss=  -0.153 pol=  0.977 vL= 0.230 kl= 0.25 H=  9.43 adv=+0.000 r̄=-0.313 succ=19.3% >exp= 0.0% el=2h13m eta=6h03m
  ep  1664/5000 batch 1040 loss=   0.430 pol=  1.311 vL= 0.177 kl= 0.25 H=  9.58 adv=+0.000 r̄=-0.327 succ=19.3% >exp= 0.0% el=2h17m eta=4h35m
  ep  1984/5000 batch 1060 loss=  -0.262 pol=  2.296 vL= 0.224 kl= 0.38 H= 12.39 adv=-0.000 r̄=-0.422 succ=19.3% >exp= 0.0% el=2h20m eta=3h33m
  ep  2304/5000 batch 1080 loss=   0.105 pol=  0.334 vL= 0.231 kl= 0.35 H= 10.20 adv=-0.000 r̄=-0.325 succ=19.4% >exp= 0.0% el=2h24m eta=2h48m
  ep  2624/5000 batch 1100 loss=   0.549 pol= -0.130 vL= 0.251 kl= 0.34 H= 10.89 adv=-0.000 r̄=-0.235 succ=19.4% >exp= 0.0% el=2h27m eta=2h13m
  ep  2944/5000 batch 1120 loss=   0.058 pol= -0.444 vL= 0.121 kl= 0.30 H= 11.11 adv=-0.000 r̄=-0.398 succ=19.4% >exp= 0.0% el=2h31m eta=1h45m
  ep  3264/5000 batch 1140 loss=  -0.302 pol=  0.251 vL= 0.171 kl= 0.30 H= 12.36 adv=-0.000 r̄=-0.302 succ=19.3% >exp= 0.0% el=2h35m eta=1h22m
  ep  3584/5000 batch 1160 loss=  -0.447 pol= -1.693 vL= 0.280 kl= 0.30 H= 10.41 adv=+0.000 r̄=-0.005 succ=19.4% >exp= 0.0% el=2h39m eta=1h02m
  ep  3904/5000 batch 1180 loss=   0.279 pol=  1.384 vL= 0.151 kl= 0.35 H= 10.06 adv=-0.000 r̄=-0.336 succ=19.4% >exp= 0.0% el=2h42m eta=45m38s
  ep  4224/5000 batch 1200 loss=  -0.406 pol= -1.923 vL= 0.290 kl= 0.36 H=  9.29 adv=-0.000 r̄=-0.092 succ=19.4% >exp= 0.0% el=2h45m eta=30m29s
  ep  4544/5000 batch 1220 loss=  -0.165 pol= -3.737 vL= 0.211 kl= 0.34 H=  9.38 adv=-0.000 r̄=-0.090 succ=19.5% >exp= 0.0% el=2h50m eta=17m03s
  ep  4864/5000 batch 1240 loss=   0.538 pol= -0.015 vL= 0.137 kl= 0.45 H= 10.67 adv=+0.000 r̄=-0.347 succ=19.6% >exp= 0.0% el=2h54m eta= 4m52s
  >>> Epoch 4/10 DONE: succ=20.6% (1032/5000) mean_loss=-0.0042 mean_reward=-0.290 mean_KL=0.296 mean_H=10.13 epoch_time=52m59s

=== Epoch 5/10 — resetting substrate ===
  ep   192/5000 batch 1260 loss=  -0.443 pol=  2.103 vL= 0.161 kl= 0.34 H= 10.69 adv=+0.000 r̄=-0.432 succ=19.6% >exp= 0.0% el=2h59m eta=74h50m
  ep   512/5000 batch 1280 loss=  -0.180 pol=  0.215 vL= 0.041 kl= 0.25 H= 10.59 adv=+0.000 r̄=-0.444 succ=19.6% >exp= 0.0% el=3h06m eta=27h18m
  ep   832/5000 batch 1300 loss=   0.645 pol= -0.009 vL= 0.162 kl= 0.22 H= 11.32 adv=-0.000 r̄=-0.153 succ=19.6% >exp= 0.0% el=3h16m eta=16h22m
  ep  1152/5000 batch 1320 loss=  -0.362 pol= -0.600 vL= 0.092 kl= 0.23 H= 10.99 adv=+0.000 r̄=-0.304 succ=19.7% >exp= 0.0% el=3h20m eta=11h10m
  ep  1472/5000 batch 1340 loss=  -0.115 pol=  0.173 vL= 0.132 kl= 0.26 H=  9.41 adv=+0.000 r̄=-0.352 succ=19.6% >exp= 0.0% el=3h23m eta=8h07m
  ep  1792/5000 batch 1360 loss=   0.049 pol= -1.290 vL= 0.190 kl= 0.27 H=  9.04 adv=+0.000 r̄=-0.141 succ=19.7% >exp= 0.0% el=3h26m eta=6h09m
  ep  2112/5000 batch 1380 loss=  -0.447 pol= -1.038 vL= 0.078 kl= 0.26 H=  9.08 adv=-0.000 r̄=-0.347 succ=19.6% >exp= 0.0% el=3h29m eta=4h46m
  ep  2432/5000 batch 1400 loss=   0.129 pol= -0.993 vL= 0.068 kl= 0.46 H=  9.19 adv=-0.000 r̄=-0.416 succ=19.6% >exp= 0.0% el=3h31m eta=3h43m
  ep  2752/5000 batch 1420 loss=   0.445 pol=  1.780 vL= 0.262 kl= 0.45 H=  6.27 adv=+0.000 r̄=-0.463 succ=19.6% >exp= 0.0% el=3h34m eta=2h55m
  ep  3072/5000 batch 1440 loss=  -0.468 pol=  1.156 vL= 0.155 kl= 0.27 H=  9.24 adv=+0.000 r̄=-0.346 succ=19.6% >exp= 0.0% el=3h38m eta=2h16m
  ep  3392/5000 batch 1460 loss=  -0.027 pol= -1.271 vL= 0.235 kl= 0.25 H=  7.99 adv=+0.000 r̄=-0.310 succ=19.6% >exp= 0.0% el=3h41m eta=1h44m
  ep  3712/5000 batch 1480 loss=  -0.195 pol= -0.410 vL= 0.195 kl= 0.39 H= 10.11 adv=-0.000 r̄=-0.184 succ=19.7% >exp= 0.0% el=3h43m eta=1h17m
  ep  4032/5000 batch 1500 loss=   0.483 pol=  1.911 vL= 0.189 kl= 0.26 H=  9.03 adv=-0.000 r̄=-0.486 succ=19.7% >exp= 0.0% el=3h46m eta=54m23s
  ep  4352/5000 batch 1520 loss=  -0.210 pol=  1.370 vL= 0.183 kl= 0.41 H= 11.27 adv=+0.000 r̄=-0.431 succ=19.7% >exp= 0.0% el=3h49m eta=34m07s
  ep  4672/5000 batch 1540 loss=  -0.058 pol=  0.657 vL= 0.256 kl= 0.43 H=  6.49 adv=+0.000 r̄=-0.275 succ=19.8% >exp= 0.0% el=3h51m eta=16m14s
  ep  4992/5000 batch 1560 loss=  -0.110 pol= -1.172 vL= 0.138 kl= 0.30 H= 10.50 adv=+0.000 r̄=-0.276 succ=19.8% >exp= 0.0% el=3h55m eta=  23s
  >>> Epoch 5/10 DONE: succ=20.8% (1038/5000) mean_loss=-0.0349 mean_reward=-0.291 mean_KL=0.320 mean_H=9.88 epoch_time=59m50s

=== Epoch 6/10 — resetting substrate ===
  ep   320/5000 batch 1580 loss=  -0.138 pol=  0.024 vL= 0.307 kl= 0.41 H=  9.34 adv=+0.000 r̄=-0.212 succ=19.9% >exp= 0.0% el=3h59m eta=58h23m
  ep   640/5000 batch 1600 loss=   0.527 pol= -1.115 vL= 0.204 kl= 0.42 H=  9.86 adv=+0.000 r̄=-0.178 succ=19.8% >exp= 0.0% el=4h03m eta=27h39m
  ep   960/5000 batch 1620 loss=   0.124 pol= -0.687 vL= 0.186 kl= 0.29 H=  9.65 adv=+0.000 r̄=-0.238 succ=19.9% >exp= 0.0% el=4h08m eta=17h26m
  ep  1280/5000 batch 1640 loss=  -0.547 pol=  0.316 vL= 0.050 kl= 0.46 H= 10.75 adv=-0.000 r̄=-0.388 succ=19.9% >exp= 0.0% el=4h11m eta=12h11m
  ep  1600/5000 batch 1660 loss=  -0.020 pol=  0.950 vL= 0.082 kl= 0.40 H= 10.50 adv=-0.000 r̄=-0.447 succ=19.9% >exp= 0.0% el=4h14m eta=9h01m
  ep  1920/5000 batch 1680 loss=  -0.786 pol= -0.638 vL= 0.273 kl= 0.17 H=  8.50 adv=-0.000 r̄=-0.205 succ=19.9% >exp= 0.0% el=4h17m eta=6h52m
  ep  2240/5000 batch 1700 loss=   0.135 pol=  2.319 vL= 0.194 kl= 0.31 H=  9.49 adv=+0.000 r̄=-0.414 succ=19.9% >exp= 0.0% el=4h19m eta=5h20m
  ep  2560/5000 batch 1720 loss=  -0.251 pol= -1.440 vL= 0.137 kl= 0.36 H= 13.16 adv=-0.000 r̄=-0.335 succ=19.8% >exp= 0.0% el=4h23m eta=4h10m
  ep  2880/5000 batch 1740 loss=  -0.486 pol= -1.470 vL= 0.311 kl= 0.38 H= 10.29 adv=+0.000 r̄=-0.478 succ=19.8% >exp= 0.0% el=4h26m eta=3h16m
  ep  3200/5000 batch 1760 loss=   0.451 pol= -0.777 vL= 0.075 kl= 0.34 H= 10.76 adv=+0.000 r̄=-0.344 succ=19.8% >exp= 0.0% el=4h29m eta=2h31m
  ep  3520/5000 batch 1780 loss=  -0.169 pol= -1.544 vL= 0.331 kl= 0.49 H=  7.83 adv=+0.000 r̄=-0.140 succ=19.8% >exp= 0.0% el=4h33m eta=1h54m
  ep  3840/5000 batch 1800 loss=  -0.365 pol=  1.236 vL= 0.118 kl= 0.19 H=  9.86 adv=+0.000 r̄=-0.358 succ=19.9% >exp= 0.0% el=4h36m eta=1h23m
  ep  4160/5000 batch 1820 loss=  -0.181 pol=  0.971 vL= 0.182 kl= 0.36 H=  9.41 adv=+0.000 r̄=-0.245 succ=19.9% >exp= 0.0% el=4h40m eta=56m35s
  ep  4480/5000 batch 1840 loss=  -0.090 pol= -1.234 vL= 0.332 kl= 0.23 H=  6.16 adv=-0.000 r̄=-0.087 succ=19.9% >exp= 0.0% el=4h42m eta=32m49s
  ep  4800/5000 batch 1860 loss=   0.617 pol=  0.453 vL= 0.080 kl= 0.35 H= 10.89 adv=+0.000 r̄=-0.421 succ=19.9% >exp= 0.0% el=4h45m eta=11m52s
  >>> Epoch 6/10 DONE: succ=20.4% (1018/5000) mean_loss=-0.1107 mean_reward=-0.288 mean_KL=0.336 mean_H=9.91 epoch_time=50m17s

=== Epoch 7/10 — resetting substrate ===
  ep   128/5000 batch 1880 loss=  -0.984 pol=  0.192 vL= 0.198 kl= 0.24 H= 10.09 adv=+0.000 r̄=-0.281 succ=19.9% >exp= 0.0% el=4h48m eta=182h46m
  ep   448/5000 batch 1900 loss=  -0.144 pol= -0.552 vL= 0.221 kl= 0.23 H=  8.41 adv=-0.000 r̄=-0.080 succ=20.0% >exp= 0.0% el=4h51m eta=49h19m
  ep   768/5000 batch 1920 loss=   0.600 pol= -0.104 vL= 0.184 kl= 0.26 H=  9.12 adv=+0.000 r̄=-0.264 succ=20.0% >exp= 0.0% el=4h54m eta=27h03m
  ep  1088/5000 batch 1940 loss=  -0.070 pol= -0.604 vL= 0.291 kl= 0.44 H=  9.66 adv=+0.000 r̄=-0.106 succ=20.0% >exp= 0.0% el=4h58m eta=17h54m
  ep  1408/5000 batch 1960 loss=  -0.201 pol=  0.196 vL= 0.142 kl= 0.27 H= 12.39 adv=+0.000 r̄=-0.351 succ=20.0% >exp= 0.0% el=5h01m eta=12h50m
  ep  1728/5000 batch 1980 loss=   0.751 pol=  1.199 vL= 0.180 kl= 0.36 H= 10.56 adv=+0.000 r̄=-0.274 succ=20.0% >exp= 0.0% el=5h04m eta=9h36m
  ep  2048/5000 batch 2000 loss=   0.159 pol=  0.478 vL= 0.240 kl= 0.41 H=  7.34 adv=-0.000 r̄=-0.295 succ=20.1% >exp= 0.0% el=5h07m eta=7h22m
  ep  2368/5000 batch 2020 loss=   0.321 pol= -0.864 vL= 0.198 kl= 0.42 H=  9.69 adv=-0.000 r̄=-0.102 succ=20.1% >exp= 0.0% el=5h09m eta=5h44m
  ep  2688/5000 batch 2040 loss=  -0.090 pol= -0.626 vL= 0.152 kl= 0.48 H=  8.77 adv=+0.000 r̄=-0.225 succ=20.1% >exp= 0.0% el=5h12m eta=4h28m
  ep  3008/5000 batch 2060 loss=   0.451 pol=  0.323 vL= 0.159 kl= 0.40 H=  9.09 adv=-0.000 r̄=-0.284 succ=20.1% >exp= 0.0% el=5h15m eta=3h29m
  ep  3328/5000 batch 2080 loss=  -0.180 pol=  0.144 vL= 0.107 kl= 0.53 H= 10.17 adv=-0.000 r̄=-0.375 succ=20.1% >exp= 0.0% el=5h19m eta=2h40m
  ep  3648/5000 batch 2100 loss=  -0.118 pol=  1.205 vL= 0.087 kl= 0.39 H=  9.33 adv=+0.000 r̄=-0.464 succ=20.1% >exp= 0.0% el=5h21m eta=1h59m
  ep  3968/5000 batch 2120 loss=  -0.486 pol= -1.136 vL= 0.306 kl= 0.57 H=  8.70 adv=+0.000 r̄=-0.114 succ=20.1% >exp= 0.0% el=5h24m eta=1h24m
  ep  4288/5000 batch 2140 loss=   0.101 pol= -0.176 vL= 0.060 kl= 0.28 H= 10.73 adv=-0.000 r̄=-0.440 succ=20.1% >exp= 0.0% el=5h26m eta=54m14s
  ep  4608/5000 batch 2160 loss=  -0.502 pol=  0.572 vL= 0.086 kl= 0.33 H= 11.19 adv=+0.000 r̄=-0.322 succ=20.2% >exp= 0.0% el=5h28m eta=27m57s
  ep  4928/5000 batch 2180 loss=   0.604 pol=  0.847 vL= 0.110 kl= 0.60 H= 10.93 adv=-0.000 r̄=-0.287 succ=20.1% >exp= 0.0% el=5h30m eta= 4m49s
  >>> Epoch 7/10 DONE: succ=21.6% (1082/5000) mean_loss= 0.0289 mean_reward=-0.281 mean_KL=0.440 mean_H=9.66 epoch_time=44m39s

=== Epoch 8/10 — resetting substrate ===
  ep   256/5000 batch 2200 loss=  -0.930 pol=  2.089 vL= 0.060 kl= 0.34 H= 12.43 adv=-0.000 r̄=-0.500 succ=20.2% >exp= 0.0% el=5h32m eta=102h49m
  ep   576/5000 batch 2220 loss=   0.135 pol=  2.867 vL= 0.149 kl= 0.45 H=  9.40 adv=+0.000 r̄=-0.418 succ=20.2% >exp= 0.0% el=5h35m eta=42h54m
  ep   896/5000 batch 2240 loss=   0.777 pol= -1.982 vL= 0.083 kl= 0.37 H= 10.73 adv=-0.000 r̄=-0.293 succ=20.2% >exp= 0.0% el=5h37m eta=25h44m
  ep  1216/5000 batch 2260 loss=  -0.917 pol=  2.633 vL= 0.057 kl= 0.45 H= 11.53 adv=-0.000 r̄=-0.435 succ=20.2% >exp= 0.0% el=5h39m eta=17h35m
  ep  1536/5000 batch 2280 loss=   0.078 pol=  1.767 vL= 0.329 kl= 0.44 H= 10.25 adv=+0.000 r̄=-0.408 succ=20.2% >exp= 0.0% el=5h41m eta=12h49m
  ep  1856/5000 batch 2300 loss=   0.650 pol= -0.176 vL= 0.187 kl= 0.57 H= 11.10 adv=-0.000 r̄=-0.157 succ=20.2% >exp= 0.0% el=5h43m eta=9h42m
  ep  2176/5000 batch 2320 loss=  -0.112 pol=  0.261 vL= 0.199 kl= 0.66 H= 11.25 adv=+0.000 r̄=-0.270 succ=20.2% >exp= 0.0% el=5h48m eta=7h32m
  ep  2496/5000 batch 2340 loss=  -0.467 pol=  0.449 vL= 0.114 kl= 0.68 H=  8.83 adv=+0.000 r̄=-0.345 succ=20.3% >exp= 0.0% el=5h50m eta=5h51m
  ep  2816/5000 batch 2360 loss=  -0.156 pol= -2.137 vL= 0.227 kl= 0.48 H= 10.13 adv=+0.000 r̄=-0.275 succ=20.2% >exp= 0.0% el=5h52m eta=4h33m
  ep  3136/5000 batch 2380 loss=  -0.915 pol= -0.638 vL= 0.283 kl= 0.57 H=  9.83 adv=+0.000 r̄=-0.174 succ=20.3% >exp= 0.0% el=5h55m eta=3h31m
  ep  3456/5000 batch 2400 loss=  -0.216 pol=  1.666 vL= 0.099 kl= 0.34 H= 13.20 adv=-0.000 r̄=-0.450 succ=20.3% >exp= 0.0% el=5h57m eta=2h39m
  ep  3776/5000 batch 2420 loss=   0.669 pol= -3.583 vL= 0.145 kl= 0.46 H= 10.62 adv=+0.000 r̄=-0.196 succ=20.3% >exp= 0.0% el=5h59m eta=1h56m
  ep  4096/5000 batch 2440 loss=  -0.486 pol= -0.214 vL= 0.218 kl= 0.45 H= 10.35 adv=+0.000 r̄=-0.339 succ=20.3% >exp= 0.0% el=6h01m eta=1h19m
  ep  4416/5000 batch 2460 loss=  -0.157 pol= -0.946 vL= 0.270 kl= 0.36 H=  8.00 adv=-0.000 r̄=-0.126 succ=20.3% >exp= 0.0% el=6h03m eta=48m06s
  ep  4736/5000 batch 2480 loss=   0.601 pol=  4.025 vL= 0.034 kl= 0.39 H= 11.71 adv=+0.000 r̄=-0.487 succ=20.3% >exp= 0.0% el=6h06m eta=20m24s
  >>> Epoch 8/10 DONE: succ=21.3% (1064/5000) mean_loss=-0.1034 mean_reward=-0.284 mean_KL=0.472 mean_H=10.23 epoch_time=37m07s

=== Epoch 9/10 — resetting substrate ===
  ep    64/5000 batch 2500 loss=  -0.629 pol=  0.780 vL= 0.228 kl= 0.31 H=  8.57 adv=+0.000 r̄=-0.153 succ=20.3% >exp= 0.0% el=6h09m eta=474h55m
  ep   384/5000 batch 2520 loss=   0.632 pol= -1.417 vL= 0.318 kl= 0.39 H=  8.90 adv=-0.000 r̄=-0.309 succ=20.3% >exp= 0.0% el=6h12m eta=74h38m
  ep   704/5000 batch 2540 loss=   0.142 pol= -2.652 vL= 0.240 kl= 0.47 H=  9.74 adv=+0.000 r̄=-0.100 succ=20.3% >exp= 0.0% el=6h15m eta=38h12m
  ep  1024/5000 batch 2560 loss=  -0.330 pol= -1.330 vL= 0.087 kl= 0.32 H=  9.51 adv=+0.000 r̄=-0.134 succ=20.4% >exp= 0.0% el=6h18m eta=24h28m
  ep  1344/5000 batch 2580 loss=  -0.542 pol=  0.275 vL= 0.151 kl= 0.38 H=  6.54 adv=-0.000 r̄=-0.359 succ=20.4% >exp= 0.0% el=6h20m eta=17h15m
  ep  1664/5000 batch 2600 loss=  -0.178 pol= -1.216 vL= 0.197 kl= 0.47 H=  9.31 adv=-0.000 r̄=-0.133 succ=20.4% >exp= 0.0% el=6h22m eta=12h47m
  ep  1984/5000 batch 2620 loss=   0.511 pol= -0.374 vL= 0.039 kl= 0.25 H= 10.50 adv=-0.000 r̄=-0.335 succ=20.4% >exp= 0.0% el=6h25m eta=9h46m
  ep  2304/5000 batch 2640 loss=   0.034 pol= -1.194 vL= 0.199 kl= 0.35 H= 10.21 adv=+0.000 r̄=-0.243 succ=20.4% >exp= 0.0% el=6h27m eta=7h33m
  ep  2624/5000 batch 2660 loss=  -0.530 pol= -0.662 vL= 0.266 kl= 0.30 H= 10.09 adv=-0.000 r̄=-0.384 succ=20.4% >exp= 0.0% el=6h30m eta=5h53m
  ep  2944/5000 batch 2680 loss=   0.046 pol=  1.097 vL= 0.083 kl= 0.30 H= 10.63 adv=+0.000 r̄=-0.411 succ=20.4% >exp= 0.0% el=6h32m eta=4h34m
  ep  3264/5000 batch 2700 loss=   0.093 pol=  2.286 vL= 0.159 kl= 0.45 H= 10.09 adv=+0.000 r̄=-0.394 succ=20.4% >exp= 0.0% el=6h35m eta=3h30m
  ep  3584/5000 batch 2720 loss=  -0.115 pol= -1.652 vL= 0.191 kl= 0.53 H=  9.85 adv=-0.000 r̄=-0.092 succ=20.4% >exp= 0.0% el=6h37m eta=2h37m
  ep  3904/5000 batch 2740 loss=  -0.553 pol= -2.844 vL= 0.223 kl= 0.49 H=  8.67 adv=+0.000 r̄=-0.020 succ=20.4% >exp= 0.0% el=6h39m eta=1h52m
  ep  4224/5000 batch 2760 loss=  -0.321 pol= -1.245 vL= 0.150 kl= 0.46 H=  8.86 adv=+0.000 r̄=-0.146 succ=20.4% >exp= 0.0% el=6h42m eta=1h13m
  ep  4544/5000 batch 2780 loss=   0.148 pol= -3.163 vL= 0.160 kl= 0.31 H= 10.09 adv=+0.000 r̄=-0.221 succ=20.4% >exp= 0.0% el=9h42m eta=58m24s
  ep  4864/5000 batch 2800 loss=   0.386 pol= -0.511 vL= 0.108 kl= 0.31 H= 11.43 adv=-0.000 r̄=-0.356 succ=20.4% >exp= 0.0% el=9h43m eta=16m19s
  >>> Epoch 9/10 DONE: succ=21.0% (1052/5000) mean_loss=-0.0658 mean_reward=-0.286 mean_KL=0.402 mean_H=9.52 epoch_time=3h36m

=== Epoch 10/10 — resetting substrate ===
  ep   192/5000 batch 2820 loss=  -1.092 pol=  2.868 vL= 0.340 kl= 0.54 H= 10.46 adv=+0.000 r̄=-0.387 succ=20.4% >exp= 0.0% el=9h46m eta=244h35m
  ep   512/5000 batch 2840 loss=   0.594 pol=  2.140 vL= 0.143 kl= 0.51 H=  9.89 adv=+0.000 r̄=-0.441 succ=20.4% >exp= 0.0% el=9h48m eta=85h54m
  ep   832/5000 batch 2860 loss=   1.213 pol= -1.693 vL= 0.235 kl= 0.54 H= 10.75 adv=+0.000 r̄=-0.164 succ=20.4% >exp= 0.0% el=9h49m eta=49h14m
  ep  1152/5000 batch 2880 loss=  -0.383 pol= -1.986 vL= 0.066 kl= 0.62 H= 11.21 adv=-0.000 r̄=-0.340 succ=20.4% >exp= 0.0% el=9h51m eta=32h56m
  ep  1472/5000 batch 2900 loss=  -0.301 pol=  0.066 vL= 0.183 kl= 0.37 H=  9.16 adv=+0.000 r̄=-0.244 succ=20.4% >exp= 0.0% el=9h54m eta=23h43m
  ep  1792/5000 batch 2920 loss=   0.291 pol=  0.155 vL= 0.193 kl= 0.34 H=  8.71 adv=+0.000 r̄=-0.316 succ=20.4% >exp= 0.0% el=9h56m eta=17h47m
  ep  2112/5000 batch 2940 loss=  -0.260 pol= -0.315 vL= 0.142 kl= 0.60 H=  7.94 adv=-0.000 r̄=-0.309 succ=20.4% >exp= 0.0% el=9h59m eta=13h39m
  ep  2432/5000 batch 2960 loss=  -0.383 pol= -0.051 vL= 0.121 kl= 0.39 H= 11.84 adv=-0.000 r̄=-0.350 succ=20.4% >exp= 0.0% el=10h02m eta=10h35m
  ep  2752/5000 batch 2980 loss=  -0.176 pol=  0.074 vL= 0.211 kl= 0.79 H=  9.13 adv=+0.000 r̄=-0.241 succ=20.4% >exp= 0.0% el=10h04m eta=8h14m
  ep  3072/5000 batch 3000 loss=  -0.966 pol=  2.311 vL= 0.136 kl= 0.66 H= 11.07 adv=-0.000 r̄=-0.414 succ=20.4% >exp= 0.0% el=10h07m eta=6h21m
  ep  3392/5000 batch 3020 loss=   0.561 pol= -0.920 vL= 0.192 kl= 0.46 H=  9.13 adv=-0.000 r̄=-0.196 succ=20.4% >exp= 0.0% el=10h10m eta=4h49m
  ep  3712/5000 batch 3040 loss=   0.240 pol= -0.858 vL= 0.155 kl= 0.65 H= 10.24 adv=-0.000 r̄=-0.200 succ=20.4% >exp= 0.0% el=10h13m eta=3h32m
  ep  4032/5000 batch 3060 loss=  -0.183 pol= -0.923 vL= 0.174 kl= 0.61 H=  7.54 adv=+0.000 r̄=-0.189 succ=20.4% >exp= 0.0% el=10h16m eta=2h28m
  ep  4352/5000 batch 3080 loss=   0.267 pol=  5.057 vL= 0.093 kl= 0.55 H= 10.43 adv=+0.000 r̄=-0.444 succ=20.5% >exp= 0.0% el=10h19m eta=1h32m
  ep  4672/5000 batch 3100 loss=   0.245 pol=  0.692 vL= 0.300 kl= 0.69 H=  6.12 adv=+0.000 r̄=-0.031 succ=20.5% >exp= 0.0% el=10h22m eta=43m40s
  ep  4992/5000 batch 3120 loss=  -0.032 pol= -1.737 vL= 0.199 kl= 0.57 H=  8.99 adv=-0.000 r̄=-0.289 succ=20.5% >exp= 0.0% el=10h24m eta= 1m00s
  >>> Epoch 10/10 DONE: succ=21.3% (1063/5000) mean_loss=-0.0046 mean_reward=-0.279 mean_KL=0.518 mean_H=10.10 epoch_time=40m15s
------------------------------------------------------------------------
  total time:               10h24m
  success rate:             10236/50000 = 20.5%
  final success_cost_ema:   312.81159843363406
  final loss avg:           -0.0318
  checkpoint saved to checkpoints/il_mp_vne_v19_100nodes_costfocused.pt
  epoch summary log: logs/ppo_v19_100nodes_costfocused_epoch_summary.csv
