Loading substrate from datasets/scenario_100nodes_train/substrate.json
Loading VNRs from datasets/scenario_100nodes_train/virtual_requests.json
  Using 5000 VNRs
  Trainable policy (il_mp_vne_v19) loaded from checkpoints/il_mp_vne_v19_100nodes_costfocused_cont4.pt
  rollout=direct → train: cand_head + encoder + value (ordering frozen) (19394 frozen, 36293 trainable)
  Frozen reference policy loaded (KL enabled, β_KL=0.1)
PPO fine-tune: 5000 VNRs, batch=16, lr=0.0003
  baseline=critic V(s), normalize_adv=True, β_H=0.01, value_coef=0.5, reward=cost_rel α=0.5 λ=1.0, fail_r=-0.5
  checkpoint: checkpoints/il_mp_vne_v19_100nodes_costfocused_cont5.pt
------------------------------------------------------------------------
  ep   320/5000 batch   20 loss=  -0.840 pol= -2.833 vL= 0.179 kl= 0.04 H= 10.75 adv=+0.000 r̄= 0.091 succ=28.4% >exp= 0.0% el= 4m14s eta=1h02m
  ep   640/5000 batch   40 loss=  -0.178 pol= -0.661 vL= 0.311 kl= 0.04 H= 10.26 adv=+0.000 r̄=-0.144 succ=25.0% >exp= 0.0% el= 6m34s eta=44m46s
  ep   960/5000 batch   60 loss=   0.870 pol= -0.691 vL= 0.138 kl= 0.09 H= 12.92 adv=+0.000 r̄=-0.303 succ=24.2% >exp= 0.0% el= 8m39s eta=36m25s
  ep  1280/5000 batch   80 loss=   0.789 pol= -0.034 vL= 0.143 kl= 0.11 H= 12.39 adv=-0.000 r̄=-0.430 succ=23.7% >exp= 0.0% el=10m51s eta=31m33s
  ep  1600/5000 batch  100 loss=   0.182 pol=  4.601 vL= 0.128 kl= 0.05 H=  9.53 adv=-0.000 r̄=-0.397 succ=23.9% >exp= 0.0% el=13m19s eta=28m19s
  ep  1920/5000 batch  120 loss=   0.387 pol= -1.930 vL= 0.256 kl= 0.13 H=  8.81 adv=+0.000 r̄= 0.038 succ=24.4% >exp= 0.0% el=15m54s eta=25m30s
  ep  2240/5000 batch  140 loss=  -1.370 pol= -4.964 vL= 0.181 kl= 0.14 H= 10.45 adv=-0.000 r̄= 0.039 succ=24.4% >exp= 0.0% el=18m55s eta=23m18s
  ep  2560/5000 batch  160 loss=  -0.145 pol= -3.564 vL= 0.077 kl= 0.10 H= 15.28 adv=+0.000 r̄=-0.300 succ=24.5% >exp= 0.0% el=24m35s eta=23m26s
  ep  2880/5000 batch  180 loss=  -1.178 pol= -2.000 vL= 0.362 kl= 0.29 H= 12.40 adv=+0.000 r̄=-0.489 succ=24.7% >exp= 0.0% el=28m40s eta=21m06s
  ep  3200/5000 batch  200 loss=   0.159 pol= -1.283 vL= 0.451 kl= 0.56 H= 13.27 adv=+0.000 r̄=-0.490 succ=24.6% >exp= 0.0% el=31m22s eta=17m39s
  ep  3520/5000 batch  220 loss=   0.780 pol= -0.202 vL= 0.271 kl= 0.29 H=  7.93 adv=-0.000 r̄=-0.167 succ=24.6% >exp= 0.0% el=34m58s eta=14m42s
  ep  3840/5000 batch  240 loss=   0.203 pol=  0.299 vL= 0.066 kl= 0.42 H= 11.86 adv=-0.000 r̄=-0.369 succ=24.1% >exp= 0.0% el=40m15s eta=12m09s
  ep  4160/5000 batch  260 loss=  -0.766 pol= -1.357 vL= 0.236 kl= 0.45 H= 10.62 adv=-0.000 r̄=-0.165 succ=24.2% >exp= 0.0% el=45m26s eta= 9m10s
  ep  4480/5000 batch  280 loss=   0.529 pol=  1.887 vL= 0.229 kl= 0.30 H=  7.59 adv=-0.000 r̄=-0.249 succ=24.0% >exp= 0.0% el=50m07s eta= 5m49s
  ep  4800/5000 batch  300 loss=   0.751 pol=  2.393 vL= 0.046 kl= 0.10 H= 13.91 adv=+0.000 r̄=-0.432 succ=23.9% >exp= 0.0% el=53m17s eta= 2m13s
  >>> Epoch 1/20 DONE: succ=23.9% (1194/5000) mean_loss= 0.0151 mean_reward=-0.259 mean_KL=0.159 mean_H=11.88 epoch_time=54m45s

=== Epoch 2/20 — resetting substrate ===
  ep   128/5000 batch  320 loss=   0.210 pol= -0.845 vL= 0.175 kl= 0.09 H= 12.05 adv=+0.000 r̄=-0.271 succ=24.0% >exp= 0.0% el=55m41s eta=35h19m
  ep   448/5000 batch  340 loss=   0.117 pol=  0.509 vL= 0.140 kl= 0.13 H=  9.77 adv=-0.000 r̄=-0.131 succ=24.0% >exp= 0.0% el=58m00s eta=9h49m
  ep   768/5000 batch  360 loss=  -0.586 pol= -0.095 vL= 0.165 kl= 0.09 H= 12.72 adv=+0.000 r̄=-0.298 succ=23.7% >exp= 0.0% el=59m56s eta=5h30m
  ep  1088/5000 batch  380 loss=   0.493 pol=  0.328 vL= 0.233 kl= 0.49 H=  8.54 adv=+0.000 r̄=-0.237 succ=23.6% >exp= 0.0% el=1h01m eta=3h42m
  ep  1408/5000 batch  400 loss=   0.098 pol=  1.923 vL= 0.102 kl= 0.12 H= 13.79 adv=+0.000 r̄=-0.439 succ=23.7% >exp= 0.0% el=1h04m eta=2h43m
  ep  1728/5000 batch  420 loss=   1.806 pol=  1.434 vL= 0.159 kl= 0.14 H= 12.08 adv=+0.000 r̄=-0.309 succ=23.6% >exp= 0.0% el=1h06m eta=2h05m
  ep  2048/5000 batch  440 loss=  -1.019 pol= -1.124 vL= 0.180 kl= 0.34 H=  8.24 adv=+0.000 r̄=-0.144 succ=23.6% >exp= 0.0% el=1h08m eta=1h38m
  ep  2368/5000 batch  460 loss=  -0.290 pol=  0.543 vL= 0.173 kl= 0.43 H= 11.58 adv=+0.000 r̄=-0.374 succ=23.7% >exp= 0.0% el=1h10m eta=1h18m
  ep  2688/5000 batch  480 loss=  -0.203 pol= -2.226 vL= 0.062 kl= 0.22 H= 11.68 adv=+0.000 r̄=-0.262 succ=23.6% >exp= 0.0% el=1h12m eta=1h02m
  ep  3008/5000 batch  500 loss=  -1.093 pol=  3.414 vL= 0.180 kl= 0.17 H= 11.11 adv=-0.000 r̄=-0.399 succ=23.6% >exp= 0.0% el=1h14m eta=49m33s
  ep  3328/5000 batch  520 loss=   0.267 pol=  3.500 vL= 0.061 kl= 0.15 H= 12.93 adv=-0.000 r̄=-0.501 succ=23.6% >exp= 0.0% el=1h17m eta=38m41s
  ep  3648/5000 batch  540 loss=   0.807 pol= -1.039 vL= 0.293 kl= 0.13 H= 12.20 adv=-0.000 r̄=-0.385 succ=23.6% >exp= 0.0% el=1h18m eta=29m16s
  ep  3968/5000 batch  560 loss=   0.295 pol= -0.932 vL= 0.356 kl= 0.18 H=  8.71 adv=+0.000 r̄= 0.132 succ=23.7% >exp= 0.0% el=1h21m eta=21m05s
  ep  4288/5000 batch  580 loss=   0.494 pol= -2.394 vL= 0.047 kl= 0.06 H= 13.27 adv=-0.000 r̄=-0.382 succ=23.5% >exp= 0.0% el=1h23m eta=13m49s
  ep  4608/5000 batch  600 loss=   0.567 pol=  3.593 vL= 0.100 kl= 0.07 H= 14.07 adv=-0.000 r̄=-0.402 succ=23.6% >exp= 0.0% el=1h25m eta= 7m16s
  ep  4928/5000 batch  620 loss=   0.828 pol= -3.676 vL= 0.211 kl= 0.17 H= 12.58 adv=-0.000 r̄=-0.119 succ=23.6% >exp= 0.0% el=1h28m eta= 1m17s
  >>> Epoch 2/20 DONE: succ=23.3% (1167/5000) mean_loss= 0.1578 mean_reward=-0.265 mean_KL=0.243 mean_H=11.40 epoch_time=34m44s

=== Epoch 3/20 — resetting substrate ===
  ep   256/5000 batch  640 loss=  -0.921 pol=  0.196 vL= 0.016 kl= 0.10 H= 14.51 adv=+0.000 r̄=-0.384 succ=23.8% >exp= 0.0% el=1h32m eta=28h33m
  ep   576/5000 batch  660 loss=   1.526 pol=  0.115 vL= 0.227 kl= 0.16 H= 12.45 adv=-0.000 r̄=-0.250 succ=23.7% >exp= 0.0% el=1h34m eta=12h08m
  ep   896/5000 batch  680 loss=  -1.507 pol= -0.357 vL= 0.176 kl= 0.21 H= 14.41 adv=+0.000 r̄=-0.343 succ=23.7% >exp= 0.0% el=1h36m eta=7h23m
  ep  1216/5000 batch  700 loss=   1.125 pol=  5.177 vL= 0.069 kl= 0.28 H= 13.48 adv=+0.000 r̄=-0.381 succ=23.6% >exp= 0.0% el=1h39m eta=5h08m
  ep  1536/5000 batch  720 loss=   0.504 pol=  4.394 vL= 0.045 kl= 0.31 H= 12.53 adv=-0.000 r̄=-0.386 succ=23.6% >exp= 0.0% el=1h41m eta=3h48m
  ep  1856/5000 batch  740 loss=  -0.756 pol= -0.867 vL= 0.413 kl= 0.11 H= 12.67 adv=+0.000 r̄=-0.314 succ=23.7% >exp= 0.0% el=1h44m eta=2h56m
  ep  2176/5000 batch  760 loss=   0.252 pol= -1.456 vL= 0.101 kl= 0.11 H= 13.08 adv=-0.000 r̄=-0.316 succ=23.7% >exp= 0.0% el=1h46m eta=2h18m
  ep  2496/5000 batch  780 loss=   0.083 pol= -2.428 vL= 0.204 kl= 0.10 H= 11.26 adv=-0.000 r̄=-0.164 succ=23.6% >exp= 0.0% el=1h48m eta=1h48m
  ep  2816/5000 batch  800 loss=  -1.552 pol= -0.686 vL= 0.138 kl= 0.38 H= 12.62 adv=-0.000 r̄=-0.278 succ=23.7% >exp= 0.0% el=1h50m eta=1h25m
  ep  3136/5000 batch  820 loss=  -0.574 pol= -0.057 vL= 0.114 kl= 0.36 H= 10.24 adv=-0.000 r̄=-0.252 succ=23.7% >exp= 0.0% el=1h53m eta=1h07m
  ep  3456/5000 batch  840 loss=   0.383 pol=  2.753 vL= 0.144 kl= 0.62 H= 14.01 adv=+0.000 r̄=-0.412 succ=23.8% >exp= 0.0% el=1h56m eta=51m53s
  ep  3776/5000 batch  860 loss=  -0.720 pol= -1.263 vL= 0.231 kl= 0.44 H= 12.26 adv=-0.000 r̄=-0.271 succ=23.9% >exp= 0.0% el=1h58m eta=38m27s
  ep  4096/5000 batch  880 loss=  -0.595 pol= -1.655 vL= 0.107 kl= 0.58 H= 11.52 adv=-0.000 r̄=-0.047 succ=23.9% >exp= 0.0% el=2h00m eta=26m41s
  ep  4416/5000 batch  900 loss=   0.484 pol=  0.088 vL= 0.153 kl= 0.08 H=  9.19 adv=+0.000 r̄=-0.217 succ=23.9% >exp= 0.0% el=2h03m eta=16m16s
  ep  4736/5000 batch  920 loss=  -1.011 pol=  3.301 vL= 0.114 kl= 0.16 H= 12.92 adv=+0.000 r̄=-0.442 succ=23.9% >exp= 0.0% el=2h06m eta= 7m01s
  >>> Epoch 3/20 DONE: succ=24.4% (1222/5000) mean_loss=-0.1556 mean_reward=-0.253 mean_KL=0.253 mean_H=11.65 epoch_time=38m58s

=== Epoch 4/20 — resetting substrate ===
  ep    64/5000 batch  940 loss=   0.262 pol= -3.212 vL= 0.224 kl= 0.25 H= 10.24 adv=-0.000 r̄=-0.128 succ=24.0% >exp= 0.0% el=2h09m eta=166h09m
  ep   384/5000 batch  960 loss=  -0.163 pol= -1.100 vL= 0.136 kl= 0.23 H= 11.87 adv=-0.000 r̄=-0.273 succ=23.9% >exp= 0.0% el=2h12m eta=26h35m
  ep   704/5000 batch  980 loss=   1.251 pol= -0.535 vL= 0.059 kl= 0.34 H= 11.96 adv=-0.000 r̄=-0.156 succ=23.9% >exp= 0.0% el=2h23m eta=14h34m
  ep  1024/5000 batch 1000 loss=   0.375 pol=  3.405 vL= 0.304 kl= 0.16 H= 10.98 adv=+0.000 r̄=-0.477 succ=23.9% >exp= 0.0% el=2h27m eta=9h31m
  ep  1344/5000 batch 1020 loss=   0.537 pol=  0.436 vL= 0.143 kl= 0.23 H=  8.33 adv=-0.000 r̄=-0.116 succ=23.8% >exp= 0.0% el=2h31m eta=6h53m
  ep  1664/5000 batch 1040 loss=  -0.518 pol= -0.966 vL= 0.187 kl= 0.33 H=  9.81 adv=-0.000 r̄=-0.060 succ=23.9% >exp= 0.0% el=2h34m eta=5h09m
  ep  1984/5000 batch 1060 loss=   0.348 pol=  1.484 vL= 0.111 kl= 0.33 H= 10.96 adv=-0.000 r̄=-0.389 succ=23.9% >exp= 0.0% el=2h36m eta=3h58m
  ep  2304/5000 batch 1080 loss=  -0.404 pol= -1.396 vL= 0.185 kl= 0.18 H= 12.75 adv=+0.000 r̄=-0.196 succ=23.9% >exp= 0.0% el=2h39m eta=3h06m
  ep  2624/5000 batch 1100 loss=   1.132 pol= -0.344 vL= 0.223 kl= 0.23 H= 12.00 adv=+0.000 r̄=-0.166 succ=23.8% >exp= 0.0% el=2h41m eta=2h26m
  ep  2944/5000 batch 1120 loss=  -0.853 pol=  0.018 vL= 0.053 kl= 0.10 H= 12.92 adv=+0.000 r̄=-0.334 succ=23.9% >exp= 0.0% el=2h44m eta=1h54m
  ep  3264/5000 batch 1140 loss=  -1.208 pol=  1.695 vL= 0.095 kl= 0.20 H= 13.28 adv=+0.000 r̄=-0.397 succ=24.0% >exp= 0.0% el=2h46m eta=1h28m
  ep  3584/5000 batch 1160 loss=  -0.530 pol= -6.615 vL= 0.057 kl= 0.21 H= 11.50 adv=+0.000 r̄= 0.041 succ=24.1% >exp= 0.0% el=2h49m eta=1h07m
  ep  3904/5000 batch 1180 loss=   1.219 pol= -0.945 vL= 0.247 kl= 0.11 H=  8.90 adv=-0.000 r̄=-0.075 succ=24.1% >exp= 0.0% el=2h52m eta=48m22s
  ep  4224/5000 batch 1200 loss=   0.668 pol=  0.188 vL= 0.187 kl= 0.10 H=  9.78 adv=+0.000 r̄=-0.097 succ=24.1% >exp= 0.0% el=2h54m eta=32m07s
  ep  4544/5000 batch 1220 loss=   0.528 pol=  0.527 vL= 0.220 kl= 0.11 H= 11.98 adv=-0.000 r̄=-0.213 succ=24.1% >exp= 0.0% el=2h58m eta=17m53s
  ep  4864/5000 batch 1240 loss=   0.305 pol= -0.468 vL= 0.155 kl= 0.10 H= 11.41 adv=+0.000 r̄=-0.357 succ=24.1% >exp= 0.0% el=3h04m eta= 5m09s
  >>> Epoch 4/20 DONE: succ=24.6% (1230/5000) mean_loss= 0.1294 mean_reward=-0.251 mean_KL=0.223 mean_H=11.28 epoch_time=57m14s

=== Epoch 5/20 — resetting substrate ===
  ep   192/5000 batch 1260 loss=  -0.562 pol=  5.635 vL= 0.227 kl= 0.34 H=  9.92 adv=+0.000 r̄=-0.491 succ=24.1% >exp= 0.0% el=3h07m eta=78h16m
  ep   512/5000 batch 1280 loss=  -0.060 pol= -1.840 vL= 0.118 kl= 0.21 H= 11.00 adv=-0.000 r̄=-0.329 succ=24.1% >exp= 0.0% el=3h10m eta=27h52m
  ep   832/5000 batch 1300 loss=   0.964 pol= -0.058 vL= 0.110 kl= 0.40 H= 12.81 adv=-0.000 r̄=-0.257 succ=24.1% >exp= 0.0% el=3h13m eta=16h07m
  ep  1152/5000 batch 1320 loss=  -0.119 pol=  4.286 vL= 0.071 kl= 0.19 H= 11.74 adv=-0.000 r̄=-0.431 succ=24.1% >exp= 0.0% el=3h15m eta=10h53m
  ep  1472/5000 batch 1340 loss=   0.619 pol= -2.060 vL= 0.138 kl= 0.13 H= 11.57 adv=-0.000 r̄=-0.248 succ=24.1% >exp= 0.0% el=3h19m eta=7h57m
  ep  1792/5000 batch 1360 loss=  -1.801 pol= -4.120 vL= 0.261 kl= 0.30 H= 11.24 adv=+0.000 r̄=-0.131 succ=24.1% >exp= 0.0% el=3h24m eta=6h05m
  ep  2112/5000 batch 1380 loss=  -0.777 pol=  2.010 vL= 0.184 kl= 0.21 H= 10.35 adv=-0.000 r̄=-0.412 succ=24.1% >exp= 0.0% el=3h25m eta=4h41m
  ep  2432/5000 batch 1400 loss=  -0.153 pol= -1.894 vL= 0.066 kl= 0.30 H= 15.95 adv=+0.000 r̄=-0.311 succ=24.1% >exp= 0.0% el=3h27m eta=3h39m
  ep  2752/5000 batch 1420 loss=   1.237 pol=  3.069 vL= 0.157 kl= 0.77 H=  9.24 adv=+0.000 r̄=-0.259 succ=24.0% >exp= 0.0% el=3h29m eta=2h50m
  ep  3072/5000 batch 1440 loss=  -1.947 pol=  0.573 vL= 0.229 kl= 0.18 H= 10.69 adv=+0.000 r̄=-0.238 succ=24.0% >exp= 0.0% el=3h31m eta=2h12m
  ep  3392/5000 batch 1460 loss=   0.938 pol=  0.739 vL= 0.178 kl= 0.25 H=  8.48 adv=-0.000 r̄=-0.220 succ=24.0% >exp= 0.0% el=3h32m eta=1h40m
  ep  3712/5000 batch 1480 loss=   0.153 pol= -0.646 vL= 0.145 kl= 0.20 H= 12.64 adv=+0.000 r̄=-0.153 succ=24.0% >exp= 0.0% el=3h34m eta=1h14m
  ep  4032/5000 batch 1500 loss=  -0.912 pol=  1.432 vL= 0.105 kl= 0.62 H=  8.88 adv=-0.000 r̄=-0.300 succ=24.1% >exp= 0.0% el=3h36m eta=52m00s
  ep  4352/5000 batch 1520 loss=   2.113 pol=  6.431 vL= 0.077 kl= 0.38 H= 13.77 adv=+0.000 r̄=-0.387 succ=24.1% >exp= 0.0% el=3h38m eta=32m31s
  ep  4672/5000 batch 1540 loss=   1.339 pol=  0.141 vL= 0.273 kl= 0.45 H=  7.05 adv=-0.000 r̄=-0.068 succ=24.0% >exp= 0.0% el=3h40m eta=15m27s
  ep  4992/5000 batch 1560 loss=  -0.517 pol=  0.368 vL= 0.061 kl= 0.36 H= 11.89 adv=+0.000 r̄=-0.311 succ=24.0% >exp= 0.0% el=3h41m eta=  21s
  >>> Epoch 5/20 DONE: succ=23.8% (1192/5000) mean_loss= 0.0553 mean_reward=-0.259 mean_KL=0.298 mean_H=11.77 epoch_time=36m15s

=== Epoch 6/20 — resetting substrate ===
  ep   320/5000 batch 1580 loss=  -0.347 pol=  1.178 vL= 0.237 kl= 0.42 H= 10.13 adv=-0.000 r̄=-0.095 succ=24.1% >exp= 0.0% el=3h43m eta=54h34m
  ep   640/5000 batch 1600 loss=   0.096 pol= -3.072 vL= 0.329 kl= 0.24 H=  9.99 adv=-0.000 r̄=-0.172 succ=24.0% >exp= 0.0% el=3h45m eta=25h37m
  ep   960/5000 batch 1620 loss=  -1.495 pol= -3.221 vL= 0.120 kl= 0.23 H= 11.59 adv=+0.000 r̄=-0.227 succ=24.0% >exp= 0.0% el=3h47m eta=15h57m
  ep  1280/5000 batch 1640 loss=  -0.777 pol= -2.910 vL= 0.100 kl= 0.17 H= 12.84 adv=-0.000 r̄=-0.271 succ=24.0% >exp= 0.0% el=3h49m eta=11h06m
  ep  1600/5000 batch 1660 loss=  -0.479 pol=  3.297 vL= 0.128 kl= 0.29 H= 11.04 adv=-0.000 r̄=-0.413 succ=24.0% >exp= 0.0% el=3h50m eta=8h10m
  ep  1920/5000 batch 1680 loss=   0.804 pol= -4.807 vL= 0.093 kl= 0.31 H= 10.24 adv=-0.000 r̄=-0.013 succ=24.0% >exp= 0.0% el=3h52m eta=6h13m
  ep  2240/5000 batch 1700 loss=   0.495 pol=  3.870 vL= 0.233 kl= 0.40 H= 11.32 adv=+0.000 r̄=-0.404 succ=24.0% >exp= 0.0% el=3h54m eta=4h48m
  ep  2560/5000 batch 1720 loss=   0.493 pol= -4.880 vL= 0.173 kl= 0.11 H= 15.56 adv=-0.000 r̄=-0.190 succ=23.9% >exp= 0.0% el=3h55m eta=3h44m
  ep  2880/5000 batch 1740 loss=   0.101 pol= -0.761 vL= 0.140 kl= 0.13 H= 11.96 adv=+0.000 r̄=-0.356 succ=23.9% >exp= 0.0% el=3h57m eta=2h54m
  ep  3200/5000 batch 1760 loss=  -1.441 pol=  3.892 vL= 0.095 kl= 0.18 H= 12.03 adv=+0.000 r̄=-0.386 succ=23.9% >exp= 0.0% el=3h58m eta=2h14m
  ep  3520/5000 batch 1780 loss=   0.551 pol= -0.132 vL= 0.093 kl= 0.14 H=  8.28 adv=+0.000 r̄=-0.317 succ=23.9% >exp= 0.0% el=4h00m eta=1h41m
  ep  3840/5000 batch 1800 loss=   0.051 pol=  0.042 vL= 0.184 kl= 0.22 H= 12.56 adv=-0.000 r̄=-0.269 succ=24.0% >exp= 0.0% el=4h02m eta=1h13m
  ep  4160/5000 batch 1820 loss=   0.733 pol= -0.724 vL= 0.222 kl= 0.10 H= 10.70 adv=-0.000 r̄=-0.137 succ=24.0% >exp= 0.0% el=4h03m eta=49m15s
  ep  4480/5000 batch 1840 loss=   0.603 pol= -0.460 vL= 0.287 kl= 0.48 H=  8.86 adv=+0.000 r̄=-0.265 succ=24.0% >exp= 0.0% el=4h05m eta=28m31s
  ep  4800/5000 batch 1860 loss=  -0.810 pol= -0.088 vL= 0.041 kl= 0.26 H= 14.73 adv=+0.000 r̄=-0.444 succ=23.9% >exp= 0.0% el=4h07m eta=10m18s
  >>> Epoch 6/20 DONE: succ=23.6% (1181/5000) mean_loss=-0.1492 mean_reward=-0.262 mean_KL=0.211 mean_H=12.09 epoch_time=26m27s

=== Epoch 7/20 — resetting substrate ===
  ep   128/5000 batch 1880 loss=  -0.850 pol= -2.063 vL= 0.140 kl= 0.10 H= 12.57 adv=-0.000 r̄=-0.184 succ=24.0% >exp= 0.0% el=4h09m eta=158h05m
  ep   448/5000 batch 1900 loss=   0.489 pol=  1.945 vL= 0.090 kl= 0.11 H=  9.78 adv=-0.000 r̄=-0.329 succ=24.0% >exp= 0.0% el=4h11m eta=42h36m
  ep   768/5000 batch 1920 loss=   0.263 pol=  3.563 vL= 0.257 kl= 0.21 H= 13.09 adv=-0.000 r̄=-0.536 succ=24.0% >exp= 0.0% el=4h13m eta=23h16m
  ep  1088/5000 batch 1940 loss=  -0.249 pol= -2.527 vL= 0.198 kl= 0.21 H=  9.26 adv=+0.000 r̄=-0.064 succ=24.0% >exp= 0.0% el=4h15m eta=15h18m
  ep  1408/5000 batch 1960 loss=  -0.758 pol=  1.415 vL= 0.113 kl= 0.13 H= 13.99 adv=-0.000 r̄=-0.382 succ=24.0% >exp= 0.0% el=4h17m eta=10h57m
  ep  1728/5000 batch 1980 loss=   0.172 pol=  0.877 vL= 0.126 kl= 0.20 H= 12.47 adv=-0.000 r̄=-0.209 succ=24.0% >exp= 0.0% el=4h19m eta=8h11m
  ep  2048/5000 batch 2000 loss=   0.475 pol= -2.005 vL= 0.044 kl= 0.43 H=  8.59 adv=-0.000 r̄=-0.096 succ=23.9% >exp= 0.0% el=4h21m eta=6h16m
