Loading substrate from datasets/scenario_100nodes_train/substrate.json
Loading VNRs from datasets/scenario_100nodes_train/virtual_requests.json
  Using 5000 VNRs
  Trainable policy (carl_vne) loaded from experiments/carl_vne_100nodes/costfocused/checkpoints/ckpt_e80.pt
  rollout=direct → train: cand_head + encoder + value (ordering frozen) (19394 frozen, 36293 trainable)
  Frozen reference policy loaded (KL enabled, β_KL=0.1)
  Continuation: global epochs 81..180 (appending to experiments/carl_vne_100nodes/costfocused/training_epoch_summary.csv)
PPO fine-tune: 5000 VNRs, batch=16, lr=0.0003
  baseline=critic V(s), normalize_adv=True, β_H=0.01, value_coef=0.5, reward=cost_rel α=0.5 λ=1.0, fail_r=-0.5
  checkpoint: experiments/carl_vne_100nodes/costfocused/checkpoints/ckpt.pt
------------------------------------------------------------------------
  ep   320/5000 batch   20 loss=  -0.935 pol=  0.616 vL= 0.169 kl= 0.04 H=  9.98 adv=+0.000 r̄= 0.006 succ=31.9% >exp= 0.0% el= 3m38s eta=53m21s
  ep   640/5000 batch   40 loss=   1.001 pol=  0.376 vL= 0.272 kl= 0.14 H=  9.00 adv=+0.000 r̄=-0.186 succ=27.2% >exp= 0.0% el= 6m37s eta=45m06s
  ep   960/5000 batch   60 loss=  -0.970 pol= -4.585 vL= 0.091 kl= 0.24 H= 11.13 adv=-0.000 r̄=-0.153 succ=25.6% >exp= 0.0% el= 9m51s eta=41m27s
  ep  1280/5000 batch   80 loss=   0.226 pol=  2.512 vL= 0.130 kl= 0.15 H= 10.09 adv=+0.000 r̄=-0.384 succ=25.2% >exp= 0.0% el=13m27s eta=39m07s
  ep  1600/5000 batch  100 loss=   0.423 pol=  2.027 vL= 0.154 kl= 0.22 H=  8.39 adv=-0.000 r̄=-0.414 succ=25.3% >exp= 0.0% el=16m43s eta=35m32s
  ep  1920/5000 batch  120 loss=   0.595 pol= -4.101 vL= 0.249 kl= 0.24 H=  7.86 adv=-0.000 r̄= 0.004 succ=25.0% >exp= 0.0% el=20m20s eta=32m37s
  ep  2240/5000 batch  140 loss=  -0.316 pol= -1.118 vL= 0.215 kl= 0.16 H=  9.47 adv=+0.000 r̄=-0.093 succ=24.8% >exp= 0.0% el=24m06s eta=29m41s
  ep  2560/5000 batch  160 loss=  -0.244 pol= -4.075 vL= 0.094 kl= 0.06 H= 14.62 adv=+0.000 r̄=-0.259 succ=24.7% >exp= 0.0% el=28m43s eta=27m22s
  ep  2880/5000 batch  180 loss=  -0.767 pol= -1.321 vL= 0.128 kl= 0.07 H= 11.12 adv=+0.000 r̄=-0.182 succ=25.2% >exp= 0.0% el=31m56s eta=23m30s
  ep  3200/5000 batch  200 loss=   1.199 pol= -1.281 vL= 0.137 kl= 0.12 H= 12.53 adv=+0.000 r̄=-0.304 succ=25.0% >exp= 0.0% el=34m52s eta=19m37s
  ep  3520/5000 batch  220 loss=  -0.371 pol= -0.634 vL= 0.206 kl= 0.12 H=  6.53 adv=+0.000 r̄=-0.169 succ=25.2% >exp= 0.0% el=37m57s eta=15m57s
  ep  3840/5000 batch  240 loss=   0.089 pol= -3.338 vL= 0.066 kl= 0.10 H= 11.20 adv=-0.000 r̄=-0.178 succ=24.9% >exp= 0.0% el=41m07s eta=12m25s
  ep  4160/5000 batch  260 loss=  -0.002 pol= -1.023 vL= 0.300 kl= 0.06 H=  9.16 adv=+0.000 r̄=-0.197 succ=24.8% >exp= 0.0% el=44m08s eta= 8m54s
  ep  4480/5000 batch  280 loss=  -0.211 pol=  0.090 vL= 0.261 kl= 0.13 H=  6.60 adv=-0.000 r̄=-0.231 succ=24.9% >exp= 0.0% el=47m14s eta= 5m29s
  ep  4800/5000 batch  300 loss=  -0.094 pol= -2.472 vL= 0.139 kl= 0.08 H= 11.94 adv=-0.000 r̄=-0.274 succ=24.7% >exp= 0.0% el=50m18s eta= 2m05s
  >>> Epoch 81/180 DONE: succ=24.7% (1236/5000) mean_loss=-0.0960 mean_reward=-0.250 mean_KL=0.128 mean_H=10.55 epoch_time=52m12s

=== Epoch 82/180 — resetting substrate ===
  ep   128/5000 batch  320 loss=  -1.567 pol=  0.814 vL= 0.135 kl= 0.18 H= 11.47 adv=+0.000 r̄=-0.394 succ=24.9% >exp= 0.0% el=53m29s eta=33h55m
  ep   448/5000 batch  340 loss=   0.277 pol=  1.029 vL= 0.106 kl= 0.24 H=  7.18 adv=+0.000 r̄=-0.365 succ=24.9% >exp= 0.0% el=56m18s eta=9h32m
  ep   768/5000 batch  360 loss=   0.318 pol= -0.009 vL= 0.108 kl= 0.20 H= 10.38 adv=+0.000 r̄=-0.386 succ=24.7% >exp= 0.0% el=59m16s eta=5h26m
  ep  1088/5000 batch  380 loss=  -0.369 pol= -0.970 vL= 0.214 kl= 0.12 H=  6.26 adv=-0.000 r̄=-0.179 succ=24.5% >exp= 0.0% el=1h02m eta=3h43m
  ep  1408/5000 batch  400 loss=   0.737 pol= -0.886 vL= 0.173 kl= 0.24 H= 11.58 adv=+0.000 r̄=-0.368 succ=24.5% >exp= 0.0% el=1h05m eta=2h46m
  ep  1728/5000 batch  420 loss=   0.208 pol=  1.553 vL= 0.255 kl= 0.38 H= 10.06 adv=-0.000 r̄=-0.210 succ=24.5% >exp= 0.0% el=1h08m eta=2h09m
  ep  2048/5000 batch  440 loss=   0.152 pol= -0.231 vL= 0.165 kl= 0.21 H=  6.17 adv=+0.000 r̄=-0.266 succ=24.4% >exp= 0.0% el=1h11m eta=1h42m
  ep  2368/5000 batch  460 loss=  -1.421 pol= -1.258 vL= 0.162 kl= 0.11 H= 11.59 adv=-0.000 r̄=-0.285 succ=24.4% >exp= 0.0% el=1h13m eta=1h22m
  ep  2688/5000 batch  480 loss=  -0.598 pol= -2.649 vL= 0.142 kl= 0.14 H= 10.11 adv=+0.000 r̄=-0.201 succ=24.4% >exp= 0.0% el=1h16m eta=1h06m
  ep  3008/5000 batch  500 loss=  -1.825 pol=  0.395 vL= 0.145 kl= 0.65 H= 10.66 adv=-0.000 r̄=-0.257 succ=24.5% >exp= 0.0% el=1h19m eta=52m46s
  ep  3328/5000 batch  520 loss=   0.655 pol=  3.838 vL= 0.321 kl= 0.17 H= 11.00 adv=+0.000 r̄=-0.498 succ=24.6% >exp= 0.0% el=1h22m eta=41m25s
  ep  3648/5000 batch  540 loss=   0.665 pol= -3.816 vL= 0.214 kl= 0.16 H= 11.46 adv=-0.000 r̄=-0.185 succ=24.7% >exp= 0.0% el=1h25m eta=31m34s
  ep  3968/5000 batch  560 loss=  -0.673 pol= -1.167 vL= 0.260 kl= 0.57 H=  8.44 adv=+0.000 r̄=-0.020 succ=24.7% >exp= 0.0% el=1h27m eta=22m47s
  ep  4288/5000 batch  580 loss=   0.789 pol= -0.613 vL= 0.064 kl= 0.10 H= 11.92 adv=-0.000 r̄=-0.395 succ=24.6% >exp= 0.0% el=1h30m eta=14m58s
  ep  4608/5000 batch  600 loss=   0.354 pol=  1.103 vL= 0.123 kl= 0.10 H= 13.01 adv=-0.000 r̄=-0.388 succ=24.7% >exp= 0.0% el=1h32m eta= 7m53s
  ep  4928/5000 batch  620 loss=  -1.143 pol=  0.364 vL= 0.255 kl= 0.19 H= 11.60 adv=+0.000 r̄=-0.237 succ=24.6% >exp= 0.0% el=1h35m eta= 1m23s
  >>> Epoch 82/180 DONE: succ=24.6% (1228/5000) mean_loss=-0.1481 mean_reward=-0.251 mean_KL=0.226 mean_H=10.30 epoch_time=43m25s

=== Epoch 83/180 — resetting substrate ===
  ep   256/5000 batch  640 loss=   0.504 pol= -2.430 vL= 0.095 kl= 0.19 H= 13.05 adv=-0.000 r̄=-0.316 succ=24.8% >exp= 0.0% el=1h37m eta=30h14m
  ep   576/5000 batch  660 loss=   0.551 pol=  0.663 vL= 0.134 kl= 0.14 H=  9.78 adv=+0.000 r̄=-0.332 succ=24.7% >exp= 0.0% el=1h40m eta=12h50m
  ep   896/5000 batch  680 loss=  -1.166 pol= -3.979 vL= 0.200 kl= 0.14 H= 12.25 adv=+0.000 r̄=-0.176 succ=24.7% >exp= 0.0% el=1h42m eta=7h50m
  ep  1216/5000 batch  700 loss=   0.118 pol=  1.993 vL= 0.148 kl= 0.14 H= 10.53 adv=-0.000 r̄=-0.427 succ=24.6% >exp= 0.0% el=1h45m eta=5h29m
  ep  1536/5000 batch  720 loss=   0.883 pol=  3.540 vL= 0.118 kl= 0.08 H= 11.74 adv=+0.000 r̄=-0.367 succ=24.7% >exp= 0.0% el=1h48m eta=4h04m
  ep  1856/5000 batch  740 loss=  -0.697 pol= -0.108 vL= 0.152 kl= 0.25 H= 12.27 adv=-0.000 r̄=-0.129 succ=24.8% >exp= 0.0% el=1h51m eta=3h08m
  ep  2176/5000 batch  760 loss=   0.002 pol=  2.096 vL= 0.104 kl= 0.16 H= 12.17 adv=+0.000 r̄=-0.357 succ=24.8% >exp= 0.0% el=1h54m eta=2h28m
  ep  2496/5000 batch  780 loss=   1.372 pol= -1.655 vL= 0.302 kl= 0.30 H=  8.44 adv=-0.000 r̄=-0.129 succ=24.9% >exp= 0.0% el=1h56m eta=1h57m
  ep  2816/5000 batch  800 loss=  -0.117 pol= -1.970 vL= 0.242 kl= 0.39 H= 10.29 adv=-0.000 r̄=-0.204 succ=25.0% >exp= 0.0% el=2h00m eta=1h33m
  ep  3136/5000 batch  820 loss=  -0.125 pol=  1.079 vL= 0.158 kl= 0.51 H=  9.08 adv=+0.000 r̄=-0.301 succ=25.0% >exp= 0.0% el=2h02m eta=1h13m
  ep  3456/5000 batch  840 loss=   0.664 pol=  0.121 vL= 0.059 kl= 0.14 H= 14.81 adv=+0.000 r̄=-0.355 succ=25.0% >exp= 0.0% el=2h05m eta=56m11s
  ep  3776/5000 batch  860 loss=   1.151 pol= -0.472 vL= 0.272 kl= 0.26 H= 11.04 adv=-0.000 r̄=-0.274 succ=25.0% >exp= 0.0% el=2h08m eta=41m39s
  ep  4096/5000 batch  880 loss=  -0.805 pol=  1.454 vL= 0.254 kl= 0.14 H= 11.03 adv=+0.000 r̄=-0.409 succ=25.0% >exp= 0.0% el=2h11m eta=28m59s
  ep  4416/5000 batch  900 loss=   0.190 pol= -0.958 vL= 0.228 kl= 0.38 H=  7.82 adv=+0.000 r̄=-0.206 succ=25.0% >exp= 0.0% el=2h14m eta=17m44s
  ep  4736/5000 batch  920 loss=  -0.106 pol=  0.495 vL= 0.119 kl= 0.10 H= 11.71 adv=+0.000 r̄=-0.425 succ=25.0% >exp= 0.0% el=2h16m eta= 7m36s
  >>> Epoch 83/180 DONE: succ=25.7% (1284/5000) mean_loss= 0.1056 mean_reward=-0.241 mean_KL=0.226 mean_H=10.30 epoch_time=43m04s

=== Epoch 84/180 — resetting substrate ===
  ep    64/5000 batch  940 loss=  -0.983 pol= -1.753 vL= 0.264 kl= 0.09 H=  9.05 adv=+0.000 r̄=-0.085 succ=25.1% >exp= 0.0% el=2h19m eta=179h19m
  ep   384/5000 batch  960 loss=   0.031 pol= -1.877 vL= 0.107 kl= 0.18 H= 10.65 adv=-0.000 r̄=-0.330 succ=25.0% >exp= 0.0% el=2h22m eta=28h28m
  ep   704/5000 batch  980 loss=  -1.459 pol= -0.767 vL= 0.113 kl= 0.26 H= 11.69 adv=+0.000 r̄=-0.225 succ=24.9% >exp= 0.0% el=2h24m eta=14h44m
  ep  1024/5000 batch 1000 loss=  -0.231 pol=  2.510 vL= 0.234 kl= 0.12 H= 10.81 adv=+0.000 r̄=-0.314 succ=24.9% >exp= 0.0% el=2h27m eta=9h33m
  ep  1344/5000 batch 1020 loss=   0.695 pol= -0.573 vL= 0.263 kl= 0.16 H=  8.38 adv=+0.000 r̄=-0.195 succ=25.0% >exp= 0.0% el=2h30m eta=6h49m
  ep  1664/5000 batch 1040 loss=  -1.441 pol= -1.660 vL= 0.139 kl= 0.34 H= 10.37 adv=+0.000 r̄=-0.008 succ=25.0% >exp= 0.0% el=2h33m eta=5h08m
  ep  1984/5000 batch 1060 loss=   0.402 pol= -0.091 vL= 0.187 kl= 0.40 H= 11.81 adv=+0.000 r̄=-0.297 succ=24.9% >exp= 0.0% el=2h36m eta=3h58m
  ep  2304/5000 batch 1080 loss=  -1.140 pol= -2.317 vL= 0.145 kl= 0.14 H= 12.65 adv=-0.000 r̄=-0.173 succ=25.0% >exp= 0.0% el=2h39m eta=3h07m
  ep  2624/5000 batch 1100 loss=  -0.906 pol= -4.965 vL= 0.409 kl= 0.38 H= 12.11 adv=-0.000 r̄= 0.026 succ=24.9% >exp= 0.0% el=2h43m eta=2h27m
  ep  2944/5000 batch 1120 loss=  -0.625 pol=  0.527 vL= 0.110 kl= 0.38 H= 13.67 adv=-0.000 r̄=-0.346 succ=24.9% >exp= 0.0% el=2h46m eta=1h56m
  ep  3264/5000 batch 1140 loss=   0.416 pol= -1.150 vL= 0.050 kl= 0.25 H= 11.61 adv=-0.000 r̄=-0.247 succ=24.9% >exp= 0.0% el=2h49m eta=1h30m
  ep  3584/5000 batch 1160 loss=   0.525 pol= -3.312 vL= 0.185 kl= 0.14 H= 10.55 adv=-0.000 r̄=-0.023 succ=25.0% >exp= 0.0% el=2h52m eta=1h08m
  ep  3904/5000 batch 1180 loss=   0.252 pol= -1.287 vL= 0.392 kl= 0.31 H=  8.19 adv=-0.000 r̄= 0.059 succ=25.0% >exp= 0.0% el=2h56m eta=49m26s
  ep  4224/5000 batch 1200 loss=   0.953 pol=  0.112 vL= 0.124 kl= 0.23 H=  9.85 adv=+0.000 r̄=-0.073 succ=25.0% >exp= 0.0% el=2h58m eta=32m52s
  ep  4544/5000 batch 1220 loss=   0.770 pol= -1.939 vL= 0.140 kl= 0.16 H= 11.61 adv=+0.000 r̄=-0.196 succ=25.0% >exp= 0.0% el=3h03m eta=18m24s
  ep  4864/5000 batch 1240 loss=  -0.246 pol=  0.107 vL= 0.043 kl= 0.31 H= 11.33 adv=+0.000 r̄=-0.377 succ=24.9% >exp= 0.0% el=3h11m eta= 5m21s
  >>> Epoch 84/180 DONE: succ=24.7% (1237/5000) mean_loss=-0.1503 mean_reward=-0.250 mean_KL=0.254 mean_H=11.02 epoch_time=54m37s

=== Epoch 85/180 — resetting substrate ===
  ep   192/5000 batch 1260 loss=   0.406 pol=  8.088 vL= 0.328 kl= 0.09 H=  9.34 adv=-0.000 r̄=-0.521 succ=24.9% >exp= 0.0% el=3h16m eta=81h56m
  ep   512/5000 batch 1280 loss=  -0.253 pol= -0.215 vL= 0.089 kl= 0.21 H=  8.63 adv=+0.000 r̄=-0.335 succ=24.9% >exp= 0.0% el=3h19m eta=29h12m
  ep   832/5000 batch 1300 loss=   0.416 pol= -1.555 vL= 0.123 kl= 0.11 H= 12.20 adv=-0.000 r̄=-0.127 succ=24.9% >exp= 0.0% el=3h22m eta=16h56m
  ep  1152/5000 batch 1320 loss=  -0.871 pol= -4.079 vL= 0.096 kl= 0.23 H= 11.38 adv=-0.000 r̄=-0.250 succ=24.9% >exp= 0.0% el=3h25m eta=11h27m
  ep  1472/5000 batch 1340 loss=  -0.822 pol=  2.082 vL= 0.218 kl= 0.13 H= 10.14 adv=+0.000 r̄=-0.348 succ=24.9% >exp= 0.0% el=3h29m eta=8h21m
  ep  1792/5000 batch 1360 loss=   0.554 pol= -1.062 vL= 0.193 kl= 0.13 H=  9.55 adv=-0.000 r̄=-0.104 succ=24.9% >exp= 0.0% el=3h31m eta=6h17m
  ep  2112/5000 batch 1380 loss=  -0.755 pol= -3.348 vL= 0.256 kl= 0.17 H=  9.21 adv=-0.000 r̄=-0.089 succ=24.9% >exp= 0.0% el=3h33m eta=4h51m
  ep  2432/5000 batch 1400 loss=  -0.592 pol= -2.655 vL= 0.135 kl= 0.15 H= 14.78 adv=-0.000 r̄=-0.258 succ=24.8% >exp= 0.0% el=3h35m eta=3h47m
  ep  2752/5000 batch 1420 loss=  -0.441 pol=  0.504 vL= 0.291 kl= 0.22 H=  8.67 adv=+0.000 r̄=-0.174 succ=24.8% >exp= 0.0% el=3h37m eta=2h57m
  ep  3072/5000 batch 1440 loss=   0.142 pol= -1.247 vL= 0.142 kl= 0.10 H=  9.16 adv=-0.000 r̄=-0.082 succ=24.8% >exp= 0.0% el=3h39m eta=2h17m
  ep  3392/5000 batch 1460 loss=   1.581 pol= -0.597 vL= 0.268 kl= 0.35 H=  7.34 adv=-0.000 r̄=-0.071 succ=24.8% >exp= 0.0% el=3h41m eta=1h44m
  ep  3712/5000 batch 1480 loss=   0.800 pol=  4.157 vL= 0.467 kl= 0.30 H= 11.63 adv=+0.000 r̄=-0.394 succ=24.8% >exp= 0.0% el=3h43m eta=1h17m
  ep  4032/5000 batch 1500 loss=   0.317 pol=  3.897 vL= 0.087 kl= 0.33 H=  7.52 adv=+0.000 r̄=-0.441 succ=24.8% >exp= 0.0% el=3h45m eta=54m10s
  ep  4352/5000 batch 1520 loss=   0.145 pol=  5.377 vL= 0.076 kl= 0.25 H= 13.74 adv=+0.000 r̄=-0.449 succ=24.8% >exp= 0.0% el=3h47m eta=33m56s
  ep  4672/5000 batch 1540 loss=  -0.053 pol=  1.336 vL= 0.296 kl= 0.89 H=  6.44 adv=-0.000 r̄=-0.148 succ=24.8% >exp= 0.0% el=3h50m eta=16m11s
  ep  4992/5000 batch 1560 loss=  -1.596 pol= -2.082 vL= 0.166 kl= 0.20 H= 11.48 adv=-0.000 r̄=-0.356 succ=24.8% >exp= 0.0% el=3h53m eta=  22s
  >>> Epoch 85/180 DONE: succ=24.2% (1210/5000) mean_loss=-0.0577 mean_reward=-0.256 mean_KL=0.239 mean_H=10.69 epoch_time=40m18s

=== Epoch 86/180 — resetting substrate ===
  ep   320/5000 batch 1580 loss=   0.071 pol= -1.034 vL= 0.266 kl= 0.45 H= 10.50 adv=+0.000 r̄=-0.113 succ=24.8% >exp= 0.0% el=3h56m eta=57h33m
  ep   640/5000 batch 1600 loss=  -0.067 pol= -0.727 vL= 0.211 kl= 0.37 H=  9.41 adv=-0.000 r̄=-0.203 succ=24.8% >exp= 0.0% el=3h58m eta=27h04m
  ep   960/5000 batch 1620 loss=  -0.024 pol= -1.030 vL= 0.119 kl= 0.27 H=  9.45 adv=+0.000 r̄=-0.152 succ=24.8% >exp= 0.0% el=4h00m eta=16h51m
  ep  1280/5000 batch 1640 loss=   0.237 pol=  1.762 vL= 0.082 kl= 0.21 H=  9.87 adv=-0.000 r̄=-0.377 succ=24.8% >exp= 0.0% el=4h02m eta=11h44m
  ep  1600/5000 batch 1660 loss=   0.291 pol=  1.142 vL= 0.098 kl= 0.09 H=  8.02 adv=+0.000 r̄=-0.411 succ=24.7% >exp= 0.0% el=4h04m eta=8h39m
  ep  1920/5000 batch 1680 loss=  -0.064 pol= -1.844 vL= 0.238 kl= 0.15 H=  7.95 adv=+0.000 r̄=-0.030 succ=24.8% >exp= 0.0% el=4h07m eta=6h36m
  ep  2240/5000 batch 1700 loss=  -0.777 pol= -3.954 vL= 0.175 kl= 0.37 H=  9.33 adv=+0.000 r̄=-0.050 succ=24.8% >exp= 0.0% el=4h09m eta=5h07m
  ep  2560/5000 batch 1720 loss=   0.011 pol= -4.173 vL= 0.212 kl= 0.21 H= 13.91 adv=-0.000 r̄=-0.187 succ=24.8% >exp= 0.0% el=4h11m eta=3h59m
  ep  2880/5000 batch 1740 loss=  -0.769 pol= -1.422 vL= 0.125 kl= 0.06 H= 11.01 adv=+0.000 r̄=-0.216 succ=24.8% >exp= 0.0% el=4h13m eta=3h06m
  ep  3200/5000 batch 1760 loss=   0.233 pol=  0.092 vL= 0.130 kl= 0.23 H= 12.24 adv=+0.000 r̄=-0.359 succ=24.7% >exp= 0.0% el=4h17m eta=2h24m
  ep  3520/5000 batch 1780 loss=   1.210 pol=  0.121 vL= 0.219 kl= 0.31 H=  5.69 adv=+0.000 r̄=-0.106 succ=24.7% >exp= 0.0% el=4h19m eta=1h48m
  ep  3840/5000 batch 1800 loss=  -0.592 pol= -2.538 vL= 0.124 kl= 0.19 H= 10.22 adv=-0.000 r̄=-0.259 succ=24.7% >exp= 0.0% el=4h21m eta=1h18m
  ep  4160/5000 batch 1820 loss=  -0.352 pol=  0.405 vL= 0.196 kl= 0.51 H=  9.60 adv=-0.000 r̄=-0.179 succ=24.7% >exp= 0.0% el=4h23m eta=53m09s
  ep  4480/5000 batch 1840 loss=   1.066 pol=  2.147 vL= 0.135 kl= 0.26 H=  7.78 adv=-0.000 r̄=-0.305 succ=24.7% >exp= 0.0% el=4h25m eta=30m47s
  ep  4800/5000 batch 1860 loss=  -0.571 pol=  1.570 vL= 0.069 kl= 0.07 H= 12.33 adv=-0.000 r̄=-0.473 succ=24.7% >exp= 0.0% el=4h27m eta=11m08s
  >>> Epoch 86/180 DONE: succ=24.3% (1215/5000) mean_loss=-0.0591 mean_reward=-0.254 mean_KL=0.253 mean_H=10.33 epoch_time=34m55s

=== Epoch 87/180 — resetting substrate ===
  ep   128/5000 batch 1880 loss=  -1.101 pol= -3.356 vL= 0.096 kl= 0.33 H= 12.23 adv=+0.000 r̄=-0.196 succ=24.7% >exp= 0.0% el=4h29m eta=170h51m
  ep   448/5000 batch 1900 loss=   1.572 pol=  2.056 vL= 0.173 kl= 0.47 H=  9.73 adv=-0.000 r̄=-0.414 succ=24.7% >exp= 0.0% el=4h31m eta=45h56m
  ep   768/5000 batch 1920 loss=  -0.416 pol= -0.632 vL= 0.197 kl= 0.73 H= 13.40 adv=+0.000 r̄=-0.312 succ=24.6% >exp= 0.0% el=4h33m eta=25h05m
  ep  1088/5000 batch 1940 loss=   0.054 pol= -0.442 vL= 0.157 kl= 0.59 H=  8.49 adv=+0.000 r̄=-0.118 succ=24.6% >exp= 0.0% el=4h35m eta=16h29m
  ep  1408/5000 batch 1960 loss=  -0.033 pol=  0.086 vL= 0.072 kl= 0.19 H= 12.14 adv=-0.000 r̄=-0.432 succ=24.6% >exp= 0.0% el=4h37m eta=11h47m
  ep  1728/5000 batch 1980 loss=  -0.101 pol= -3.436 vL= 0.130 kl= 0.13 H= 11.53 adv=+0.000 r̄=-0.063 succ=24.7% >exp= 0.0% el=4h39m eta=8h49m
  ep  2048/5000 batch 2000 loss=  -0.621 pol= -0.788 vL= 0.187 kl= 0.19 H=  9.27 adv=+0.000 r̄=-0.166 succ=24.7% >exp= 0.0% el=4h41m eta=6h46m
  ep  2368/5000 batch 2020 loss=  -1.166 pol= -2.032 vL= 0.315 kl= 0.36 H= 11.72 adv=-0.000 r̄=-0.137 succ=24.7% >exp= 0.0% el=4h43m eta=5h15m
  ep  2688/5000 batch 2040 loss=   1.233 pol= -1.216 vL= 0.160 kl= 0.11 H=  9.10 adv=+0.000 r̄=-0.206 succ=24.7% >exp= 0.0% el=4h45m eta=4h05m
  ep  3008/5000 batch 2060 loss=   0.096 pol=  1.694 vL= 0.117 kl= 0.18 H=  9.42 adv=+0.000 r̄=-0.255 succ=24.7% >exp= 0.0% el=4h47m eta=3h10m
  ep  3328/5000 batch 2080 loss=  -1.051 pol= -1.117 vL= 0.394 kl= 0.14 H= 11.46 adv=+0.000 r̄=-0.441 succ=24.7% >exp= 0.0% el=4h49m eta=2h25m
  ep  3648/5000 batch 2100 loss=   0.860 pol= -0.615 vL= 0.211 kl= 0.19 H= 11.77 adv=-0.000 r̄=-0.319 succ=24.7% >exp= 0.0% el=4h51m eta=1h48m
  ep  3968/5000 batch 2120 loss=   0.927 pol= -0.755 vL= 0.344 kl= 0.20 H=  6.72 adv=+0.000 r̄=-0.047 succ=24.7% >exp= 0.0% el=4h53m eta=1h16m
  ep  4288/5000 batch 2140 loss=  -0.524 pol= -1.421 vL= 0.046 kl= 0.16 H= 11.22 adv=+0.000 r̄=-0.394 succ=24.7% >exp= 0.0% el=4h55m eta=49m02s
  ep  4608/5000 batch 2160 loss=   0.814 pol= -0.863 vL= 0.088 kl= 0.27 H= 12.28 adv=+0.000 r̄=-0.327 succ=24.7% >exp= 0.0% el=4h57m eta=25m16s
  ep  4928/5000 batch 2180 loss=  -1.091 pol= -2.046 vL= 0.171 kl= 0.28 H= 11.75 adv=+0.000 r̄=-0.317 succ=24.7% >exp= 0.0% el=4h58m eta= 4m22s
  >>> Epoch 87/180 DONE: succ=24.7% (1235/5000) mean_loss= 0.0051 mean_reward=-0.250 mean_KL=0.256 mean_H=10.70 epoch_time=30m52s

=== Epoch 88/180 — resetting substrate ===
  ep   256/5000 batch 2200 loss=  -1.397 pol=  1.505 vL= 0.103 kl= 0.46 H= 15.24 adv=+0.000 r̄=-0.466 succ=24.7% >exp= 0.0% el=5h00m eta=92h57m
  ep   576/5000 batch 2220 loss=  -0.458 pol=  2.373 vL= 0.098 kl= 0.19 H= 10.59 adv=+0.000 r̄=-0.365 succ=24.7% >exp= 0.0% el=5h02m eta=38h47m
  ep   896/5000 batch 2240 loss=   1.666 pol=  2.837 vL= 0.186 kl= 0.12 H= 12.28 adv=+0.000 r̄=-0.436 succ=24.7% >exp= 0.0% el=5h04m eta=23h16m
  ep  1216/5000 batch 2260 loss=  -0.237 pol= -1.342 vL= 0.079 kl= 0.12 H= 10.19 adv=+0.000 r̄=-0.288 succ=24.7% >exp= 0.0% el=5h06m eta=15h54m
  ep  1536/5000 batch 2280 loss=   0.375 pol= -0.578 vL= 0.197 kl= 0.14 H= 10.11 adv=+0.000 r̄=-0.329 succ=24.7% >exp= 0.0% el=5h08m eta=11h35m
  ep  1856/5000 batch 2300 loss=  -0.277 pol= -3.204 vL= 0.096 kl= 0.12 H= 11.97 adv=+0.000 r̄=-0.043 succ=24.7% >exp= 0.0% el=5h10m eta=8h45m
  ep  2176/5000 batch 2320 loss=   0.602 pol=  5.298 vL= 0.064 kl= 0.15 H= 11.62 adv=+0.000 r̄=-0.433 succ=24.7% >exp= 0.0% el=5h12m eta=6h45m
  ep  2496/5000 batch 2340 loss=  -0.076 pol=  0.808 vL= 0.228 kl= 0.15 H=  9.29 adv=+0.000 r̄=-0.455 succ=24.7% >exp= 0.0% el=5h14m eta=5h15m
  ep  2816/5000 batch 2360 loss=   0.111 pol= -0.166 vL= 0.180 kl= 0.09 H= 10.95 adv=+0.000 r̄=-0.307 succ=24.7% >exp= 0.0% el=5h16m eta=4h05m
  ep  3136/5000 batch 2380 loss=  -1.327 pol= -0.269 vL= 0.091 kl= 0.09 H=  9.72 adv=+0.000 r̄=-0.284 succ=24.7% >exp= 0.0% el=5h17m eta=3h08m
  ep  3456/5000 batch 2400 loss=  -0.076 pol=  5.421 vL= 0.073 kl= 0.11 H= 14.60 adv=+0.000 r̄=-0.500 succ=24.7% >exp= 0.0% el=5h19m eta=2h22m
  ep  3776/5000 batch 2420 loss=   0.238 pol= -2.974 vL= 0.108 kl= 0.10 H= 10.24 adv=+0.000 r̄=-0.199 succ=24.7% >exp= 0.0% el=5h21m eta=1h44m
  ep  4096/5000 batch 2440 loss=  -1.082 pol= -3.374 vL= 0.148 kl= 0.12 H= 10.31 adv=+0.000 r̄=-0.228 succ=24.7% >exp= 0.0% el=5h23m eta=1h11m
  ep  4416/5000 batch 2460 loss=  -1.287 pol= -0.677 vL= 0.156 kl= 0.33 H=  7.32 adv=+0.000 r̄=-0.208 succ=24.7% >exp= 0.0% el=5h24m eta=42m58s
  ep  4736/5000 batch 2480 loss=  -0.055 pol= -1.685 vL= 0.098 kl= 0.34 H= 12.02 adv=-0.000 r̄=-0.314 succ=24.7% >exp= 0.0% el=5h26m eta=18m12s
  >>> Epoch 88/180 DONE: succ=24.6% (1228/5000) mean_loss=-0.1956 mean_reward=-0.252 mean_KL=0.202 mean_H=10.23 epoch_time=28m34s

=== Epoch 89/180 — resetting substrate ===
  ep    64/5000 batch 2500 loss=  -0.133 pol= -1.870 vL= 0.208 kl= 0.25 H=  8.52 adv=-0.000 r̄=-0.038 succ=24.7% >exp= 0.0% el=5h28m eta=422h15m
  ep   384/5000 batch 2520 loss=   0.322 pol= -2.678 vL= 0.169 kl= 0.44 H=  9.56 adv=-0.000 r̄=-0.181 succ=24.7% >exp= 0.0% el=5h30m eta=66h10m
  ep   704/5000 batch 2540 loss=   0.095 pol=  0.978 vL= 0.099 kl= 0.27 H= 12.57 adv=+0.000 r̄=-0.230 succ=24.7% >exp= 0.0% el=5h32m eta=33h46m
  ep  1024/5000 batch 2560 loss=   1.154 pol=  2.376 vL= 0.282 kl= 0.15 H= 10.76 adv=+0.000 r̄=-0.328 succ=24.7% >exp= 0.0% el=5h33m eta=21h36m
  ep  1344/5000 batch 2580 loss=   0.253 pol=  0.272 vL= 0.211 kl= 0.26 H=  7.05 adv=+0.000 r̄=-0.207 succ=24.7% >exp= 0.0% el=5h35m eta=15h13m
  ep  1664/5000 batch 2600 loss=   0.196 pol= -0.323 vL= 0.168 kl= 0.11 H=  8.95 adv=-0.000 r̄=-0.102 succ=24.7% >exp= 0.0% el=5h37m eta=11h17m
  ep  1984/5000 batch 2620 loss=  -0.438 pol= -3.628 vL= 0.044 kl= 0.12 H= 11.37 adv=+0.000 r̄=-0.168 succ=24.7% >exp= 0.0% el=5h39m eta=8h36m
  ep  2304/5000 batch 2640 loss=   0.871 pol=  1.002 vL= 0.111 kl= 0.08 H= 12.35 adv=+0.000 r̄=-0.166 succ=24.7% >exp= 0.0% el=5h41m eta=6h39m
  ep  2624/5000 batch 2660 loss=   0.138 pol= -1.724 vL= 0.226 kl= 0.10 H= 11.85 adv=-0.000 r̄=-0.128 succ=24.7% >exp= 0.0% el=5h43m eta=5h10m
  ep  2944/5000 batch 2680 loss=  -1.830 pol=  2.017 vL= 0.100 kl= 0.11 H= 13.16 adv=-0.000 r̄=-0.434 succ=24.7% >exp= 0.0% el=5h44m eta=4h00m
  ep  3264/5000 batch 2700 loss=   0.883 pol=  1.466 vL= 0.044 kl= 0.07 H= 10.13 adv=+0.000 r̄=-0.330 succ=24.7% >exp= 0.0% el=5h46m eta=3h04m
  ep  3584/5000 batch 2720 loss=   0.816 pol= -2.828 vL= 0.232 kl= 0.08 H= 10.25 adv=+0.000 r̄=-0.133 succ=24.7% >exp= 0.0% el=5h48m eta=2h17m
  ep  3904/5000 batch 2740 loss=  -0.949 pol= -2.874 vL= 0.292 kl= 0.12 H=  7.23 adv=+0.000 r̄= 0.142 succ=24.7% >exp= 0.0% el=5h50m eta=1h38m
  ep  4224/5000 batch 2760 loss=  -0.098 pol= -0.205 vL= 0.183 kl= 0.13 H=  9.38 adv=+0.000 r̄=-0.057 succ=24.7% >exp= 0.0% el=5h51m eta=1h04m
  ep  4544/5000 batch 2780 loss=   0.587 pol= -1.574 vL= 0.209 kl= 0.31 H= 11.51 adv=-0.000 r̄=-0.126 succ=24.7% >exp= 0.0% el=5h53m eta=35m29s
  ep  4864/5000 batch 2800 loss=  -0.049 pol= -3.107 vL= 0.061 kl= 0.39 H= 11.94 adv=-0.000 r̄=-0.320 succ=24.7% >exp= 0.0% el=5h55m eta= 9m56s
  >>> Epoch 89/180 DONE: succ=25.1% (1257/5000) mean_loss= 0.0897 mean_reward=-0.246 mean_KL=0.197 mean_H=10.45 epoch_time=28m25s

=== Epoch 90/180 — resetting substrate ===
  ep   192/5000 batch 2820 loss=  -0.821 pol=  7.428 vL= 0.357 kl= 0.17 H=  9.94 adv=-0.000 r̄=-0.500 succ=24.8% >exp= 0.0% el=5h57m eta=149h15m
  ep   512/5000 batch 2840 loss=   1.342 pol=  1.586 vL= 0.371 kl= 0.15 H=  9.17 adv=+0.000 r̄=-0.416 succ=24.8% >exp= 0.0% el=5h59m eta=52h31m
  ep   832/5000 batch 2860 loss=   0.184 pol= -1.551 vL= 0.155 kl= 0.25 H= 11.30 adv=+0.000 r̄=-0.077 succ=24.8% >exp= 0.0% el=6h01m eta=30h10m
  ep  1152/5000 batch 2880 loss=  -0.113 pol= -2.163 vL= 0.113 kl= 0.19 H=  9.69 adv=+0.000 r̄=-0.250 succ=24.8% >exp= 0.0% el=6h03m eta=20h13m
  ep  1472/5000 batch 2900 loss=  -0.728 pol= -2.555 vL= 0.138 kl= 0.15 H= 10.17 adv=-0.000 r̄=-0.201 succ=24.8% >exp= 0.0% el=6h05m eta=14h34m
  ep  1792/5000 batch 2920 loss=   0.665 pol=  0.228 vL= 0.137 kl= 0.27 H=  9.43 adv=+0.000 r̄=-0.142 succ=24.8% >exp= 0.0% el=6h06m eta=10h56m
  ep  2112/5000 batch 2940 loss=   0.653 pol= -3.238 vL= 0.267 kl= 0.28 H=  8.66 adv=+0.000 r̄=-0.057 succ=24.8% >exp= 0.0% el=6h08m eta=8h24m
  ep  2432/5000 batch 2960 loss=   0.755 pol=  2.125 vL= 0.090 kl= 0.30 H= 13.96 adv=-0.000 r̄=-0.397 succ=24.7% >exp= 0.0% el=6h10m eta=6h31m
  ep  2752/5000 batch 2980 loss=   0.727 pol=  1.215 vL= 0.195 kl= 0.33 H=  7.06 adv=+0.000 r̄=-0.277 succ=24.7% >exp= 0.0% el=6h12m eta=5h04m
  ep  3072/5000 batch 3000 loss=  -0.900 pol= -0.788 vL= 0.206 kl= 0.24 H=  8.43 adv=-0.000 r̄=-0.158 succ=24.7% >exp= 0.0% el=6h13m eta=3h54m
  ep  3392/5000 batch 3020 loss=   0.320 pol=  1.612 vL= 0.205 kl= 0.21 H=  6.26 adv=-0.000 r̄=-0.399 succ=24.7% >exp= 0.0% el=6h15m eta=2h58m
  ep  3712/5000 batch 3040 loss=   0.135 pol= -0.286 vL= 0.134 kl= 0.40 H= 10.39 adv=+0.000 r̄=-0.202 succ=24.7% >exp= 0.0% el=6h17m eta=2h11m
  ep  4032/5000 batch 3060 loss=   0.170 pol=  0.201 vL= 0.094 kl= 0.51 H=  7.24 adv=+0.000 r̄=-0.266 succ=24.7% >exp= 0.0% el=6h19m eta=1h31m
  ep  4352/5000 batch 3080 loss=  -0.571 pol=  4.025 vL= 0.027 kl= 0.24 H= 12.84 adv=-0.000 r̄=-0.332 succ=24.7% >exp= 0.0% el=6h21m eta=56m45s
  ep  4672/5000 batch 3100 loss=  -0.196 pol= -0.631 vL= 0.179 kl= 0.62 H=  5.44 adv=-0.000 r̄=-0.005 succ=24.7% >exp= 0.0% el=6h22m eta=26m52s
  ep  4992/5000 batch 3120 loss=   0.592 pol=  3.736 vL= 0.167 kl= 0.17 H=  9.31 adv=-0.000 r̄=-0.468 succ=24.7% >exp= 0.0% el=6h24m eta=  37s
  >>> Epoch 90/180 DONE: succ=24.6% (1232/5000) mean_loss= 0.1668 mean_reward=-0.251 mean_KL=0.280 mean_H=10.05 epoch_time=28m17s

=== Epoch 91/180 — resetting substrate ===
  ep   320/5000 batch 3140 loss=   0.281 pol= -0.489 vL= 0.224 kl= 0.49 H=  7.87 adv=+0.000 r̄=-0.037 succ=24.8% >exp= 0.0% el=6h26m eta=94h16m
  ep   640/5000 batch 3160 loss=  -0.322 pol=  0.932 vL= 0.432 kl= 0.61 H=  7.35 adv=+0.000 r̄=-0.259 succ=24.8% >exp= 0.0% el=6h28m eta=44h07m
  ep   960/5000 batch 3180 loss=   0.215 pol= -4.283 vL= 0.148 kl= 0.28 H= 10.58 adv=+0.000 r̄=-0.038 succ=24.7% >exp= 0.0% el=6h30m eta=27h23m
  ep  1280/5000 batch 3200 loss=  -0.500 pol=  3.239 vL= 0.093 kl= 0.16 H= 10.72 adv=+0.000 r̄=-0.435 succ=24.7% >exp= 0.0% el=6h32m eta=19h00m
  ep  1600/5000 batch 3220 loss=  -0.222 pol=  3.301 vL= 0.100 kl= 0.18 H=  7.37 adv=+0.000 r̄=-0.438 succ=24.7% >exp= 0.0% el=6h34m eta=13h57m
  ep  1920/5000 batch 3240 loss=  -0.815 pol= -0.174 vL= 0.190 kl= 0.16 H=  8.51 adv=-0.000 r̄=-0.151 succ=24.7% >exp= 0.0% el=6h36m eta=10h35m
  ep  2240/5000 batch 3260 loss=  -0.676 pol=  1.924 vL= 0.142 kl= 0.22 H=  9.77 adv=+0.000 r̄=-0.317 succ=24.7% >exp= 0.0% el=6h37m eta=8h10m
  ep  2560/5000 batch 3280 loss=   0.196 pol= -4.082 vL= 0.132 kl= 0.11 H= 14.73 adv=+0.000 r̄=-0.210 succ=24.7% >exp= 0.0% el=6h39m eta=6h21m
  ep  2880/5000 batch 3300 loss=  -0.299 pol= -1.900 vL= 0.101 kl= 0.16 H= 11.63 adv=+0.000 r̄=-0.252 succ=24.7% >exp= 0.0% el=6h41m eta=4h55m
  ep  3200/5000 batch 3320 loss=  -0.355 pol=  0.431 vL= 0.164 kl= 0.17 H= 12.53 adv=-0.000 r̄=-0.335 succ=24.7% >exp= 0.0% el=6h43m eta=3h46m
  ep  3520/5000 batch 3340 loss=   1.117 pol=  0.149 vL= 0.127 kl= 0.31 H=  7.00 adv=-0.000 r̄=-0.224 succ=24.7% >exp= 0.0% el=6h45m eta=2h50m
  ep  3840/5000 batch 3360 loss=  -0.329 pol=  0.764 vL= 0.140 kl= 0.43 H= 11.12 adv=+0.000 r̄=-0.266 succ=24.7% >exp= 0.0% el=6h47m eta=2h02m
  ep  4160/5000 batch 3380 loss=   0.412 pol=  2.109 vL= 0.218 kl= 0.31 H=  9.62 adv=+0.000 r̄=-0.344 succ=24.7% >exp= 0.0% el=6h48m eta=1h22m
  ep  4480/5000 batch 3400 loss=   0.456 pol=  0.222 vL= 0.172 kl= 0.25 H=  7.78 adv=-0.000 r̄=-0.235 succ=24.7% >exp= 0.0% el=6h50m eta=47m37s
  ep  4800/5000 batch 3420 loss=  -0.186 pol= -0.699 vL= 0.095 kl= 0.12 H= 12.28 adv=+0.000 r̄=-0.324 succ=24.7% >exp= 0.0% el=6h52m eta=17m10s
  >>> Epoch 91/180 DONE: succ=24.9% (1246/5000) mean_loss=-0.1236 mean_reward=-0.248 mean_KL=0.233 mean_H=10.55 epoch_time=28m33s

=== Epoch 92/180 — resetting substrate ===
  ep   128/5000 batch 3440 loss=  -0.600 pol=  0.545 vL= 0.155 kl= 0.18 H= 11.11 adv=-0.000 r̄=-0.280 succ=24.7% >exp= 0.0% el=6h53m eta=262h37m
  ep   448/5000 batch 3460 loss=   0.033 pol= -0.516 vL= 0.355 kl= 0.26 H=  9.25 adv=-0.000 r̄=-0.119 succ=24.7% >exp= 0.0% el=6h55m eta=70h25m
  ep   768/5000 batch 3480 loss=  -0.104 pol= -0.469 vL= 0.046 kl= 0.20 H= 11.75 adv=+0.000 r̄=-0.263 succ=24.7% >exp= 0.0% el=6h57m eta=38h21m
  ep  1088/5000 batch 3500 loss=   0.553 pol=  0.988 vL= 0.131 kl= 0.24 H=  7.60 adv=-0.000 r̄=-0.195 succ=24.8% >exp= 0.0% el=6h59m eta=25h07m
  ep  1408/5000 batch 3520 loss=   0.558 pol=  5.510 vL= 0.038 kl= 0.31 H= 13.80 adv=+0.000 r̄=-0.501 succ=24.7% >exp= 0.0% el=7h01m eta=17h54m
  ep  1728/5000 batch 3540 loss=   0.592 pol=  1.992 vL= 0.127 kl= 0.21 H= 12.21 adv=-0.000 r̄=-0.356 succ=24.7% >exp= 0.0% el=7h02m eta=13h20m
  ep  2048/5000 batch 3560 loss=  -0.569 pol=  0.810 vL= 0.184 kl= 0.76 H= 10.11 adv=+0.000 r̄=-0.311 succ=24.7% >exp= 0.0% el=7h04m eta=10h12m
  ep  2368/5000 batch 3580 loss=  -0.345 pol=  3.482 vL= 0.181 kl= 0.11 H= 11.53 adv=-0.000 r̄=-0.359 succ=24.7% >exp= 0.0% el=7h06m eta=7h54m
  ep  2688/5000 batch 3600 loss=   0.403 pol= -3.961 vL= 0.372 kl= 0.23 H=  8.92 adv=-0.000 r̄= 0.011 succ=24.7% >exp= 0.0% el=7h08m eta=6h08m
  ep  3008/5000 batch 3620 loss=  -0.110 pol=  2.412 vL= 0.126 kl= 0.24 H=  9.27 adv=+0.000 r̄=-0.362 succ=24.7% >exp= 0.0% el=7h10m eta=4h44m
  ep  3328/5000 batch 3640 loss=  -1.189 pol=  0.935 vL= 0.024 kl= 0.13 H= 10.96 adv=-0.000 r̄=-0.346 succ=24.7% >exp= 0.0% el=7h11m eta=3h37m
  ep  3648/5000 batch 3660 loss=   1.296 pol=  2.533 vL= 0.150 kl= 0.23 H= 11.62 adv=+0.000 r̄=-0.339 succ=24.7% >exp= 0.0% el=7h13m eta=2h40m
  ep  3968/5000 batch 3680 loss=   0.792 pol= -2.381 vL= 0.427 kl= 0.31 H=  6.70 adv=+0.000 r̄= 0.131 succ=24.7% >exp= 0.0% el=7h15m eta=1h53m
  ep  4288/5000 batch 3700 loss=   0.216 pol=  3.319 vL= 0.017 kl= 0.08 H= 12.04 adv=-0.000 r̄=-0.470 succ=24.7% >exp= 0.0% el=7h17m eta=1h12m
  ep  4608/5000 batch 3720 loss=  -0.349 pol=  1.415 vL= 0.091 kl= 0.14 H= 13.57 adv=-0.000 r̄=-0.438 succ=24.7% >exp= 0.0% el=7h19m eta=37m21s
  ep  4928/5000 batch 3740 loss=  -0.547 pol= -1.154 vL= 0.149 kl= 0.24 H= 12.32 adv=-0.000 r̄=-0.149 succ=24.7% >exp= 0.0% el=7h21m eta= 6m26s
  >>> Epoch 92/180 DONE: succ=24.2% (1211/5000) mean_loss= 0.0809 mean_reward=-0.256 mean_KL=0.221 mean_H=10.85 epoch_time=28m19s

=== Epoch 93/180 — resetting substrate ===
  ep   256/5000 batch 3760 loss=  -0.746 pol=  4.009 vL= 0.023 kl= 0.15 H= 14.47 adv=+0.000 r̄=-0.423 succ=24.7% >exp= 0.0% el=7h23m eta=136h49m
  ep   576/5000 batch 3780 loss=   1.555 pol=  4.068 vL= 0.168 kl= 0.18 H= 10.45 adv=-0.000 r̄=-0.421 succ=24.7% >exp= 0.0% el=7h24m eta=56h57m
  ep   896/5000 batch 3800 loss=  -0.227 pol= -4.119 vL= 0.662 kl= 0.17 H= 12.58 adv=-0.000 r̄=-0.409 succ=24.7% >exp= 0.0% el=7h26m eta=34h06m
  ep  1216/5000 batch 3820 loss=   0.273 pol=  1.421 vL= 0.116 kl= 0.24 H= 11.03 adv=+0.000 r̄=-0.327 succ=24.7% >exp= 0.0% el=7h28m eta=23h15m
  ep  1536/5000 batch 3840 loss=   0.247 pol=  0.976 vL= 0.125 kl= 0.24 H= 12.00 adv=-0.000 r̄=-0.303 succ=24.7% >exp= 0.0% el=7h30m eta=16h55m
  ep  1856/5000 batch 3860 loss=  -1.032 pol= -6.593 vL= 0.097 kl= 0.09 H= 12.50 adv=+0.000 r̄= 0.014 succ=24.7% >exp= 0.0% el=7h32m eta=12h46m
  ep  2176/5000 batch 3880 loss=  -0.874 pol= -0.531 vL= 0.205 kl= 0.21 H= 12.88 adv=+0.000 r̄=-0.224 succ=24.7% >exp= 0.0% el=7h34m eta=9h49m
  ep  2496/5000 batch 3900 loss=   0.219 pol=  2.549 vL= 0.120 kl= 0.14 H= 10.96 adv=+0.000 r̄=-0.336 succ=24.7% >exp= 0.0% el=7h36m eta=7h37m
  ep  2816/5000 batch 3920 loss=   1.138 pol= -1.194 vL= 0.107 kl= 0.07 H= 11.27 adv=+0.000 r̄=-0.272 succ=24.7% >exp= 0.0% el=7h37m eta=5h55m
  ep  3136/5000 batch 3940 loss=   0.464 pol=  0.077 vL= 0.173 kl= 0.08 H=  9.46 adv=+0.000 r̄=-0.257 succ=24.7% >exp= 0.0% el=7h39m eta=4h33m
  ep  3456/5000 batch 3960 loss=  -0.029 pol=  1.355 vL= 0.132 kl= 0.12 H= 14.52 adv=+0.000 r̄=-0.448 succ=24.7% >exp= 0.0% el=7h41m eta=3h26m
  ep  3776/5000 batch 3980 loss=  -0.531 pol= -3.589 vL= 0.314 kl= 0.11 H= 10.96 adv=+0.000 r̄=-0.082 succ=24.7% >exp= 0.0% el=7h43m eta=2h30m
  ep  4096/5000 batch 4000 loss=   0.049 pol=  0.361 vL= 0.168 kl= 0.17 H= 10.97 adv=+0.000 r̄=-0.264 succ=24.7% >exp= 0.0% el=7h45m eta=1h42m
  ep  4416/5000 batch 4020 loss=  -0.096 pol=  1.471 vL= 0.160 kl= 0.31 H=  7.81 adv=-0.000 r̄=-0.337 succ=24.7% >exp= 0.0% el=7h47m eta=1h01m
  ep  4736/5000 batch 4040 loss=   1.160 pol=  6.364 vL= 0.078 kl= 0.12 H= 10.32 adv=-0.000 r̄=-0.500 succ=24.7% >exp= 0.0% el=7h49m eta=26m09s
  >>> Epoch 93/180 DONE: succ=24.5% (1224/5000) mean_loss= 0.1171 mean_reward=-0.245 mean_KL=0.179 mean_H=10.70 epoch_time=29m22s

=== Epoch 94/180 — resetting substrate ===
  ep    64/5000 batch 4060 loss=  -0.284 pol= -3.350 vL= 0.297 kl= 0.08 H=  8.75 adv=+0.000 r̄=-0.124 succ=24.7% >exp= 0.0% el=7h51m eta=606h01m
  ep   384/5000 batch 4080 loss=  -0.649 pol= -1.119 vL= 0.178 kl= 0.23 H=  8.96 adv=-0.000 r̄=-0.228 succ=24.7% >exp= 0.0% el=7h53m eta=94h50m
  ep   704/5000 batch 4100 loss=   0.481 pol= -0.169 vL= 0.174 kl= 0.47 H= 11.87 adv=-0.000 r̄=-0.194 succ=24.7% >exp= 0.0% el=7h55m eta=48h21m
  ep  1024/5000 batch 4120 loss=   0.354 pol=  1.130 vL= 0.109 kl= 0.25 H= 10.81 adv=-0.000 r̄=-0.278 succ=24.7% >exp= 0.0% el=7h57m eta=30h52m
  ep  1344/5000 batch 4140 loss=   0.363 pol= -0.953 vL= 0.213 kl= 0.40 H=  7.61 adv=-0.000 r̄=-0.008 succ=24.7% >exp= 0.0% el=7h59m eta=21h43m
  ep  1664/5000 batch 4160 loss=   1.322 pol= -0.304 vL= 0.187 kl= 0.44 H=  9.41 adv=+0.000 r̄=-0.156 succ=24.7% >exp= 0.0% el=8h00m eta=16h04m
  ep  1984/5000 batch 4180 loss=   0.606 pol= -0.781 vL= 0.097 kl= 0.27 H= 10.01 adv=+0.000 r̄=-0.341 succ=24.6% >exp= 0.0% el=8h02m eta=12h14m
  ep  2304/5000 batch 4200 loss=  -0.391 pol= -1.427 vL= 0.212 kl= 0.07 H= 12.05 adv=+0.000 r̄=-0.145 succ=24.6% >exp= 0.0% el=8h04m eta=9h27m
  ep  2624/5000 batch 4220 loss=   1.173 pol= -0.170 vL= 0.211 kl= 0.20 H= 11.36 adv=-0.000 r̄=-0.129 succ=24.6% >exp= 0.0% el=8h06m eta=7h20m
  ep  2944/5000 batch 4240 loss=  -1.281 pol=  6.620 vL= 0.109 kl= 0.14 H= 11.87 adv=+0.000 r̄=-0.504 succ=24.6% >exp= 0.0% el=8h08m eta=5h41m
  ep  3264/5000 batch 4260 loss=   0.113 pol=  2.982 vL= 0.058 kl= 0.07 H= 10.21 adv=-0.000 r̄=-0.395 succ=24.6% >exp= 0.0% el=8h10m eta=4h20m
  ep  3584/5000 batch 4280 loss=  -0.199 pol= -3.590 vL= 0.333 kl= 0.11 H= 10.56 adv=-0.000 r̄=-0.031 succ=24.7% >exp= 0.0% el=8h12m eta=3h14m
  ep  3904/5000 batch 4300 loss=  -0.169 pol=  1.772 vL= 0.385 kl= 0.35 H=  7.70 adv=+0.000 r̄=-0.206 succ=24.7% >exp= 0.0% el=8h14m eta=2h18m
  ep  4224/5000 batch 4320 loss=   0.242 pol=  0.614 vL= 0.138 kl= 0.39 H=  9.36 adv=+0.000 r̄=-0.162 succ=24.7% >exp= 0.0% el=8h16m eta=1h31m
  ep  4544/5000 batch 4340 loss=   0.662 pol= -1.217 vL= 0.320 kl= 0.57 H= 10.43 adv=+0.000 r̄=-0.226 succ=24.7% >exp= 0.0% el=8h17m eta=49m58s
  ep  4864/5000 batch 4360 loss=   0.856 pol= -1.165 vL= 0.098 kl= 0.25 H=  9.10 adv=+0.000 r̄=-0.291 succ=24.6% >exp= 0.0% el=8h19m eta=13m58s
  >>> Epoch 94/180 DONE: succ=24.1% (1206/5000) mean_loss= 0.2358 mean_reward=-0.256 mean_KL=0.274 mean_H=10.10 epoch_time=29m44s

=== Epoch 95/180 — resetting substrate ===
  ep   192/5000 batch 4380 loss=   0.588 pol=  6.716 vL= 0.128 kl= 0.11 H=  9.36 adv=+0.000 r̄=-0.500 succ=24.6% >exp= 0.0% el=8h21m eta=209h26m
  ep   512/5000 batch 4400 loss=  -0.130 pol=  0.310 vL= 0.075 kl= 0.24 H=  8.12 adv=-0.000 r̄=-0.372 succ=24.6% >exp= 0.0% el=8h23m eta=73h36m
  ep   832/5000 batch 4420 loss=   0.041 pol=  3.634 vL= 0.212 kl= 0.23 H= 11.77 adv=-0.000 r̄=-0.140 succ=24.6% >exp= 0.0% el=8h25m eta=42h12m
  ep  1152/5000 batch 4440 loss=   0.303 pol= -2.029 vL= 0.116 kl= 0.11 H= 10.69 adv=+0.000 r̄=-0.285 succ=24.6% >exp= 0.0% el=8h27m eta=28h15m
  ep  1472/5000 batch 4460 loss=  -0.343 pol= -2.873 vL= 0.087 kl= 0.23 H= 10.49 adv=+0.000 r̄=-0.148 succ=24.6% >exp= 0.0% el=8h29m eta=20h21m
  ep  1792/5000 batch 4480 loss=   0.152 pol=  0.969 vL= 0.152 kl= 0.20 H=  9.55 adv=+0.000 r̄=-0.220 succ=24.6% >exp= 0.0% el=8h31m eta=15h15m
  ep  2112/5000 batch 4500 loss=   0.642 pol= -0.587 vL= 0.120 kl= 0.30 H=  9.56 adv=+0.000 r̄=-0.281 succ=24.6% >exp= 0.0% el=8h33m eta=11h42m
  ep  2432/5000 batch 4520 loss=   0.375 pol= -1.250 vL= 0.082 kl= 0.28 H= 15.16 adv=-0.000 r̄=-0.342 succ=24.6% >exp= 0.0% el=8h35m eta=9h04m
  ep  2752/5000 batch 4540 loss=  -1.041 pol=  1.309 vL= 0.525 kl= 0.25 H=  8.29 adv=-0.000 r̄=-0.451 succ=24.6% >exp= 0.0% el=8h37m eta=7h02m
  ep  3072/5000 batch 4560 loss=  -0.057 pol=  1.682 vL= 0.246 kl= 0.08 H=  8.27 adv=+0.000 r̄=-0.225 succ=24.6% >exp= 0.0% el=8h39m eta=5h25m
  ep  3392/5000 batch 4580 loss=   0.456 pol=  2.243 vL= 0.169 kl= 0.11 H=  6.60 adv=-0.000 r̄=-0.315 succ=24.6% >exp= 0.0% el=8h41m eta=4h07m
  ep  3712/5000 batch 4600 loss=   0.361 pol= -2.734 vL= 0.235 kl= 0.17 H= 11.22 adv=-0.000 r̄=-0.029 succ=24.6% >exp= 0.0% el=8h43m eta=3h01m
  ep  4032/5000 batch 4620 loss=   0.445 pol= -0.827 vL= 0.129 kl= 0.28 H=  7.14 adv=-0.000 r̄=-0.184 succ=24.6% >exp= 0.0% el=8h44m eta=2h05m
  ep  4352/5000 batch 4640 loss=  -2.123 pol=  3.099 vL= 0.037 kl= 0.28 H= 12.94 adv=+0.000 r̄=-0.391 succ=24.6% >exp= 0.0% el=8h46m eta=1h18m
  ep  4672/5000 batch 4660 loss=   0.682 pol=  1.631 vL= 0.449 kl= 0.51 H=  4.81 adv=-0.000 r̄=-0.329 succ=24.6% >exp= 0.0% el=8h48m eta=37m07s
  ep  4992/5000 batch 4680 loss=   0.074 pol= -1.750 vL= 0.166 kl= 0.16 H= 10.11 adv=-0.000 r̄=-0.352 succ=24.6% >exp= 0.0% el=8h50m eta=  51s
  >>> Epoch 95/180 DONE: succ=24.3% (1217/5000) mean_loss=-0.0028 mean_reward=-0.253 mean_KL=0.248 mean_H=10.24 epoch_time=29m59s

=== Epoch 96/180 — resetting substrate ===
  ep   320/5000 batch 4700 loss=  -0.318 pol= -0.709 vL= 0.174 kl= 0.29 H=  9.29 adv=+0.000 r̄= 0.081 succ=24.6% >exp= 0.0% el=8h52m eta=129h51m
  ep   640/5000 batch 4720 loss=   0.035 pol= -0.704 vL= 0.203 kl= 0.17 H=  7.51 adv=+0.000 r̄=-0.167 succ=24.6% >exp= 0.0% el=8h54m eta=60h42m
  ep   960/5000 batch 4740 loss=  -0.085 pol= -1.634 vL= 0.177 kl= 0.17 H= 10.14 adv=-0.000 r̄=-0.254 succ=24.6% >exp= 0.0% el=8h56m eta=37h38m
  ep  1280/5000 batch 4760 loss=  -0.177 pol=  3.245 vL= 0.101 kl= 0.16 H= 10.62 adv=+0.000 r̄=-0.364 succ=24.6% >exp= 0.0% el=8h58m eta=26h05m
  ep  1600/5000 batch 4780 loss=   0.640 pol=  0.581 vL= 0.351 kl= 0.34 H=  7.89 adv=+0.000 r̄=-0.308 succ=24.6% >exp= 0.0% el=9h00m eta=19h08m
  ep  1920/5000 batch 4800 loss=  -0.440 pol= -3.078 vL= 0.208 kl= 0.30 H=  7.29 adv=-0.000 r̄= 0.020 succ=24.6% >exp= 0.0% el=9h02m eta=14h30m
  ep  2240/5000 batch 4820 loss=   0.502 pol= -1.288 vL= 0.319 kl= 0.13 H=  8.78 adv=-0.000 r̄=-0.129 succ=24.6% >exp= 0.0% el=9h04m eta=11h10m
  ep  2560/5000 batch 4840 loss=  -0.351 pol= -5.207 vL= 0.166 kl= 0.08 H= 14.15 adv=-0.000 r̄=-0.199 succ=24.6% >exp= 0.0% el=9h06m eta=8h40m
  ep  2880/5000 batch 4860 loss=  -1.198 pol= -0.711 vL= 0.093 kl= 0.12 H= 11.50 adv=-0.000 r̄=-0.292 succ=24.6% >exp= 0.0% el=9h08m eta=6h43m
  ep  3200/5000 batch 4880 loss=   0.199 pol=  3.048 vL= 0.088 kl= 0.11 H= 11.60 adv=-0.000 r̄=-0.391 succ=24.6% >exp= 0.0% el=9h09m eta=5h09m
  ep  3520/5000 batch 4900 loss=   0.828 pol= -1.049 vL= 0.394 kl= 0.17 H=  5.33 adv=+0.000 r̄=-0.008 succ=24.6% >exp= 0.0% el=9h11m eta=3h52m
  ep  3840/5000 batch 4920 loss=  -0.358 pol=  2.945 vL= 0.216 kl= 0.21 H=  9.74 adv=+0.000 r̄=-0.362 succ=24.6% >exp= 0.0% el=9h13m eta=2h47m
  ep  4160/5000 batch 4940 loss=   1.161 pol=  2.262 vL= 0.233 kl= 0.24 H=  8.82 adv=+0.000 r̄=-0.360 succ=24.6% >exp= 0.0% el=9h15m eta=1h52m
  ep  4480/5000 batch 4960 loss=   0.336 pol=  0.882 vL= 0.252 kl= 0.42 H=  6.47 adv=+0.000 r̄=-0.289 succ=24.6% >exp= 0.0% el=9h17m eta=1h04m
  ep  4800/5000 batch 4980 loss=   0.042 pol=  0.381 vL= 0.091 kl= 0.16 H= 11.39 adv=+0.000 r̄=-0.397 succ=24.6% >exp= 0.0% el=9h19m eta=23m17s
  >>> Epoch 96/180 DONE: succ=24.9% (1243/5000) mean_loss= 0.0077 mean_reward=-0.248 mean_KL=0.247 mean_H=10.10 epoch_time=29m31s

=== Epoch 97/180 — resetting substrate ===
  ep   128/5000 batch 5000 loss=  -0.927 pol=  0.228 vL= 0.112 kl= 0.24 H= 11.06 adv=+0.000 r̄=-0.268 succ=24.6% >exp= 0.0% el=9h20m eta=355h50m
  ep   448/5000 batch 5020 loss=   0.228 pol=  0.687 vL= 0.216 kl= 0.48 H=  9.23 adv=-0.000 r̄=-0.351 succ=24.6% >exp= 0.0% el=9h22m eta=95h18m
  ep   768/5000 batch 5040 loss=   0.963 pol=  2.548 vL= 0.095 kl= 0.22 H= 11.00 adv=+0.000 r̄=-0.404 succ=24.6% >exp= 0.0% el=9h24m eta=51h51m
  ep  1088/5000 batch 5060 loss=   0.474 pol= -0.046 vL= 0.143 kl= 0.31 H=  6.87 adv=-0.000 r̄=-0.216 succ=24.6% >exp= 0.0% el=9h26m eta=33h56m
  ep  1408/5000 batch 5080 loss=  -1.138 pol= -0.704 vL= 0.103 kl= 0.23 H= 12.55 adv=-0.000 r̄=-0.456 succ=24.6% >exp= 0.0% el=9h28m eta=24h09m
  ep  1728/5000 batch 5100 loss=   0.351 pol= -0.361 vL= 0.081 kl= 0.37 H= 12.75 adv=-0.000 r̄=-0.171 succ=24.6% >exp= 0.0% el=9h30m eta=17h59m
  ep  2048/5000 batch 5120 loss=  -0.788 pol= -0.885 vL= 0.134 kl= 0.22 H=  8.24 adv=-0.000 r̄=-0.163 succ=24.6% >exp= 0.0% el=9h32m eta=13h44m
  ep  2368/5000 batch 5140 loss=  -0.217 pol=  1.839 vL= 0.288 kl= 0.17 H= 11.71 adv=+0.000 r̄=-0.327 succ=24.6% >exp= 0.0% el=9h34m eta=10h38m
  ep  2688/5000 batch 5160 loss=   0.714 pol= -1.601 vL= 0.250 kl= 0.19 H=  9.17 adv=+0.000 r̄=-0.244 succ=24.6% >exp= 0.0% el=9h36m eta=8h15m
  ep  3008/5000 batch 5180 loss=  -0.505 pol= -0.180 vL= 0.126 kl= 0.23 H=  8.89 adv=+0.000 r̄=-0.157 succ=24.6% >exp= 0.0% el=9h38m eta=6h22m
  ep  3328/5000 batch 5200 loss=   0.157 pol=  5.391 vL= 0.092 kl= 0.22 H= 11.52 adv=-0.000 r̄=-0.508 succ=24.6% >exp= 0.0% el=9h40m eta=4h51m
  ep  3648/5000 batch 5220 loss=  -0.051 pol= -0.494 vL= 0.228 kl= 0.07 H= 11.45 adv=-0.000 r̄=-0.326 succ=24.6% >exp= 0.0% el=9h42m eta=3h35m
  ep  3968/5000 batch 5240 loss=  -0.212 pol= -0.220 vL= 0.311 kl= 0.13 H=  8.22 adv=-0.000 r̄=-0.042 succ=24.6% >exp= 0.0% el=9h43m eta=2h31m
  ep  4288/5000 batch 5260 loss=   0.359 pol=  4.354 vL= 0.019 kl= 0.06 H= 11.60 adv=-0.000 r̄=-0.480 succ=24.6% >exp= 0.0% el=9h45m eta=1h37m
  ep  4608/5000 batch 5280 loss=  -0.277 pol= -4.201 vL= 0.188 kl= 0.13 H= 13.60 adv=+0.000 r̄=-0.222 succ=24.6% >exp= 0.0% el=9h47m eta=49m59s
  ep  4928/5000 batch 5300 loss=  -0.584 pol=  1.873 vL= 0.111 kl= 0.25 H= 11.84 adv=+0.000 r̄=-0.216 succ=24.6% >exp= 0.0% el=9h49m eta= 8m36s
  >>> Epoch 97/180 DONE: succ=24.6% (1230/5000) mean_loss=-0.0389 mean_reward=-0.251 mean_KL=0.238 mean_H=10.60 epoch_time=29m46s

=== Epoch 98/180 — resetting substrate ===
  ep   256/5000 batch 5320 loss=   0.610 pol= -0.932 vL= 0.312 kl= 0.16 H= 13.88 adv=+0.000 r̄=-0.584 succ=24.6% >exp= 0.0% el=9h51m eta=182h43m
  ep   576/5000 batch 5340 loss=  -0.272 pol= -0.592 vL= 0.073 kl= 0.19 H=  9.98 adv=+0.000 r̄=-0.241 succ=24.6% >exp= 0.0% el=9h53m eta=75h58m
  ep   896/5000 batch 5360 loss=   0.499 pol= -1.077 vL= 0.106 kl= 0.34 H= 13.12 adv=+0.000 r̄=-0.321 succ=24.6% >exp= 0.0% el=9h55m eta=45h27m
  ep  1216/5000 batch 5380 loss=  -0.252 pol=  4.795 vL= 0.115 kl= 0.36 H= 10.59 adv=+0.000 r̄=-0.523 succ=24.6% >exp= 0.0% el=9h57m eta=30h59m
  ep  1536/5000 batch 5400 loss=  -0.326 pol=  3.170 vL= 0.076 kl= 0.28 H= 11.18 adv=-0.000 r̄=-0.418 succ=24.6% >exp= 0.0% el=9h59m eta=22h32m
  ep  1856/5000 batch 5420 loss=  -0.314 pol= -4.653 vL= 0.187 kl= 0.27 H= 12.35 adv=-0.000 r̄=-0.058 succ=24.6% >exp= 0.0% el=10h01m eta=16h59m
  ep  2176/5000 batch 5440 loss=   0.024 pol=  4.966 vL= 0.131 kl= 0.12 H= 12.89 adv=-0.000 r̄=-0.500 succ=24.6% >exp= 0.0% el=10h03m eta=13h03m
  ep  2496/5000 batch 5460 loss=   0.265 pol=  1.819 vL= 0.299 kl= 0.34 H= 10.58 adv=-0.000 r̄=-0.336 succ=24.6% >exp= 0.0% el=10h05m eta=10h07m
  ep  2816/5000 batch 5480 loss=   1.442 pol= -0.097 vL= 0.136 kl= 0.17 H= 11.57 adv=+0.000 r̄=-0.267 succ=24.6% >exp= 0.0% el=10h07m eta=7h51m
  ep  3136/5000 batch 5500 loss=   0.413 pol=  0.018 vL= 0.219 kl= 0.34 H=  8.81 adv=-0.000 r̄=-0.232 succ=24.6% >exp= 0.0% el=10h09m eta=6h02m
  ep  3456/5000 batch 5520 loss=   0.225 pol=  1.690 vL= 0.085 kl= 0.28 H= 13.59 adv=+0.000 r̄=-0.393 succ=24.6% >exp= 0.0% el=10h11m eta=4h33m
  ep  3776/5000 batch 5540 loss=   0.854 pol=  1.305 vL= 0.237 kl= 0.50 H=  9.69 adv=+0.000 r̄=-0.373 succ=24.6% >exp= 0.0% el=10h13m eta=3h18m
  ep  4096/5000 batch 5560 loss=  -0.634 pol= -1.874 vL= 0.139 kl= 0.19 H=  9.87 adv=-0.000 r̄=-0.213 succ=24.6% >exp= 0.0% el=10h15m eta=2h15m
  ep  4416/5000 batch 5580 loss=  -0.302 pol=  1.009 vL= 0.223 kl= 0.25 H=  6.03 adv=-0.000 r̄=-0.301 succ=24.6% >exp= 0.0% el=10h17m eta=1h21m
  ep  4736/5000 batch 5600 loss=   0.815 pol=  0.184 vL= 0.093 kl= 0.25 H=  9.78 adv=-0.000 r̄=-0.355 succ=24.6% >exp= 0.0% el=10h19m eta=34m31s
  >>> Epoch 98/180 DONE: succ=24.2% (1210/5000) mean_loss= 0.1729 mean_reward=-0.256 mean_KL=0.268 mean_H=10.11 epoch_time=30m52s

=== Epoch 99/180 — resetting substrate ===
  ep    64/5000 batch 5620 loss=  -0.597 pol= -0.863 vL= 0.360 kl= 0.28 H=  7.50 adv=+0.000 r̄=-0.207 succ=24.6% >exp= 0.0% el=10h21m eta=798h47m
  ep   384/5000 batch 5640 loss=   0.539 pol=  1.074 vL= 0.104 kl= 0.15 H=  8.98 adv=+0.000 r̄=-0.324 succ=24.6% >exp= 0.0% el=10h23m eta=124h51m
  ep   704/5000 batch 5660 loss=  -0.997 pol= -4.104 vL= 0.152 kl= 0.24 H= 11.89 adv=+0.000 r̄=-0.118 succ=24.6% >exp= 0.0% el=10h25m eta=63h35m
  ep  1024/5000 batch 5680 loss=  -0.747 pol=  0.385 vL= 0.218 kl= 0.23 H= 10.91 adv=+0.000 r̄=-0.180 succ=24.6% >exp= 0.0% el=10h27m eta=40h34m
  ep  1344/5000 batch 5700 loss=   1.763 pol= -0.976 vL= 0.147 kl= 0.16 H=  8.02 adv=+0.000 r̄= 0.064 succ=24.6% >exp= 0.0% el=10h29m eta=28h31m
  ep  1664/5000 batch 5720 loss=  -0.161 pol= -0.962 vL= 0.129 kl= 0.20 H=  9.73 adv=+0.000 r̄=-0.143 succ=24.6% >exp= 0.0% el=10h30m eta=21h04m
  ep  1984/5000 batch 5740 loss=   0.616 pol=  0.502 vL= 0.146 kl= 0.11 H= 10.44 adv=+0.000 r̄=-0.299 succ=24.6% >exp= 0.0% el=10h32m eta=16h02m
  ep  2304/5000 batch 5760 loss=   0.077 pol=  2.669 vL= 0.168 kl= 0.11 H= 12.33 adv=+0.000 r̄=-0.280 succ=24.6% >exp= 0.0% el=10h34m eta=12h22m
  ep  2624/5000 batch 5780 loss=   0.634 pol= -4.255 vL= 0.258 kl= 0.13 H= 12.06 adv=+0.000 r̄=-0.064 succ=24.6% >exp= 0.0% el=10h36m eta=9h36m
  ep  2944/5000 batch 5800 loss=  -1.324 pol=  1.580 vL= 0.082 kl= 0.09 H= 12.46 adv=-0.000 r̄=-0.387 succ=24.6% >exp= 0.0% el=10h38m eta=7h25m
  ep  3264/5000 batch 5820 loss=   0.213 pol=  2.496 vL= 0.063 kl= 0.15 H= 11.37 adv=+0.000 r̄=-0.407 succ=24.6% >exp= 0.0% el=10h40m eta=5h40m
  ep  3584/5000 batch 5840 loss=   0.105 pol= -2.174 vL= 0.219 kl= 0.25 H= 10.91 adv=-0.000 r̄=-0.084 succ=24.6% >exp= 0.0% el=10h42m eta=4h13m
  ep  3904/5000 batch 5860 loss=  -0.793 pol= -0.109 vL= 0.270 kl= 0.40 H=  8.65 adv=-0.000 r̄=-0.007 succ=24.6% >exp= 0.0% el=10h44m eta=3h00m
  ep  4224/5000 batch 5880 loss=   0.160 pol=  0.260 vL= 0.074 kl= 0.16 H= 10.49 adv=-0.000 r̄=-0.048 succ=24.6% >exp= 0.0% el=10h46m eta=1h58m
  ep  4544/5000 batch 5900 loss=  -0.246 pol= -0.105 vL= 0.159 kl= 0.25 H= 11.24 adv=+0.000 r̄=-0.136 succ=24.6% >exp= 0.0% el=10h48m eta=1h05m
  ep  4864/5000 batch 5920 loss=   0.753 pol= -0.939 vL= 0.169 kl= 0.16 H= 11.40 adv=+0.000 r̄=-0.305 succ=24.6% >exp= 0.0% el=10h50m eta=18m10s
  >>> Epoch 99/180 DONE: succ=24.6% (1232/5000) mean_loss=-0.0105 mean_reward=-0.251 mean_KL=0.235 mean_H=10.84 epoch_time=30m03s

=== Epoch 100/180 — resetting substrate ===
  ep   192/5000 batch 5940 loss=  -0.598 pol=  4.531 vL= 0.200 kl= 0.11 H= 10.22 adv=+0.000 r̄=-0.456 succ=24.6% >exp= 0.0% el=10h52m eta=272h12m
  ep   512/5000 batch 5960 loss=  -0.877 pol= -4.177 vL= 0.108 kl= 1.78 H= 11.72 adv=+0.000 r̄=-0.220 succ=24.6% >exp= 0.0% el=10h54m eta=95h35m
  ep   832/5000 batch 5980 loss=   0.669 pol=  0.679 vL= 0.208 kl= 0.17 H= 12.69 adv=-0.000 r̄=-0.184 succ=24.6% >exp= 0.0% el=10h56m eta=54h47m
  ep  1152/5000 batch 6000 loss=   0.489 pol= -0.197 vL= 0.103 kl= 0.28 H= 11.74 adv=-0.000 r̄=-0.278 succ=24.6% >exp= 0.0% el=10h58m eta=36h38m
  ep  1472/5000 batch 6020 loss=   0.368 pol= -1.496 vL= 0.375 kl= 0.15 H= 10.56 adv=+0.000 r̄=-0.082 succ=24.6% >exp= 0.0% el=11h00m eta=26h22m
  ep  1792/5000 batch 6040 loss=  -0.846 pol= -0.641 vL= 0.184 kl= 0.18 H= 10.72 adv=+0.000 r̄=-0.172 succ=24.6% >exp= 0.0% el=11h02m eta=19h46m
  ep  2112/5000 batch 6060 loss=   0.785 pol= -0.908 vL= 0.278 kl= 0.20 H=  8.49 adv=+0.000 r̄=-0.097 succ=24.6% >exp= 0.0% el=11h04m eta=15h09m
  ep  2432/5000 batch 6080 loss=  -0.683 pol=  1.884 vL= 0.067 kl= 0.11 H= 15.16 adv=-0.000 r̄=-0.417 succ=24.6% >exp= 0.0% el=11h07m eta=11h44m
  ep  2752/5000 batch 6100 loss=  -0.906 pol=  2.027 vL= 0.121 kl= 0.38 H=  8.54 adv=-0.000 r̄=-0.173 succ=24.6% >exp= 0.0% el=11h09m eta=9h06m
  ep  3072/5000 batch 6120 loss=   0.178 pol= -0.306 vL= 0.119 kl= 0.34 H=  9.68 adv=+0.000 r̄=-0.120 succ=24.6% >exp= 0.0% el=11h11m eta=7h01m
  ep  3392/5000 batch 6140 loss=   0.975 pol= -0.682 vL= 0.156 kl= 0.24 H=  7.05 adv=+0.000 r̄=-0.197 succ=24.6% >exp= 0.0% el=11h13m eta=5h19m
