Loading substrate from datasets/scenario_100nodes_train/substrate.json
Loading VNRs from datasets/scenario_100nodes_train/virtual_requests.json
  Using 5000 VNRs
  Trainable policy (carl_vne) loaded from experiments/carl_vne_100nodes/costfocused/checkpoints/ckpt_e102.pt
  rollout=direct → train: cand_head + encoder + value (ordering frozen) (19394 frozen, 36293 trainable)
  Frozen reference policy loaded (KL enabled, β_KL=0.1)
  Continuation: global epochs 103..120 (appending to experiments/carl_vne_100nodes/costfocused/training_epoch_summary.csv)
PPO fine-tune: 5000 VNRs, batch=16, lr=0.0003
  baseline=critic V(s), normalize_adv=True, β_H=0.01, value_coef=0.5, reward=cost_rel α=0.5 λ=1.0, fail_r=-0.5
  checkpoint: experiments/carl_vne_100nodes/costfocused/checkpoints/ckpt.pt
------------------------------------------------------------------------
  ep   320/5000 batch   20 loss=   0.136 pol=  2.471 vL= 0.179 kl= 0.08 H= 10.50 adv=-0.000 r̄=-0.224 succ=27.5% >exp= 0.0% el= 1m39s eta=24m16s
  ep   640/5000 batch   40 loss=   0.532 pol= -0.610 vL= 0.351 kl= 0.10 H=  7.75 adv=+0.000 r̄=-0.103 succ=24.4% >exp= 0.0% el= 3m27s eta=23m31s
  ep   960/5000 batch   60 loss=  -0.468 pol= -2.230 vL= 0.146 kl= 0.24 H= 10.01 adv=+0.000 r̄=-0.193 succ=23.5% >exp= 0.0% el= 5m10s eta=21m45s
  ep  1280/5000 batch   80 loss=   0.178 pol=  0.991 vL= 0.098 kl= 0.23 H=  9.81 adv=+0.000 r̄=-0.346 succ=23.4% >exp= 0.0% el= 7m06s eta=20m39s
  ep  1600/5000 batch  100 loss=   1.453 pol=  4.717 vL= 0.104 kl= 0.26 H=  7.64 adv=+0.000 r̄=-0.464 succ=23.2% >exp= 0.0% el= 8m57s eta=19m02s
  ep  1920/5000 batch  120 loss=   0.369 pol= -2.154 vL= 0.236 kl= 0.08 H=  7.11 adv=-0.000 r̄=-0.068 succ=23.4% >exp= 0.0% el=11m03s eta=17m43s
  ep  2240/5000 batch  140 loss=  -1.061 pol= -2.324 vL= 0.251 kl= 0.07 H=  9.20 adv=+0.000 r̄= 0.036 succ=23.1% >exp= 0.0% el=13m00s eta=16m01s
  ep  2560/5000 batch  160 loss=  -0.413 pol= -5.829 vL= 0.158 kl= 0.18 H= 14.99 adv=+0.000 r̄=-0.198 succ=23.3% >exp= 0.0% el=15m06s eta=14m24s
  ep  2880/5000 batch  180 loss=   0.146 pol= -1.695 vL= 0.156 kl= 0.14 H= 11.11 adv=+0.000 r̄=-0.179 succ=23.8% >exp= 0.0% el=17m18s eta=12m44s
  ep  3200/5000 batch  200 loss=   0.767 pol=  0.820 vL= 0.044 kl= 0.29 H= 12.38 adv=+0.000 r̄=-0.381 succ=24.2% >exp= 0.0% el=19m29s eta=10m57s
  ep  3520/5000 batch  220 loss=   0.210 pol= -1.718 vL= 0.269 kl= 0.29 H=  6.76 adv=+0.000 r̄=-0.061 succ=24.4% >exp= 0.0% el=21m45s eta= 9m08s
  ep  3840/5000 batch  240 loss=  -0.245 pol=  0.354 vL= 0.200 kl= 0.08 H= 10.50 adv=+0.000 r̄=-0.323 succ=24.4% >exp= 0.0% el=24m00s eta= 7m15s
  ep  4160/5000 batch  260 loss=   1.166 pol=  0.108 vL= 0.176 kl= 0.14 H=  9.07 adv=+0.000 r̄=-0.201 succ=24.5% >exp= 0.0% el=26m15s eta= 5m18s
  ep  4480/5000 batch  280 loss=  -0.814 pol=  1.082 vL= 0.297 kl= 0.41 H=  6.74 adv=-0.000 r̄=-0.206 succ=24.8% >exp= 0.0% el=28m31s eta= 3m18s
  ep  4800/5000 batch  300 loss=   0.532 pol=  2.148 vL= 0.066 kl= 0.19 H= 12.72 adv=+0.000 r̄=-0.432 succ=24.8% >exp= 0.0% el=30m57s eta= 1m17s
  >>> Epoch 103/120 DONE: succ=24.9% (1244/5000) mean_loss= 0.1209 mean_reward=-0.249 mean_KL=0.192 mean_H=10.18 epoch_time=32m34s

=== Epoch 104/120 — resetting substrate ===
  ep   128/5000 batch  320 loss=  -1.272 pol=  4.148 vL= 0.219 kl= 0.05 H= 11.26 adv=+0.000 r̄=-0.467 succ=25.2% >exp= 0.0% el=33m42s eta=21h23m
  ep   448/5000 batch  340 loss=   1.860 pol=  1.865 vL= 0.274 kl= 0.07 H=  7.73 adv=+0.000 r̄=-0.210 succ=25.1% >exp= 0.0% el=36m30s eta=6h10m
  ep   768/5000 batch  360 loss=  -0.644 pol= -0.148 vL= 0.070 kl= 0.07 H= 11.99 adv=+0.000 r̄=-0.283 succ=25.1% >exp= 0.0% el=39m09s eta=3h35m
  ep  1088/5000 batch  380 loss=   0.423 pol= -0.710 vL= 0.175 kl= 0.13 H=  7.22 adv=-0.000 r̄=-0.172 succ=25.0% >exp= 0.0% el=41m31s eta=2h29m
  ep  1408/5000 batch  400 loss=   0.111 pol=  2.059 vL= 0.097 kl= 0.13 H= 12.79 adv=+0.000 r̄=-0.420 succ=25.1% >exp= 0.0% el=44m13s eta=1h52m
  ep  1728/5000 batch  420 loss=   0.703 pol=  0.075 vL= 0.312 kl= 0.09 H= 11.14 adv=+0.000 r̄=-0.248 succ=25.0% >exp= 0.0% el=46m41s eta=1h28m
  ep  2048/5000 batch  440 loss=  -0.234 pol= -0.156 vL= 0.236 kl= 0.21 H=  5.38 adv=+0.000 r̄=-0.256 succ=24.9% >exp= 0.0% el=49m12s eta=1h10m
  ep  2368/5000 batch  460 loss=  -0.360 pol=  1.108 vL= 0.212 kl= 0.16 H= 11.07 adv=-0.000 r̄=-0.304 succ=24.9% >exp= 0.0% el=51m46s eta=57m32s
  ep  2688/5000 batch  480 loss=   0.265 pol= -0.297 vL= 0.159 kl= 0.13 H=  8.88 adv=-0.000 r̄=-0.250 succ=24.8% >exp= 0.0% el=54m09s eta=46m34s
  ep  3008/5000 batch  500 loss=  -0.459 pol=  1.713 vL= 0.171 kl= 0.10 H=  8.61 adv=+0.000 r̄=-0.291 succ=24.9% >exp= 0.0% el=56m44s eta=37m34s
  ep  3328/5000 batch  520 loss=   0.329 pol= -1.019 vL= 0.164 kl= 0.25 H= 12.01 adv=-0.000 r̄=-0.394 succ=24.8% >exp= 0.0% el=59m09s eta=29m43s
  ep  3648/5000 batch  540 loss=   0.391 pol= -0.490 vL= 0.186 kl= 0.29 H= 12.14 adv=+0.000 r̄=-0.246 succ=24.7% >exp= 0.0% el=1h01m eta=22m48s
  ep  3968/5000 batch  560 loss=  -0.594 pol= -0.623 vL= 0.211 kl= 0.40 H=  8.24 adv=-0.000 r̄=-0.090 succ=24.8% >exp= 0.0% el=1h03m eta=16m36s
  ep  4288/5000 batch  580 loss=   0.471 pol= -2.637 vL= 0.224 kl= 0.22 H= 11.62 adv=+0.000 r̄=-0.284 succ=24.8% >exp= 0.0% el=1h06m eta=10m58s
  ep  4608/5000 batch  600 loss=   0.085 pol=  3.460 vL= 0.077 kl= 0.29 H= 13.12 adv=+0.000 r̄=-0.327 succ=24.9% >exp= 0.0% el=1h08m eta= 5m49s
  ep  4928/5000 batch  620 loss=   0.440 pol=  1.574 vL= 0.159 kl= 0.35 H= 11.78 adv=+0.000 r̄=-0.363 succ=24.9% >exp= 0.0% el=1h10m eta= 1m02s
  >>> Epoch 104/120 DONE: succ=24.9% (1247/5000) mean_loss= 0.1173 mean_reward=-0.248 mean_KL=0.212 mean_H=10.34 epoch_time=38m53s

=== Epoch 105/120 — resetting substrate ===
  ep   256/5000 batch  640 loss=  -0.786 pol= -1.930 vL= 0.055 kl= 0.13 H= 13.45 adv=+0.000 r̄=-0.369 succ=25.0% >exp= 0.0% el=1h13m eta=22h44m
  ep   576/5000 batch  660 loss=   1.417 pol=  1.299 vL= 0.126 kl= 0.23 H= 10.11 adv=-0.000 r̄=-0.326 succ=25.0% >exp= 0.0% el=1h16m eta=9h45m
  ep   896/5000 batch  680 loss=  -0.906 pol= -2.870 vL= 0.070 kl= 0.17 H= 12.15 adv=-0.000 r̄=-0.262 succ=25.1% >exp= 0.0% el=1h18m eta=6h01m
  ep  1216/5000 batch  700 loss=   0.494 pol=  4.910 vL= 0.107 kl= 0.23 H= 10.45 adv=+0.000 r̄=-0.457 succ=25.0% >exp= 0.0% el=1h21m eta=4h13m
  ep  1536/5000 batch  720 loss=   0.150 pol= -1.531 vL= 0.118 kl= 0.20 H= 11.50 adv=+0.000 r̄=-0.188 succ=24.9% >exp= 0.0% el=1h23m eta=3h08m
  ep  1856/5000 batch  740 loss=  -0.212 pol=  1.630 vL= 0.152 kl= 0.34 H= 12.77 adv=-0.000 r̄=-0.294 succ=24.9% >exp= 0.0% el=1h26m eta=2h26m
  ep  2176/5000 batch  760 loss=   0.134 pol=  4.510 vL= 0.208 kl= 0.19 H= 12.71 adv=+0.000 r̄=-0.527 succ=24.9% >exp= 0.0% el=1h28m eta=1h55m
  ep  2496/5000 batch  780 loss=  -0.462 pol=  0.688 vL= 0.240 kl= 0.34 H= 11.06 adv=-0.000 r̄=-0.274 succ=24.9% >exp= 0.0% el=1h31m eta=1h31m
  ep  2816/5000 batch  800 loss=  -0.042 pol= -1.600 vL= 0.211 kl= 0.18 H= 11.22 adv=+0.000 r̄=-0.406 succ=24.8% >exp= 0.0% el=1h33m eta=1h12m
  ep  3136/5000 batch  820 loss=   0.509 pol=  0.596 vL= 0.124 kl= 0.16 H=  9.46 adv=+0.000 r̄=-0.239 succ=24.9% >exp= 0.0% el=1h36m eta=57m16s
  ep  3456/5000 batch  840 loss=   0.564 pol=  5.488 vL= 0.076 kl= 0.06 H= 14.07 adv=+0.000 r̄=-0.519 succ=24.8% >exp= 0.0% el=1h38m eta=44m09s
  ep  3776/5000 batch  860 loss=   0.323 pol= -1.222 vL= 0.289 kl= 0.55 H= 10.45 adv=+0.000 r̄=-0.183 succ=24.9% >exp= 0.0% el=1h41m eta=32m49s
  ep  4096/5000 batch  880 loss=   0.443 pol=  1.984 vL= 0.208 kl= 0.34 H= 10.59 adv=-0.000 r̄=-0.322 succ=24.9% >exp= 0.0% el=1h43m eta=22m55s
  ep  4416/5000 batch  900 loss=   0.189 pol=  0.617 vL= 0.157 kl= 0.68 H=  6.71 adv=+0.000 r̄=-0.276 succ=24.8% >exp= 0.0% el=1h46m eta=14m03s
  ep  4736/5000 batch  920 loss=  -0.635 pol=  0.374 vL= 0.075 kl= 0.28 H= 11.71 adv=+0.000 r̄=-0.348 succ=24.9% >exp= 0.0% el=1h48m eta= 6m03s
  >>> Epoch 105/120 DONE: succ=24.8% (1238/5000) mean_loss= 0.1240 mean_reward=-0.251 mean_KL=0.314 mean_H=10.41 epoch_time=39m17s

=== Epoch 106/120 — resetting substrate ===
  ep    64/5000 batch  940 loss=   0.253 pol= -2.350 vL= 0.191 kl= 0.25 H=  9.14 adv=+0.000 r̄=-0.137 succ=24.9% >exp= 0.0% el=1h51m eta=143h14m
  ep   384/5000 batch  960 loss=  -0.414 pol= -0.500 vL= 0.191 kl= 0.28 H=  9.89 adv=-0.000 r̄=-0.155 succ=24.9% >exp= 0.0% el=1h53m eta=22h47m
  ep   704/5000 batch  980 loss=   0.963 pol= -0.665 vL= 0.139 kl= 0.15 H= 11.14 adv=+0.000 r̄=-0.210 succ=24.9% >exp= 0.0% el=1h56m eta=11h48m
  ep  1024/5000 batch 1000 loss=  -0.200 pol= -0.209 vL= 0.137 kl= 0.12 H= 10.68 adv=+0.000 r̄=-0.159 succ=24.9% >exp= 0.0% el=1h58m eta=7h39m
  ep  1344/5000 batch 1020 loss=   0.113 pol= -0.571 vL= 0.214 kl= 0.31 H=  6.57 adv=-0.000 r̄=-0.099 succ=24.8% >exp= 0.0% el=2h00m eta=5h27m
  ep  1664/5000 batch 1040 loss=  -0.402 pol=  1.431 vL= 0.186 kl= 0.11 H=  8.95 adv=-0.000 r̄=-0.294 succ=24.8% >exp= 0.0% el=2h02m eta=4h05m
  ep  1984/5000 batch 1060 loss=   0.351 pol= -0.477 vL= 0.071 kl= 0.12 H=  9.50 adv=+0.000 r̄=-0.290 succ=24.8% >exp= 0.0% el=2h04m eta=3h09m
  ep  2304/5000 batch 1080 loss=   0.176 pol= -3.106 vL= 0.080 kl= 0.11 H= 11.67 adv=-0.000 r̄=-0.120 succ=24.8% >exp= 0.0% el=2h06m eta=2h28m
  ep  2624/5000 batch 1100 loss=   1.445 pol= -1.287 vL= 0.232 kl= 0.25 H= 10.75 adv=-0.000 r̄=-0.068 succ=24.7% >exp= 0.0% el=2h09m eta=1h56m
  ep  2944/5000 batch 1120 loss=  -0.728 pol=  4.159 vL= 0.028 kl= 0.18 H= 12.33 adv=-0.000 r̄=-0.341 succ=24.8% >exp= 0.0% el=2h11m eta=1h31m
  ep  3264/5000 batch 1140 loss=   0.036 pol=  0.748 vL= 0.123 kl= 0.16 H= 10.88 adv=-0.000 r̄=-0.297 succ=24.8% >exp= 0.0% el=2h13m eta=1h11m
  ep  3584/5000 batch 1160 loss=   0.004 pol=  3.131 vL= 0.234 kl= 0.28 H=  9.76 adv=+0.000 r̄=-0.312 succ=24.9% >exp= 0.0% el=2h15m eta=53m42s
  ep  3904/5000 batch 1180 loss=  -0.277 pol= -0.870 vL= 0.262 kl= 0.19 H=  7.03 adv=-0.000 r̄=-0.038 succ=24.8% >exp= 0.0% el=2h18m eta=38m46s
  ep  4224/5000 batch 1200 loss=  -0.434 pol= -0.620 vL= 0.332 kl= 0.25 H=  9.23 adv=-0.000 r̄=-0.252 succ=24.9% >exp= 0.0% el=2h20m eta=25m46s
  ep  4544/5000 batch 1220 loss=   0.018 pol= -0.934 vL= 0.675 kl= 0.26 H= 10.54 adv=-0.000 r̄=-0.376 succ=24.9% >exp= 0.0% el=2h22m eta=14m16s
  ep  4864/5000 batch 1240 loss=   1.710 pol=  2.918 vL= 0.059 kl= 0.57 H=  8.34 adv=+0.000 r̄=-0.505 succ=24.8% >exp= 0.0% el=2h24m eta= 4m02s
  >>> Epoch 106/120 DONE: succ=24.7% (1236/5000) mean_loss= 0.1423 mean_reward=-0.250 mean_KL=0.224 mean_H=9.85 epoch_time=34m37s

=== Epoch 107/120 — resetting substrate ===
  ep   192/5000 batch 1260 loss=  -0.655 pol=  2.011 vL= 0.313 kl= 0.32 H=  8.35 adv=+0.000 r̄=-0.281 succ=24.9% >exp= 0.0% el=2h26m eta=61h18m
  ep   512/5000 batch 1280 loss=  -0.329 pol= -1.813 vL= 0.203 kl= 0.14 H=  7.34 adv=-0.000 r̄=-0.340 succ=24.9% >exp= 0.0% el=2h29m eta=21h47m
  ep   832/5000 batch 1300 loss=  -0.352 pol= -2.785 vL= 0.173 kl= 0.24 H= 11.97 adv=+0.000 r̄=-0.193 succ=24.8% >exp= 0.0% el=2h31m eta=12h36m
  ep  1152/5000 batch 1320 loss=  -0.210 pol= -1.494 vL= 0.076 kl= 0.18 H=  9.49 adv=+0.000 r̄=-0.272 succ=24.8% >exp= 0.0% el=2h33m eta=8h31m
  ep  1472/5000 batch 1340 loss=   0.518 pol=  2.228 vL= 0.129 kl= 0.11 H=  9.51 adv=+0.000 r̄=-0.417 succ=24.7% >exp= 0.0% el=2h35m eta=6h12m
  ep  1792/5000 batch 1360 loss=  -0.909 pol= -1.737 vL= 0.083 kl= 0.06 H=  9.05 adv=+0.000 r̄=-0.053 succ=24.8% >exp= 0.0% el=2h37m eta=4h41m
  ep  2112/5000 batch 1380 loss=   1.125 pol= -2.168 vL= 0.276 kl= 0.06 H=  7.77 adv=-0.000 r̄=-0.206 succ=24.7% >exp= 0.0% el=2h39m eta=3h38m
  ep  2432/5000 batch 1400 loss=  -0.618 pol=  3.286 vL= 0.064 kl= 0.04 H= 14.65 adv=-0.000 r̄=-0.427 succ=24.7% >exp= 0.0% el=2h41m eta=2h50m
  ep  2752/5000 batch 1420 loss=  -0.469 pol=  1.768 vL= 0.204 kl= 0.22 H=  8.41 adv=+0.000 r̄=-0.297 succ=24.7% >exp= 0.0% el=2h44m eta=2h14m
  ep  3072/5000 batch 1440 loss=  -0.246 pol= -0.644 vL= 0.191 kl= 0.13 H=  8.91 adv=+0.000 r̄=-0.192 succ=24.7% >exp= 0.0% el=2h46m eta=1h44m
  ep  3392/5000 batch 1460 loss=  -0.189 pol=  1.592 vL= 0.130 kl= 0.13 H=  6.65 adv=+0.000 r̄=-0.328 succ=24.7% >exp= 0.0% el=2h48m eta=1h20m
  ep  3712/5000 batch 1480 loss=   0.364 pol=  4.320 vL= 0.276 kl= 0.14 H= 11.41 adv=+0.000 r̄=-0.351 succ=24.7% >exp= 0.0% el=2h51m eta=59m31s
  ep  4032/5000 batch 1500 loss=  -0.288 pol= -1.233 vL= 0.308 kl= 0.24 H=  7.57 adv=+0.000 r̄=-0.094 succ=24.7% >exp= 0.0% el=2h54m eta=41m47s
  ep  4352/5000 batch 1520 loss=   1.490 pol=  6.607 vL= 0.075 kl= 0.17 H= 13.23 adv=+0.000 r̄=-0.504 succ=24.7% >exp= 0.0% el=2h56m eta=26m15s
  ep  4672/5000 batch 1540 loss=   0.433 pol= -1.535 vL= 0.174 kl= 0.35 H=  4.28 adv=+0.000 r̄= 0.245 succ=24.7% >exp= 0.0% el=2h58m eta=12m32s
  ep  4992/5000 batch 1560 loss=  -1.410 pol=  1.893 vL= 0.105 kl= 0.17 H= 10.38 adv=-0.000 r̄=-0.373 succ=24.7% >exp= 0.0% el=3h00m eta=  17s
  >>> Epoch 107/120 DONE: succ=24.0% (1198/5000) mean_loss=-0.1163 mean_reward=-0.250 mean_KL=0.173 mean_H=10.11 epoch_time=35m37s

=== Epoch 108/120 — resetting substrate ===
  ep   320/5000 batch 1580 loss=   0.596 pol= -2.183 vL= 0.579 kl= 0.14 H=  9.50 adv=-0.000 r̄=-0.109 succ=24.7% >exp= 0.0% el=3h03m eta=44h44m
  ep   640/5000 batch 1600 loss=   0.705 pol= -0.821 vL= 0.239 kl= 0.11 H=  8.19 adv=+0.000 r̄=-0.123 succ=24.6% >exp= 0.0% el=3h06m eta=21h07m
  ep   960/5000 batch 1620 loss=   0.406 pol=  0.355 vL= 0.120 kl= 0.08 H=  9.59 adv=+0.000 r̄=-0.402 succ=24.6% >exp= 0.0% el=3h08m eta=13h13m
  ep  1280/5000 batch 1640 loss=  -0.506 pol=  5.597 vL= 0.120 kl= 0.13 H= 10.23 adv=-0.000 r̄=-0.493 succ=24.6% >exp= 0.0% el=3h11m eta=9h15m
  ep  1600/5000 batch 1660 loss=   0.183 pol=  1.769 vL= 0.203 kl= 0.18 H=  8.61 adv=-0.000 r̄=-0.372 succ=24.6% >exp= 0.0% el=3h13m eta=6h51m
  ep  1920/5000 batch 1680 loss=  -0.980 pol= -4.559 vL= 0.136 kl= 0.22 H=  7.71 adv=+0.000 r̄=-0.003 succ=24.7% >exp= 0.0% el=3h16m eta=5h14m
  ep  2240/5000 batch 1700 loss=  -0.341 pol=  0.607 vL= 0.039 kl= 0.10 H=  8.69 adv=-0.000 r̄=-0.081 succ=24.7% >exp= 0.0% el=3h18m eta=4h04m
  ep  2560/5000 batch 1720 loss=  -0.277 pol= -2.403 vL= 0.081 kl= 0.12 H= 14.10 adv=+0.000 r̄=-0.296 succ=24.7% >exp= 0.0% el=3h21m eta=3h11m
  ep  2880/5000 batch 1740 loss=  -0.464 pol=  2.497 vL= 0.098 kl= 0.20 H= 10.16 adv=-0.000 r̄=-0.335 succ=24.7% >exp= 0.0% el=3h23m eta=2h30m
  ep  3200/5000 batch 1760 loss=  -0.261 pol= -3.982 vL= 0.188 kl= 0.27 H= 11.79 adv=+0.000 r̄=-0.295 succ=24.7% >exp= 0.0% el=3h26m eta=1h56m
  ep  3520/5000 batch 1780 loss=  -0.474 pol= -0.591 vL= 0.169 kl= 0.18 H=  6.10 adv=+0.000 r̄=-0.170 succ=24.7% >exp= 0.0% el=3h28m eta=1h27m
  ep  3840/5000 batch 1800 loss=   0.423 pol=  2.742 vL= 0.162 kl= 0.32 H= 10.33 adv=+0.000 r̄=-0.359 succ=24.7% >exp= 0.0% el=3h31m eta=1h03m
  ep  4160/5000 batch 1820 loss=   1.229 pol= -2.275 vL= 0.155 kl= 0.18 H=  8.07 adv=+0.000 r̄=-0.076 succ=24.7% >exp= 0.0% el=3h34m eta=43m14s
  ep  4480/5000 batch 1840 loss=  -1.002 pol=  1.204 vL= 0.160 kl= 0.45 H=  5.51 adv=+0.000 r̄=-0.279 succ=24.7% >exp= 0.0% el=3h36m eta=25m09s
  ep  4800/5000 batch 1860 loss=   0.871 pol=  0.254 vL= 0.041 kl= 0.28 H= 12.43 adv=+0.000 r̄=-0.424 succ=24.7% >exp= 0.0% el=3h39m eta= 9m08s
  >>> Epoch 108/120 DONE: succ=25.1% (1254/5000) mean_loss=-0.0593 mean_reward=-0.246 mean_KL=0.193 mean_H=10.05 epoch_time=40m04s

=== Epoch 109/120 — resetting substrate ===
  ep   128/5000 batch 1880 loss=  -0.684 pol=  3.771 vL= 0.148 kl= 0.11 H= 11.00 adv=+0.000 r̄=-0.356 succ=24.7% >exp= 0.0% el=3h42m eta=141h03m
  ep   448/5000 batch 1900 loss=   0.869 pol=  1.245 vL= 0.183 kl= 0.13 H=  7.53 adv=-0.000 r̄=-0.342 succ=24.8% >exp= 0.0% el=3h45m eta=38h07m
  ep   768/5000 batch 1920 loss=   0.301 pol=  0.216 vL= 0.127 kl= 0.12 H= 11.32 adv=+0.000 r̄=-0.332 succ=24.8% >exp= 0.0% el=3h47m eta=20h54m
  ep  1088/5000 batch 1940 loss=  -0.917 pol= -1.651 vL= 0.325 kl= 0.40 H=  7.42 adv=+0.000 r̄= 0.004 succ=24.8% >exp= 0.0% el=3h50m eta=13h47m
  ep  1408/5000 batch 1960 loss=  -0.038 pol=  0.583 vL= 0.101 kl= 0.22 H= 12.46 adv=-0.000 r̄=-0.384 succ=24.8% >exp= 0.0% el=3h52m eta=9h53m
  ep  1728/5000 batch 1980 loss=   0.943 pol=  0.161 vL= 0.398 kl= 0.20 H= 12.02 adv=+0.000 r̄=-0.443 succ=24.7% >exp= 0.0% el=3h54m eta=7h24m
  ep  2048/5000 batch 2000 loss=   0.179 pol=  1.401 vL= 0.232 kl= 0.28 H=  6.57 adv=-0.000 r̄=-0.328 succ=24.7% >exp= 0.0% el=3h57m eta=5h42m
  ep  2368/5000 batch 2020 loss=  -0.304 pol=  0.397 vL= 0.283 kl= 0.30 H= 10.56 adv=+0.000 r̄=-0.210 succ=24.7% >exp= 0.0% el=3h59m eta=4h26m
  ep  2688/5000 batch 2040 loss=   0.274 pol= -0.476 vL= 0.142 kl= 0.26 H=  9.01 adv=-0.000 r̄=-0.133 succ=24.8% >exp= 0.0% el=4h02m eta=3h28m
  ep  3008/5000 batch 2060 loss=   0.208 pol=  1.643 vL= 0.244 kl= 0.24 H=  9.10 adv=+0.000 r̄=-0.287 succ=24.8% >exp= 0.0% el=4h05m eta=2h42m
  ep  3328/5000 batch 2080 loss=   0.147 pol=  0.555 vL= 0.130 kl= 0.48 H= 12.50 adv=+0.000 r̄=-0.362 succ=24.8% >exp= 0.0% el=4h07m eta=2h04m
  ep  3648/5000 batch 2100 loss=   0.822 pol=  4.170 vL= 0.105 kl= 0.18 H= 12.04 adv=-0.000 r̄=-0.436 succ=24.8% >exp= 0.0% el=4h10m eta=1h32m
  ep  3968/5000 batch 2120 loss=  -0.477 pol=  1.387 vL= 0.324 kl= 0.22 H=  8.19 adv=-0.000 r̄=-0.199 succ=24.8% >exp= 0.0% el=4h12m eta=1h05m
  ep  4288/5000 batch 2140 loss=   0.155 pol= -2.505 vL= 0.083 kl= 0.18 H= 11.63 adv=-0.000 r̄=-0.376 succ=24.8% >exp= 0.0% el=4h14m eta=42m20s
  ep  4608/5000 batch 2160 loss=   0.167 pol=  6.066 vL= 0.027 kl= 0.22 H= 13.27 adv=+0.000 r̄=-0.449 succ=24.8% >exp= 0.0% el=4h17m eta=21m53s
  ep  4928/5000 batch 2180 loss=  -0.222 pol=  3.575 vL= 0.158 kl= 0.59 H= 11.45 adv=+0.000 r̄=-0.288 succ=24.8% >exp= 0.0% el=4h19m eta= 3m47s
  >>> Epoch 109/120 DONE: succ=25.2% (1259/5000) mean_loss= 0.1452 mean_reward=-0.246 mean_KL=0.244 mean_H=10.48 epoch_time=39m22s

=== Epoch 110/120 — resetting substrate ===
  ep   256/5000 batch 2200 loss=   0.308 pol=  1.148 vL= 0.046 kl= 0.14 H= 14.04 adv=+0.000 r̄=-0.404 succ=24.8% >exp= 0.0% el=4h22m eta=81h09m
  ep   576/5000 batch 2220 loss=   0.493 pol=  1.098 vL= 0.207 kl= 0.48 H=  8.92 adv=+0.000 r̄=-0.295 succ=24.8% >exp= 0.0% el=4h25m eta=33h57m
  ep   896/5000 batch 2240 loss=   0.319 pol=  1.804 vL= 0.134 kl= 0.31 H= 10.64 adv=-0.000 r̄=-0.334 succ=24.8% >exp= 0.0% el=4h27m eta=20h27m
  ep  1216/5000 batch 2260 loss=  -0.039 pol=  4.756 vL= 0.060 kl= 0.23 H=  9.91 adv=-0.000 r̄=-0.440 succ=24.8% >exp= 0.0% el=4h30m eta=14h01m
  ep  1536/5000 batch 2280 loss=  -0.074 pol=  1.630 vL= 0.158 kl= 0.20 H= 10.23 adv=+0.000 r̄=-0.292 succ=24.8% >exp= 0.0% el=4h32m eta=10h14m
  ep  1856/5000 batch 2300 loss=   0.695 pol= -5.567 vL= 0.112 kl= 0.19 H= 11.86 adv=+0.000 r̄=-0.008 succ=24.8% >exp= 0.0% el=4h35m eta=7h46m
  ep  2176/5000 batch 2320 loss=  -0.543 pol=  0.169 vL= 0.105 kl= 0.27 H= 11.09 adv=-0.000 r̄=-0.333 succ=24.8% >exp= 0.0% el=4h37m eta=6h00m
  ep  2496/5000 batch 2340 loss=  -0.662 pol= -1.541 vL= 0.159 kl= 0.11 H= 10.53 adv=+0.000 r̄=-0.310 succ=24.8% >exp= 0.0% el=4h40m eta=4h41m
  ep  2816/5000 batch 2360 loss=  -1.119 pol= -3.922 vL= 0.090 kl= 0.33 H= 11.76 adv=-0.000 r̄=-0.234 succ=24.8% >exp= 0.0% el=4h42m eta=3h38m
  ep  3136/5000 batch 2380 loss=  -0.258 pol=  1.862 vL= 0.245 kl= 0.45 H= 10.77 adv=-0.000 r̄=-0.408 succ=24.8% >exp= 0.0% el=4h44m eta=2h49m
  ep  3456/5000 batch 2400 loss=   0.449 pol= -2.041 vL= 0.223 kl= 0.35 H= 15.88 adv=+0.000 r̄=-0.444 succ=24.8% >exp= 0.0% el=4h46m eta=2h08m
  ep  3776/5000 batch 2420 loss=   0.077 pol=  0.257 vL= 0.178 kl= 0.19 H= 11.27 adv=+0.000 r̄=-0.272 succ=24.9% >exp= 0.0% el=4h49m eta=1h33m
  ep  4096/5000 batch 2440 loss=   1.048 pol=  0.827 vL= 0.185 kl= 0.43 H= 10.44 adv=-0.000 r̄=-0.262 succ=24.9% >exp= 0.0% el=4h51m eta=1h04m
  ep  4416/5000 batch 2460 loss=   0.319 pol=  0.189 vL= 0.196 kl= 0.43 H=  5.76 adv=-0.000 r̄=-0.251 succ=24.9% >exp= 0.0% el=4h54m eta=38m54s
  ep  4736/5000 batch 2480 loss=  -0.006 pol= -2.408 vL= 0.151 kl= 0.44 H= 10.92 adv=+0.000 r̄=-0.208 succ=24.9% >exp= 0.0% el=4h56m eta=16m31s
  >>> Epoch 110/120 DONE: succ=25.4% (1268/5000) mean_loss= 0.0055 mean_reward=-0.244 mean_KL=0.324 mean_H=10.06 epoch_time=37m46s

=== Epoch 111/120 — resetting substrate ===
  ep    64/5000 batch 2500 loss=  -1.215 pol=  0.168 vL= 0.204 kl= 0.26 H=  8.84 adv=+0.000 r̄=-0.247 succ=24.9% >exp= 0.0% el=4h58m eta=384h07m
  ep   384/5000 batch 2520 loss=  -0.013 pol=  0.382 vL= 0.170 kl= 0.20 H= 10.29 adv=-0.000 r̄=-0.224 succ=24.9% >exp= 0.0% el=5h01m eta=60h18m
  ep   704/5000 batch 2540 loss=   0.985 pol=  0.171 vL= 0.081 kl= 0.19 H= 11.69 adv=-0.000 r̄=-0.213 succ=24.9% >exp= 0.0% el=5h03m eta=30h50m
  ep  1024/5000 batch 2560 loss=   0.243 pol=  0.926 vL= 0.087 kl= 0.19 H= 11.22 adv=+0.000 r̄=-0.268 succ=24.9% >exp= 0.0% el=5h05m eta=19h45m
  ep  1344/5000 batch 2580 loss=   0.212 pol=  0.637 vL= 0.289 kl= 0.18 H=  8.04 adv=+0.000 r̄=-0.186 succ=24.9% >exp= 0.0% el=5h07m eta=13h56m
  ep  1664/5000 batch 2600 loss=   0.303 pol= -2.384 vL= 0.075 kl= 0.18 H=  9.74 adv=-0.000 r̄= 0.076 succ=24.9% >exp= 0.0% el=5h09m eta=10h21m
  ep  1984/5000 batch 2620 loss=  -0.591 pol= -2.350 vL= 0.114 kl= 0.33 H= 11.77 adv=+0.000 r̄=-0.174 succ=24.9% >exp= 0.0% el=5h12m eta=7h54m
  ep  2304/5000 batch 2640 loss=   0.810 pol= -0.967 vL= 0.084 kl= 0.13 H= 12.07 adv=+0.000 r̄=-0.092 succ=24.9% >exp= 0.0% el=5h14m eta=6h07m
  ep  2624/5000 batch 2660 loss=   0.653 pol= -4.453 vL= 0.203 kl= 0.09 H= 10.85 adv=+0.000 r̄=-0.089 succ=24.8% >exp= 0.0% el=5h16m eta=4h46m
  ep  2944/5000 batch 2680 loss=  -1.232 pol= -0.971 vL= 0.025 kl= 0.13 H= 12.02 adv=-0.000 r̄=-0.351 succ=24.8% >exp= 0.0% el=5h18m eta=3h42m
  ep  3264/5000 batch 2700 loss=  -1.023 pol= -3.398 vL= 0.074 kl= 0.16 H= 11.05 adv=-0.000 r̄=-0.275 succ=24.8% >exp= 0.0% el=5h20m eta=2h50m
  ep  3584/5000 batch 2720 loss=  -0.826 pol=  0.475 vL= 0.166 kl= 0.09 H= 10.43 adv=+0.000 r̄=-0.171 succ=24.9% >exp= 0.0% el=5h23m eta=2h07m
  ep  3904/5000 batch 2740 loss=   0.873 pol=  0.597 vL= 0.348 kl= 0.09 H=  7.74 adv=+0.000 r̄=-0.199 succ=24.9% >exp= 0.0% el=5h25m eta=1h31m
  ep  4224/5000 batch 2760 loss=   0.159 pol= -3.967 vL= 0.214 kl= 0.11 H=  9.45 adv=-0.000 r̄=-0.136 succ=24.8% >exp= 0.0% el=5h27m eta=1h00m
  ep  4544/5000 batch 2780 loss=  -1.611 pol= -3.825 vL= 0.237 kl= 0.15 H= 11.59 adv=+0.000 r̄=-0.336 succ=24.8% >exp= 0.0% el=5h29m eta=33m06s
  ep  4864/5000 batch 2800 loss=  -0.044 pol= -1.462 vL= 0.181 kl= 0.20 H= 10.89 adv=+0.000 r̄=-0.203 succ=24.8% >exp= 0.0% el=5h32m eta= 9m17s
  >>> Epoch 111/120 DONE: succ=24.5% (1225/5000) mean_loss=-0.0766 mean_reward=-0.253 mean_KL=0.167 mean_H=10.53 epoch_time=34m57s

=== Epoch 112/120 — resetting substrate ===
  ep   192/5000 batch 2820 loss=   0.451 pol=  2.839 vL= 0.169 kl= 0.16 H=  9.10 adv=+0.000 r̄=-0.283 succ=24.8% >exp= 0.0% el=5h34m eta=139h43m
  ep   512/5000 batch 2840 loss=   0.467 pol= -0.182 vL= 0.058 kl= 0.59 H=  7.95 adv=+0.000 r̄=-0.309 succ=24.8% >exp= 0.0% el=5h37m eta=49h14m
  ep   832/5000 batch 2860 loss=   0.317 pol= -4.779 vL= 0.243 kl= 0.41 H= 12.01 adv=+0.000 r̄=-0.094 succ=24.8% >exp= 0.0% el=5h39m eta=28h18m
  ep  1152/5000 batch 2880 loss=   0.563 pol=  4.590 vL= 0.087 kl= 0.30 H= 10.43 adv=-0.000 r̄=-0.501 succ=24.8% >exp= 0.0% el=5h41m eta=18h59m
  ep  1472/5000 batch 2900 loss=  -0.440 pol=  0.090 vL= 0.196 kl= 0.12 H=  9.34 adv=-0.000 r̄=-0.190 succ=24.8% >exp= 0.0% el=5h43m eta=13h43m
  ep  1792/5000 batch 2920 loss=   0.370 pol=  0.266 vL= 0.220 kl= 0.16 H=  8.79 adv=-0.000 r̄=-0.217 succ=24.8% >exp= 0.0% el=5h45m eta=10h19m
  ep  2112/5000 batch 2940 loss=   0.363 pol=  2.066 vL= 0.092 kl= 0.21 H=  7.71 adv=+0.000 r̄=-0.344 succ=24.8% >exp= 0.0% el=5h48m eta=7h56m
  ep  2432/5000 batch 2960 loss=  -1.191 pol=  0.662 vL= 0.069 kl= 0.46 H= 14.57 adv=-0.000 r̄=-0.384 succ=24.8% >exp= 0.0% el=5h50m eta=6h10m
  ep  2752/5000 batch 2980 loss=   0.328 pol= -0.678 vL= 0.305 kl= 1.38 H=  9.21 adv=+0.000 r̄=-0.103 succ=24.8% >exp= 0.0% el=5h52m eta=4h48m
  ep  3072/5000 batch 3000 loss=  -1.628 pol= -2.087 vL= 0.089 kl= 0.71 H= 10.47 adv=+0.000 r̄=-0.193 succ=24.8% >exp= 0.0% el=5h54m eta=3h42m
  ep  3392/5000 batch 3020 loss=   0.083 pol= -1.229 vL= 0.095 kl= 0.44 H=  7.59 adv=-0.000 r̄=-0.113 succ=24.8% >exp= 0.0% el=5h57m eta=2h49m
  ep  3712/5000 batch 3040 loss=   1.573 pol=  2.765 vL= 0.221 kl= 0.35 H= 12.03 adv=+0.000 r̄=-0.281 succ=24.8% >exp= 0.0% el=5h59m eta=2h04m
  ep  4032/5000 batch 3060 loss=   0.418 pol= -1.254 vL= 0.254 kl= 0.75 H=  9.06 adv=+0.000 r̄=-0.070 succ=24.8% >exp= 0.0% el=6h01m eta=1h26m
  ep  4352/5000 batch 3080 loss=  -0.301 pol=  7.750 vL= 0.155 kl= 0.26 H= 14.45 adv=+0.000 r̄=-0.487 succ=24.8% >exp= 0.0% el=6h03m eta=54m06s
  ep  4672/5000 batch 3100 loss=   0.802 pol=  0.609 vL= 0.162 kl= 0.29 H=  5.06 adv=+0.000 r̄= 0.188 succ=24.8% >exp= 0.0% el=6h05m eta=25m39s
  ep  4992/5000 batch 3120 loss=  -0.595 pol= -3.817 vL= 0.307 kl= 0.17 H= 11.38 adv=+0.000 r̄=-0.301 succ=24.8% >exp= 0.0% el=6h07m eta=  35s
  >>> Epoch 112/120 DONE: succ=24.7% (1233/5000) mean_loss= 0.1006 mean_reward=-0.251 mean_KL=0.368 mean_H=10.65 epoch_time=34m40s

=== Epoch 113/120 — resetting substrate ===
  ep   320/5000 batch 3140 loss=  -0.419 pol=  0.802 vL= 0.150 kl= 0.24 H=  9.87 adv=+0.000 r̄=-0.099 succ=24.8% >exp= 0.0% el=6h10m eta=90h14m
  ep   640/5000 batch 3160 loss=   1.617 pol=  0.775 vL= 0.208 kl= 0.32 H=  8.36 adv=-0.000 r̄=-0.249 succ=24.8% >exp= 0.0% el=6h12m eta=42h16m
  ep   960/5000 batch 3180 loss=  -0.634 pol= -0.418 vL= 0.128 kl= 0.16 H= 10.48 adv=-0.000 r̄=-0.263 succ=24.8% >exp= 0.0% el=6h14m eta=26h15m
  ep  1280/5000 batch 3200 loss=   0.087 pol= -1.901 vL= 0.079 kl= 0.21 H= 11.41 adv=+0.000 r̄=-0.324 succ=24.8% >exp= 0.0% el=6h16m eta=18h14m
  ep  1600/5000 batch 3220 loss=  -0.344 pol=  2.399 vL= 0.135 kl= 0.21 H=  8.56 adv=-0.000 r̄=-0.434 succ=24.8% >exp= 0.0% el=6h18m eta=13h24m
  ep  1920/5000 batch 3240 loss=  -0.858 pol= -4.357 vL= 0.193 kl= 0.17 H=  8.11 adv=-0.000 r̄= 0.064 succ=24.8% >exp= 0.0% el=6h20m eta=10h10m
  ep  2240/5000 batch 3260 loss=   0.915 pol=  2.449 vL= 0.200 kl= 0.10 H=  8.71 adv=+0.000 r̄=-0.314 succ=24.8% >exp= 0.0% el=6h23m eta=7h51m
  ep  2560/5000 batch 3280 loss=  -0.038 pol= -5.667 vL= 0.130 kl= 0.03 H= 14.51 adv=-0.000 r̄=-0.212 succ=24.8% >exp= 0.0% el=6h25m eta=6h07m
  ep  2880/5000 batch 3300 loss=  -0.204 pol= -0.701 vL= 0.155 kl= 0.13 H= 11.49 adv=-0.000 r̄=-0.190 succ=24.8% >exp= 0.0% el=6h27m eta=4h45m
  ep  3200/5000 batch 3320 loss=  -0.230 pol=  0.045 vL= 0.491 kl= 0.12 H= 12.57 adv=-0.000 r̄=-0.462 succ=24.8% >exp= 0.0% el=6h29m eta=3h39m
  ep  3520/5000 batch 3340 loss=   0.824 pol=  0.253 vL= 0.221 kl= 0.15 H=  6.21 adv=-0.000 r̄=-0.329 succ=24.8% >exp= 0.0% el=6h31m eta=2h44m
  ep  3840/5000 batch 3360 loss=  -0.196 pol=  2.526 vL= 0.109 kl= 0.12 H= 11.33 adv=-0.000 r̄=-0.396 succ=24.8% >exp= 0.0% el=6h34m eta=1h59m
  ep  4160/5000 batch 3380 loss=  -0.620 pol=  0.716 vL= 0.157 kl= 0.22 H=  8.87 adv=-0.000 r̄=-0.238 succ=24.8% >exp= 0.0% el=6h36m eta=1h19m
  ep  4480/5000 batch 3400 loss=   0.795 pol= -0.506 vL= 0.288 kl= 0.22 H=  6.95 adv=-0.000 r̄=-0.085 succ=24.8% >exp= 0.0% el=6h38m eta=46m12s
  ep  4800/5000 batch 3420 loss=   0.026 pol=  4.821 vL= 0.070 kl= 0.11 H= 11.78 adv=+0.000 r̄=-0.415 succ=24.8% >exp= 0.0% el=6h40m eta=16m40s
  >>> Epoch 113/120 DONE: succ=25.0% (1252/5000) mean_loss= 0.0828 mean_reward=-0.248 mean_KL=0.185 mean_H=10.53 epoch_time=33m51s

=== Epoch 114/120 — resetting substrate ===
  ep   128/5000 batch 3440 loss=  -0.141 pol= -2.628 vL= 0.237 kl= 0.17 H=  9.10 adv=-0.000 r̄=-0.027 succ=24.8% >exp= 0.0% el=6h42m eta=255h27m
  ep   448/5000 batch 3460 loss=   0.969 pol=  1.425 vL= 0.166 kl= 0.32 H=  5.24 adv=-0.000 r̄=-0.348 succ=24.8% >exp= 0.0% el=6h44m eta=68h34m
  ep   768/5000 batch 3480 loss=  -0.278 pol= -1.748 vL= 0.081 kl= 0.69 H=  8.54 adv=+0.000 r̄=-0.293 succ=24.8% >exp= 0.0% el=6h47m eta=37h23m
  ep  1088/5000 batch 3500 loss=  -0.214 pol= -0.714 vL= 0.238 kl= 0.53 H=  5.11 adv=-0.000 r̄=-0.108 succ=24.8% >exp= 0.0% el=6h49m eta=24h31m
  ep  1408/5000 batch 3520 loss=   0.393 pol=  0.994 vL= 0.394 kl= 0.23 H= 11.80 adv=+0.000 r̄=-0.598 succ=24.8% >exp= 0.0% el=6h51m eta=17h29m
  ep  1728/5000 batch 3540 loss=  -0.832 pol= -0.518 vL= 0.150 kl= 0.21 H= 11.57 adv=+0.000 r̄=-0.173 succ=24.8% >exp= 0.0% el=6h53m eta=13h02m
  ep  2048/5000 batch 3560 loss=   1.179 pol= -0.360 vL= 0.176 kl= 0.24 H=  7.17 adv=+0.000 r̄=-0.135 succ=24.8% >exp= 0.0% el=6h55m eta=9h58m
  ep  2368/5000 batch 3580 loss=  -0.556 pol=  0.039 vL= 0.268 kl= 0.22 H= 11.14 adv=-0.000 r̄=-0.335 succ=24.8% >exp= 0.0% el=6h57m eta=7h44m
  ep  2688/5000 batch 3600 loss=   0.211 pol= -0.970 vL= 0.080 kl= 0.38 H=  9.33 adv=-0.000 r̄=-0.231 succ=24.8% >exp= 0.0% el=6h59m eta=6h00m
  ep  3008/5000 batch 3620 loss=   1.249 pol=  2.798 vL= 0.144 kl= 0.19 H=  8.71 adv=+0.000 r̄=-0.313 succ=24.7% >exp= 0.0% el=7h01m eta=4h39m
  ep  3328/5000 batch 3640 loss=  -0.605 pol=  4.666 vL= 0.066 kl= 0.11 H=  9.90 adv=+0.000 r̄=-0.509 succ=24.7% >exp= 0.0% el=7h03m eta=3h32m
  ep  3648/5000 batch 3660 loss=  -0.692 pol= -0.683 vL= 0.160 kl= 0.28 H= 11.85 adv=-0.000 r̄=-0.264 succ=24.8% >exp= 0.0% el=7h06m eta=2h37m
  ep  3968/5000 batch 3680 loss=   0.568 pol= -2.024 vL= 0.381 kl= 0.13 H=  7.54 adv=+0.000 r̄= 0.101 succ=24.8% >exp= 0.0% el=7h08m eta=1h51m
  ep  4288/5000 batch 3700 loss=  -0.013 pol=  1.102 vL= 0.029 kl= 0.17 H= 11.19 adv=+0.000 r̄=-0.415 succ=24.8% >exp= 0.0% el=7h11m eta=1h11m
  ep  4608/5000 batch 3720 loss=   1.327 pol=  5.580 vL= 0.085 kl= 0.11 H= 12.70 adv=-0.000 r̄=-0.445 succ=24.8% >exp= 0.0% el=7h13m eta=36m54s
  ep  4928/5000 batch 3740 loss=  -0.246 pol= -2.912 vL= 0.331 kl= 0.21 H= 11.60 adv=-0.000 r̄=-0.162 succ=24.7% >exp= 0.0% el=7h16m eta= 6m22s
  >>> Epoch 114/120 DONE: succ=24.0% (1200/5000) mean_loss= 0.0892 mean_reward=-0.251 mean_KL=0.255 mean_H=9.76 epoch_time=35m14s

=== Epoch 115/120 — resetting substrate ===
  ep   256/5000 batch 3760 loss=  -1.051 pol=  2.014 vL= 0.079 kl= 0.29 H= 14.61 adv=-0.000 r̄=-0.503 succ=24.8% >exp= 0.0% el=7h18m eta=135h34m
  ep   576/5000 batch 3780 loss=   0.800 pol= -0.306 vL= 0.183 kl= 0.15 H= 10.18 adv=+0.000 r̄=-0.238 succ=24.8% >exp= 0.0% el=7h21m eta=56h28m
  ep   896/5000 batch 3800 loss=   0.008 pol= -1.578 vL= 0.257 kl= 0.21 H= 12.24 adv=+0.000 r̄=-0.304 succ=24.8% >exp= 0.0% el=7h23m eta=33h50m
  ep  1216/5000 batch 3820 loss=   0.240 pol= -2.096 vL= 0.154 kl= 0.27 H=  9.61 adv=+0.000 r̄=-0.317 succ=24.8% >exp= 0.0% el=7h25m eta=23h06m
  ep  1536/5000 batch 3840 loss=  -0.172 pol=  2.227 vL= 0.160 kl= 0.30 H=  9.66 adv=+0.000 r̄=-0.383 succ=24.8% >exp= 0.0% el=7h27m eta=16h49m
  ep  1856/5000 batch 3860 loss=  -0.286 pol=  0.233 vL= 0.113 kl= 0.10 H= 12.39 adv=-0.000 r̄=-0.139 succ=24.8% >exp= 0.0% el=7h29m eta=12h41m
  ep  2176/5000 batch 3880 loss=   0.603 pol=  2.633 vL= 0.043 kl= 0.10 H= 12.50 adv=-0.000 r̄=-0.430 succ=24.8% >exp= 0.0% el=7h32m eta=9h46m
  ep  2496/5000 batch 3900 loss=  -1.120 pol= -1.697 vL= 0.399 kl= 0.24 H= 10.83 adv=+0.000 r̄=-0.154 succ=24.8% >exp= 0.0% el=7h34m eta=7h35m
  ep  2816/5000 batch 3920 loss=   0.988 pol=  1.370 vL= 0.076 kl= 0.22 H= 11.92 adv=+0.000 r̄=-0.396 succ=24.7% >exp= 0.0% el=7h36m eta=5h53m
  ep  3136/5000 batch 3940 loss=   0.519 pol= -0.574 vL= 0.168 kl= 0.13 H=  8.98 adv=-0.000 r̄=-0.202 succ=24.7% >exp= 0.0% el=7h38m eta=4h32m
  ep  3456/5000 batch 3960 loss=   0.599 pol=  4.630 vL= 0.128 kl= 0.20 H= 13.11 adv=+0.000 r̄=-0.460 succ=24.8% >exp= 0.0% el=7h40m eta=3h25m
  ep  3776/5000 batch 3980 loss=   0.077 pol= -1.809 vL= 0.229 kl= 0.29 H=  9.88 adv=+0.000 r̄=-0.154 succ=24.8% >exp= 0.0% el=7h43m eta=2h30m
  ep  4096/5000 batch 4000 loss=  -0.350 pol=  1.645 vL= 0.241 kl= 0.30 H= 10.28 adv=+0.000 r̄=-0.224 succ=24.8% >exp= 0.0% el=7h45m eta=1h42m
  ep  4416/5000 batch 4020 loss=  -0.008 pol= -1.328 vL= 0.280 kl= 0.46 H=  7.08 adv=-0.000 r̄=-0.079 succ=24.8% >exp= 0.0% el=7h47m eta=1h01m
  ep  4736/5000 batch 4040 loss=   0.180 pol=  1.970 vL= 0.141 kl= 0.32 H= 11.67 adv=+0.000 r̄=-0.405 succ=24.8% >exp= 0.0% el=7h49m eta=26m11s
  >>> Epoch 115/120 DONE: succ=25.2% (1262/5000) mean_loss= 0.1131 mean_reward=-0.245 mean_KL=0.234 mean_H=10.06 epoch_time=34m33s

=== Epoch 116/120 — resetting substrate ===
  ep    64/5000 batch 4060 loss=   0.132 pol= -0.930 vL= 0.179 kl= 0.33 H=  8.91 adv=+0.000 r̄=-0.130 succ=24.8% >exp= 0.0% el=7h52m eta=606h51m
  ep   384/5000 batch 4080 loss=   0.710 pol=  0.940 vL= 0.117 kl= 0.26 H=  9.24 adv=-0.000 r̄=-0.222 succ=24.8% >exp= 0.0% el=7h54m eta=94h59m
  ep   704/5000 batch 4100 loss=  -0.036 pol= -1.141 vL= 0.248 kl= 0.11 H= 10.80 adv=-0.000 r̄=-0.268 succ=24.8% >exp= 0.0% el=7h56m eta=48h27m
  ep  1024/5000 batch 4120 loss=  -0.584 pol=  1.082 vL= 0.130 kl= 0.37 H= 11.14 adv=-0.000 r̄=-0.267 succ=24.8% >exp= 0.0% el=7h58m eta=30h57m
  ep  1344/5000 batch 4140 loss=  -0.592 pol=  0.576 vL= 0.284 kl= 0.19 H=  8.28 adv=+0.000 r̄=-0.159 succ=24.8% >exp= 0.0% el=8h00m eta=21h47m
  ep  1664/5000 batch 4160 loss=   0.205 pol=  1.330 vL= 0.285 kl= 0.22 H=  9.76 adv=+0.000 r̄=-0.243 succ=24.8% >exp= 0.0% el=8h02m eta=16h07m
  ep  1984/5000 batch 4180 loss=  -0.230 pol= -2.290 vL= 0.056 kl= 0.27 H= 10.73 adv=-0.000 r̄=-0.265 succ=24.8% >exp= 0.0% el=8h05m eta=12h17m
  ep  2304/5000 batch 4200 loss=  -0.045 pol=  2.057 vL= 0.156 kl= 0.12 H= 12.22 adv=+0.000 r̄=-0.315 succ=24.8% >exp= 0.0% el=8h07m eta=9h30m
  ep  2624/5000 batch 4220 loss=  -0.338 pol= -3.443 vL= 0.262 kl= 0.25 H= 11.15 adv=+0.000 r̄=-0.059 succ=24.8% >exp= 0.0% el=8h09m eta=7h23m
  ep  2944/5000 batch 4240 loss=   0.263 pol=  0.890 vL= 0.081 kl= 0.20 H= 11.88 adv=-0.000 r̄=-0.364 succ=24.8% >exp= 0.0% el=8h12m eta=5h43m
  ep  3264/5000 batch 4260 loss=  -0.535 pol=  3.236 vL= 0.085 kl= 0.14 H= 10.05 adv=-0.000 r̄=-0.321 succ=24.8% >exp= 0.0% el=8h14m eta=4h22m
  ep  3584/5000 batch 4280 loss=   0.564 pol=  1.160 vL= 0.133 kl= 0.27 H= 10.06 adv=-0.000 r̄=-0.203 succ=24.8% >exp= 0.0% el=8h16m eta=3h16m
  ep  3904/5000 batch 4300 loss=  -0.453 pol= -0.932 vL= 0.345 kl= 0.16 H=  7.41 adv=+0.000 r̄= 0.032 succ=24.8% >exp= 0.0% el=8h18m eta=2h19m
  ep  4224/5000 batch 4320 loss=   0.044 pol= -0.336 vL= 0.113 kl= 0.16 H=  9.66 adv=+0.000 r̄=-0.140 succ=24.8% >exp= 0.0% el=8h20m eta=1h31m
  ep  4544/5000 batch 4340 loss=   0.750 pol= -1.242 vL= 0.086 kl= 0.20 H= 10.76 adv=-0.000 r̄=-0.163 succ=24.8% >exp= 0.0% el=8h22m eta=50m25s
  ep  4864/5000 batch 4360 loss=  -0.712 pol=  0.776 vL= 0.175 kl= 0.13 H= 10.32 adv=-0.000 r̄=-0.421 succ=24.8% >exp= 0.0% el=8h24m eta=14m06s
  >>> Epoch 116/120 DONE: succ=25.0% (1248/5000) mean_loss=-0.0802 mean_reward=-0.247 mean_KL=0.234 mean_H=10.23 epoch_time=33m55s

=== Epoch 117/120 — resetting substrate ===
  ep   192/5000 batch 4380 loss=   0.580 pol=  6.247 vL= 0.227 kl= 0.13 H=  9.46 adv=+0.000 r̄=-0.453 succ=24.8% >exp= 0.0% el=8h26m eta=211h30m
  ep   512/5000 batch 4400 loss=   0.655 pol=  0.195 vL= 0.232 kl= 0.19 H=  8.35 adv=+0.000 r̄=-0.283 succ=24.8% >exp= 0.0% el=8h28m eta=74h20m
  ep   832/5000 batch 4420 loss=   0.287 pol= -2.340 vL= 0.155 kl= 0.17 H= 12.10 adv=-0.000 r̄=-0.143 succ=24.8% >exp= 0.0% el=8h30m eta=42h39m
  ep  1152/5000 batch 4440 loss=  -0.297 pol= -1.282 vL= 0.099 kl= 0.20 H= 11.03 adv=+0.000 r̄=-0.308 succ=24.8% >exp= 0.0% el=8h33m eta=28h33m
  ep  1472/5000 batch 4460 loss=  -0.720 pol=  1.829 vL= 0.159 kl= 0.13 H=  9.32 adv=-0.000 r̄=-0.349 succ=24.8% >exp= 0.0% el=8h35m eta=20h34m
  ep  1792/5000 batch 4480 loss=   0.638 pol= -2.321 vL= 0.134 kl= 0.23 H=  9.44 adv=-0.000 r̄=-0.138 succ=24.8% >exp= 0.0% el=8h37m eta=15h25m
  ep  2112/5000 batch 4500 loss=  -0.348 pol=  0.132 vL= 0.296 kl= 0.34 H=  8.36 adv=+0.000 r̄=-0.149 succ=24.8% >exp= 0.0% el=8h39m eta=11h50m
  ep  2432/5000 batch 4520 loss=   0.851 pol=  1.343 vL= 0.100 kl= 0.23 H= 14.36 adv=-0.000 r̄=-0.377 succ=24.8% >exp= 0.0% el=8h41m eta=9h10m
  ep  2752/5000 batch 4540 loss=  -0.356 pol= -2.076 vL= 0.243 kl= 0.30 H=  8.04 adv=-0.000 r̄=-0.036 succ=24.8% >exp= 0.0% el=8h43m eta=7h07m
  ep  3072/5000 batch 4560 loss=  -0.939 pol= -1.315 vL= 0.149 kl= 0.11 H=  9.01 adv=-0.000 r̄=-0.110 succ=24.8% >exp= 0.0% el=8h45m eta=5h29m
  ep  3392/5000 batch 4580 loss=  -0.762 pol=  1.533 vL= 0.108 kl= 0.19 H=  7.44 adv=+0.000 r̄=-0.368 succ=24.8% >exp= 0.0% el=8h47m eta=4h10m
  ep  3712/5000 batch 4600 loss=   0.916 pol= -1.816 vL= 0.153 kl= 0.29 H= 11.68 adv=-0.000 r̄=-0.108 succ=24.8% >exp= 0.0% el=8h50m eta=3h03m
  ep  4032/5000 batch 4620 loss=  -0.230 pol=  0.521 vL= 0.195 kl= 0.41 H=  7.69 adv=+0.000 r̄=-0.259 succ=24.8% >exp= 0.0% el=8h52m eta=2h07m
  ep  4352/5000 batch 4640 loss=   1.052 pol=  6.125 vL= 0.208 kl= 0.26 H= 12.90 adv=-0.000 r̄=-0.471 succ=24.8% >exp= 0.0% el=8h54m eta=1h19m
  ep  4672/5000 batch 4660 loss=   0.256 pol= -0.289 vL= 0.252 kl= 0.42 H=  4.73 adv=+0.000 r̄= 0.083 succ=24.8% >exp= 0.0% el=8h55m eta=37m37s
  ep  4992/5000 batch 4680 loss=  -0.400 pol=  0.363 vL= 0.106 kl= 0.26 H=  9.01 adv=-0.000 r̄=-0.300 succ=24.8% >exp= 0.0% el=8h57m eta=  52s
  >>> Epoch 117/120 DONE: succ=24.4% (1221/5000) mean_loss= 0.0768 mean_reward=-0.254 mean_KL=0.247 mean_H=10.29 epoch_time=32m28s

=== Epoch 118/120 — resetting substrate ===
  ep   320/5000 batch 4700 loss=   0.101 pol= -1.876 vL= 0.176 kl= 0.36 H=  9.20 adv=-0.000 r̄= 0.060 succ=24.8% >exp= 0.0% el=9h00m eta=131h40m
  ep   640/5000 batch 4720 loss=   0.014 pol= -0.865 vL= 0.289 kl= 0.25 H=  8.19 adv=-0.000 r̄=-0.149 succ=24.8% >exp= 0.0% el=9h02m eta=61h33m
  ep   960/5000 batch 4740 loss=  -0.395 pol=  4.124 vL= 0.057 kl= 0.39 H= 11.07 adv=-0.000 r̄=-0.459 succ=24.8% >exp= 0.0% el=9h04m eta=38h10m
  ep  1280/5000 batch 4760 loss=   0.063 pol=  4.246 vL= 0.029 kl= 0.43 H= 11.83 adv=+0.000 r̄=-0.457 succ=24.8% >exp= 0.0% el=9h06m eta=26h27m
  ep  1600/5000 batch 4780 loss=  -0.894 pol=  5.532 vL= 0.106 kl= 0.20 H=  9.12 adv=+0.000 r̄=-0.453 succ=24.8% >exp= 0.0% el=9h08m eta=19h24m
  ep  1920/5000 batch 4800 loss=   0.613 pol= -2.635 vL= 0.108 kl= 0.31 H=  8.60 adv=+0.000 r̄=-0.050 succ=24.8% >exp= 0.0% el=9h10m eta=14h42m
  ep  2240/5000 batch 4820 loss=   0.267 pol=  1.440 vL= 0.088 kl= 0.22 H=  9.09 adv=+0.000 r̄=-0.144 succ=24.8% >exp= 0.0% el=9h12m eta=11h20m
  ep  2560/5000 batch 4840 loss=   0.569 pol= -0.055 vL= 0.077 kl= 0.12 H= 13.92 adv=-0.000 r̄=-0.347 succ=24.8% >exp= 0.0% el=9h14m eta=8h48m
  ep  2880/5000 batch 4860 loss=   0.313 pol= -2.417 vL= 0.467 kl= 0.09 H= 10.17 adv=+0.000 r̄=-0.338 succ=24.8% >exp= 0.0% el=9h16m eta=6h49m
  ep  3200/5000 batch 4880 loss=   0.323 pol=  3.636 vL= 0.115 kl= 0.18 H= 10.83 adv=+0.000 r̄=-0.362 succ=24.8% >exp= 0.0% el=9h18m eta=5h14m
  ep  3520/5000 batch 4900 loss=   0.025 pol=  1.236 vL= 0.172 kl= 0.16 H=  4.97 adv=+0.000 r̄=-0.362 succ=24.8% >exp= 0.0% el=9h21m eta=3h55m
  ep  3840/5000 batch 4920 loss=   0.346 pol= -0.381 vL= 0.141 kl= 0.19 H= 10.23 adv=+0.000 r̄=-0.309 succ=24.8% >exp= 0.0% el=9h23m eta=2h50m
  ep  4160/5000 batch 4940 loss=  -0.211 pol= -2.056 vL= 0.149 kl= 0.17 H=  8.81 adv=-0.000 r̄=-0.161 succ=24.8% >exp= 0.0% el=9h25m eta=1h54m
  ep  4480/5000 batch 4960 loss=   0.274 pol=  0.328 vL= 0.238 kl= 0.14 H=  6.27 adv=-0.000 r̄=-0.224 succ=24.8% >exp= 0.0% el=9h27m eta=1h05m
  ep  4800/5000 batch 4980 loss=  -0.706 pol= -2.063 vL= 0.062 kl= 0.15 H= 11.46 adv=-0.000 r̄=-0.332 succ=24.8% >exp= 0.0% el=9h30m eta=23m45s
  >>> Epoch 118/120 DONE: succ=25.1% (1255/5000) mean_loss= 0.0768 mean_reward=-0.248 mean_KL=0.251 mean_H=10.25 epoch_time=33m24s

=== Epoch 119/120 — resetting substrate ===
  ep   128/5000 batch 5000 loss=  -0.287 pol=  1.753 vL= 0.223 kl= 0.20 H= 11.65 adv=-0.000 r̄=-0.510 succ=24.8% >exp= 0.0% el=9h32m eta=363h12m
  ep   448/5000 batch 5020 loss=  -0.802 pol=  0.717 vL= 0.221 kl= 0.25 H=  7.41 adv=+0.000 r̄=-0.324 succ=24.8% >exp= 0.0% el=9h35m eta=97h22m
  ep   768/5000 batch 5040 loss=   0.240 pol= -2.600 vL= 0.085 kl= 0.09 H= 11.00 adv=+0.000 r̄=-0.193 succ=24.8% >exp= 0.0% el=9h37m eta=53h00m
  ep  1088/5000 batch 5060 loss=  -0.369 pol= -0.997 vL= 0.155 kl= 0.41 H=  6.63 adv=-0.000 r̄=-0.015 succ=24.8% >exp= 0.0% el=9h39m eta=34h43m
  ep  1408/5000 batch 5080 loss=   0.305 pol=  1.869 vL= 0.091 kl= 0.36 H= 10.81 adv=+0.000 r̄=-0.433 succ=24.8% >exp= 0.0% el=9h41m eta=24h44m
  ep  1728/5000 batch 5100 loss=   0.431 pol=  2.643 vL= 0.095 kl= 0.74 H=  9.93 adv=+0.000 r̄=-0.370 succ=24.8% >exp= 0.0% el=9h43m eta=18h25m
  ep  2048/5000 batch 5120 loss=  -0.523 pol= -0.593 vL= 0.154 kl= 0.25 H=  5.40 adv=-0.000 r̄=-0.185 succ=24.8% >exp= 0.0% el=9h46m eta=14h05m
  ep  2368/5000 batch 5140 loss=  -0.279 pol=  0.903 vL= 0.142 kl= 0.07 H= 10.85 adv=+0.000 r̄=-0.347 succ=24.8% >exp= 0.0% el=9h48m eta=10h54m
  ep  2688/5000 batch 5160 loss=  -0.150 pol= -2.672 vL= 0.396 kl= 0.15 H=  9.48 adv=-0.000 r̄=-0.244 succ=24.8% >exp= 0.0% el=9h51m eta=8h28m
  ep  3008/5000 batch 5180 loss=  -0.270 pol=  0.516 vL= 0.221 kl= 0.19 H=  8.58 adv=+0.000 r̄=-0.197 succ=24.8% >exp= 0.0% el=9h53m eta=6h32m
  ep  3328/5000 batch 5200 loss=  -0.363 pol= -0.812 vL= 0.053 kl= 0.15 H=  9.51 adv=-0.000 r̄=-0.272 succ=24.8% >exp= 0.0% el=9h55m eta=4h59m
  ep  3648/5000 batch 5220 loss=  -0.076 pol= -3.543 vL= 0.120 kl= 0.26 H= 11.09 adv=+0.000 r̄=-0.196 succ=24.8% >exp= 0.0% el=9h58m eta=3h41m
  ep  3968/5000 batch 5240 loss=   0.021 pol=  0.514 vL= 0.226 kl= 0.18 H=  8.29 adv=-0.000 r̄=-0.146 succ=24.8% >exp= 0.0% el=10h00m eta=2h36m
  ep  4288/5000 batch 5260 loss=  -0.670 pol=  2.534 vL= 0.025 kl= 0.20 H= 12.35 adv=+0.000 r̄=-0.460 succ=24.9% >exp= 0.0% el=10h02m eta=1h40m
  ep  4608/5000 batch 5280 loss=   0.953 pol= -1.102 vL= 0.115 kl= 0.13 H= 13.32 adv=-0.000 r̄=-0.326 succ=24.8% >exp= 0.0% el=10h04m eta=51m24s
  ep  4928/5000 batch 5300 loss=   0.973 pol=  1.034 vL= 0.089 kl= 0.27 H= 10.69 adv=+0.000 r̄=-0.167 succ=24.8% >exp= 0.0% el=10h06m eta= 8m51s
  >>> Epoch 119/120 DONE: succ=25.5% (1274/5000) mean_loss=-0.0935 mean_reward=-0.243 mean_KL=0.249 mean_H=9.94 epoch_time=35m34s

=== Epoch 120/120 — resetting substrate ===
  ep   256/5000 batch 5320 loss=   0.074 pol=  3.586 vL= 0.066 kl= 0.18 H= 11.64 adv=+0.000 r̄=-0.488 succ=24.9% >exp= 0.0% el=10h08m eta=188h05m
  ep   576/5000 batch 5340 loss=   0.568 pol=  1.843 vL= 0.103 kl= 0.20 H=  9.85 adv=+0.000 r̄=-0.353 succ=24.9% >exp= 0.0% el=10h11m eta=78h14m
  ep   896/5000 batch 5360 loss=  -0.135 pol=  1.226 vL= 0.071 kl= 0.07 H= 13.12 adv=-0.000 r̄=-0.377 succ=24.8% >exp= 0.0% el=10h13m eta=46h50m
  ep  1216/5000 batch 5380 loss=   0.180 pol=  4.891 vL= 0.054 kl= 0.34 H= 10.87 adv=+0.000 r̄=-0.458 succ=24.8% >exp= 0.0% el=10h15m eta=31h55m
  ep  1536/5000 batch 5400 loss=   0.712 pol= -0.912 vL= 0.193 kl= 0.19 H= 10.87 adv=-0.000 r̄=-0.339 succ=24.8% >exp= 0.0% el=10h17m eta=23h13m
  ep  1856/5000 batch 5420 loss=  -0.057 pol= -1.107 vL= 0.055 kl= 0.35 H= 12.51 adv=-0.000 r̄=-0.060 succ=24.8% >exp= 0.0% el=10h20m eta=17h30m
  ep  2176/5000 batch 5440 loss=  -0.153 pol= -0.975 vL= 0.115 kl= 0.21 H= 12.90 adv=-0.000 r̄=-0.326 succ=24.9% >exp= 0.0% el=10h22m eta=13h27m
  ep  2496/5000 batch 5460 loss=  -1.057 pol= -0.499 vL= 0.223 kl= 0.16 H= 10.88 adv=-0.000 r̄=-0.316 succ=24.9% >exp= 0.0% el=10h24m eta=10h26m
  ep  2816/5000 batch 5480 loss=  -0.768 pol= -0.490 vL= 0.108 kl= 0.27 H= 11.94 adv=+0.000 r̄=-0.338 succ=24.8% >exp= 0.0% el=10h26m eta=8h06m
  ep  3136/5000 batch 5500 loss=  -0.106 pol= -1.683 vL= 0.212 kl= 0.28 H=  9.69 adv=+0.000 r̄=-0.149 succ=24.9% >exp= 0.0% el=10h28m eta=6h13m
  ep  3456/5000 batch 5520 loss=   0.639 pol= -1.624 vL= 0.463 kl= 0.14 H= 15.02 adv=+0.000 r̄=-0.557 succ=24.8% >exp= 0.0% el=10h31m eta=4h41m
  ep  3776/5000 batch 5540 loss=   0.015 pol=  2.629 vL= 0.183 kl= 0.09 H= 10.61 adv=+0.000 r̄=-0.388 succ=24.9% >exp= 0.0% el=10h33m eta=3h25m
  ep  4096/5000 batch 5560 loss=   0.259 pol= -1.498 vL= 0.108 kl= 0.18 H= 10.22 adv=-0.000 r̄=-0.089 succ=24.9% >exp= 0.0% el=10h35m eta=2h20m
  ep  4416/5000 batch 5580 loss=  -0.227 pol=  1.479 vL= 0.196 kl= 0.35 H=  7.01 adv=-0.000 r̄=-0.287 succ=24.9% >exp= 0.0% el=10h37m eta=1h24m
  ep  4736/5000 batch 5600 loss=   0.776 pol=  1.498 vL= 0.119 kl= 0.12 H= 11.05 adv=+0.000 r̄=-0.387 succ=24.9% >exp= 0.0% el=10h39m eta=35m38s
  >>> Epoch 120/120 DONE: succ=25.4% (1268/5000) mean_loss= 0.0473 mean_reward=-0.244 mean_KL=0.181 mean_H=10.45 epoch_time=34m15s
------------------------------------------------------------------------
  total time:               10h41m
  success rate:             22382/90000 = 24.9%
  final success_cost_ema:   242.0069142501079
  final loss avg:           0.1137
  checkpoint saved to experiments/carl_vne_100nodes/costfocused/checkpoints/ckpt.pt
  epoch summary log: experiments/carl_vne_100nodes/costfocused/training_epoch_summary.csv
