Loading substrate from datasets/scenario_50nodes_train/substrate.json
Loading VNRs from datasets/scenario_50nodes_train/virtual_requests.json
  Using 5000 VNRs
  Trainable policy (il_mp_vne_v19) loaded from checkpoints/il_mp_vne_v17_50nodes.pt
  rollout=direct → train: cand_head + encoder + value (ordering frozen) (19394 frozen, 36293 trainable)
  Frozen reference policy loaded (KL enabled, β_KL=0.1)
PPO fine-tune: 5000 VNRs, batch=16, lr=0.0003
  baseline=critic V(s), normalize_adv=True, β_H=0.01, value_coef=0.5, reward=cost_rel α=1.0 λ=0.3, fail_r=-1.0
  checkpoint: checkpoints/il_mp_vne_v19_50nodes.pt
------------------------------------------------------------------------
  ep   320/5000 batch   20 loss=  -1.276 pol= -1.009 vL= 0.692 kl= 0.01 H= 10.05 r̄=-0.609 succ=30.6% >exp= 0.0% el=  17s eta= 4m10s
  ep   640/5000 batch   40 loss=  -1.005 pol= -2.395 vL= 1.305 kl= 0.01 H=  9.70 r̄= 0.236 succ=28.9% >exp= 0.0% el=  34s eta= 3m50s
  ep   960/5000 batch   60 loss=  -0.908 pol= -0.363 vL= 0.825 kl= 0.02 H= 12.71 r̄=-0.372 succ=28.3% >exp= 0.0% el=  50s eta= 3m32s
  ep  1280/5000 batch   80 loss=  -0.952 pol= -1.278 vL= 0.733 kl= 0.06 H=  9.83 r̄=-0.512 succ=28.7% >exp= 0.0% el= 1m08s eta= 3m17s
  ep  1600/5000 batch  100 loss=  -0.981 pol= -1.372 vL= 0.917 kl= 0.08 H=  9.13 r̄=-0.230 succ=29.2% >exp= 0.0% el= 1m25s eta= 3m02s
  ep  1920/5000 batch  120 loss=  -0.623 pol= -0.678 vL= 0.765 kl= 0.19 H=  7.69 r̄=-0.343 succ=28.8% >exp= 0.0% el= 1m42s eta= 2m43s
  ep  2240/5000 batch  140 loss=  -0.582 pol=  0.141 vL= 0.721 kl= 0.19 H=  9.12 r̄=-0.255 succ=29.4% >exp= 0.0% el= 1m59s eta= 2m27s
  ep  2560/5000 batch  160 loss=  -0.439 pol= -1.586 vL= 0.750 kl= 0.34 H=  8.05 r̄=-0.477 succ=29.4% >exp= 0.0% el= 2m16s eta= 2m10s
  ep  2880/5000 batch  180 loss=  -0.694 pol= -1.647 vL= 0.647 kl= 0.34 H=  9.85 r̄=-0.621 succ=29.7% >exp= 0.0% el= 2m34s eta= 1m53s
  ep  3200/5000 batch  200 loss=  -0.412 pol= -1.669 vL= 0.863 kl= 0.35 H=  7.91 r̄=-0.130 succ=29.8% >exp= 0.0% el= 2m52s eta= 1m37s
  ep  3520/5000 batch  220 loss=  -0.693 pol= -1.849 vL= 0.897 kl= 0.35 H=  9.48 r̄= 0.006 succ=30.1% >exp= 0.0% el= 3m11s eta= 1m20s
  ep  3840/5000 batch  240 loss=  -0.054 pol= -0.060 vL= 0.823 kl= 0.51 H=  8.29 r̄=-0.612 succ=30.0% >exp= 0.0% el= 3m29s eta= 1m03s
  ep  4160/5000 batch  260 loss=  -0.365 pol= -1.692 vL= 0.686 kl= 0.36 H=  9.85 r̄=-0.242 succ=30.0% >exp= 0.0% el= 3m46s eta=  46s
  ep  4480/5000 batch  280 loss=  -0.223 pol= -1.000 vL= 0.962 kl= 0.33 H=  7.23 r̄= 0.023 succ=30.1% >exp= 0.0% el= 4m03s eta=  28s
  ep  4800/5000 batch  300 loss=  -0.277 pol= -0.193 vL= 0.808 kl= 0.36 H=  8.36 r̄=-0.618 succ=30.4% >exp= 0.0% el= 4m21s eta=  11s
------------------------------------------------------------------------
  total time:                4m32s
  success rate:             1541/5000 = 30.8%
  final success_cost_ema:   217.39197834600975
  final loss avg:           -0.1735
  checkpoint saved to checkpoints/il_mp_vne_v19_50nodes.pt
